Archive member included to satisfy reference by file (symbol)

c:/program files (x86)/gnu tools arm embedded/5.2 2015q4/bin/../lib/gcc/arm-none-eabi/5.2.1/armv7e-m\libgcc.a(_arm_addsubdf3.o)
                              ..\obj\tm_stm32f4_fatfs.o (__aeabi_ui2d)
c:/program files (x86)/gnu tools arm embedded/5.2 2015q4/bin/../lib/gcc/arm-none-eabi/5.2.1/armv7e-m\libgcc.a(_arm_muldivdf3.o)
                              ..\obj\tm_stm32f4_fatfs.o (__aeabi_dmul)
c:/program files (x86)/gnu tools arm embedded/5.2 2015q4/bin/../lib/gcc/arm-none-eabi/5.2.1/armv7e-m\libgcc.a(_arm_cmpdf2.o)
                              ..\obj\tm_stm32f4_timer_properties.o (__aeabi_dcmpeq)
c:/program files (x86)/gnu tools arm embedded/5.2 2015q4/bin/../lib/gcc/arm-none-eabi/5.2.1/armv7e-m\libgcc.a(_arm_fixunsdfsi.o)
                              ..\obj\tm_stm32f4_fatfs.o (__aeabi_d2uiz)
c:/program files (x86)/gnu tools arm embedded/5.2 2015q4/bin/../lib/gcc/arm-none-eabi/5.2.1/../../../../arm-none-eabi/lib/armv7e-m\libg.a(lib_a-itoa.o)
                              ..\obj\main.o (itoa)
c:/program files (x86)/gnu tools arm embedded/5.2 2015q4/bin/../lib/gcc/arm-none-eabi/5.2.1/../../../../arm-none-eabi/lib/armv7e-m\libg.a(lib_a-malloc.o)
                              ..\obj\tm_stm32f4_fatfs.o (malloc)
c:/program files (x86)/gnu tools arm embedded/5.2 2015q4/bin/../lib/gcc/arm-none-eabi/5.2.1/../../../../arm-none-eabi/lib/armv7e-m\libg.a(lib_a-mallocr.o)
                              c:/program files (x86)/gnu tools arm embedded/5.2 2015q4/bin/../lib/gcc/arm-none-eabi/5.2.1/../../../../arm-none-eabi/lib/armv7e-m\libg.a(lib_a-malloc.o) (_malloc_r)
c:/program files (x86)/gnu tools arm embedded/5.2 2015q4/bin/../lib/gcc/arm-none-eabi/5.2.1/../../../../arm-none-eabi/lib/armv7e-m\libg.a(lib_a-mlock.o)
                              c:/program files (x86)/gnu tools arm embedded/5.2 2015q4/bin/../lib/gcc/arm-none-eabi/5.2.1/../../../../arm-none-eabi/lib/armv7e-m\libg.a(lib_a-mallocr.o) (__malloc_lock)
c:/program files (x86)/gnu tools arm embedded/5.2 2015q4/bin/../lib/gcc/arm-none-eabi/5.2.1/../../../../arm-none-eabi/lib/armv7e-m\libg.a(lib_a-printf.o)
                              ..\obj\main.o (printf)
c:/program files (x86)/gnu tools arm embedded/5.2 2015q4/bin/../lib/gcc/arm-none-eabi/5.2.1/../../../../arm-none-eabi/lib/armv7e-m\libg.a(lib_a-sbrkr.o)
                              c:/program files (x86)/gnu tools arm embedded/5.2 2015q4/bin/../lib/gcc/arm-none-eabi/5.2.1/../../../../arm-none-eabi/lib/armv7e-m\libg.a(lib_a-mallocr.o) (_sbrk_r)
c:/program files (x86)/gnu tools arm embedded/5.2 2015q4/bin/../lib/gcc/arm-none-eabi/5.2.1/../../../../arm-none-eabi/lib/armv7e-m\libg.a(lib_a-sprintf.o)
                              ..\obj\tm_stm32f4_fatfs.o (sprintf)
c:/program files (x86)/gnu tools arm embedded/5.2 2015q4/bin/../lib/gcc/arm-none-eabi/5.2.1/../../../../arm-none-eabi/lib/armv7e-m\libg.a(lib_a-strcpy.o)
                              ..\obj\tm_stm32f4_fatfs.o (strcpy)
c:/program files (x86)/gnu tools arm embedded/5.2 2015q4/bin/../lib/gcc/arm-none-eabi/5.2.1/../../../../arm-none-eabi/lib/armv7e-m\libg.a(lib_a-strlen.o)
                              ..\obj\tm_stm32f4_fatfs.o (strlen)
c:/program files (x86)/gnu tools arm embedded/5.2 2015q4/bin/../lib/gcc/arm-none-eabi/5.2.1/../../../../arm-none-eabi/lib/armv7e-m\libg.a(lib_a-svfprintf.o)
                              c:/program files (x86)/gnu tools arm embedded/5.2 2015q4/bin/../lib/gcc/arm-none-eabi/5.2.1/../../../../arm-none-eabi/lib/armv7e-m\libg.a(lib_a-sprintf.o) (_svfprintf_r)
c:/program files (x86)/gnu tools arm embedded/5.2 2015q4/bin/../lib/gcc/arm-none-eabi/5.2.1/../../../../arm-none-eabi/lib/armv7e-m\libg.a(lib_a-utoa.o)
                              c:/program files (x86)/gnu tools arm embedded/5.2 2015q4/bin/../lib/gcc/arm-none-eabi/5.2.1/../../../../arm-none-eabi/lib/armv7e-m\libg.a(lib_a-itoa.o) (__utoa)
c:/program files (x86)/gnu tools arm embedded/5.2 2015q4/bin/../lib/gcc/arm-none-eabi/5.2.1/../../../../arm-none-eabi/lib/armv7e-m\libg.a(lib_a-vfprintf.o)
                              c:/program files (x86)/gnu tools arm embedded/5.2 2015q4/bin/../lib/gcc/arm-none-eabi/5.2.1/../../../../arm-none-eabi/lib/armv7e-m\libg.a(lib_a-printf.o) (_vfprintf_r)
c:/program files (x86)/gnu tools arm embedded/5.2 2015q4/bin/../lib/gcc/arm-none-eabi/5.2.1/../../../../arm-none-eabi/lib/armv7e-m\libg.a(lib_a-wsetup.o)
                              c:/program files (x86)/gnu tools arm embedded/5.2 2015q4/bin/../lib/gcc/arm-none-eabi/5.2.1/../../../../arm-none-eabi/lib/armv7e-m\libg.a(lib_a-vfprintf.o) (__swsetup_r)
c:/program files (x86)/gnu tools arm embedded/5.2 2015q4/bin/../lib/gcc/arm-none-eabi/5.2.1/../../../../arm-none-eabi/lib/armv7e-m\libg.a(lib_a-dtoa.o)
                              c:/program files (x86)/gnu tools arm embedded/5.2 2015q4/bin/../lib/gcc/arm-none-eabi/5.2.1/../../../../arm-none-eabi/lib/armv7e-m\libg.a(lib_a-svfprintf.o) (_dtoa_r)
[...]
Memory Configuration

Name             Origin             Length             Attributes
rom              0x00000000         0x00100000         xr
ram              0x20000000         0x00020000         xrw
ram1             0x10000000         0x00010000         xrw
*default*        0x00000000         0xffffffff

Linker script and memory map

                0x20020000                _eram = 0x20020000

.text           0x00000000     0xdc98
 *(.isr_vector)
 .isr_vector    0x00000000      0x188 ..\obj\startup_stm32f4xx.o
                0x00000000                g_pfnVectors
 *(.text*)
 .text.TM_SPI_DMA_Init
                0x00000188       0xa4 ..\obj\tm_stm32f4_spi_dma.o
                0x00000188                TM_SPI_DMA_Init
 .text.TM_SPI_DMA_SendHalfWord
                0x0000022c       0xb0 ..\obj\tm_stm32f4_spi_dma.o
                0x0000022c                TM_SPI_DMA_SendHalfWord
 .text.TM_SPI_DMA_Working
                0x000002dc       0x50 ..\obj\tm_stm32f4_spi_dma.o
                0x000002dc                TM_SPI_DMA_Working
 .text.TM_SPI_DMA_INT_GetSettings
                0x0000032c       0x50 ..\obj\tm_stm32f4_spi_dma.o
 .text.disk_initialize
                0x0000037c       0x44 ..\obj\diskio.o
                0x0000037c                disk_initialize
 .text.disk_status
                0x000003c0       0x48 ..\obj\diskio.o
                0x000003c0                disk_status
 .text.disk_read
                0x00000408       0x5c ..\obj\diskio.o
                0x00000408                disk_read
 .text.disk_write
                0x00000464       0x5c ..\obj\diskio.o
                0x00000464                disk_write
 .text.disk_ioctl
                0x000004c0       0x54 ..\obj\diskio.o
                0x000004c0                disk_ioctl
 .text.get_fattime
                0x00000514       0x14 ..\obj\diskio.o
                0x00000514                get_fattime
 .text.TM_FATFS_USB_disk_initialize
                0x00000528       0x10 ..\obj\diskio.o
                0x00000528                TM_FATFS_USB_disk_initialize
 .text.TM_FATFS_SDRAM_disk_initialize
                0x00000538       0x10 ..\obj\diskio.o
                0x00000538                TM_FATFS_SDRAM_disk_initialize
 .text.TM_FATFS_SPI_FLASH_disk_initialize
                0x00000548       0x10 ..\obj\diskio.o
                0x00000548                TM_FATFS_SPI_FLASH_disk_initialize
 .text.TM_FATFS_USB_disk_status
                0x00000558       0x10 ..\obj\diskio.o
                0x00000558                TM_FATFS_USB_disk_status
 .text.TM_FATFS_SDRAM_disk_status
                0x00000568       0x10 ..\obj\diskio.o
                0x00000568                TM_FATFS_SDRAM_disk_status
 .text.TM_FATFS_SPI_FLASH_disk_status
                0x00000578       0x10 ..\obj\diskio.o
                0x00000578                TM_FATFS_SPI_FLASH_disk_status
 .text.TM_FATFS_USB_disk_ioctl
                0x00000588       0x18 ..\obj\diskio.o
                0x00000588                TM_FATFS_USB_disk_ioctl
 .text.TM_FATFS_SDRAM_disk_ioctl
                0x000005a0       0x18 ..\obj\diskio.o
                0x000005a0                TM_FATFS_SDRAM_disk_ioctl
 .text.TM_FATFS_SPI_FLASH_disk_ioctl
                0x000005b8       0x18 ..\obj\diskio.o
                0x000005b8                TM_FATFS_SPI_FLASH_disk_ioctl
 .text.TM_FATFS_USB_disk_read
                0x000005d0       0x18 ..\obj\diskio.o
                0x000005d0                TM_FATFS_USB_disk_read
 .text.TM_FATFS_SDRAM_disk_read
                0x000005e8       0x18 ..\obj\diskio.o
                0x000005e8                TM_FATFS_SDRAM_disk_read
 .text.TM_FATFS_SPI_FLASH_disk_read
                0x00000600       0x18 ..\obj\diskio.o
                0x00000600                TM_FATFS_SPI_FLASH_disk_read
 .text.TM_FATFS_USB_disk_write
                0x00000618       0x18 ..\obj\diskio.o
                0x00000618                TM_FATFS_USB_disk_write
 .text.TM_FATFS_SDRAM_disk_write
                0x00000630       0x18 ..\obj\diskio.o
                0x00000630                TM_FATFS_SDRAM_disk_write
 .text.TM_FATFS_SPI_FLASH_disk_write
                0x00000648       0x18 ..\obj\diskio.o
                0x00000648                TM_FATFS_SPI_FLASH_disk_write
 .text.Default_Reset_Handler
                0x00000660       0x5c ..\obj\startup_stm32f4xx.o
                0x00000660                Default_Reset_Handler
                0x00000660                Reset_Handler
 .text.Default_Handler
                0x000006bc        0x8 ..\obj\startup_stm32f4xx.o
                0x000006bc                RTC_Alarm_IRQHandler
                0x000006bc                HASH_RNG_IRQHandler
                0x000006bc                EXTI2_IRQHandler
                0x000006bc                TIM8_CC_IRQHandler
                0x000006bc                DebugMon_Handler
                0x000006bc                TIM1_CC_IRQHandler
                0x000006bc                HardFault_Handler
                0x000006bc                SysTick_Handler
                0x000006bc                PVD_IRQHandler
                0x000006bc                SDIO_IRQHandler
                0x000006bc                TAMP_STAMP_IRQHandler
                0x000006bc                PendSV_Handler
                0x000006bc                NMI_Handler
                0x000006bc                CAN2_RX1_IRQHandler
                0x000006bc                EXTI3_IRQHandler
                0x000006bc                TIM8_TRG_COM_TIM14_IRQHandler
                0x000006bc                TIM1_UP_TIM10_IRQHandler
                0x000006bc                TIM8_UP_TIM13_IRQHandler
                0x000006bc                I2C3_ER_IRQHandler
                0x000006bc                EXTI0_IRQHandler
                0x000006bc                I2C2_EV_IRQHandler
                0x000006bc                CAN1_RX0_IRQHandler
                0x000006bc                FPU_IRQHandler
                0x000006bc                OTG_HS_WKUP_IRQHandler
                0x000006bc                UsageFault_Handler
                0x000006bc                CAN2_SCE_IRQHandler
                0x000006bc                SPI1_IRQHandler
                0x000006bc                TIM6_DAC_IRQHandler
                0x000006bc                TIM1_BRK_TIM9_IRQHandler
                0x000006bc                DCMI_IRQHandler
                0x000006bc                CAN2_RX0_IRQHandler
                0x000006bc                USART6_IRQHandler
                0x000006bc                USART3_IRQHandler
                0x000006bc                CRYP_IRQHandler
                0x000006bc                CAN1_RX1_IRQHandler
                0x000006bc                UART5_IRQHandler
                0x000006bc                I2C1_EV_IRQHandler
                0x000006bc                UART4_IRQHandler
                0x000006bc                RCC_IRQHandler
                0x000006bc                TIM8_BRK_TIM12_IRQHandler
                0x000006bc                EXTI15_10_IRQHandler
                0x000006bc                ADC_IRQHandler
                0x000006bc                TIM7_IRQHandler
                0x000006bc                CAN2_TX_IRQHandler
                0x000006bc                TIM5_IRQHandler
                0x000006bc                I2C3_EV_IRQHandler
                0x000006bc                EXTI9_5_IRQHandler
                0x000006bc                RTC_WKUP_IRQHandler
                0x000006bc                ETH_WKUP_IRQHandler
                0x000006bc                SPI2_IRQHandler
                0x000006bc                OTG_HS_EP1_IN_IRQHandler
                0x000006bc                MemManage_Handler
                0x000006bc                CAN1_TX_IRQHandler
                0x000006bc                SVC_Handler
                0x000006bc                EXTI4_IRQHandler
                0x000006bc                FSMC_IRQHandler
                0x000006bc                ETH_IRQHandler
                0x000006bc                OTG_HS_EP1_OUT_IRQHandler
                0x000006bc                WWDG_IRQHandler
                0x000006bc                OTG_FS_WKUP_IRQHandler
                0x000006bc                TIM1_TRG_COM_TIM11_IRQHandler
                0x000006bc                OTG_HS_IRQHandler
                0x000006bc                EXTI1_IRQHandler
                0x000006bc                USART2_IRQHandler
                0x000006bc                I2C2_ER_IRQHandler
                0x000006bc                CAN1_SCE_IRQHandler
                0x000006bc                FLASH_IRQHandler
                0x000006bc                BusFault_Handler
                0x000006bc                USART1_IRQHandler
                0x000006bc                OTG_FS_IRQHandler
                0x000006bc                SPI3_IRQHandler
                0x000006bc                I2C1_ER_IRQHandler
 .text.TRIG_GPIO_conf
                0x000006c4       0x38 ..\obj\main.o
                0x000006c4                TRIG_GPIO_conf
 .text.ECHO_GPIO_conf
                0x000006fc       0x38 ..\obj\main.o
                0x000006fc                ECHO_GPIO_conf
 .text.Timmer2_conf
                0x00000734       0x34 ..\obj\main.o
                0x00000734                Timmer2_conf
 .text.Timmer3_conf
                0x00000768       0x34 ..\obj\main.o
                0x00000768                Timmer3_conf
 .text.Przerwania2_conf
                0x0000079c       0x44 ..\obj\main.o
                0x0000079c                Przerwania2_conf
 .text.Przerwania3_conf
                0x000007e0       0x44 ..\obj\main.o
                0x000007e0                Przerwania3_conf
 .text.TIM2_IRQHandler
                0x00000824       0x3c ..\obj\main.o
                0x00000824                TIM2_IRQHandler
 .text.TIM3_IRQHandler
                0x00000860       0x30 ..\obj\main.o
                0x00000860                TIM3_IRQHandler
 .text.display  0x00000890      0x520 ..\obj\main.o
                0x00000890                display
 .text.sdcard1  0x00000db0       0x70 ..\obj\main.o
                0x00000db0                sdcard1
 .text.main     0x00000e20      0x108 ..\obj\main.o
                0x00000e20                main
 .text.RCC_GetClocksFreq
                0x00000f28      0x154 ..\obj\stm32f4xx_rcc.o
                0x00000f28                RCC_GetClocksFreq
 .text.RCC_AHB1PeriphClockCmd
                0x0000107c       0x3c ..\obj\stm32f4xx_rcc.o
                0x0000107c                RCC_AHB1PeriphClockCmd
 .text.RCC_APB1PeriphClockCmd
                0x000010b8       0x3c ..\obj\stm32f4xx_rcc.o
                0x000010b8                RCC_APB1PeriphClockCmd
 .text.RCC_APB2PeriphClockCmd
                0x000010f4       0x3c ..\obj\stm32f4xx_rcc.o
                0x000010f4                RCC_APB2PeriphClockCmd
 .text.TM_DMA_ClearFlag
                0x00001130       0x88 ..\obj\tm_stm32f4_dma.o
                0x00001130                TM_DMA_ClearFlag
 .text.TM_DMA_GetFlags
                0x000011b8       0xa0 ..\obj\tm_stm32f4_dma.o
                0x000011b8                TM_DMA_GetFlags
 .text.TM_DMA_TransferCompleteHandler
                0x00001258       0x14 ..\obj\tm_stm32f4_dma.o
                0x00001258                TM_DMA_TransferCompleteHandler
 .text.TM_DMA_HalfTransferCompleteHandler
                0x0000126c       0x14 ..\obj\tm_stm32f4_dma.o
                0x0000126c                TM_DMA_HalfTransferCompleteHandler
 .text.TM_DMA_TransferErrorHandler
                0x00001280       0x14 ..\obj\tm_stm32f4_dma.o
                0x00001280                TM_DMA_TransferErrorHandler
 .text.TM_DMA_DirectModeErrorHandler
                0x00001294       0x14 ..\obj\tm_stm32f4_dma.o
                0x00001294                TM_DMA_DirectModeErrorHandler
 .text.TM_DMA_FIFOErrorHandler
                0x000012a8       0x14 ..\obj\tm_stm32f4_dma.o
                0x000012a8                TM_DMA_FIFOErrorHandler
 .text.TM_DMA_INT_ProcessInterrupt
                0x000012bc       0xb0 ..\obj\tm_stm32f4_dma.o
 .text.DMA1_Stream0_IRQHandler
                0x0000136c       0x14 ..\obj\tm_stm32f4_dma.o
                0x0000136c                DMA1_Stream0_IRQHandler
 .text.DMA1_Stream1_IRQHandler
                0x00001380       0x14 ..\obj\tm_stm32f4_dma.o
                0x00001380                DMA1_Stream1_IRQHandler
 .text.DMA1_Stream2_IRQHandler
                0x00001394       0x14 ..\obj\tm_stm32f4_dma.o
                0x00001394                DMA1_Stream2_IRQHandler
 .text.DMA1_Stream3_IRQHandler
                0x000013a8       0x14 ..\obj\tm_stm32f4_dma.o
                0x000013a8                DMA1_Stream3_IRQHandler
 .text.DMA1_Stream4_IRQHandler
                0x000013bc       0x14 ..\obj\tm_stm32f4_dma.o
                0x000013bc                DMA1_Stream4_IRQHandler
 .text.DMA1_Stream5_IRQHandler
                0x000013d0       0x14 ..\obj\tm_stm32f4_dma.o
                0x000013d0                DMA1_Stream5_IRQHandler
 .text.DMA1_Stream6_IRQHandler
                0x000013e4       0x14 ..\obj\tm_stm32f4_dma.o
                0x000013e4                DMA1_Stream6_IRQHandler
 .text.DMA1_Stream7_IRQHandler
                0x000013f8       0x14 ..\obj\tm_stm32f4_dma.o
                0x000013f8                DMA1_Stream7_IRQHandler
 .text.DMA2_Stream0_IRQHandler
                0x0000140c       0x14 ..\obj\tm_stm32f4_dma.o
                0x0000140c                DMA2_Stream0_IRQHandler
 .text.DMA2_Stream1_IRQHandler
                0x00001420       0x14 ..\obj\tm_stm32f4_dma.o
                0x00001420                DMA2_Stream1_IRQHandler
 .text.DMA2_Stream2_IRQHandler
                0x00001434       0x14 ..\obj\tm_stm32f4_dma.o
                0x00001434                DMA2_Stream2_IRQHandler
 .text.DMA2_Stream3_IRQHandler
                0x00001448       0x14 ..\obj\tm_stm32f4_dma.o
                0x00001448                DMA2_Stream3_IRQHandler
 .text.DMA2_Stream4_IRQHandler
                0x0000145c       0x14 ..\obj\tm_stm32f4_dma.o
                0x0000145c                DMA2_Stream4_IRQHandler
 .text.DMA2_Stream5_IRQHandler
                0x00001470       0x14 ..\obj\tm_stm32f4_dma.o
                0x00001470                DMA2_Stream5_IRQHandler
 .text.DMA2_Stream6_IRQHandler
                0x00001484       0x14 ..\obj\tm_stm32f4_dma.o
                0x00001484                DMA2_Stream6_IRQHandler
 .text.DMA2_Stream7_IRQHandler
                0x00001498       0x14 ..\obj\tm_stm32f4_dma.o
                0x00001498                DMA2_Stream7_IRQHandler
 .text.TM_SPI_Send
                0x000014ac       0x74 ..\obj\fatfs_sd.o
 .text.Delayms  0x00001520       0x58 ..\obj\fatfs_sd.o
 .text.init_spi
                0x00001578       0x2c ..\obj\fatfs_sd.o
 .text.rcvr_spi_multi
                0x000015a4       0x24 ..\obj\fatfs_sd.o
 .text.xmit_spi_multi
                0x000015c8       0x20 ..\obj\fatfs_sd.o
 .text.wait_ready
                0x000015e8       0x44 ..\obj\fatfs_sd.o
 .text.deselect
                0x0000162c       0x20 ..\obj\fatfs_sd.o
 .text.select1  0x0000164c       0x38 ..\obj\fatfs_sd.o
 .text.rcvr_datablock
                0x00001684       0x60 ..\obj\fatfs_sd.o
 .text.xmit_datablock
                0x000016e4       0x70 ..\obj\fatfs_sd.o
 .text.send_cmd
                0x00001754       0xf4 ..\obj\fatfs_sd.o
 .text.TM_FATFS_InitPins
                0x00001848       0x28 ..\obj\fatfs_sd.o
                0x00001848                TM_FATFS_InitPins
 .text.TM_FATFS_Detect
                0x00001870       0x10 ..\obj\fatfs_sd.o
                0x00001870                TM_FATFS_Detect
 .text.TM_FATFS_WriteEnabled
                0x00001880       0x10 ..\obj\fatfs_sd.o
                0x00001880                TM_FATFS_WriteEnabled
 .text.TM_FATFS_SD_disk_initialize
                0x00001890      0x1d0 ..\obj\fatfs_sd.o
                0x00001890                TM_FATFS_SD_disk_initialize
 .text.TM_FATFS_SD_disk_status
                0x00001a60       0x4c ..\obj\fatfs_sd.o
                0x00001a60                TM_FATFS_SD_disk_status
 .text.TM_FATFS_SD_disk_read
                0x00001aac       0xc4 ..\obj\fatfs_sd.o
                0x00001aac                TM_FATFS_SD_disk_read
 .text.TM_FATFS_SD_disk_write
                0x00001b70      0x100 ..\obj\fatfs_sd.o
                0x00001b70                TM_FATFS_SD_disk_write
 .text.TM_FATFS_SD_disk_ioctl
                0x00001c70      0x2e4 ..\obj\fatfs_sd.o
                0x00001c70                TM_FATFS_SD_disk_ioctl
 .text.TIM4_IRQHandler
                0x00001f54       0xfc ..\obj\tm_stm32f4_delay.o
                0x00001f54                TIM4_IRQHandler
 .text.TM_DELAY_Init
                0x00002050       0x18 ..\obj\tm_stm32f4_delay.o
                0x00002050                TM_DELAY_Init
 .text.TM_DELAY_INT_InitTIM
                0x00002068       0xbc ..\obj\tm_stm32f4_delay.o
                0x00002068                TM_DELAY_INT_InitTIM
 .text.TM_SPI_Init
                0x00002124       0x7c ..\obj\tm_stm32f4_spi.o
                0x00002124                TM_SPI_Init
 .text.TM_SPI_SetDataSize
                0x000021a0       0x78 ..\obj\tm_stm32f4_spi.o
                0x000021a0                TM_SPI_SetDataSize
 .text.TM_SPI_WriteMulti
                0x00002218       0x88 ..\obj\tm_stm32f4_spi.o
                0x00002218                TM_SPI_WriteMulti
 .text.TM_SPI_ReadMulti
                0x000022a0       0x94 ..\obj\tm_stm32f4_spi.o
                0x000022a0                TM_SPI_ReadMulti
 .text.TM_SPI_InitCustomPinsCallback
                0x00002334       0x18 ..\obj\tm_stm32f4_spi.o
                0x00002334                TM_SPI_InitCustomPinsCallback
 .text.TM_SPIx_Init
                0x0000234c      0x11c ..\obj\tm_stm32f4_spi.o
 .text.TM_SPI1_INT_InitPins
                0x00002468       0x60 ..\obj\tm_stm32f4_spi.o
                0x00002468                TM_SPI1_INT_InitPins
 .text.TM_SPI2_INT_InitPins
                0x000024c8       0x98 ..\obj\tm_stm32f4_spi.o
                0x000024c8                TM_SPI2_INT_InitPins
 .text.TM_SPI3_INT_InitPins
                0x00002560       0x64 ..\obj\tm_stm32f4_spi.o
                0x00002560                TM_SPI3_INT_InitPins
 .text.GPIO_Init
                0x000025c4      0x11c ..\obj\stm32f4xx_gpio.o
                0x000025c4                GPIO_Init
 .text.GPIO_ReadInputDataBit
                0x000026e0       0x34 ..\obj\stm32f4xx_gpio.o
                0x000026e0                GPIO_ReadInputDataBit
 .text.GPIO_SetBits
                0x00002714       0x1c ..\obj\stm32f4xx_gpio.o
                0x00002714                GPIO_SetBits
 .text.GPIO_ResetBits
                0x00002730       0x1c ..\obj\stm32f4xx_gpio.o
                0x00002730                GPIO_ResetBits
 .text.GPIO_WriteBit
                0x0000274c       0x30 ..\obj\stm32f4xx_gpio.o
                0x0000274c                GPIO_WriteBit
 .text.SystemInit
                0x0000277c       0x5c ..\obj\system_stm32f4xx.o
                0x0000277c                SystemInit
 .text.SetSysClock
                0x000027d8       0xf4 ..\obj\system_stm32f4xx.o
 .text._sbrk    0x000028cc       0x3c ..\obj\syscalls.o
                0x000028cc                _sbrk
 .text._close   0x00002908       0x18 ..\obj\syscalls.o
                0x00002908                _close
 .text._fstat   0x00002920       0x20 ..\obj\syscalls.o
                0x00002920                _fstat
 .text._isatty  0x00002940       0x14 ..\obj\syscalls.o
                0x00002940                _isatty
 .text._lseek   0x00002954       0x18 ..\obj\syscalls.o
                0x00002954                _lseek
 .text._read    0x0000296c       0x18 ..\obj\syscalls.o
                0x0000296c                _read
 .text._write   0x00002984       0x18 ..\obj\syscalls.o
                0x00002984                _write
 .text.DMA_Init
                0x0000299c       0xac ..\obj\stm32f4xx_dma.o
                0x0000299c                DMA_Init
 .text.mem_cpy  0x00002a48       0x3c ..\obj\ff.o
 .text.mem_set  0x00002a84       0x34 ..\obj\ff.o
 .text.mem_cmp  0x00002ab8       0x4c ..\obj\ff.o
 .text.chk_chr  0x00002b04       0x34 ..\obj\ff.o
 .text.sync_window
                0x00002b38       0x88 ..\obj\ff.o
 .text.move_window
                0x00002bc0       0x5c ..\obj\ff.o
 .text.sync_fs  0x00002c1c      0x13c ..\obj\ff.o
 .text.clust2sect
                0x00002d58       0x3c ..\obj\ff.o
                0x00002d58                clust2sect
 .text.get_fat  0x00002d94      0x174 ..\obj\ff.o
                0x00002d94                get_fat
 .text.put_fat  0x00002f08      0x210 ..\obj\ff.o
                0x00002f08                put_fat
 .text.remove_chain
                0x00003118       0xa8 ..\obj\ff.o
 .text.create_chain
                0x000031c0      0x128 ..\obj\ff.o
 .text.dir_sdi  0x000032e8      0x100 ..\obj\ff.o
 .text.dir_next
                0x000033e8      0x1a8 ..\obj\ff.o
 .text.dir_alloc
                0x00003590       0x8c ..\obj\ff.o
 .text.ld_clust
                0x0000361c       0x58 ..\obj\ff.o
 .text.st_clust
                0x00003674       0x44 ..\obj\ff.o
 .text.dir_find
                0x000036b8       0x98 ..\obj\ff.o
 .text.dir_register
                0x00003750       0x64 ..\obj\ff.o
 .text.create_name
                0x000037b4      0x1e0 ..\obj\ff.o
 .text.follow_path
                0x00003994      0x108 ..\obj\ff.o
 .text.get_ldnumber
                0x00003a9c      0x10c ..\obj\ff.o
 .text.check_fs
                0x00003ba8       0xd4 ..\obj\ff.o
 .text.find_volume
                0x00003c7c      0x56c ..\obj\ff.o
 .text.validate
                0x000041e8       0x5c ..\obj\ff.o
 .text.f_mount  0x00004244       0x88 ..\obj\ff.o
                0x00004244                f_mount
 .text.f_open   0x000042cc      0x27c ..\obj\ff.o
                0x000042cc                f_open
 .text.f_read   0x00004548      0x270 ..\obj\ff.o
                0x00004548                f_read
 .text.f_sync   0x000047b8      0x148 ..\obj\ff.o
                0x000047b8                f_sync
 .text.f_close  0x00004900       0x38 ..\obj\ff.o
                0x00004900                f_close
 .text.f_gets   0x00004938       0x7c ..\obj\ff.o
                0x00004938                f_gets
 .text.SPI_Init
                0x000049b4       0x88 ..\obj\stm32f4xx_spi.o
                0x000049b4                SPI_Init
 .text.SPI_StructInit
                0x00004a3c       0x48 ..\obj\stm32f4xx_spi.o
                0x00004a3c                SPI_StructInit
 .text.TM_SPI_Send
                0x00004a84       0x74 ..\obj\tm_stm32f4_ili9341.o
 .text.TM_ILI9341_Init
                0x00004af8       0xa0 ..\obj\tm_stm32f4_ili9341.o
                0x00004af8                TM_ILI9341_Init
 .text.TM_ILI9341_InitLCD
                0x00004b98      0x274 ..\obj\tm_stm32f4_ili9341.o
                0x00004b98                TM_ILI9341_InitLCD
 .text.TM_ILI9341_SendCommand
                0x00004e0c       0x3c ..\obj\tm_stm32f4_ili9341.o
                0x00004e0c                TM_ILI9341_SendCommand
 .text.TM_ILI9341_SendData
                0x00004e48       0x3c ..\obj\tm_stm32f4_ili9341.o
                0x00004e48                TM_ILI9341_SendData
 .text.TM_ILI9341_DrawPixel
                0x00004e84       0x40 ..\obj\tm_stm32f4_ili9341.o
                0x00004e84                TM_ILI9341_DrawPixel
 .text.TM_ILI9341_SetCursorPosition
                0x00004ec4       0x94 ..\obj\tm_stm32f4_ili9341.o
                0x00004ec4                TM_ILI9341_SetCursorPosition
 .text.TM_ILI9341_Fill
                0x00004f58       0x30 ..\obj\tm_stm32f4_ili9341.o
                0x00004f58                TM_ILI9341_Fill
 .text.TM_ILI9341_INT_Fill
                0x00004f88       0xcc ..\obj\tm_stm32f4_ili9341.o
                0x00004f88                TM_ILI9341_INT_Fill
 .text.TM_ILI9341_Delay
                0x00005054       0x20 ..\obj\tm_stm32f4_ili9341.o
                0x00005054                TM_ILI9341_Delay
 .text.TM_ILI9341_Puts
                0x00005074       0xb0 ..\obj\tm_stm32f4_ili9341.o
                0x00005074                TM_ILI9341_Puts
 .text.TM_ILI9341_Putc
                0x00005124      0x124 ..\obj\tm_stm32f4_ili9341.o
                0x00005124                TM_ILI9341_Putc
 .text.TM_ILI9341_DrawFilledRectangle
                0x00005248       0x70 ..\obj\tm_stm32f4_ili9341.o
                0x00005248                TM_ILI9341_DrawFilledRectangle
 .text.NVIC_PriorityGroupConfig
                0x000052b8       0x24 ..\obj\misc.o
                0x000052b8                NVIC_PriorityGroupConfig
 .text.NVIC_Init
                0x000052dc       0xc0 ..\obj\misc.o
                0x000052dc                NVIC_Init
 .text.TM_GPIO_Init
                0x0000539c       0x48 ..\obj\tm_stm32f4_gpio.o
                0x0000539c                TM_GPIO_Init
 .text.TM_GPIO_InitAlternate
                0x000053e4       0xa8 ..\obj\tm_stm32f4_gpio.o
                0x000053e4                TM_GPIO_InitAlternate
 .text.TM_GPIO_GetPortSource
                0x0000548c       0x20 ..\obj\tm_stm32f4_gpio.o
                0x0000548c                TM_GPIO_GetPortSource
 .text.TM_GPIO_INT_EnableClock
                0x000054ac       0x30 ..\obj\tm_stm32f4_gpio.o
                0x000054ac                TM_GPIO_INT_EnableClock
 .text.TM_GPIO_INT_Init
                0x000054dc      0x110 ..\obj\tm_stm32f4_gpio.o
                0x000054dc                TM_GPIO_INT_Init
 .text.TM_TIMER_PROPERTIES_GetTimerProperties
                0x000055ec      0x100 ..\obj\tm_stm32f4_timer_properties.o
                0x000055ec                TM_TIMER_PROPERTIES_GetTimerProperties
 .text.TM_TIMER_PROPERTIES_GenerateDataForWorkingFrequency
                0x000056ec      0x118 ..\obj\tm_stm32f4_timer_properties.o
                0x000056ec                TM_TIMER_PROPERTIES_GenerateDataForWorkingFrequency
 .text.TM_TIMER_PROPERTIES_EnableClock
                0x00005804      0x148 ..\obj\tm_stm32f4_timer_properties.o
                0x00005804                TM_TIMER_PROPERTIES_EnableClock
 .text.TIM_TimeBaseInit
                0x0000594c       0xd4 ..\obj\stm32f4xx_tim.o
                0x0000594c                TIM_TimeBaseInit
 .text.TIM_Cmd  0x00005a20       0x40 ..\obj\stm32f4xx_tim.o
                0x00005a20                TIM_Cmd
 .text.TIM_ITConfig
                0x00005a60       0x48 ..\obj\stm32f4xx_tim.o
                0x00005a60                TIM_ITConfig
 .text.TIM_GetITStatus
                0x00005aa8       0x54 ..\obj\stm32f4xx_tim.o
                0x00005aa8                TIM_GetITStatus
 .text.TIM_ClearITPendingBit
                0x00005afc       0x20 ..\obj\stm32f4xx_tim.o
                0x00005afc                TIM_ClearITPendingBit
 .text          0x00005b1c      0x370 c:/program files (x86)/gnu tools arm embedded/5.2 2015q4/bin/../lib/gcc/arm-none-eabi/5.2.1/armv7e-m\libgcc.a(_arm_addsubdf3.o)
                0x00005b1c                __aeabi_drsub
                0x00005b24                __aeabi_dsub
                0x00005b24                __subdf3
                0x00005b28                __aeabi_dadd
                0x00005b28                __adddf3
                0x00005da0                __floatunsidf
                0x00005da0                __aeabi_ui2d
                0x00005dc0                __floatsidf
                0x00005dc0                __aeabi_i2d
                0x00005de4                __aeabi_f2d
                0x00005de4                __extendsfdf2
                0x00005e20                __floatundidf
                0x00005e20                __aeabi_ul2d
                0x00005e30                __floatdidf
                0x00005e30                __aeabi_l2d
 .text          0x00005e8c      0x424 c:/program files (x86)/gnu tools arm embedded/5.2 2015q4/bin/../lib/gcc/arm-none-eabi/5.2.1/armv7e-m\libgcc.a(_arm_muldivdf3.o)
                0x00005e8c                __aeabi_dmul
                0x00005e8c                __muldf3
                0x000060e0                __divdf3
                0x000060e0                __aeabi_ddiv
 .text          0x000062b0      0x110 c:/program files (x86)/gnu tools arm embedded/5.2 2015q4/bin/../lib/gcc/arm-none-eabi/5.2.1/armv7e-m\libgcc.a(_arm_cmpdf2.o)
                0x000062b0                __gtdf2
                0x000062b0                __gedf2
                0x000062b8                __ltdf2
                0x000062b8                __ledf2
                0x000062c0                __nedf2
                0x000062c0                __eqdf2
                0x000062c0                __cmpdf2
                0x0000633c                __aeabi_cdrcmple
                0x0000634c                __aeabi_cdcmpeq
                0x0000634c                __aeabi_cdcmple
                0x0000635c                __aeabi_dcmpeq
                0x00006370                __aeabi_dcmplt
                0x00006384                __aeabi_dcmple
                0x00006398                __aeabi_dcmpge
                0x000063ac                __aeabi_dcmpgt
 .text          0x000063c0       0x40 c:/program files (x86)/gnu tools arm embedded/5.2 2015q4/bin/../lib/gcc/arm-none-eabi/5.2.1/armv7e-m\libgcc.a(_arm_fixunsdfsi.o)
                0x000063c0                __aeabi_d2uiz
                0x000063c0                __fixunsdfsi
 .text.__itoa   0x00006400       0x30 c:/program files (x86)/gnu tools arm embedded/5.2 2015q4/bin/../lib/gcc/arm-none-eabi/5.2.1/../../../../arm-none-eabi/lib/armv7e-m\libg.a(lib_a-itoa.o)
                0x00006400                __itoa
 .text.itoa     0x00006430        0x4 c:/program files (x86)/gnu tools arm embedded/5.2 2015q4/bin/../lib/gcc/arm-none-eabi/5.2.1/../../../../arm-none-eabi/lib/armv7e-m\libg.a(lib_a-itoa.o)
                0x00006430                itoa
 .text._malloc_r
                0x00006434      0x570 c:/program files (x86)/gnu tools arm embedded/5.2 2015q4/bin/../lib/gcc/arm-none-eabi/5.2.1/../../../../arm-none-eabi/lib/armv7e-m\libg.a(lib_a-mallocr.o)
                0x00006434                _malloc_r
 .text.__malloc_lock
                0x000069a4        0x4 c:/program files (x86)/gnu tools arm embedded/5.2 2015q4/bin/../lib/gcc/arm-none-eabi/5.2.1/../../../../arm-none-eabi/lib/armv7e-m\libg.a(lib_a-mlock.o)
                0x000069a4                __malloc_lock
 .text.__malloc_unlock
                0x000069a8        0x4 c:/program files (x86)/gnu tools arm embedded/5.2 2015q4/bin/../lib/gcc/arm-none-eabi/5.2.1/../../../../arm-none-eabi/lib/armv7e-m\libg.a(lib_a-mlock.o)
                0x000069a8                __malloc_unlock
 .text.printf   0x000069ac       0x28 c:/program files (x86)/gnu tools arm embedded/5.2 2015q4/bin/../lib/gcc/arm-none-eabi/5.2.1/../../../../arm-none-eabi/lib/armv7e-m\libg.a(lib_a-printf.o)
                0x000069ac                printf
 .text._sbrk_r  0x000069d4       0x24 c:/program files (x86)/gnu tools arm embedded/5.2 2015q4/bin/../lib/gcc/arm-none-eabi/5.2.1/../../../../arm-none-eabi/lib/armv7e-m\libg.a(lib_a-sbrkr.o)
                0x000069d4                _sbrk_r
 *fill*         0x000069f8        0x8 
 .text          0x00006a00       0xdc c:/program files (x86)/gnu tools arm embedded/5.2 2015q4/bin/../lib/gcc/arm-none-eabi/5.2.1/../../../../arm-none-eabi/lib/armv7e-m\libg.a(lib_a-strlen.o)
                0x00006a00                strlen
 .text.__utoa   0x00006adc       0x80 c:/program files (x86)/gnu tools arm embedded/5.2 2015q4/bin/../lib/gcc/arm-none-eabi/5.2.1/../../../../arm-none-eabi/lib/armv7e-m\libg.a(lib_a-utoa.o)
                0x00006adc                __utoa
 .text._vfprintf_r
                0x00006b5c     0x1684 c:/program files (x86)/gnu tools arm embedded/5.2 2015q4/bin/../lib/gcc/arm-none-eabi/5.2.1/../../../../arm-none-eabi/lib/armv7e-m\libg.a(lib_a-vfprintf.o)
                0x00006b5c                _vfprintf_r
 .text.__sbprintf
                0x000081e0       0x6c c:/program files (x86)/gnu tools arm embedded/5.2 2015q4/bin/../lib/gcc/arm-none-eabi/5.2.1/../../../../arm-none-eabi/lib/armv7e-m\libg.a(lib_a-vfprintf.o)
 .text.__swsetup_r
                0x0000824c       0xc4 c:/program files (x86)/gnu tools arm embedded/5.2 2015q4/bin/../lib/gcc/arm-none-eabi/5.2.1/../../../../arm-none-eabi/lib/armv7e-m\libg.a(lib_a-wsetup.o)
                0x0000824c                __swsetup_r
 .text.quorem   0x00008310      0x128 c:/program files (x86)/gnu tools arm embedded/5.2 2015q4/bin/../lib/gcc/arm-none-eabi/5.2.1/../../../../arm-none-eabi/lib/armv7e-m\libg.a(lib_a-dtoa.o)
 .text._dtoa_r  0x00008438      0xe58 c:/program files (x86)/gnu tools arm embedded/5.2 2015q4/bin/../lib/gcc/arm-none-eabi/5.2.1/../../../../arm-none-eabi/lib/armv7e-m\libg.a(lib_a-dtoa.o)
                0x00008438                _dtoa_r
 .text.__sflush_r
                0x00009290      0x148 c:/program files (x86)/gnu tools arm embedded/5.2 2015q4/bin/../lib/gcc/arm-none-eabi/5.2.1/../../../../arm-none-eabi/lib/armv7e-m\libg.a(lib_a-fflush.o)
                0x00009290                __sflush_r
 .text._fflush_r
                0x000093d8       0x2c c:/program files (x86)/gnu tools arm embedded/5.2 2015q4/bin/../lib/gcc/arm-none-eabi/5.2.1/../../../../arm-none-eabi/lib/armv7e-m\libg.a(lib_a-fflush.o)
                0x000093d8                _fflush_r
 .text._cleanup_r
                0x00009404        0xc c:/program files (x86)/gnu tools arm embedded/5.2 2015q4/bin/../lib/gcc/arm-none-eabi/5.2.1/../../../../arm-none-eabi/lib/armv7e-m\libg.a(lib_a-findfp.o)
                0x00009404                _cleanup_r
 .text.__sinit.part.1
                0x00009410       0xf0 c:/program files (x86)/gnu tools arm embedded/5.2 2015q4/bin/../lib/gcc/arm-none-eabi/5.2.1/../../../../arm-none-eabi/lib/armv7e-m\libg.a(lib_a-findfp.o)
 .text.__sinit  0x00009500        0xc c:/program files (x86)/gnu tools arm embedded/5.2 2015q4/bin/../lib/gcc/arm-none-eabi/5.2.1/../../../../arm-none-eabi/lib/armv7e-m\libg.a(lib_a-findfp.o)
                0x00009500                __sinit
 .text.__sfp_lock_acquire
                0x0000950c        0x4 c:/program files (x86)/gnu tools arm embedded/5.2 2015q4/bin/../lib/gcc/arm-none-eabi/5.2.1/../../../../arm-none-eabi/lib/armv7e-m\libg.a(lib_a-findfp.o)
                0x0000950c                __sfp_lock_acquire
 .text.__sfp_lock_release
                0x00009510        0x4 c:/program files (x86)/gnu tools arm embedded/5.2 2015q4/bin/../lib/gcc/arm-none-eabi/5.2.1/../../../../arm-none-eabi/lib/armv7e-m\libg.a(lib_a-findfp.o)
                0x00009510                __sfp_lock_release
 .text._malloc_trim_r
                0x00009514       0x9c c:/program files (x86)/gnu tools arm embedded/5.2 2015q4/bin/../lib/gcc/arm-none-eabi/5.2.1/../../../../arm-none-eabi/lib/armv7e-m\libg.a(lib_a-freer.o)
                0x00009514                _malloc_trim_r
 .text._free_r  0x000095b0      0x1d0 c:/program files (x86)/gnu tools arm embedded/5.2 2015q4/bin/../lib/gcc/arm-none-eabi/5.2.1/../../../../arm-none-eabi/lib/armv7e-m\libg.a(lib_a-freer.o)
                0x000095b0                _free_r
 .text._fwalk_reent
                0x00009780       0x54 c:/program files (x86)/gnu tools arm embedded/5.2 2015q4/bin/../lib/gcc/arm-none-eabi/5.2.1/../../../../arm-none-eabi/lib/armv7e-m\libg.a(lib_a-fwalk.o)
                0x00009780                _fwalk_reent
 .text.__locale_charset
                0x000097d4        0x8 c:/program files (x86)/gnu tools arm embedded/5.2 2015q4/bin/../lib/gcc/arm-none-eabi/5.2.1/../../../../arm-none-eabi/lib/armv7e-m\libg.a(lib_a-locale.o)
                0x000097d4                __locale_charset
 .text.__locale_mb_cur_max
                0x000097dc        0xc c:/program files (x86)/gnu tools arm embedded/5.2 2015q4/bin/../lib/gcc/arm-none-eabi/5.2.1/../../../../arm-none-eabi/lib/armv7e-m\libg.a(lib_a-locale.o)
                0x000097dc                __locale_mb_cur_max
 .text._localeconv_r
                0x000097e8        0x8 c:/program files (x86)/gnu tools arm embedded/5.2 2015q4/bin/../lib/gcc/arm-none-eabi/5.2.1/../../../../arm-none-eabi/lib/armv7e-m\libg.a(lib_a-locale.o)
                0x000097e8                _localeconv_r
 .text.__smakebuf_r
                0x000097f0       0xe0 c:/program files (x86)/gnu tools arm embedded/5.2 2015q4/bin/../lib/gcc/arm-none-eabi/5.2.1/../../../../arm-none-eabi/lib/armv7e-m\libg.a(lib_a-makebuf.o)
                0x000097f0                __smakebuf_r
 .text          0x000098d0       0xa0 c:/program files (x86)/gnu tools arm embedded/5.2 2015q4/bin/../lib/gcc/arm-none-eabi/5.2.1/../../../../arm-none-eabi/lib/armv7e-m\libg.a(lib_a-memchr.o)
                0x000098d0                memchr
 .text          0x00009970      0x134 c:/program files (x86)/gnu tools arm embedded/5.2 2015q4/bin/../lib/gcc/arm-none-eabi/5.2.1/../../../../arm-none-eabi/lib/armv7e-m\libg.a(lib_a-memcpy.o)
                0x00009970                memcpy
 .text.memset   0x00009aa4       0x9c c:/program files (x86)/gnu tools arm embedded/5.2 2015q4/bin/../lib/gcc/arm-none-eabi/5.2.1/../../../../arm-none-eabi/lib/armv7e-m\libg.a(lib_a-memset.o)
                0x00009aa4                memset
 .text._Balloc  0x00009b40       0x4c c:/program files (x86)/gnu tools arm embedded/5.2 2015q4/bin/../lib/gcc/arm-none-eabi/5.2.1/../../../../arm-none-eabi/lib/armv7e-m\libg.a(lib_a-mprec.o)
                0x00009b40                _Balloc
 .text._Bfree   0x00009b8c       0x14 c:/program files (x86)/gnu tools arm embedded/5.2 2015q4/bin/../lib/gcc/arm-none-eabi/5.2.1/../../../../arm-none-eabi/lib/armv7e-m\libg.a(lib_a-mprec.o)
                0x00009b8c                _Bfree
 .text.__multadd
                0x00009ba0       0x80 c:/program files (x86)/gnu tools arm embedded/5.2 2015q4/bin/../lib/gcc/arm-none-eabi/5.2.1/../../../../arm-none-eabi/lib/armv7e-m\libg.a(lib_a-mprec.o)
                0x00009ba0                __multadd
 .text.__hi0bits
                0x00009c20       0x40 c:/program files (x86)/gnu tools arm embedded/5.2 2015q4/bin/../lib/gcc/arm-none-eabi/5.2.1/../../../../arm-none-eabi/lib/armv7e-m\libg.a(lib_a-mprec.o)
                0x00009c20                __hi0bits
 .text.__lo0bits
                0x00009c60       0x5c c:/program files (x86)/gnu tools arm embedded/5.2 2015q4/bin/../lib/gcc/arm-none-eabi/5.2.1/../../../../arm-none-eabi/lib/armv7e-m\libg.a(lib_a-mprec.o)
                0x00009c60                __lo0bits
 .text.__i2b    0x00009cbc       0x14 c:/program files (x86)/gnu tools arm embedded/5.2 2015q4/bin/../lib/gcc/arm-none-eabi/5.2.1/../../../../arm-none-eabi/lib/armv7e-m\libg.a(lib_a-mprec.o)
                0x00009cbc                __i2b
 .text.__multiply
                0x00009cd0      0x130 c:/program files (x86)/gnu tools arm embedded/5.2 2015q4/bin/../lib/gcc/arm-none-eabi/5.2.1/../../../../arm-none-eabi/lib/armv7e-m\libg.a(lib_a-mprec.o)
                0x00009cd0                __multiply
 .text.__pow5mult
                0x00009e00       0xa0 c:/program files (x86)/gnu tools arm embedded/5.2 2015q4/bin/../lib/gcc/arm-none-eabi/5.2.1/../../../../arm-none-eabi/lib/armv7e-m\libg.a(lib_a-mprec.o)
                0x00009e00                __pow5mult
 .text.__lshift
                0x00009ea0       0xb0 c:/program files (x86)/gnu tools arm embedded/5.2 2015q4/bin/../lib/gcc/arm-none-eabi/5.2.1/../../../../arm-none-eabi/lib/armv7e-m\libg.a(lib_a-mprec.o)
                0x00009ea0                __lshift
 .text.__mcmp   0x00009f50       0x40 c:/program files (x86)/gnu tools arm embedded/5.2 2015q4/bin/../lib/gcc/arm-none-eabi/5.2.1/../../../../arm-none-eabi/lib/armv7e-m\libg.a(lib_a-mprec.o)
                0x00009f50                __mcmp
 .text.__mdiff  0x00009f90      0x114 c:/program files (x86)/gnu tools arm embedded/5.2 2015q4/bin/../lib/gcc/arm-none-eabi/5.2.1/../../../../arm-none-eabi/lib/armv7e-m\libg.a(lib_a-mprec.o)
                0x00009f90                __mdiff
 .text.__d2b    0x0000a0a4       0xb8 c:/program files (x86)/gnu tools arm embedded/5.2 2015q4/bin/../lib/gcc/arm-none-eabi/5.2.1/../../../../arm-none-eabi/lib/armv7e-m\libg.a(lib_a-mprec.o)
                0x0000a0a4                __d2b
 .text.__fpclassifyd
                0x0000a15c       0x54 c:/program files (x86)/gnu tools arm embedded/5.2 2015q4/bin/../lib/gcc/arm-none-eabi/5.2.1/../../../../arm-none-eabi/lib/armv7e-m\libg.a(lib_a-s_fpclassify.o)
                0x0000a15c                __fpclassifyd
 .text.__sread  0x0000a1b0       0x24 c:/program files (x86)/gnu tools arm embedded/5.2 2015q4/bin/../lib/gcc/arm-none-eabi/5.2.1/../../../../arm-none-eabi/lib/armv7e-m\libg.a(lib_a-stdio.o)
                0x0000a1b0                __sread
 .text.__swrite
                0x0000a1d4       0x38 c:/program files (x86)/gnu tools arm embedded/5.2 2015q4/bin/../lib/gcc/arm-none-eabi/5.2.1/../../../../arm-none-eabi/lib/armv7e-m\libg.a(lib_a-stdio.o)
                0x0000a1d4                __swrite
 .text.__sseek  0x0000a20c       0x20 c:/program files (x86)/gnu tools arm embedded/5.2 2015q4/bin/../lib/gcc/arm-none-eabi/5.2.1/../../../../arm-none-eabi/lib/armv7e-m\libg.a(lib_a-stdio.o)
                0x0000a20c                __sseek
 .text.__sclose
                0x0000a22c        0x8 c:/program files (x86)/gnu tools arm embedded/5.2 2015q4/bin/../lib/gcc/arm-none-eabi/5.2.1/../../../../arm-none-eabi/lib/armv7e-m\libg.a(lib_a-stdio.o)
                0x0000a22c                __sclose
 .text.__sprint_r.part.0
                0x0000a234       0x78 c:/program files (x86)/gnu tools arm embedded/5.2 2015q4/bin/../lib/gcc/arm-none-eabi/5.2.1/../../../../arm-none-eabi/lib/armv7e-m\libg.a(lib_a-vfiprintf.o)
 .text.__sprint_r
                0x0000a2ac       0x14 c:/program files (x86)/gnu tools arm embedded/5.2 2015q4/bin/../lib/gcc/arm-none-eabi/5.2.1/../../../../arm-none-eabi/lib/armv7e-m\libg.a(lib_a-vfiprintf.o)
                0x0000a2ac                __sprint_r
 .text._write_r
                0x0000a2c0       0x2c c:/program files (x86)/gnu tools arm embedded/5.2 2015q4/bin/../lib/gcc/arm-none-eabi/5.2.1/../../../../arm-none-eabi/lib/armv7e-m\libg.a(lib_a-writer.o)
                0x0000a2c0                _write_r
 .text._calloc_r
                0x0000a2ec       0x60 c:/program files (x86)/gnu tools arm embedded/5.2 2015q4/bin/../lib/gcc/arm-none-eabi/5.2.1/../../../../arm-none-eabi/lib/armv7e-m\libg.a(lib_a-callocr.o)
                0x0000a2ec                _calloc_r
 .text._close_r
                0x0000a34c       0x24 c:/program files (x86)/gnu tools arm embedded/5.2 2015q4/bin/../lib/gcc/arm-none-eabi/5.2.1/../../../../arm-none-eabi/lib/armv7e-m\libg.a(lib_a-closer.o)
                0x0000a34c                _close_r
 .text._fclose_r
                0x0000a370       0x84 c:/program files (x86)/gnu tools arm embedded/5.2 2015q4/bin/../lib/gcc/arm-none-eabi/5.2.1/../../../../arm-none-eabi/lib/armv7e-m\libg.a(lib_a-fclose.o)
                0x0000a370                _fclose_r
 .text.__fputwc
                0x0000a3f4       0xb0 c:/program files (x86)/gnu tools arm embedded/5.2 2015q4/bin/../lib/gcc/arm-none-eabi/5.2.1/../../../../arm-none-eabi/lib/armv7e-m\libg.a(lib_a-fputwc.o)
                0x0000a3f4                __fputwc
 .text._fputwc_r
                0x0000a4a4       0x24 c:/program files (x86)/gnu tools arm embedded/5.2 2015q4/bin/../lib/gcc/arm-none-eabi/5.2.1/../../../../arm-none-eabi/lib/armv7e-m\libg.a(lib_a-fputwc.o)
                0x0000a4a4                _fputwc_r
 .text._fstat_r
                0x0000a4c8       0x28 c:/program files (x86)/gnu tools arm embedded/5.2 2015q4/bin/../lib/gcc/arm-none-eabi/5.2.1/../../../../arm-none-eabi/lib/armv7e-m\libg.a(lib_a-fstatr.o)
                0x0000a4c8                _fstat_r
 .text.__sfvwrite_r
                0x0000a4f0      0x300 c:/program files (x86)/gnu tools arm embedded/5.2 2015q4/bin/../lib/gcc/arm-none-eabi/5.2.1/../../../../arm-none-eabi/lib/armv7e-m\libg.a(lib_a-fvwrite.o)
                0x0000a4f0                __sfvwrite_r
 .text._isatty_r
                0x0000a7f0       0x24 c:/program files (x86)/gnu tools arm embedded/5.2 2015q4/bin/../lib/gcc/arm-none-eabi/5.2.1/../../../../arm-none-eabi/lib/armv7e-m\libg.a(lib_a-isattyr.o)
                0x0000a7f0                _isatty_r
 .text._lseek_r
                0x0000a814       0x2c c:/program files (x86)/gnu tools arm embedded/5.2 2015q4/bin/../lib/gcc/arm-none-eabi/5.2.1/../../../../arm-none-eabi/lib/armv7e-m\libg.a(lib_a-lseekr.o)
                0x0000a814                _lseek_r
 .text.memmove  0x0000a840       0xc8 c:/program files (x86)/gnu tools arm embedded/5.2 2015q4/bin/../lib/gcc/arm-none-eabi/5.2.1/../../../../arm-none-eabi/lib/armv7e-m\libg.a(lib_a-memmove.o)
                0x0000a840                memmove
 .text._read_r  0x0000a908       0x2c c:/program files (x86)/gnu tools arm embedded/5.2 2015q4/bin/../lib/gcc/arm-none-eabi/5.2.1/../../../../arm-none-eabi/lib/armv7e-m\libg.a(lib_a-readr.o)
                0x0000a908                _read_r
 .text._realloc_r
                0x0000a934      0x3e0 c:/program files (x86)/gnu tools arm embedded/5.2 2015q4/bin/../lib/gcc/arm-none-eabi/5.2.1/../../../../arm-none-eabi/lib/armv7e-m\libg.a(lib_a-reallocr.o)
                0x0000a934                _realloc_r
 .text.__swbuf_r
                0x0000ad14       0xa8 c:/program files (x86)/gnu tools arm embedded/5.2 2015q4/bin/../lib/gcc/arm-none-eabi/5.2.1/../../../../arm-none-eabi/lib/armv7e-m\libg.a(lib_a-wbuf.o)
                0x0000ad14                __swbuf_r
 .text._wcrtomb_r
                0x0000adbc       0x54 c:/program files (x86)/gnu tools arm embedded/5.2 2015q4/bin/../lib/gcc/arm-none-eabi/5.2.1/../../../../arm-none-eabi/lib/armv7e-m\libg.a(lib_a-wcrtomb.o)
                0x0000adbc                _wcrtomb_r
 .text.__ascii_wctomb
                0x0000ae10       0x1c c:/program files (x86)/gnu tools arm embedded/5.2 2015q4/bin/../lib/gcc/arm-none-eabi/5.2.1/../../../../arm-none-eabi/lib/armv7e-m\libg.a(lib_a-wctomb_r.o)
                0x0000ae10                __ascii_wctomb
 .text          0x0000ae2c       0x50 c:/program files (x86)/gnu tools arm embedded/5.2 2015q4/bin/../lib/gcc/arm-none-eabi/5.2.1/armv7e-m\libgcc.a(_arm_fixdfsi.o)
                0x0000ae2c                __aeabi_d2iz
                0x0000ae2c                __fixdfsi
 .text          0x0000ae7c       0x30 c:/program files (x86)/gnu tools arm embedded/5.2 2015q4/bin/../lib/gcc/arm-none-eabi/5.2.1/armv7e-m\libgcc.a(_aeabi_uldivmod.o)
                0x0000ae7c                __aeabi_uldivmod
 .text          0x0000aeac      0x2e4 c:/program files (x86)/gnu tools arm embedded/5.2 2015q4/bin/../lib/gcc/arm-none-eabi/5.2.1/armv7e-m\libgcc.a(_udivmoddi4.o)
                0x0000aeac                __udivmoddi4
 .text          0x0000b190        0x4 c:/program files (x86)/gnu tools arm embedded/5.2 2015q4/bin/../lib/gcc/arm-none-eabi/5.2.1/armv7e-m\libgcc.a(_dvmd_tls.o)
                0x0000b190                __aeabi_idiv0
                0x0000b190                __aeabi_ldiv0
 *(.init)
 *(.fini)
 *crtbegin.o(.ctors)
 *crtbegin?.o(.ctors)
 *(EXCLUDE_FILE(*crtend.o *crtend?.o) .ctors)
 *(SORT(.ctors.*))
 *(.ctors)
 *crtbegin.o(.dtors)
 *crtbegin?.o(.dtors)
 *(EXCLUDE_FILE(*crtend.o *crtend?.o) .dtors)
 *(SORT(.dtors.*))
 *(.dtors)
 *(.rodata*)
 .rodata        0x0000b194       0x44 ..\obj\main.o
 .rodata        0x0000b1d8       0x14 ..\obj\tm_stm32f4_dma.o
 .rodata        0x0000b1ec       0xea ..\obj\ff.o
 *fill*         0x0000b2d6        0x2 
 .rodata        0x0000b2d8     0x2814 ..\obj\tm_stm32f4_fonts.o
                0x0000b2d8                TM_Font7x10
                0x0000ba44                TM_Font11x18
                0x0000c7a0                TM_Font16x26
 .rodata.str1.4
                0x0000daec       0x25 c:/program files (x86)/gnu tools arm embedded/5.2 2015q4/bin/../lib/gcc/arm-none-eabi/5.2.1/../../../../arm-none-eabi/lib/armv7e-m\libg.a(lib_a-utoa.o)
 *fill*         0x0000db11        0x3 
 .rodata.zeroes.7023
                0x0000db14       0x10 c:/program files (x86)/gnu tools arm embedded/5.2 2015q4/bin/../lib/gcc/arm-none-eabi/5.2.1/../../../../arm-none-eabi/lib/armv7e-m\libg.a(lib_a-vfprintf.o)
 .rodata.blanks.7022
                0x0000db24       0x10 c:/program files (x86)/gnu tools arm embedded/5.2 2015q4/bin/../lib/gcc/arm-none-eabi/5.2.1/../../../../arm-none-eabi/lib/armv7e-m\libg.a(lib_a-vfprintf.o)
 .rodata.str1.4
                0x0000db34       0x42 c:/program files (x86)/gnu tools arm embedded/5.2 2015q4/bin/../lib/gcc/arm-none-eabi/5.2.1/../../../../arm-none-eabi/lib/armv7e-m\libg.a(lib_a-vfprintf.o)
 *fill*         0x0000db76        0x2 
 .rodata.str1.4
                0x0000db78       0x10 c:/program files (x86)/gnu tools arm embedded/5.2 2015q4/bin/../lib/gcc/arm-none-eabi/5.2.1/../../../../arm-none-eabi/lib/armv7e-m\libg.a(lib_a-dtoa.o)
                                 0x12 (size before relaxing)
 .rodata.str1.4
                0x0000db88        0x2 c:/program files (x86)/gnu tools arm embedded/5.2 2015q4/bin/../lib/gcc/arm-none-eabi/5.2.1/../../../../arm-none-eabi/lib/armv7e-m\libg.a(lib_a-impure.o)
 *fill*         0x0000db8a        0x2 
 .rodata.str1.4
                0x0000db8c        0xc c:/program files (x86)/gnu tools arm embedded/5.2 2015q4/bin/../lib/gcc/arm-none-eabi/5.2.1/../../../../arm-none-eabi/lib/armv7e-m\libg.a(lib_a-locale.o)
                                 0x12 (size before relaxing)
 .rodata.p05.5402
                0x0000db98        0xc c:/program files (x86)/gnu tools arm embedded/5.2 2015q4/bin/../lib/gcc/arm-none-eabi/5.2.1/../../../../arm-none-eabi/lib/armv7e-m\libg.a(lib_a-mprec.o)
 *fill*         0x0000dba4        0x4 
 .rodata.__mprec_tens
                0x0000dba8       0xc8 c:/program files (x86)/gnu tools arm embedded/5.2 2015q4/bin/../lib/gcc/arm-none-eabi/5.2.1/../../../../arm-none-eabi/lib/armv7e-m\libg.a(lib_a-mprec.o)
                0x0000dba8                __mprec_tens
 .rodata.__mprec_bigtens
                0x0000dc70       0x28 c:/program files (x86)/gnu tools arm embedded/5.2 2015q4/bin/../lib/gcc/arm-none-eabi/5.2.1/../../../../arm-none-eabi/lib/armv7e-m\libg.a(lib_a-mprec.o)
                0x0000dc70                __mprec_bigtens
 *(.eh_fram e*)

.glue_7         0x0000dc98        0x0
 .glue_7        0x0000dc98        0x0 linker stubs

.glue_7t        0x0000dc98        0x0
 .glue_7t       0x0000dc98        0x0 linker stubs

.vfp11_veneer   0x0000dc98        0x0
 .vfp11_veneer  0x0000dc98        0x0 linker stubs

.v4_bx          0x0000dc98        0x0
 .v4_bx         0x0000dc98        0x0 linker stubs

.iplt           0x0000dc98        0x0
 .iplt          0x0000dc98        0x0 ..\obj\tm_stm32f4_fatfs.o

.ARM.extab
 *(.ARM.extab* .gnu.linkonce.armextab.*)
                0x0000dc98                __exidx_start = .

.ARM.exidx      0x0000dc98        0x8
 *(.ARM.exidx* .gnu.linkonce.armexidx.*)
 .ARM.exidx     0x0000dc98        0x8 c:/program files (x86)/gnu tools arm embedded/5.2 2015q4/bin/../lib/gcc/arm-none-eabi/5.2.1/armv7e-m\libgcc.a(_udivmoddi4.o)
                0x0000dca0                __exidx_end = .
                0x0000dca0                __etext = .
                0x0000dca0                _sidata = __etext

.rel.dyn        0x0000dca0        0x0
 .rel.iplt      0x0000dca0        0x0 ..\obj\tm_stm32f4_fatfs.o

.data           0x20000000      0x9c4 load address 0x0000dca0
                0x20000000                __data_start__ = .
                0x20000000                _sdata = __data_start__
 *(vtable)
 *(.data*)
 .data          0x20000000       0x48 ..\obj\tm_stm32f4_spi_dma.o
 .data          0x20000048       0xb4 ..\obj\diskio.o
                0x20000048                FATFS_LowLevelDrivers
 .data          0x200000fc       0x10 ..\obj\stm32f4xx_rcc.o
 .data          0x2000010c        0x1 ..\obj\fatfs_sd.o
 *fill*         0x2000010d        0x3 
 .data          0x20000110       0x18 ..\obj\tm_stm32f4_fonts.o
                0x20000110                TM_Font_7x10
                0x20000118                TM_Font_11x18
                0x20000120                TM_Font_16x26
 .data.__malloc_av_
                0x20000128      0x408 c:/program files (x86)/gnu tools arm embedded/5.2 2015q4/bin/../lib/gcc/arm-none-eabi/5.2.1/../../../../arm-none-eabi/lib/armv7e-m\libg.a(lib_a-mallocr.o)
                0x20000128                __malloc_av_
 .data.__malloc_trim_threshold
                0x20000530        0x4 c:/program files (x86)/gnu tools arm embedded/5.2 2015q4/bin/../lib/gcc/arm-none-eabi/5.2.1/../../../../arm-none-eabi/lib/armv7e-m\libg.a(lib_a-mallocr.o)
                0x20000530                __malloc_trim_threshold
 .data.__malloc_sbrk_base
                0x20000534        0x4 c:/program files (x86)/gnu tools arm embedded/5.2 2015q4/bin/../lib/gcc/arm-none-eabi/5.2.1/../../../../arm-none-eabi/lib/armv7e-m\libg.a(lib_a-mallocr.o)
                0x20000534                __malloc_sbrk_base
 .data.impure_data
                0x20000538      0x428 c:/program files (x86)/gnu tools arm embedded/5.2 2015q4/bin/../lib/gcc/arm-none-eabi/5.2.1/../../../../arm-none-eabi/lib/armv7e-m\libg.a(lib_a-impure.o)
 .data._impure_ptr
                0x20000960        0x4 c:/program files (x86)/gnu tools arm embedded/5.2 2015q4/bin/../lib/gcc/arm-none-eabi/5.2.1/../../../../arm-none-eabi/lib/armv7e-m\libg.a(lib_a-impure.o)
                0x20000960                _impure_ptr
 .data.lconv    0x20000964       0x38 c:/program files (x86)/gnu tools arm embedded/5.2 2015q4/bin/../lib/gcc/arm-none-eabi/5.2.1/../../../../arm-none-eabi/lib/armv7e-m\libg.a(lib_a-locale.o)
 .data.lc_ctype_charset
                0x2000099c       0x20 c:/program files (x86)/gnu tools arm embedded/5.2 2015q4/bin/../lib/gcc/arm-none-eabi/5.2.1/../../../../arm-none-eabi/lib/armv7e-m\libg.a(lib_a-locale.o)
 .data.__mb_cur_max
                0x200009bc        0x4 c:/program files (x86)/gnu tools arm embedded/5.2 2015q4/bin/../lib/gcc/arm-none-eabi/5.2.1/../../../../arm-none-eabi/lib/armv7e-m\libg.a(lib_a-locale.o)
                0x200009bc                __mb_cur_max
 .data.__wctomb
                0x200009c0        0x4 c:/program files (x86)/gnu tools arm embedded/5.2 2015q4/bin/../lib/gcc/arm-none-eabi/5.2.1/../../../../arm-none-eabi/lib/armv7e-m\libg.a(lib_a-wctomb_r.o)
                0x200009c0                __wctomb
                0x200009c4                . = ALIGN (0x4)
                [!provide]                PROVIDE (__preinit_array_start, .)
 *(.preinit_array)
                [!provide]                PROVIDE (__preinit_array_end, .)
                0x200009c4                . = ALIGN (0x4)
                [!provide]                PROVIDE (__init_array_start, .)
 *(SORT(.init_array.*))
 *(.init_array)
                [!provide]                PROVIDE (__init_array_end, .)
                0x200009c4                . = ALIGN (0x4)
                [!provide]                PROVIDE (__fini_array_start, .)
 *(SORT(.fini_array.*))
 *(.fini_array)
                [!provide]                PROVIDE (__fini_array_end, .)
 *(.jcr*)
                0x200009c4                . = ALIGN (0x4)
                0x200009c4                __data_end__ = .
                0x200009c4                _edata = __data_end__

.igot.plt       0x200009c4        0x0 load address 0x0000e664
 .igot.plt      0x200009c4        0x0 ..\obj\tm_stm32f4_fatfs.o

.bss            0x200009c4       0xf8 load address 0x0000e664
                0x200009c4                . = ALIGN (0x4)
                0x200009c4                __bss_start__ = .
                0x200009c4                _sbss = __bss_start__
 *(.bss*)
 .bss           0x200009c4       0x3c ..\obj\tm_stm32f4_spi_dma.o
 .bss           0x20000a00        0x4 ..\obj\main.o
                0x20000a00                ile
 .bss           0x20000a04        0x1 ..\obj\fatfs_sd.o
 *fill*         0x20000a05        0x3 
 .bss           0x20000a08       0x28 ..\obj\tm_stm32f4_delay.o
                0x20000a08                TM_TimingDelay
                0x20000a0c                TM_Time
                0x20000a10                TM_Time2
                0x20000a14                TM_DELAY_Initialized
 .bss           0x20000a30        0x4 ..\obj\syscalls.o
 .bss           0x20000a34       0x27 ..\obj\ff.o
 *fill*         0x20000a5b        0x1 
 .bss           0x20000a5c       0x16 ..\obj\tm_stm32f4_gpio.o
 *fill*         0x20000a72        0x2 
 .bss.__malloc_max_total_mem
                0x20000a74        0x4 c:/program files (x86)/gnu tools arm embedded/5.2 2015q4/bin/../lib/gcc/arm-none-eabi/5.2.1/../../../../arm-none-eabi/lib/armv7e-m\libg.a(lib_a-mallocr.o)
                0x20000a74                __malloc_max_total_mem
 .bss.__malloc_max_sbrked_mem
                0x20000a78        0x4 c:/program files (x86)/gnu tools arm embedded/5.2 2015q4/bin/../lib/gcc/arm-none-eabi/5.2.1/../../../../arm-none-eabi/lib/armv7e-m\libg.a(lib_a-mallocr.o)
                0x20000a78                __malloc_max_sbrked_mem
 .bss.__malloc_top_pad
                0x20000a7c        0x4 c:/program files (x86)/gnu tools arm embedded/5.2 2015q4/bin/../lib/gcc/arm-none-eabi/5.2.1/../../../../arm-none-eabi/lib/armv7e-m\libg.a(lib_a-mallocr.o)
                0x20000a7c                __malloc_top_pad
 .bss.__malloc_current_mallinfo
                0x20000a80       0x28 c:/program files (x86)/gnu tools arm embedded/5.2 2015q4/bin/../lib/gcc/arm-none-eabi/5.2.1/../../../../arm-none-eabi/lib/armv7e-m\libg.a(lib_a-mallocr.o)
                0x20000a80                __malloc_current_mallinfo
 *(COMMON)
 COMMON         0x20000aa8        0x4 ..\obj\main.o
                0x20000aa8                odleglosc
 COMMON         0x20000aac        0xc ..\obj\tm_stm32f4_ili9341.o
                0x20000aac                ILI9341_x
                0x20000ab0                ILI9341_Opts
                0x20000ab6                ILI9341_y
 COMMON         0x20000ab8        0x4 c:/program files (x86)/gnu tools arm embedded/5.2 2015q4/bin/../lib/gcc/arm-none-eabi/5.2.1/../../../../arm-none-eabi/lib/armv7e-m\libg.a(lib_a-reent.o)
                0x20000ab8                errno
                0x20000abc                . = ALIGN (0x4)
                0x20000abc                __bss_end__ = .
                0x20000abc                _ebss = __bss_end__

.heap           0x20000abc        0x0
                0x20000abc                __end__ = .
                0x20000abc                _end = __end__
                0x20000abc                end = __end__
 *(.heap*)
                0x20000abc                __HeapLimit = .

.co_stack       0x20000abc      0x804 load address 0x0000e75c
                0x20000ac0                . = ALIGN (0x8)
 *fill*         0x20000abc        0x4 
 *(.co_stack .co_stack.*)
 .co_stack      0x20000ac0      0x800 ..\obj\startup_stm32f4xx.o
                0x20000ac0                pulStack
                0x20020000                __StackTop = (ORIGIN (ram) + LENGTH (ram))
                0x2001f7fc                __StackLimit = (__StackTop - SIZEOF (.co_stack))
                [!provide]                PROVIDE (__stack, __StackTop)
                0x00000001                ASSERT ((__StackLimit >= __HeapLimit), region ram  overflowed with stack)
LOAD ..\obj\tm_stm32f4_fatfs.o
LOAD ..\obj\unicode.o
LOAD ..\obj\stm32f4xx_syscfg.o
LOAD ..\obj\tm_stm32f4_spi_dma.o
LOAD ..\obj\stm32f4xx_dac.o
LOAD ..\obj\diskio.o
LOAD ..\obj\startup_stm32f4xx.o
LOAD ..\obj\main.o
LOAD ..\obj\stm32f4xx_rcc.o
LOAD ..\obj\stm32f4xx_adc.o
LOAD ..\obj\tm_stm32f4_dma.o
LOAD ..\obj\fatfs_sd.o
LOAD ..\obj\tm_stm32f4_delay.o
LOAD ..\obj\syscall.o
LOAD ..\obj\tm_stm32f4_spi.o
LOAD ..\obj\stm32f4xx_gpio.o
LOAD ..\obj\system_stm32f4xx.o
LOAD ..\obj\syscalls.o
LOAD ..\obj\stm32f4xx_dma.o
LOAD ..\obj\ff.o
LOAD ..\obj\stm32f4xx_spi.o
LOAD ..\obj\tm_stm32f4_ili9341.o
LOAD ..\obj\stm32f4xx_exti.o
LOAD ..\obj\misc.o
LOAD ..\obj\tm_stm32f4_gpio.o
LOAD ..\obj\stm32f4_discovery_lis302dl.o
LOAD ..\obj\tm_stm32f4_timer_properties.o
LOAD ..\obj\tm_stm32f4_fonts.o
LOAD ..\obj\stm32f4xx_tim.o
LOAD c:/program files (x86)/gnu tools arm embedded/5.2 2015q4/bin/../lib/gcc/arm-none-eabi/5.2.1/../../../../arm-none-eabi/lib/armv7e-m\libstdc++.a
START GROUP
LOAD c:/program files (x86)/gnu tools arm embedded/5.2 2015q4/bin/../lib/gcc/arm-none-eabi/5.2.1/armv7e-m\libgcc.a
LOAD c:/program files (x86)/gnu tools arm embedded/5.2 2015q4/bin/../lib/gcc/arm-none-eabi/5.2.1/../../../../arm-none-eabi/lib/armv7e-m\libg.a
LOAD c:/program files (x86)/gnu tools arm embedded/5.2 2015q4/bin/../lib/gcc/arm-none-eabi/5.2.1/../../../../arm-none-eabi/lib/armv7e-m\libc.a
END GROUP
OUTPUT(test.elf elf32-littlearm)

.debug_info     0x00000000     0xd03b
 .debug_info    0x00000000      0x87e ..\obj\tm_stm32f4_spi_dma.o
 .debug_info    0x0000087e      0x89f ..\obj\diskio.o
 .debug_info    0x0000111d       0xed ..\obj\startup_stm32f4xx.o
 .debug_info    0x0000120a      0xcd5 ..\obj\main.o
 .debug_info    0x00001edf      0xc59 ..\obj\stm32f4xx_rcc.o
 .debug_info    0x00002b38      0x925 ..\obj\tm_stm32f4_dma.o
 .debug_info    0x0000345d      0x8a7 ..\obj\fatfs_sd.o
 .debug_info    0x00003d04      0x9e3 ..\obj\tm_stm32f4_delay.o
 .debug_info    0x000046e7      0xa95 ..\obj\tm_stm32f4_spi.o
 .debug_info    0x0000517c      0x61a ..\obj\stm32f4xx_gpio.o
 .debug_info    0x00005796      0x596 ..\obj\system_stm32f4xx.o
 .debug_info    0x00005d2c      0x3f5 ..\obj\syscalls.o
 .debug_info    0x00006121      0x741 ..\obj\stm32f4xx_dma.o
 .debug_info    0x00006862     0x2137 ..\obj\ff.o
 .debug_info    0x00008999      0xb0f ..\obj\stm32f4xx_spi.o
 .debug_info    0x000094a8      0xaf7 ..\obj\tm_stm32f4_ili9341.o
 .debug_info    0x00009f9f      0x541 ..\obj\misc.o
 .debug_info    0x0000a4e0      0x82d ..\obj\tm_stm32f4_gpio.o
 .debug_info    0x0000ad0d      0x481 ..\obj\tm_stm32f4_timer_properties.o
 .debug_info    0x0000b18e      0x244 ..\obj\tm_stm32f4_fonts.o
 .debug_info    0x0000b3d2     0x1c69 ..\obj\stm32f4xx_tim.o

.debug_abbrev   0x00000000     0x214a
 .debug_abbrev  0x00000000      0x17e ..\obj\tm_stm32f4_spi_dma.o
 .debug_abbrev  0x0000017e      0x1ab ..\obj\diskio.o
 .debug_abbrev  0x00000329       0xb0 ..\obj\startup_stm32f4xx.o
 .debug_abbrev  0x000003d9      0x25d ..\obj\main.o
 .debug_abbrev  0x00000636      0x1e5 ..\obj\stm32f4xx_rcc.o
 .debug_abbrev  0x0000081b      0x206 ..\obj\tm_stm32f4_dma.o
 .debug_abbrev  0x00000a21      0x28c ..\obj\fatfs_sd.o
 .debug_abbrev  0x00000cad      0x260 ..\obj\tm_stm32f4_delay.o
 .debug_abbrev  0x00000f0d      0x1e6 ..\obj\tm_stm32f4_spi.o
 .debug_abbrev  0x000010f3      0x1a7 ..\obj\stm32f4xx_gpio.o
 .debug_abbrev  0x0000129a      0x138 ..\obj\system_stm32f4xx.o
 .debug_abbrev  0x000013d2       0xe5 ..\obj\syscalls.o
 .debug_abbrev  0x000014b7      0x157 ..\obj\stm32f4xx_dma.o
 .debug_abbrev  0x0000160e      0x209 ..\obj\ff.o
 .debug_abbrev  0x00001817      0x169 ..\obj\stm32f4xx_spi.o
 .debug_abbrev  0x00001980      0x1b7 ..\obj\tm_stm32f4_ili9341.o
 .debug_abbrev  0x00001b37      0x147 ..\obj\misc.o
 .debug_abbrev  0x00001c7e      0x151 ..\obj\tm_stm32f4_gpio.o
 .debug_abbrev  0x00001dcf      0x10b ..\obj\tm_stm32f4_timer_properties.o
 .debug_abbrev  0x00001eda       0xe7 ..\obj\tm_stm32f4_fonts.o
 .debug_abbrev  0x00001fc1      0x189 ..\obj\stm32f4xx_tim.o

.debug_aranges  0x00000000      0xff8
 .debug_aranges
                0x00000000       0x78 ..\obj\tm_stm32f4_spi_dma.o
 .debug_aranges
                0x00000078      0x118 ..\obj\diskio.o
 .debug_aranges
                0x00000190       0x28 ..\obj\startup_stm32f4xx.o
 .debug_aranges
                0x000001b8       0x80 ..\obj\main.o
 .debug_aranges
                0x00000238      0x178 ..\obj\stm32f4xx_rcc.o
 .debug_aranges
                0x000003b0       0xf8 ..\obj\tm_stm32f4_dma.o
 .debug_aranges
                0x000004a8       0xb0 ..\obj\fatfs_sd.o
 .debug_aranges
                0x00000558       0x78 ..\obj\tm_stm32f4_delay.o
 .debug_aranges
                0x000005d0       0x98 ..\obj\tm_stm32f4_spi.o
 .debug_aranges
                0x00000668       0x88 ..\obj\stm32f4xx_gpio.o
 .debug_aranges
                0x000006f0       0x30 ..\obj\system_stm32f4xx.o
 .debug_aranges
                0x00000720       0x60 ..\obj\syscalls.o
 .debug_aranges
                0x00000780       0xb0 ..\obj\stm32f4xx_dma.o
 .debug_aranges
                0x00000830      0x200 ..\obj\ff.o
 .debug_aranges
                0x00000a30       0xe0 ..\obj\stm32f4xx_spi.o
 .debug_aranges
                0x00000b10       0xc0 ..\obj\tm_stm32f4_ili9341.o
 .debug_aranges
                0x00000bd0       0x40 ..\obj\misc.o
 .debug_aranges
                0x00000c10       0x98 ..\obj\tm_stm32f4_gpio.o
 .debug_aranges
                0x00000ca8       0x38 ..\obj\tm_stm32f4_timer_properties.o
 .debug_aranges
                0x00000ce0       0x20 ..\obj\tm_stm32f4_fonts.o
 .debug_aranges
                0x00000d00      0x2f8 ..\obj\stm32f4xx_tim.o

.debug_ranges   0x00000000      0xea8
 .debug_ranges  0x00000000       0x68 ..\obj\tm_stm32f4_spi_dma.o
 .debug_ranges  0x00000068      0x108 ..\obj\diskio.o
 .debug_ranges  0x00000170       0x18 ..\obj\startup_stm32f4xx.o
 .debug_ranges  0x00000188       0x70 ..\obj\main.o
 .debug_ranges  0x000001f8      0x168 ..\obj\stm32f4xx_rcc.o
 .debug_ranges  0x00000360       0xe8 ..\obj\tm_stm32f4_dma.o
 .debug_ranges  0x00000448       0xa0 ..\obj\fatfs_sd.o
 .debug_ranges  0x000004e8       0x68 ..\obj\tm_stm32f4_delay.o
 .debug_ranges  0x00000550       0x88 ..\obj\tm_stm32f4_spi.o
 .debug_ranges  0x000005d8       0x78 ..\obj\stm32f4xx_gpio.o
 .debug_ranges  0x00000650       0x20 ..\obj\system_stm32f4xx.o
 .debug_ranges  0x00000670       0x50 ..\obj\syscalls.o
 .debug_ranges  0x000006c0       0xa0 ..\obj\stm32f4xx_dma.o
 .debug_ranges  0x00000760      0x1f0 ..\obj\ff.o
 .debug_ranges  0x00000950       0xd0 ..\obj\stm32f4xx_spi.o
 .debug_ranges  0x00000a20       0xb0 ..\obj\tm_stm32f4_ili9341.o
 .debug_ranges  0x00000ad0       0x30 ..\obj\misc.o
 .debug_ranges  0x00000b00       0x88 ..\obj\tm_stm32f4_gpio.o
 .debug_ranges  0x00000b88       0x28 ..\obj\tm_stm32f4_timer_properties.o
 .debug_ranges  0x00000bb0       0x10 ..\obj\tm_stm32f4_fonts.o
 .debug_ranges  0x00000bc0      0x2e8 ..\obj\stm32f4xx_tim.o

.debug_line     0x00000000     0x681d
 .debug_line    0x00000000      0x393 ..\obj\tm_stm32f4_spi_dma.o
 .debug_line    0x00000393      0x439 ..\obj\diskio.o
 .debug_line    0x000007cc       0xae ..\obj\startup_stm32f4xx.o
 .debug_line    0x0000087a      0x447 ..\obj\main.o
 .debug_line    0x00000cc1      0x5f9 ..\obj\stm32f4xx_rcc.o
 .debug_line    0x000012ba      0x4a8 ..\obj\tm_stm32f4_dma.o
 .debug_line    0x00001762      0x601 ..\obj\fatfs_sd.o
 .debug_line    0x00001d63      0x3f3 ..\obj\tm_stm32f4_delay.o
 .debug_line    0x00002156      0x523 ..\obj\tm_stm32f4_spi.o
 .debug_line    0x00002679      0x3b4 ..\obj\stm32f4xx_gpio.o
 .debug_line    0x00002a2d      0x21c ..\obj\system_stm32f4xx.o
 .debug_line    0x00002c49      0x193 ..\obj\syscalls.o
 .debug_line    0x00002ddc      0x47e ..\obj\stm32f4xx_dma.o
 .debug_line    0x0000325a     0x144c ..\obj\ff.o
 .debug_line    0x000046a6      0x4ad ..\obj\stm32f4xx_spi.o
 .debug_line    0x00004b53      0x5f2 ..\obj\tm_stm32f4_ili9341.o
 .debug_line    0x00005145      0x292 ..\obj\misc.o
 .debug_line    0x000053d7      0x406 ..\obj\tm_stm32f4_gpio.o
 .debug_line    0x000057dd      0x32d ..\obj\tm_stm32f4_timer_properties.o
 .debug_line    0x00005b0a      0x1fe ..\obj\tm_stm32f4_fonts.o
 .debug_line    0x00005d08      0xb15 ..\obj\stm32f4xx_tim.o

.debug_str      0x00000000     0x47ca
 .debug_str     0x00000000      0x589 ..\obj\tm_stm32f4_spi_dma.o
                                0x600 (size before relaxing)
 .debug_str     0x00000589      0x436 ..\obj\diskio.o
                                0x5e3 (size before relaxing)
 .debug_str     0x000009bf       0xbd ..\obj\startup_stm32f4xx.o
                                0x154 (size before relaxing)
 .debug_str     0x00000a7c      0xabf ..\obj\main.o
                                0xd88 (size before relaxing)
 .debug_str     0x0000153b      0x5a5 ..\obj\stm32f4xx_rcc.o
                                0x85d (size before relaxing)
 .debug_str     0x00001ae0      0x3b4 ..\obj\tm_stm32f4_dma.o
                                0xb01 (size before relaxing)
 .debug_str     0x00001e94      0x2a9 ..\obj\fatfs_sd.o
                                0x620 (size before relaxing)
 .debug_str     0x0000213d      0x266 ..\obj\tm_stm32f4_delay.o
                                0xb4a (size before relaxing)
 .debug_str     0x000023a3      0x319 ..\obj\tm_stm32f4_spi.o
                                0x767 (size before relaxing)
 .debug_str     0x000026bc      0x19a ..\obj\stm32f4xx_gpio.o
                                0x4b0 (size before relaxing)
 .debug_str     0x00002856      0x11a ..\obj\system_stm32f4xx.o
                                0x3b7 (size before relaxing)
 .debug_str     0x00002970      0x155 ..\obj\syscalls.o
                                0x2f5 (size before relaxing)
 .debug_str     0x00002ac5      0x239 ..\obj\stm32f4xx_dma.o
                                0x54f (size before relaxing)
 .debug_str     0x00002cfe      0x3d0 ..\obj\ff.o
                                0x76b (size before relaxing)
 .debug_str     0x000030ce      0x2ed ..\obj\stm32f4xx_spi.o
                                0x697 (size before relaxing)
 .debug_str     0x000033bb      0x3a1 ..\obj\tm_stm32f4_ili9341.o
                                0x76f (size before relaxing)
 .debug_str     0x0000375c      0x110 ..\obj\misc.o
                                0x3db (size before relaxing)
 .debug_str     0x0000386c      0x1f8 ..\obj\tm_stm32f4_gpio.o
                                0x5bf (size before relaxing)
 .debug_str     0x00003a64      0x207 ..\obj\tm_stm32f4_timer_properties.o
                                0x4f6 (size before relaxing)
 .debug_str     0x00003c6b       0xd1 ..\obj\tm_stm32f4_fonts.o
                                0x273 (size before relaxing)
 .debug_str     0x00003d3c      0xa8e ..\obj\stm32f4xx_tim.o
                                0xddd (size before relaxing)

.comment        0x00000000       0x6e
 .comment       0x00000000       0x6e ..\obj\tm_stm32f4_spi_dma.o
                                 0x6f (size before relaxing)
 .comment       0x0000006e       0x6f ..\obj\diskio.o
 .comment       0x0000006e       0x6f ..\obj\startup_stm32f4xx.o
 .comment       0x0000006e       0x6f ..\obj\main.o
 .comment       0x0000006e       0x6f ..\obj\stm32f4xx_rcc.o
 .comment       0x0000006e       0x6f ..\obj\tm_stm32f4_dma.o
 .comment       0x0000006e       0x6f ..\obj\fatfs_sd.o
 .comment       0x0000006e       0x6f ..\obj\tm_stm32f4_delay.o
 .comment       0x0000006e       0x6f ..\obj\tm_stm32f4_spi.o
 .comment       0x0000006e       0x6f ..\obj\stm32f4xx_gpio.o
 .comment       0x0000006e       0x6f ..\obj\system_stm32f4xx.o
 .comment       0x0000006e       0x6f ..\obj\syscalls.o
 .comment       0x0000006e       0x6f ..\obj\stm32f4xx_dma.o
 .comment       0x0000006e       0x6f ..\obj\ff.o
 .comment       0x0000006e       0x6f ..\obj\stm32f4xx_spi.o
 .comment       0x0000006e       0x6f ..\obj\tm_stm32f4_ili9341.o
 .comment       0x0000006e       0x6f ..\obj\misc.o
 .comment       0x0000006e       0x6f ..\obj\tm_stm32f4_gpio.o
 .comment       0x0000006e       0x6f ..\obj\tm_stm32f4_timer_properties.o
 .comment       0x0000006e       0x6f ..\obj\tm_stm32f4_fonts.o
 .comment       0x0000006e       0x6f ..\obj\stm32f4xx_tim.o

.ARM.attributes
                0x00000000       0x31
 .ARM.attributes
                0x00000000       0x33 ..\obj\tm_stm32f4_spi_dma.o
 .ARM.attributes
                0x00000033       0x33 ..\obj\diskio.o
 .ARM.attributes
                0x00000066       0x33 ..\obj\startup_stm32f4xx.o
 .ARM.attributes
                0x00000099       0x33 ..\obj\main.o
 .ARM.attributes
                0x000000cc       0x33 ..\obj\stm32f4xx_rcc.o
 .ARM.attributes
                0x000000ff       0x33 ..\obj\tm_stm32f4_dma.o
 .ARM.attributes
                0x00000132       0x33 ..\obj\fatfs_sd.o
 .ARM.attributes
                0x00000165       0x33 ..\obj\tm_stm32f4_delay.o
 .ARM.attributes
                0x00000198       0x33 ..\obj\tm_stm32f4_spi.o
 .ARM.attributes
                0x000001cb       0x33 ..\obj\stm32f4xx_gpio.o
 .ARM.attributes
                0x000001fe       0x33 ..\obj\system_stm32f4xx.o
 .ARM.attributes
                0x00000231       0x33 ..\obj\syscalls.o
 .ARM.attributes
                0x00000264       0x33 ..\obj\stm32f4xx_dma.o
 .ARM.attributes
                0x00000297       0x33 ..\obj\ff.o
 .ARM.attributes
                0x000002ca       0x33 ..\obj\stm32f4xx_spi.o
 .ARM.attributes
                0x000002fd       0x33 ..\obj\tm_stm32f4_ili9341.o
 .ARM.attributes
                0x00000330       0x33 ..\obj\misc.o
 .ARM.attributes
                0x00000363       0x33 ..\obj\tm_stm32f4_gpio.o
 .ARM.attributes
                0x00000396       0x33 ..\obj\tm_stm32f4_timer_properties.o
 .ARM.attributes
                0x000003c9       0x33 ..\obj\tm_stm32f4_fonts.o
 .ARM.attributes
                0x000003fc       0x33 ..\obj\stm32f4xx_tim.o
 .ARM.attributes
                0x0000042f       0x1e c:/program files (x86)/gnu tools arm embedded/5.2 2015q4/bin/../lib/gcc/arm-none-eabi/5.2.1/armv7e-m\libgcc.a(_arm_addsubdf3.o)
 .ARM.attributes
                0x0000044d       0x1e c:/program files (x86)/gnu tools arm embedded/5.2 2015q4/bin/../lib/gcc/arm-none-eabi/5.2.1/armv7e-m\libgcc.a(_arm_muldivdf3.o)
 .ARM.attributes
                0x0000046b       0x1e c:/program files (x86)/gnu tools arm embedded/5.2 2015q4/bin/../lib/gcc/arm-none-eabi/5.2.1/armv7e-m\libgcc.a(_arm_cmpdf2.o)
 .ARM.attributes
                0x00000489       0x1e c:/program files (x86)/gnu tools arm embedded/5.2 2015q4/bin/../lib/gcc/arm-none-eabi/5.2.1/armv7e-m\libgcc.a(_arm_fixunsdfsi.o)
 .ARM.attributes
                0x000004a7       0x2e c:/program files (x86)/gnu tools arm embedded/5.2 2015q4/bin/../lib/gcc/arm-none-eabi/5.2.1/../../../../arm-none-eabi/lib/armv7e-m\libg.a(lib_a-itoa.o)
 .ARM.attributes
                0x000004d5       0x2e c:/program files (x86)/gnu tools arm embedded/5.2 2015q4/bin/../lib/gcc/arm-none-eabi/5.2.1/../../../../arm-none-eabi/lib/armv7e-m\libg.a(lib_a-mallocr.o)
 .ARM.attributes
                0x00000503       0x2e c:/program files (x86)/gnu tools arm embedded/5.2 2015q4/bin/../lib/gcc/arm-none-eabi/5.2.1/../../../../arm-none-eabi/lib/armv7e-m\libg.a(lib_a-mlock.o)
 .ARM.attributes
                0x00000531       0x2e c:/program files (x86)/gnu tools arm embedded/5.2 2015q4/bin/../lib/gcc/arm-none-eabi/5.2.1/../../../../arm-none-eabi/lib/armv7e-m\libg.a(lib_a-printf.o)
 .ARM.attributes
                0x0000055f       0x2e c:/program files (x86)/gnu tools arm embedded/5.2 2015q4/bin/../lib/gcc/arm-none-eabi/5.2.1/../../../../arm-none-eabi/lib/armv7e-m\libg.a(lib_a-sbrkr.o)
 .ARM.attributes
                0x0000058d       0x1c c:/program files (x86)/gnu tools arm embedded/5.2 2015q4/bin/../lib/gcc/arm-none-eabi/5.2.1/../../../../arm-none-eabi/lib/armv7e-m\libg.a(lib_a-strlen.o)
 .ARM.attributes
                0x000005a9       0x2e c:/program files (x86)/gnu tools arm embedded/5.2 2015q4/bin/../lib/gcc/arm-none-eabi/5.2.1/../../../../arm-none-eabi/lib/armv7e-m\libg.a(lib_a-utoa.o)
 .ARM.attributes
                0x000005d7       0x2e c:/program files (x86)/gnu tools arm embedded/5.2 2015q4/bin/../lib/gcc/arm-none-eabi/5.2.1/../../../../arm-none-eabi/lib/armv7e-m\libg.a(lib_a-vfprintf.o)
 .ARM.attributes
                0x00000605       0x2e c:/program files (x86)/gnu tools arm embedded/5.2 2015q4/bin/../lib/gcc/arm-none-eabi/5.2.1/../../../../arm-none-eabi/lib/armv7e-m\libg.a(lib_a-wsetup.o)
 .ARM.attributes
                0x00000633       0x2e c:/program files (x86)/gnu tools arm embedded/5.2 2015q4/bin/../lib/gcc/arm-none-eabi/5.2.1/../../../../arm-none-eabi/lib/armv7e-m\libg.a(lib_a-dtoa.o)
 .ARM.attributes
                0x00000661       0x2e c:/program files (x86)/gnu tools arm embedded/5.2 2015q4/bin/../lib/gcc/arm-none-eabi/5.2.1/../../../../arm-none-eabi/lib/armv7e-m\libg.a(lib_a-fflush.o)
 .ARM.attributes
                0x0000068f       0x2e c:/program files (x86)/gnu tools arm embedded/5.2 2015q4/bin/../lib/gcc/arm-none-eabi/5.2.1/../../../../arm-none-eabi/lib/armv7e-m\libg.a(lib_a-findfp.o)
 .ARM.attributes
                0x000006bd       0x2e c:/program files (x86)/gnu tools arm embedded/5.2 2015q4/bin/../lib/gcc/arm-none-eabi/5.2.1/../../../../arm-none-eabi/lib/armv7e-m\libg.a(lib_a-freer.o)
 .ARM.attributes
                0x000006eb       0x2e c:/program files (x86)/gnu tools arm embedded/5.2 2015q4/bin/../lib/gcc/arm-none-eabi/5.2.1/../../../../arm-none-eabi/lib/armv7e-m\libg.a(lib_a-fwalk.o)
 .ARM.attributes
                0x00000719       0x2e c:/program files (x86)/gnu tools arm embedded/5.2 2015q4/bin/../lib/gcc/arm-none-eabi/5.2.1/../../../../arm-none-eabi/lib/armv7e-m\libg.a(lib_a-impure.o)
 .ARM.attributes
                0x00000747       0x2e c:/program files (x86)/gnu tools arm embedded/5.2 2015q4/bin/../lib/gcc/arm-none-eabi/5.2.1/../../../../arm-none-eabi/lib/armv7e-m\libg.a(lib_a-locale.o)
 .ARM.attributes
                0x00000775       0x2e c:/program files (x86)/gnu tools arm embedded/5.2 2015q4/bin/../lib/gcc/arm-none-eabi/5.2.1/../../../../arm-none-eabi/lib/armv7e-m\libg.a(lib_a-makebuf.o)
 .ARM.attributes
                0x000007a3       0x1c c:/program files (x86)/gnu tools arm embedded/5.2 2015q4/bin/../lib/gcc/arm-none-eabi/5.2.1/../../../../arm-none-eabi/lib/armv7e-m\libg.a(lib_a-memchr.o)
 .ARM.attributes
                0x000007bf       0x1c c:/program files (x86)/gnu tools arm embedded/5.2 2015q4/bin/../lib/gcc/arm-none-eabi/5.2.1/../../../../arm-none-eabi/lib/armv7e-m\libg.a(lib_a-memcpy.o)
 .ARM.attributes
                0x000007db       0x2e c:/program files (x86)/gnu tools arm embedded/5.2 2015q4/bin/../lib/gcc/arm-none-eabi/5.2.1/../../../../arm-none-eabi/lib/armv7e-m\libg.a(lib_a-memset.o)
 .ARM.attributes
                0x00000809       0x2e c:/program files (x86)/gnu tools arm embedded/5.2 2015q4/bin/../lib/gcc/arm-none-eabi/5.2.1/../../../../arm-none-eabi/lib/armv7e-m\libg.a(lib_a-mprec.o)
 .ARM.attributes
                0x00000837       0x2e c:/program files (x86)/gnu tools arm embedded/5.2 2015q4/bin/../lib/gcc/arm-none-eabi/5.2.1/../../../../arm-none-eabi/lib/armv7e-m\libg.a(lib_a-reent.o)
 .ARM.attributes
                0x00000865       0x2e c:/program files (x86)/gnu tools arm embedded/5.2 2015q4/bin/../lib/gcc/arm-none-eabi/5.2.1/../../../../arm-none-eabi/lib/armv7e-m\libg.a(lib_a-s_fpclassify.o)
 .ARM.attributes
                0x00000893       0x2e c:/program files (x86)/gnu tools arm embedded/5.2 2015q4/bin/../lib/gcc/arm-none-eabi/5.2.1/../../../../arm-none-eabi/lib/armv7e-m\libg.a(lib_a-stdio.o)
 .ARM.attributes
                0x000008c1       0x2e c:/program files (x86)/gnu tools arm embedded/5.2 2015q4/bin/../lib/gcc/arm-none-eabi/5.2.1/../../../../arm-none-eabi/lib/armv7e-m\libg.a(lib_a-vfiprintf.o)
 .ARM.attributes
                0x000008ef       0x2e c:/program files (x86)/gnu tools arm embedded/5.2 2015q4/bin/../lib/gcc/arm-none-eabi/5.2.1/../../../../arm-none-eabi/lib/armv7e-m\libg.a(lib_a-writer.o)
 .ARM.attributes
                0x0000091d       0x2e c:/program files (x86)/gnu tools arm embedded/5.2 2015q4/bin/../lib/gcc/arm-none-eabi/5.2.1/../../../../arm-none-eabi/lib/armv7e-m\libg.a(lib_a-callocr.o)
 .ARM.attributes
                0x0000094b       0x2e c:/program files (x86)/gnu tools arm embedded/5.2 2015q4/bin/../lib/gcc/arm-none-eabi/5.2.1/../../../../arm-none-eabi/lib/armv7e-m\libg.a(lib_a-closer.o)
 .ARM.attributes
                0x00000979       0x2e c:/program files (x86)/gnu tools arm embedded/5.2 2015q4/bin/../lib/gcc/arm-none-eabi/5.2.1/../../../../arm-none-eabi/lib/armv7e-m\libg.a(lib_a-fclose.o)
 .ARM.attributes
                0x000009a7       0x2e c:/program files (x86)/gnu tools arm embedded/5.2 2015q4/bin/../lib/gcc/arm-none-eabi/5.2.1/../../../../arm-none-eabi/lib/armv7e-m\libg.a(lib_a-fputwc.o)
 .ARM.attributes
                0x000009d5       0x2e c:/program files (x86)/gnu tools arm embedded/5.2 2015q4/bin/../lib/gcc/arm-none-eabi/5.2.1/../../../../arm-none-eabi/lib/armv7e-m\libg.a(lib_a-fstatr.o)
 .ARM.attributes
                0x00000a03       0x2e c:/program files (x86)/gnu tools arm embedded/5.2 2015q4/bin/../lib/gcc/arm-none-eabi/5.2.1/../../../../arm-none-eabi/lib/armv7e-m\libg.a(lib_a-fvwrite.o)
 .ARM.attributes
                0x00000a31       0x2e c:/program files (x86)/gnu tools arm embedded/5.2 2015q4/bin/../lib/gcc/arm-none-eabi/5.2.1/../../../../arm-none-eabi/lib/armv7e-m\libg.a(lib_a-isattyr.o)
 .ARM.attributes
                0x00000a5f       0x2e c:/program files (x86)/gnu tools arm embedded/5.2 2015q4/bin/../lib/gcc/arm-none-eabi/5.2.1/../../../../arm-none-eabi/lib/armv7e-m\libg.a(lib_a-lseekr.o)
 .ARM.attributes
                0x00000a8d       0x2e c:/program files (x86)/gnu tools arm embedded/5.2 2015q4/bin/../lib/gcc/arm-none-eabi/5.2.1/../../../../arm-none-eabi/lib/armv7e-m\libg.a(lib_a-memmove.o)
 .ARM.attributes
                0x00000abb       0x2e c:/program files (x86)/gnu tools arm embedded/5.2 2015q4/bin/../lib/gcc/arm-none-eabi/5.2.1/../../../../arm-none-eabi/lib/armv7e-m\libg.a(lib_a-readr.o)
 .ARM.attributes
                0x00000ae9       0x2e c:/program files (x86)/gnu tools arm embedded/5.2 2015q4/bin/../lib/gcc/arm-none-eabi/5.2.1/../../../../arm-none-eabi/lib/armv7e-m\libg.a(lib_a-reallocr.o)
 .ARM.attributes
                0x00000b17       0x2e c:/program files (x86)/gnu tools arm embedded/5.2 2015q4/bin/../lib/gcc/arm-none-eabi/5.2.1/../../../../arm-none-eabi/lib/armv7e-m\libg.a(lib_a-wbuf.o)
 .ARM.attributes
                0x00000b45       0x2e c:/program files (x86)/gnu tools arm embedded/5.2 2015q4/bin/../lib/gcc/arm-none-eabi/5.2.1/../../../../arm-none-eabi/lib/armv7e-m\libg.a(lib_a-wcrtomb.o)
 .ARM.attributes
                0x00000b73       0x2e c:/program files (x86)/gnu tools arm embedded/5.2 2015q4/bin/../lib/gcc/arm-none-eabi/5.2.1/../../../../arm-none-eabi/lib/armv7e-m\libg.a(lib_a-wctomb_r.o)
 .ARM.attributes
                0x00000ba1       0x1e c:/program files (x86)/gnu tools arm embedded/5.2 2015q4/bin/../lib/gcc/arm-none-eabi/5.2.1/armv7e-m\libgcc.a(_arm_fixdfsi.o)
 .ARM.attributes
                0x00000bbf       0x1e c:/program files (x86)/gnu tools arm embedded/5.2 2015q4/bin/../lib/gcc/arm-none-eabi/5.2.1/armv7e-m\libgcc.a(_aeabi_uldivmod.o)
 .ARM.attributes
                0x00000bdd       0x2e c:/program files (x86)/gnu tools arm embedded/5.2 2015q4/bin/../lib/gcc/arm-none-eabi/5.2.1/armv7e-m\libgcc.a(_udivmoddi4.o)
 .ARM.attributes
                0x00000c0b       0x1e c:/program files (x86)/gnu tools arm embedded/5.2 2015q4/bin/../lib/gcc/arm-none-eabi/5.2.1/armv7e-m\libgcc.a(_dvmd_tls.o)

.debug_frame    0x00000000     0x5280
 .debug_frame   0x00000000      0x1c4 ..\obj\tm_stm32f4_spi_dma.o
 .debug_frame   0x000001c4      0x4a4 ..\obj\diskio.o
 .debug_frame   0x00000668       0x4c ..\obj\startup_stm32f4xx.o
 .debug_frame   0x000006b4      0x1d8 ..\obj\main.o
 .debug_frame   0x0000088c      0x6d4 ..\obj\stm32f4xx_rcc.o
 .debug_frame   0x00000f60      0x3a0 ..\obj\tm_stm32f4_dma.o
 .debug_frame   0x00001300      0x2a4 ..\obj\fatfs_sd.o
 .debug_frame   0x000015a4      0x1c4 ..\obj\tm_stm32f4_delay.o
 .debug_frame   0x00001768      0x270 ..\obj\tm_stm32f4_spi.o
 .debug_frame   0x000019d8      0x23c ..\obj\stm32f4xx_gpio.o
 .debug_frame   0x00001c14       0x7c ..\obj\system_stm32f4xx.o
 .debug_frame   0x00001c90      0x168 ..\obj\syscalls.o
 .debug_frame   0x00001df8      0x308 ..\obj\stm32f4xx_dma.o
 .debug_frame   0x00002100      0x920 ..\obj\ff.o
 .debug_frame   0x00002a20      0x3f4 ..\obj\stm32f4xx_spi.o
 .debug_frame   0x00002e14      0x318 ..\obj\tm_stm32f4_ili9341.o
 .debug_frame   0x0000312c       0xd8 ..\obj\misc.o
 .debug_frame   0x00003204      0x274 ..\obj\tm_stm32f4_gpio.o
 .debug_frame   0x00003478       0xa4 ..\obj\tm_stm32f4_timer_properties.o
 .debug_frame   0x0000351c       0x38 ..\obj\tm_stm32f4_fonts.o
 .debug_frame   0x00003554      0xe54 ..\obj\stm32f4xx_tim.o
 .debug_frame   0x000043a8       0x3c c:/program files (x86)/gnu tools arm embedded/5.2 2015q4/bin/../lib/gcc/arm-none-eabi/5.2.1/../../../../arm-none-eabi/lib/armv7e-m\libg.a(lib_a-itoa.o)
 .debug_frame   0x000043e4       0x58 c:/program files (x86)/gnu tools arm embedded/5.2 2015q4/bin/../lib/gcc/arm-none-eabi/5.2.1/../../../../arm-none-eabi/lib/armv7e-m\libg.a(lib_a-mallocr.o)
 .debug_frame   0x0000443c       0x30 c:/program files (x86)/gnu tools arm embedded/5.2 2015q4/bin/../lib/gcc/arm-none-eabi/5.2.1/../../../../arm-none-eabi/lib/armv7e-m\libg.a(lib_a-mlock.o)
 .debug_frame   0x0000446c       0x74 c:/program files (x86)/gnu tools arm embedded/5.2 2015q4/bin/../lib/gcc/arm-none-eabi/5.2.1/../../../../arm-none-eabi/lib/armv7e-m\libg.a(lib_a-printf.o)
 .debug_frame   0x000044e0       0x2c c:/program files (x86)/gnu tools arm embedded/5.2 2015q4/bin/../lib/gcc/arm-none-eabi/5.2.1/../../../../arm-none-eabi/lib/armv7e-m\libg.a(lib_a-sbrkr.o)
 .debug_frame   0x0000450c       0x4c c:/program files (x86)/gnu tools arm embedded/5.2 2015q4/bin/../lib/gcc/arm-none-eabi/5.2.1/../../../../arm-none-eabi/lib/armv7e-m\libg.a(lib_a-utoa.o)
 .debug_frame   0x00004558       0x88 c:/program files (x86)/gnu tools arm embedded/5.2 2015q4/bin/../lib/gcc/arm-none-eabi/5.2.1/../../../../arm-none-eabi/lib/armv7e-m\libg.a(lib_a-vfprintf.o)
 .debug_frame   0x000045e0       0x2c c:/program files (x86)/gnu tools arm embedded/5.2 2015q4/bin/../lib/gcc/arm-none-eabi/5.2.1/../../../../arm-none-eabi/lib/armv7e-m\libg.a(lib_a-wsetup.o)
 .debug_frame   0x0000460c       0x88 c:/program files (x86)/gnu tools arm embedded/5.2 2015q4/bin/../lib/gcc/arm-none-eabi/5.2.1/../../../../arm-none-eabi/lib/armv7e-m\libg.a(lib_a-dtoa.o)
 .debug_frame   0x00004694       0x6c c:/program files (x86)/gnu tools arm embedded/5.2 2015q4/bin/../lib/gcc/arm-none-eabi/5.2.1/../../../../arm-none-eabi/lib/armv7e-m\libg.a(lib_a-fflush.o)
 .debug_frame   0x00004700      0x124 c:/program files (x86)/gnu tools arm embedded/5.2 2015q4/bin/../lib/gcc/arm-none-eabi/5.2.1/../../../../arm-none-eabi/lib/armv7e-m\libg.a(lib_a-findfp.o)
 .debug_frame   0x00004824       0x74 c:/program files (x86)/gnu tools arm embedded/5.2 2015q4/bin/../lib/gcc/arm-none-eabi/5.2.1/../../../../arm-none-eabi/lib/armv7e-m\libg.a(lib_a-freer.o)
 .debug_frame   0x00004898       0x54 c:/program files (x86)/gnu tools arm embedded/5.2 2015q4/bin/../lib/gcc/arm-none-eabi/5.2.1/../../../../arm-none-eabi/lib/armv7e-m\libg.a(lib_a-fwalk.o)
 .debug_frame   0x000048ec       0x9c c:/program files (x86)/gnu tools arm embedded/5.2 2015q4/bin/../lib/gcc/arm-none-eabi/5.2.1/../../../../arm-none-eabi/lib/armv7e-m\libg.a(lib_a-locale.o)
 .debug_frame   0x00004988       0x48 c:/program files (x86)/gnu tools arm embedded/5.2 2015q4/bin/../lib/gcc/arm-none-eabi/5.2.1/../../../../arm-none-eabi/lib/armv7e-m\libg.a(lib_a-makebuf.o)
 .debug_frame   0x000049d0       0x34 c:/program files (x86)/gnu tools arm embedded/5.2 2015q4/bin/../lib/gcc/arm-none-eabi/5.2.1/../../../../arm-none-eabi/lib/armv7e-m\libg.a(lib_a-memset.o)
 .debug_frame   0x00004a04      0x264 c:/program files (x86)/gnu tools arm embedded/5.2 2015q4/bin/../lib/gcc/arm-none-eabi/5.2.1/../../../../arm-none-eabi/lib/armv7e-m\libg.a(lib_a-mprec.o)
 .debug_frame   0x00004c68       0x58 c:/program files (x86)/gnu tools arm embedded/5.2 2015q4/bin/../lib/gcc/arm-none-eabi/5.2.1/../../../../arm-none-eabi/lib/armv7e-m\libg.a(lib_a-reent.o)
 .debug_frame   0x00004cc0       0x34 c:/program files (x86)/gnu tools arm embedded/5.2 2015q4/bin/../lib/gcc/arm-none-eabi/5.2.1/../../../../arm-none-eabi/lib/armv7e-m\libg.a(lib_a-s_fpclassify.o)
 .debug_frame   0x00004cf4       0x88 c:/program files (x86)/gnu tools arm embedded/5.2 2015q4/bin/../lib/gcc/arm-none-eabi/5.2.1/../../../../arm-none-eabi/lib/armv7e-m\libg.a(lib_a-stdio.o)
 .debug_frame   0x00004d7c       0xc8 c:/program files (x86)/gnu tools arm embedded/5.2 2015q4/bin/../lib/gcc/arm-none-eabi/5.2.1/../../../../arm-none-eabi/lib/armv7e-m\libg.a(lib_a-vfiprintf.o)
 .debug_frame   0x00004e44       0x2c c:/program files (x86)/gnu tools arm embedded/5.2 2015q4/bin/../lib/gcc/arm-none-eabi/5.2.1/../../../../arm-none-eabi/lib/armv7e-m\libg.a(lib_a-writer.o)
 .debug_frame   0x00004e70       0x28 c:/program files (x86)/gnu tools arm embedded/5.2 2015q4/bin/../lib/gcc/arm-none-eabi/5.2.1/../../../../arm-none-eabi/lib/armv7e-m\libg.a(lib_a-callocr.o)
 .debug_frame   0x00004e98       0x2c c:/program files (x86)/gnu tools arm embedded/5.2 2015q4/bin/../lib/gcc/arm-none-eabi/5.2.1/../../../../arm-none-eabi/lib/armv7e-m\libg.a(lib_a-closer.o)
 .debug_frame   0x00004ec4       0x44 c:/program files (x86)/gnu tools arm embedded/5.2 2015q4/bin/../lib/gcc/arm-none-eabi/5.2.1/../../../../arm-none-eabi/lib/armv7e-m\libg.a(lib_a-fclose.o)
 .debug_frame   0x00004f08       0x88 c:/program files (x86)/gnu tools arm embedded/5.2 2015q4/bin/../lib/gcc/arm-none-eabi/5.2.1/../../../../arm-none-eabi/lib/armv7e-m\libg.a(lib_a-fputwc.o)
 .debug_frame   0x00004f90       0x2c c:/program files (x86)/gnu tools arm embedded/5.2 2015q4/bin/../lib/gcc/arm-none-eabi/5.2.1/../../../../arm-none-eabi/lib/armv7e-m\libg.a(lib_a-fstatr.o)
 .debug_frame   0x00004fbc       0x68 c:/program files (x86)/gnu tools arm embedded/5.2 2015q4/bin/../lib/gcc/arm-none-eabi/5.2.1/../../../../arm-none-eabi/lib/armv7e-m\libg.a(lib_a-fvwrite.o)
 .debug_frame   0x00005024       0x2c c:/program files (x86)/gnu tools arm embedded/5.2 2015q4/bin/../lib/gcc/arm-none-eabi/5.2.1/../../../../arm-none-eabi/lib/armv7e-m\libg.a(lib_a-isattyr.o)
 .debug_frame   0x00005050       0x2c c:/program files (x86)/gnu tools arm embedded/5.2 2015q4/bin/../lib/gcc/arm-none-eabi/5.2.1/../../../../arm-none-eabi/lib/armv7e-m\libg.a(lib_a-lseekr.o)
 .debug_frame   0x0000507c       0x30 c:/program files (x86)/gnu tools arm embedded/5.2 2015q4/bin/../lib/gcc/arm-none-eabi/5.2.1/../../../../arm-none-eabi/lib/armv7e-m\libg.a(lib_a-memmove.o)
 .debug_frame   0x000050ac       0x2c c:/program files (x86)/gnu tools arm embedded/5.2 2015q4/bin/../lib/gcc/arm-none-eabi/5.2.1/../../../../arm-none-eabi/lib/armv7e-m\libg.a(lib_a-readr.o)
 .debug_frame   0x000050d8       0x60 c:/program files (x86)/gnu tools arm embedded/5.2 2015q4/bin/../lib/gcc/arm-none-eabi/5.2.1/../../../../arm-none-eabi/lib/armv7e-m\libg.a(lib_a-reallocr.o)
 .debug_frame   0x00005138       0x40 c:/program files (x86)/gnu tools arm embedded/5.2 2015q4/bin/../lib/gcc/arm-none-eabi/5.2.1/../../../../arm-none-eabi/lib/armv7e-m\libg.a(lib_a-wbuf.o)
 .debug_frame   0x00005178       0x60 c:/program files (x86)/gnu tools arm embedded/5.2 2015q4/bin/../lib/gcc/arm-none-eabi/5.2.1/../../../../arm-none-eabi/lib/armv7e-m\libg.a(lib_a-wcrtomb.o)
 .debug_frame   0x000051d8       0x48 c:/program files (x86)/gnu tools arm embedded/5.2 2015q4/bin/../lib/gcc/arm-none-eabi/5.2.1/../../../../arm-none-eabi/lib/armv7e-m\libg.a(lib_a-wctomb_r.o)
 .debug_frame   0x00005220       0x2c c:/program files (x86)/gnu tools arm embedded/5.2 2015q4/bin/../lib/gcc/arm-none-eabi/5.2.1/armv7e-m\libgcc.a(_aeabi_uldivmod.o)
 .debug_frame   0x0000524c       0x34 c:/program files (x86)/gnu tools arm embedded/5.2 2015q4/bin/../lib/gcc/arm-none-eabi/5.2.1/armv7e-m\libgcc.a(_udivmoddi4.o)
