Archive member included to satisfy reference by file (symbol)

c:/program files (x86)/gnu tools arm embedded/5.2 2015q4/bin/../lib/gcc/arm-none-eabi/5.2.1/../../../../arm-none-eabi/lib/armv7e-m\libg.a(lib_a-itoa.o)
                              ..\obj\main.o (itoa)
c:/program files (x86)/gnu tools arm embedded/5.2 2015q4/bin/../lib/gcc/arm-none-eabi/5.2.1/../../../../arm-none-eabi/lib/armv7e-m\libg.a(lib_a-strlen.o)
                              ..\obj\tm_stm32f4_fonts.o (strlen)
c:/program files (x86)/gnu tools arm embedded/5.2 2015q4/bin/../lib/gcc/arm-none-eabi/5.2.1/../../../../arm-none-eabi/lib/armv7e-m\libg.a(lib_a-utoa.o)
                              c:/program files (x86)/gnu tools arm embedded/5.2 2015q4/bin/../lib/gcc/arm-none-eabi/5.2.1/../../../../arm-none-eabi/lib/armv7e-m\libg.a(lib_a-itoa.o) (__utoa)

Allocating common symbols
Common symbol       size              file

odleglosc           0x4               ..\obj\main.o
ILI9341_x           0x2               ..\obj\tm_stm32f4_ili9341.o
ILI9341_Opts        0x6               ..\obj\tm_stm32f4_ili9341.o
ILI9341_y           0x2               ..\obj\tm_stm32f4_ili9341.o

Discarded input sections

 .text          0x00000000        0x0 ..\obj\stm32f4xx_syscfg.o
 .data          0x00000000        0x0 ..\obj\stm32f4xx_syscfg.o
 .bss           0x00000000        0x0 ..\obj\stm32f4xx_syscfg.o
 .text.SYSCFG_DeInit
                0x00000000       0x1c ..\obj\stm32f4xx_syscfg.o
 .text.SYSCFG_MemoryRemapConfig
                0x00000000       0x20 ..\obj\stm32f4xx_syscfg.o
 .text.SYSCFG_EXTILineConfig
                0x00000000       0x84 ..\obj\stm32f4xx_syscfg.o
 .text.SYSCFG_ETH_MediaInterfaceConfig
                0x00000000       0x1c ..\obj\stm32f4xx_syscfg.o
 .text.SYSCFG_CompensationCellCmd
                0x00000000       0x20 ..\obj\stm32f4xx_syscfg.o
 .text.SYSCFG_GetCompensationCellStatus
                0x00000000       0x30 ..\obj\stm32f4xx_syscfg.o
 .debug_info    0x00000000      0x274 ..\obj\stm32f4xx_syscfg.o
 .debug_abbrev  0x00000000      0x133 ..\obj\stm32f4xx_syscfg.o
 .debug_aranges
                0x00000000       0x48 ..\obj\stm32f4xx_syscfg.o
 .debug_ranges  0x00000000       0x38 ..\obj\stm32f4xx_syscfg.o
 .debug_line    0x00000000      0x252 ..\obj\stm32f4xx_syscfg.o
 .debug_str     0x00000000      0x301 ..\obj\stm32f4xx_syscfg.o
 .comment       0x00000000       0x6f ..\obj\stm32f4xx_syscfg.o
 .debug_frame   0x00000000       0xf4 ..\obj\stm32f4xx_syscfg.o
 .ARM.attributes
                0x00000000       0x33 ..\obj\stm32f4xx_syscfg.o
 .text          0x00000000        0x0 ..\obj\tm_stm32f4_spi_dma.o
 .text.TM_SPI_DMA_InitWithStreamAndChannel
                0x00000000       0x3c ..\obj\tm_stm32f4_spi_dma.o
 .text.TM_SPI_DMA_Deinit
                0x00000000       0x2c ..\obj\tm_stm32f4_spi_dma.o
 .text.TM_SPI_DMA_Transmit
                0x00000000      0x134 ..\obj\tm_stm32f4_spi_dma.o
 .text.TM_SPI_DMA_SendByte
                0x00000000       0xa4 ..\obj\tm_stm32f4_spi_dma.o
 .text.TM_SPI_DMA_GetStreamTX
                0x00000000       0x1c ..\obj\tm_stm32f4_spi_dma.o
 .text.TM_SPI_DMA_GetStreamRX
                0x00000000       0x1c ..\obj\tm_stm32f4_spi_dma.o
 .text.TM_SPI_DMA_EnableInterrupts
                0x00000000       0x2c ..\obj\tm_stm32f4_spi_dma.o
 .text.TM_SPI_DMA_DisableInterrupts
                0x00000000       0x2c ..\obj\tm_stm32f4_spi_dma.o
 .text          0x00000000        0x0 ..\obj\stm32f4xx_dac.o
 .data          0x00000000        0x0 ..\obj\stm32f4xx_dac.o
 .bss           0x00000000        0x0 ..\obj\stm32f4xx_dac.o
 .text.DAC_DeInit
                0x00000000       0x1c ..\obj\stm32f4xx_dac.o
 .text.DAC_Init
                0x00000000       0x64 ..\obj\stm32f4xx_dac.o
 .text.DAC_StructInit
                0x00000000       0x2c ..\obj\stm32f4xx_dac.o
 .text.DAC_Cmd  0x00000000       0x48 ..\obj\stm32f4xx_dac.o
 .text.DAC_SoftwareTriggerCmd
                0x00000000       0x4c ..\obj\stm32f4xx_dac.o
 .text.DAC_DualSoftwareTriggerCmd
                0x00000000       0x38 ..\obj\stm32f4xx_dac.o
 .text.DAC_WaveGenerationCmd
                0x00000000       0x4c ..\obj\stm32f4xx_dac.o
 .text.DAC_SetChannel1Data
                0x00000000       0x34 ..\obj\stm32f4xx_dac.o
 .text.DAC_SetChannel2Data
                0x00000000       0x34 ..\obj\stm32f4xx_dac.o
 .text.DAC_SetDualChannelData
                0x00000000       0x58 ..\obj\stm32f4xx_dac.o
 .text.DAC_GetDataOutputValue
                0x00000000       0x30 ..\obj\stm32f4xx_dac.o
 .text.DAC_DMACmd
                0x00000000       0x4c ..\obj\stm32f4xx_dac.o
 .text.DAC_ITConfig
                0x00000000       0x4c ..\obj\stm32f4xx_dac.o
 .text.DAC_GetFlagStatus
                0x00000000       0x3c ..\obj\stm32f4xx_dac.o
 .text.DAC_ClearFlag
                0x00000000       0x24 ..\obj\stm32f4xx_dac.o
 .text.DAC_GetITStatus
                0x00000000       0x54 ..\obj\stm32f4xx_dac.o
 .text.DAC_ClearITPendingBit
                0x00000000       0x24 ..\obj\stm32f4xx_dac.o
 .debug_info    0x00000000      0x642 ..\obj\stm32f4xx_dac.o
 .debug_abbrev  0x00000000      0x17e ..\obj\stm32f4xx_dac.o
 .debug_aranges
                0x00000000       0xa0 ..\obj\stm32f4xx_dac.o
 .debug_ranges  0x00000000       0x90 ..\obj\stm32f4xx_dac.o
 .debug_line    0x00000000      0x3a6 ..\obj\stm32f4xx_dac.o
 .debug_str     0x00000000      0x460 ..\obj\stm32f4xx_dac.o
 .comment       0x00000000       0x6f ..\obj\stm32f4xx_dac.o
 .debug_frame   0x00000000      0x2ac ..\obj\stm32f4xx_dac.o
 .ARM.attributes
                0x00000000       0x33 ..\obj\stm32f4xx_dac.o
 .text          0x00000000        0x0 ..\obj\startup_stm32f4xx.o
 .data          0x00000000        0x0 ..\obj\startup_stm32f4xx.o
 .bss           0x00000000        0x0 ..\obj\startup_stm32f4xx.o
 .text          0x00000000        0x0 ..\obj\main.o
 .data          0x00000000        0x0 ..\obj\main.o
 .text          0x00000000        0x0 ..\obj\stm32f4xx_rcc.o
 .data          0x00000000       0x10 ..\obj\stm32f4xx_rcc.o
 .bss           0x00000000        0x0 ..\obj\stm32f4xx_rcc.o
 .text.RCC_DeInit
                0x00000000       0x50 ..\obj\stm32f4xx_rcc.o
 .text.RCC_HSEConfig
                0x00000000       0x24 ..\obj\stm32f4xx_rcc.o
 .text.RCC_WaitForHSEStartUp
                0x00000000       0x50 ..\obj\stm32f4xx_rcc.o
 .text.RCC_AdjustHSICalibrationValue
                0x00000000       0x3c ..\obj\stm32f4xx_rcc.o
 .text.RCC_HSICmd
                0x00000000       0x20 ..\obj\stm32f4xx_rcc.o
 .text.RCC_LSEConfig
                0x00000000       0x40 ..\obj\stm32f4xx_rcc.o
 .text.RCC_LSICmd
                0x00000000       0x20 ..\obj\stm32f4xx_rcc.o
 .text.RCC_PLLConfig
                0x00000000       0x3c ..\obj\stm32f4xx_rcc.o
 .text.RCC_PLLCmd
                0x00000000       0x20 ..\obj\stm32f4xx_rcc.o
 .text.RCC_PLLI2SConfig
                0x00000000       0x28 ..\obj\stm32f4xx_rcc.o
 .text.RCC_PLLI2SCmd
                0x00000000       0x20 ..\obj\stm32f4xx_rcc.o
 .text.RCC_ClockSecuritySystemCmd
                0x00000000       0x20 ..\obj\stm32f4xx_rcc.o
 .text.RCC_MCO1Config
                0x00000000       0x3c ..\obj\stm32f4xx_rcc.o
 .text.RCC_MCO2Config
                0x00000000       0x3c ..\obj\stm32f4xx_rcc.o
 .text.RCC_SYSCLKConfig
                0x00000000       0x38 ..\obj\stm32f4xx_rcc.o
 .text.RCC_GetSYSCLKSource
                0x00000000       0x1c ..\obj\stm32f4xx_rcc.o
 .text.RCC_HCLKConfig
                0x00000000       0x38 ..\obj\stm32f4xx_rcc.o
 .text.RCC_PCLK1Config
                0x00000000       0x38 ..\obj\stm32f4xx_rcc.o
 .text.RCC_PCLK2Config
                0x00000000       0x38 ..\obj\stm32f4xx_rcc.o
 .text.RCC_GetClocksFreq
                0x00000000      0x154 ..\obj\stm32f4xx_rcc.o
 .text.RCC_RTCCLKConfig
                0x00000000       0x5c ..\obj\stm32f4xx_rcc.o
 .text.RCC_RTCCLKCmd
                0x00000000       0x20 ..\obj\stm32f4xx_rcc.o
 .text.RCC_BackupResetCmd
                0x00000000       0x20 ..\obj\stm32f4xx_rcc.o
 .text.RCC_I2SCLKConfig
                0x00000000       0x1c ..\obj\stm32f4xx_rcc.o
 .text.RCC_AHB2PeriphClockCmd
                0x00000000       0x3c ..\obj\stm32f4xx_rcc.o
 .text.RCC_AHB3PeriphClockCmd
                0x00000000       0x3c ..\obj\stm32f4xx_rcc.o
 .text.RCC_APB2PeriphClockCmd
                0x00000000       0x3c ..\obj\stm32f4xx_rcc.o
 .text.RCC_AHB1PeriphResetCmd
                0x00000000       0x3c ..\obj\stm32f4xx_rcc.o
 .text.RCC_AHB2PeriphResetCmd
                0x00000000       0x3c ..\obj\stm32f4xx_rcc.o
 .text.RCC_AHB3PeriphResetCmd
                0x00000000       0x3c ..\obj\stm32f4xx_rcc.o
 .text.RCC_APB1PeriphResetCmd
                0x00000000       0x3c ..\obj\stm32f4xx_rcc.o
 .text.RCC_APB2PeriphResetCmd
                0x00000000       0x3c ..\obj\stm32f4xx_rcc.o
 .text.RCC_AHB1PeriphClockLPModeCmd
                0x00000000       0x3c ..\obj\stm32f4xx_rcc.o
 .text.RCC_AHB2PeriphClockLPModeCmd
                0x00000000       0x3c ..\obj\stm32f4xx_rcc.o
 .text.RCC_AHB3PeriphClockLPModeCmd
                0x00000000       0x3c ..\obj\stm32f4xx_rcc.o
 .text.RCC_APB1PeriphClockLPModeCmd
                0x00000000       0x3c ..\obj\stm32f4xx_rcc.o
 .text.RCC_APB2PeriphClockLPModeCmd
                0x00000000       0x3c ..\obj\stm32f4xx_rcc.o
 .text.RCC_ITConfig
                0x00000000       0x4c ..\obj\stm32f4xx_rcc.o
 .text.RCC_GetFlagStatus
                0x00000000       0x74 ..\obj\stm32f4xx_rcc.o
 .text.RCC_ClearFlag
                0x00000000       0x1c ..\obj\stm32f4xx_rcc.o
 .text.RCC_GetITStatus
                0x00000000       0x34 ..\obj\stm32f4xx_rcc.o
 .text.RCC_ClearITPendingBit
                0x00000000       0x20 ..\obj\stm32f4xx_rcc.o
 .text          0x00000000        0x0 ..\obj\stm32f4xx_adc.o
 .data          0x00000000        0x0 ..\obj\stm32f4xx_adc.o
 .bss           0x00000000        0x0 ..\obj\stm32f4xx_adc.o
 .text.ADC_DeInit
                0x00000000       0x1c ..\obj\stm32f4xx_adc.o
 .text.ADC_Init
                0x00000000       0xa8 ..\obj\stm32f4xx_adc.o
 .text.ADC_StructInit
                0x00000000       0x3c ..\obj\stm32f4xx_adc.o
 .text.ADC_CommonInit
                0x00000000       0x50 ..\obj\stm32f4xx_adc.o
 .text.ADC_CommonStructInit
                0x00000000       0x2c ..\obj\stm32f4xx_adc.o
 .text.ADC_Cmd  0x00000000       0x38 ..\obj\stm32f4xx_adc.o
 .text.ADC_AnalogWatchdogCmd
                0x00000000       0x38 ..\obj\stm32f4xx_adc.o
 .text.ADC_AnalogWatchdogThresholdsConfig
                0x00000000       0x28 ..\obj\stm32f4xx_adc.o
 .text.ADC_AnalogWatchdogSingleChannelConfig
                0x00000000       0x38 ..\obj\stm32f4xx_adc.o
 .text.ADC_TempSensorVrefintCmd
                0x00000000       0x38 ..\obj\stm32f4xx_adc.o
 .text.ADC_VBATCmd
                0x00000000       0x38 ..\obj\stm32f4xx_adc.o
 .text.ADC_RegularChannelConfig
                0x00000000      0x194 ..\obj\stm32f4xx_adc.o
 .text.ADC_SoftwareStartConv
                0x00000000       0x20 ..\obj\stm32f4xx_adc.o
 .text.ADC_GetSoftwareStartConvStatus
                0x00000000       0x30 ..\obj\stm32f4xx_adc.o
 .text.ADC_EOCOnEachRegularChannelCmd
                0x00000000       0x38 ..\obj\stm32f4xx_adc.o
 .text.ADC_ContinuousModeCmd
                0x00000000       0x38 ..\obj\stm32f4xx_adc.o
 .text.ADC_DiscModeChannelCountConfig
                0x00000000       0x44 ..\obj\stm32f4xx_adc.o
 .text.ADC_DiscModeCmd
                0x00000000       0x38 ..\obj\stm32f4xx_adc.o
 .text.ADC_GetConversionValue
                0x00000000       0x18 ..\obj\stm32f4xx_adc.o
 .text.ADC_GetMultiModeConversionValue
                0x00000000       0x14 ..\obj\stm32f4xx_adc.o
 .text.ADC_DMACmd
                0x00000000       0x38 ..\obj\stm32f4xx_adc.o
 .text.ADC_DMARequestAfterLastTransferCmd
                0x00000000       0x38 ..\obj\stm32f4xx_adc.o
 .text.ADC_MultiModeDMARequestAfterLastTransferCmd
                0x00000000       0x38 ..\obj\stm32f4xx_adc.o
 .text.ADC_InjectedChannelConfig
                0x00000000      0x120 ..\obj\stm32f4xx_adc.o
 .text.ADC_InjectedSequencerLengthConfig
                0x00000000       0x44 ..\obj\stm32f4xx_adc.o
 .text.ADC_SetInjectedOffset
                0x00000000       0x34 ..\obj\stm32f4xx_adc.o
 .text.ADC_ExternalTrigInjectedConvConfig
                0x00000000       0x34 ..\obj\stm32f4xx_adc.o
 .text.ADC_ExternalTrigInjectedConvEdgeConfig
                0x00000000       0x34 ..\obj\stm32f4xx_adc.o
 .text.ADC_SoftwareStartInjectedConv
                0x00000000       0x20 ..\obj\stm32f4xx_adc.o
 .text.ADC_GetSoftwareStartInjectedConvCmdStatus
                0x00000000       0x30 ..\obj\stm32f4xx_adc.o
 .text.ADC_AutoInjectedConvCmd
                0x00000000       0x38 ..\obj\stm32f4xx_adc.o
 .text.ADC_InjectedDiscModeCmd
                0x00000000       0x38 ..\obj\stm32f4xx_adc.o
 .text.ADC_GetInjectedConversionValue
                0x00000000       0x30 ..\obj\stm32f4xx_adc.o
 .text.ADC_ITConfig
                0x00000000       0x50 ..\obj\stm32f4xx_adc.o
 .text.ADC_GetFlagStatus
                0x00000000       0x34 ..\obj\stm32f4xx_adc.o
 .text.ADC_ClearFlag
                0x00000000       0x20 ..\obj\stm32f4xx_adc.o
 .text.ADC_GetITStatus
                0x00000000       0x5c ..\obj\stm32f4xx_adc.o
 .text.ADC_ClearITPendingBit
                0x00000000       0x2c ..\obj\stm32f4xx_adc.o
 .debug_info    0x00000000      0xc40 ..\obj\stm32f4xx_adc.o
 .debug_abbrev  0x00000000      0x198 ..\obj\stm32f4xx_adc.o
 .debug_aranges
                0x00000000      0x148 ..\obj\stm32f4xx_adc.o
 .debug_ranges  0x00000000      0x138 ..\obj\stm32f4xx_adc.o
 .debug_line    0x00000000      0x5b1 ..\obj\stm32f4xx_adc.o
 .debug_str     0x00000000      0x811 ..\obj\stm32f4xx_adc.o
 .comment       0x00000000       0x6f ..\obj\stm32f4xx_adc.o
 .debug_frame   0x00000000      0x5ec ..\obj\stm32f4xx_adc.o
 .ARM.attributes
                0x00000000       0x33 ..\obj\stm32f4xx_adc.o
 .text          0x00000000        0x0 ..\obj\tm_stm32f4_dma.o
 .data          0x00000000        0x0 ..\obj\tm_stm32f4_dma.o
 .bss           0x00000000        0x0 ..\obj\tm_stm32f4_dma.o
 .text.NVIC_DisableIRQ
                0x00000000       0x34 ..\obj\tm_stm32f4_dma.o
 .text.TM_DMA_ClearFlags
                0x00000000       0x18 ..\obj\tm_stm32f4_dma.o
 .text.TM_DMA_EnableInterrupts
                0x00000000       0xa4 ..\obj\tm_stm32f4_dma.o
 .text.TM_DMA_DisableInterrupts
                0x00000000       0x80 ..\obj\tm_stm32f4_dma.o
 .text          0x00000000        0x0 ..\obj\tm_stm32f4_spi.o
 .data          0x00000000        0x0 ..\obj\tm_stm32f4_spi.o
 .bss           0x00000000        0x0 ..\obj\tm_stm32f4_spi.o
 .text.TM_SPI_InitWithMode
                0x00000000       0x80 ..\obj\tm_stm32f4_spi.o
 .text.TM_SPI_InitFull
                0x00000000       0x88 ..\obj\tm_stm32f4_spi.o
 .text.TM_SPI_GetPrescalerFromMaxFrequency
                0x00000000       0x68 ..\obj\tm_stm32f4_spi.o
 .text.TM_SPI_SendMulti
                0x00000000       0x98 ..\obj\tm_stm32f4_spi.o
 .text.TM_SPI_WriteMulti
                0x00000000       0x88 ..\obj\tm_stm32f4_spi.o
 .text.TM_SPI_ReadMulti
                0x00000000       0x94 ..\obj\tm_stm32f4_spi.o
 .text.TM_SPI_SendMulti16
                0x00000000       0x98 ..\obj\tm_stm32f4_spi.o
 .text.TM_SPI_WriteMulti16
                0x00000000       0x88 ..\obj\tm_stm32f4_spi.o
 .text.TM_SPI_ReadMulti16
                0x00000000       0x90 ..\obj\tm_stm32f4_spi.o
 .text          0x00000000        0x0 ..\obj\stm32f4xx_gpio.o
 .data          0x00000000        0x0 ..\obj\stm32f4xx_gpio.o
 .bss           0x00000000        0x0 ..\obj\stm32f4xx_gpio.o
 .text.GPIO_DeInit
                0x00000000      0x120 ..\obj\stm32f4xx_gpio.o
 .text.GPIO_StructInit
                0x00000000       0x34 ..\obj\stm32f4xx_gpio.o
 .text.GPIO_PinLockConfig
                0x00000000       0x44 ..\obj\stm32f4xx_gpio.o
 .text.GPIO_ReadInputData
                0x00000000       0x18 ..\obj\stm32f4xx_gpio.o
 .text.GPIO_ReadOutputDataBit
                0x00000000       0x34 ..\obj\stm32f4xx_gpio.o
 .text.GPIO_ReadOutputData
                0x00000000       0x18 ..\obj\stm32f4xx_gpio.o
 .text.GPIO_Write
                0x00000000       0x1c ..\obj\stm32f4xx_gpio.o
 .text.GPIO_ToggleBits
                0x00000000       0x24 ..\obj\stm32f4xx_gpio.o
 .text.GPIO_PinAFConfig
                0x00000000       0x90 ..\obj\stm32f4xx_gpio.o
 .text          0x00000000        0x0 ..\obj\system_stm32f4xx.o
 .data          0x00000000       0x14 ..\obj\system_stm32f4xx.o
 .bss           0x00000000        0x0 ..\obj\system_stm32f4xx.o
 .text.SystemCoreClockUpdate
                0x00000000       0xf8 ..\obj\system_stm32f4xx.o
 .text          0x00000000        0x0 ..\obj\stm32f4xx_dma.o
 .data          0x00000000        0x0 ..\obj\stm32f4xx_dma.o
 .bss           0x00000000        0x0 ..\obj\stm32f4xx_dma.o
 .text.DMA_DeInit
                0x00000000      0x1a4 ..\obj\stm32f4xx_dma.o
 .text.DMA_StructInit
                0x00000000       0x6c ..\obj\stm32f4xx_dma.o
 .text.DMA_Cmd  0x00000000       0x38 ..\obj\stm32f4xx_dma.o
 .text.DMA_PeriphIncOffsetSizeConfig
                0x00000000       0x34 ..\obj\stm32f4xx_dma.o
 .text.DMA_FlowControllerConfig
                0x00000000       0x34 ..\obj\stm32f4xx_dma.o
 .text.DMA_SetCurrDataCounter
                0x00000000       0x1c ..\obj\stm32f4xx_dma.o
 .text.DMA_GetCurrDataCounter
                0x00000000       0x18 ..\obj\stm32f4xx_dma.o
 .text.DMA_DoubleBufferModeConfig
                0x00000000       0x3c ..\obj\stm32f4xx_dma.o
 .text.DMA_DoubleBufferModeCmd
                0x00000000       0x38 ..\obj\stm32f4xx_dma.o
 .text.DMA_MemoryTargetConfig
                0x00000000       0x2c ..\obj\stm32f4xx_dma.o
 .text.DMA_GetCurrentMemoryTarget
                0x00000000       0x30 ..\obj\stm32f4xx_dma.o
 .text.DMA_GetCmdStatus
                0x00000000       0x30 ..\obj\stm32f4xx_dma.o
 .text.DMA_GetFIFOStatus
                0x00000000       0x24 ..\obj\stm32f4xx_dma.o
 .text.DMA_GetFlagStatus
                0x00000000       0x74 ..\obj\stm32f4xx_dma.o
 .text.DMA_ClearFlag
                0x00000000       0x5c ..\obj\stm32f4xx_dma.o
 .text.DMA_ITConfig
                0x00000000       0x74 ..\obj\stm32f4xx_dma.o
 .text.DMA_GetITStatus
                0x00000000       0xac ..\obj\stm32f4xx_dma.o
 .text.DMA_ClearITPendingBit
                0x00000000       0x5c ..\obj\stm32f4xx_dma.o
 .text          0x00000000        0x0 ..\obj\stm32f4xx_spi.o
 .data          0x00000000        0x0 ..\obj\stm32f4xx_spi.o
 .bss           0x00000000        0x0 ..\obj\stm32f4xx_spi.o
 .text.SPI_I2S_DeInit
                0x00000000       0x74 ..\obj\stm32f4xx_spi.o
 .text.I2S_Init
                0x00000000      0x1b4 ..\obj\stm32f4xx_spi.o
 .text.I2S_StructInit
                0x00000000       0x38 ..\obj\stm32f4xx_spi.o
 .text.SPI_Cmd  0x00000000       0x40 ..\obj\stm32f4xx_spi.o
 .text.I2S_Cmd  0x00000000       0x40 ..\obj\stm32f4xx_spi.o
 .text.SPI_DataSizeConfig
                0x00000000       0x38 ..\obj\stm32f4xx_spi.o
 .text.SPI_BiDirectionalLineConfig
                0x00000000       0x40 ..\obj\stm32f4xx_spi.o
 .text.SPI_NSSInternalSoftwareConfig
                0x00000000       0x44 ..\obj\stm32f4xx_spi.o
 .text.SPI_SSOutputCmd
                0x00000000       0x40 ..\obj\stm32f4xx_spi.o
 .text.SPI_TIModeCmd
                0x00000000       0x40 ..\obj\stm32f4xx_spi.o
 .text.I2S_FullDuplexConfig
                0x00000000       0x9c ..\obj\stm32f4xx_spi.o
 .text.SPI_I2S_ReceiveData
                0x00000000       0x18 ..\obj\stm32f4xx_spi.o
 .text.SPI_I2S_SendData
                0x00000000       0x1c ..\obj\stm32f4xx_spi.o
 .text.SPI_CalculateCRC
                0x00000000       0x40 ..\obj\stm32f4xx_spi.o
 .text.SPI_TransmitCRC
                0x00000000       0x24 ..\obj\stm32f4xx_spi.o
 .text.SPI_GetCRC
                0x00000000       0x30 ..\obj\stm32f4xx_spi.o
 .text.SPI_GetCRCPolynomial
                0x00000000       0x18 ..\obj\stm32f4xx_spi.o
 .text.SPI_I2S_DMACmd
                0x00000000       0x48 ..\obj\stm32f4xx_spi.o
 .text.SPI_I2S_ITConfig
                0x00000000       0x60 ..\obj\stm32f4xx_spi.o
 .text.SPI_I2S_GetFlagStatus
                0x00000000       0x38 ..\obj\stm32f4xx_spi.o
 .text.SPI_I2S_ClearFlag
                0x00000000       0x20 ..\obj\stm32f4xx_spi.o
 .text.SPI_I2S_GetITStatus
                0x00000000       0x74 ..\obj\stm32f4xx_spi.o
 .text.SPI_I2S_ClearITPendingBit
                0x00000000       0x34 ..\obj\stm32f4xx_spi.o
 .text          0x00000000        0x0 ..\obj\tm_stm32f4_ili9341.o
 .data          0x00000000        0x0 ..\obj\tm_stm32f4_ili9341.o
 .bss           0x00000000        0x1 ..\obj\tm_stm32f4_ili9341.o
 .text.TM_ILI9341_DisplayOn
                0x00000000       0x10 ..\obj\tm_stm32f4_ili9341.o
 .text.TM_ILI9341_DisplayOff
                0x00000000       0x10 ..\obj\tm_stm32f4_ili9341.o
 .text.TM_ILI9341_Rotate
                0x00000000       0x88 ..\obj\tm_stm32f4_ili9341.o
 .text.TM_ILI9341_GetStringSize
                0x00000000       0x48 ..\obj\tm_stm32f4_ili9341.o
 .text.TM_ILI9341_DrawLine
                0x00000000      0x184 ..\obj\tm_stm32f4_ili9341.o
 .text.TM_ILI9341_DrawRectangle
                0x00000000       0x70 ..\obj\tm_stm32f4_ili9341.o
 .text.TM_ILI9341_DrawCircle
                0x00000000      0x198 ..\obj\tm_stm32f4_ili9341.o
 .text.TM_ILI9341_DrawFilledCircle
                0x00000000      0x1a4 ..\obj\tm_stm32f4_ili9341.o
 .text          0x00000000        0x0 ..\obj\stm32f4xx_exti.o
 .data          0x00000000        0x0 ..\obj\stm32f4xx_exti.o
 .bss           0x00000000        0x0 ..\obj\stm32f4xx_exti.o
 .text.EXTI_DeInit
                0x00000000       0x34 ..\obj\stm32f4xx_exti.o
 .text.EXTI_Init
                0x00000000       0xe4 ..\obj\stm32f4xx_exti.o
 .text.EXTI_StructInit
                0x00000000       0x2c ..\obj\stm32f4xx_exti.o
 .text.EXTI_GenerateSWInterrupt
                0x00000000       0x24 ..\obj\stm32f4xx_exti.o
 .text.EXTI_GetFlagStatus
                0x00000000       0x34 ..\obj\stm32f4xx_exti.o
 .text.EXTI_ClearFlag
                0x00000000       0x1c ..\obj\stm32f4xx_exti.o
 .text.EXTI_GetITStatus
                0x00000000       0x48 ..\obj\stm32f4xx_exti.o
 .text.EXTI_ClearITPendingBit
                0x00000000       0x1c ..\obj\stm32f4xx_exti.o
 .debug_info    0x00000000      0x357 ..\obj\stm32f4xx_exti.o
 .debug_abbrev  0x00000000      0x1a9 ..\obj\stm32f4xx_exti.o
 .debug_aranges
                0x00000000       0x58 ..\obj\stm32f4xx_exti.o
 .debug_ranges  0x00000000       0x48 ..\obj\stm32f4xx_exti.o
 .debug_line    0x00000000      0x2f5 ..\obj\stm32f4xx_exti.o
 .debug_str     0x00000000      0x366 ..\obj\stm32f4xx_exti.o
 .comment       0x00000000       0x6f ..\obj\stm32f4xx_exti.o
 .debug_frame   0x00000000      0x148 ..\obj\stm32f4xx_exti.o
 .ARM.attributes
                0x00000000       0x33 ..\obj\stm32f4xx_exti.o
 .text          0x00000000        0x0 ..\obj\misc.o
 .data          0x00000000        0x0 ..\obj\misc.o
 .bss           0x00000000        0x0 ..\obj\misc.o
 .text.NVIC_SetVectorTable
                0x00000000       0x2c ..\obj\misc.o
 .text.NVIC_SystemLPConfig
                0x00000000       0x40 ..\obj\misc.o
 .text.SysTick_CLKSourceConfig
                0x00000000       0x38 ..\obj\misc.o
 .text          0x00000000        0x0 ..\obj\tm_stm32f4_gpio.o
 .data          0x00000000        0x0 ..\obj\tm_stm32f4_gpio.o
 .text.TM_GPIO_DeInit
                0x00000000       0x80 ..\obj\tm_stm32f4_gpio.o
 .text.TM_GPIO_SetPinAsInput
                0x00000000       0x50 ..\obj\tm_stm32f4_gpio.o
 .text.TM_GPIO_SetPinAsOutput
                0x00000000       0x5c ..\obj\tm_stm32f4_gpio.o
 .text.TM_GPIO_SetPinAsAnalog
                0x00000000       0x4c ..\obj\tm_stm32f4_gpio.o
 .text.TM_GPIO_SetPinAsAlternate
                0x00000000       0x60 ..\obj\tm_stm32f4_gpio.o
 .text.TM_GPIO_SetPullResistor
                0x00000000       0x64 ..\obj\tm_stm32f4_gpio.o
 .text.TM_GPIO_Lock
                0x00000000       0x38 ..\obj\tm_stm32f4_gpio.o
 .text.TM_GPIO_GetPinSource
                0x00000000       0x30 ..\obj\tm_stm32f4_gpio.o
 .text.TM_GPIO_INT_DisableClock
                0x00000000       0x30 ..\obj\tm_stm32f4_gpio.o
 .text.TM_GPIO_GetUsedPins
                0x00000000       0x24 ..\obj\tm_stm32f4_gpio.o
 .text.TM_GPIO_GetFreePins
                0x00000000       0x28 ..\obj\tm_stm32f4_gpio.o
 .text          0x00000000        0x0 ..\obj\stm32f4_discovery_lis302dl.o
 .data          0x00000000        0x4 ..\obj\stm32f4_discovery_lis302dl.o
 .bss           0x00000000        0x0 ..\obj\stm32f4_discovery_lis302dl.o
 .text.LIS302DL_Init
                0x00000000       0x4c ..\obj\stm32f4_discovery_lis302dl.o
 .text.LIS302DL_FilterConfig
                0x00000000       0x58 ..\obj\stm32f4_discovery_lis302dl.o
 .text.LIS302DL_InterruptConfig
                0x00000000       0x48 ..\obj\stm32f4_discovery_lis302dl.o
 .text.LIS302DL_LowpowerCmd
                0x00000000       0x44 ..\obj\stm32f4_discovery_lis302dl.o
 .text.LIS302DL_DataRateCmd
                0x00000000       0x44 ..\obj\stm32f4_discovery_lis302dl.o
 .text.LIS302DL_FullScaleCmd
                0x00000000       0x44 ..\obj\stm32f4_discovery_lis302dl.o
 .text.LIS302DL_RebootCmd
                0x00000000       0x30 ..\obj\stm32f4_discovery_lis302dl.o
 .text.LIS302DL_Write
                0x00000000       0x60 ..\obj\stm32f4_discovery_lis302dl.o
 .text.LIS302DL_Read
                0x00000000       0x70 ..\obj\stm32f4_discovery_lis302dl.o
 .text.LIS302DL_ReadACC
                0x00000000       0xb4 ..\obj\stm32f4_discovery_lis302dl.o
 .text.LIS302DL_LowLevel_Init
                0x00000000      0x138 ..\obj\stm32f4_discovery_lis302dl.o
 .text.LIS302DL_SendByte
                0x00000000       0x90 ..\obj\stm32f4_discovery_lis302dl.o
 .text.LIS302DL_TIMEOUT_UserCallback
                0x00000000        0x8 ..\obj\stm32f4_discovery_lis302dl.o
 .debug_info    0x00000000      0x7f2 ..\obj\stm32f4_discovery_lis302dl.o
 .debug_abbrev  0x00000000      0x1d7 ..\obj\stm32f4_discovery_lis302dl.o
 .debug_aranges
                0x00000000       0x80 ..\obj\stm32f4_discovery_lis302dl.o
 .debug_ranges  0x00000000       0x70 ..\obj\stm32f4_discovery_lis302dl.o
 .debug_line    0x00000000      0x417 ..\obj\stm32f4_discovery_lis302dl.o
 .debug_str     0x00000000      0x78b ..\obj\stm32f4_discovery_lis302dl.o
 .comment       0x00000000       0x6f ..\obj\stm32f4_discovery_lis302dl.o
 .debug_frame   0x00000000      0x1d8 ..\obj\stm32f4_discovery_lis302dl.o
 .ARM.attributes
                0x00000000       0x33 ..\obj\stm32f4_discovery_lis302dl.o
 .text          0x00000000        0x0 ..\obj\tm_stm32f4_fonts.o
 .bss           0x00000000        0x0 ..\obj\tm_stm32f4_fonts.o
 .text.TM_FONTS_GetStringSize
                0x00000000       0x3c ..\obj\tm_stm32f4_fonts.o
 .text          0x00000000        0x0 ..\obj\stm32f4xx_tim.o
 .data          0x00000000        0x0 ..\obj\stm32f4xx_tim.o
 .bss           0x00000000        0x0 ..\obj\stm32f4xx_tim.o
 .text.TIM_DeInit
                0x00000000      0x1c0 ..\obj\stm32f4xx_tim.o
 .text.TIM_TimeBaseStructInit
                0x00000000       0x34 ..\obj\stm32f4xx_tim.o
 .text.TIM_PrescalerConfig
                0x00000000       0x28 ..\obj\stm32f4xx_tim.o
 .text.TIM_CounterModeConfig
                0x00000000       0x38 ..\obj\stm32f4xx_tim.o
 .text.TIM_SetCounter
                0x00000000       0x1c ..\obj\stm32f4xx_tim.o
 .text.TIM_SetAutoreload
                0x00000000       0x1c ..\obj\stm32f4xx_tim.o
 .text.TIM_GetCounter
                0x00000000       0x18 ..\obj\stm32f4xx_tim.o
 .text.TIM_GetPrescaler
                0x00000000       0x18 ..\obj\stm32f4xx_tim.o
 .text.TIM_UpdateDisableConfig
                0x00000000       0x40 ..\obj\stm32f4xx_tim.o
 .text.TIM_UpdateRequestConfig
                0x00000000       0x40 ..\obj\stm32f4xx_tim.o
 .text.TIM_ARRPreloadConfig
                0x00000000       0x40 ..\obj\stm32f4xx_tim.o
 .text.TIM_SelectOnePulseMode
                0x00000000       0x38 ..\obj\stm32f4xx_tim.o
 .text.TIM_SetClockDivision
                0x00000000       0x38 ..\obj\stm32f4xx_tim.o
 .text.TIM_OC1Init
                0x00000000       0xf4 ..\obj\stm32f4xx_tim.o
 .text.TIM_OC2Init
                0x00000000      0x110 ..\obj\stm32f4xx_tim.o
 .text.TIM_OC3Init
                0x00000000      0x10c ..\obj\stm32f4xx_tim.o
 .text.TIM_OC4Init
                0x00000000       0xcc ..\obj\stm32f4xx_tim.o
 .text.TIM_OCStructInit
                0x00000000       0x44 ..\obj\stm32f4xx_tim.o
 .text.TIM_SelectOCxM
                0x00000000       0xb0 ..\obj\stm32f4xx_tim.o
 .text.TIM_SetCompare1
                0x00000000       0x1c ..\obj\stm32f4xx_tim.o
 .text.TIM_SetCompare2
                0x00000000       0x1c ..\obj\stm32f4xx_tim.o
 .text.TIM_SetCompare3
                0x00000000       0x1c ..\obj\stm32f4xx_tim.o
 .text.TIM_SetCompare4
                0x00000000       0x1c ..\obj\stm32f4xx_tim.o
 .text.TIM_ForcedOC1Config
                0x00000000       0x38 ..\obj\stm32f4xx_tim.o
 .text.TIM_ForcedOC2Config
                0x00000000       0x3c ..\obj\stm32f4xx_tim.o
 .text.TIM_ForcedOC3Config
                0x00000000       0x38 ..\obj\stm32f4xx_tim.o
 .text.TIM_ForcedOC4Config
                0x00000000       0x3c ..\obj\stm32f4xx_tim.o
 .text.TIM_OC1PreloadConfig
                0x00000000       0x38 ..\obj\stm32f4xx_tim.o
 .text.TIM_OC2PreloadConfig
                0x00000000       0x3c ..\obj\stm32f4xx_tim.o
 .text.TIM_OC3PreloadConfig
                0x00000000       0x38 ..\obj\stm32f4xx_tim.o
 .text.TIM_OC4PreloadConfig
                0x00000000       0x3c ..\obj\stm32f4xx_tim.o
 .text.TIM_OC1FastConfig
                0x00000000       0x38 ..\obj\stm32f4xx_tim.o
 .text.TIM_OC2FastConfig
                0x00000000       0x3c ..\obj\stm32f4xx_tim.o
 .text.TIM_OC3FastConfig
                0x00000000       0x38 ..\obj\stm32f4xx_tim.o
 .text.TIM_OC4FastConfig
                0x00000000       0x3c ..\obj\stm32f4xx_tim.o
 .text.TIM_ClearOC1Ref
                0x00000000       0x38 ..\obj\stm32f4xx_tim.o
 .text.TIM_ClearOC2Ref
                0x00000000       0x3c ..\obj\stm32f4xx_tim.o
 .text.TIM_ClearOC3Ref
                0x00000000       0x38 ..\obj\stm32f4xx_tim.o
 .text.TIM_ClearOC4Ref
                0x00000000       0x3c ..\obj\stm32f4xx_tim.o
 .text.TIM_OC1PolarityConfig
                0x00000000       0x38 ..\obj\stm32f4xx_tim.o
 .text.TIM_OC1NPolarityConfig
                0x00000000       0x38 ..\obj\stm32f4xx_tim.o
 .text.TIM_OC2PolarityConfig
                0x00000000       0x3c ..\obj\stm32f4xx_tim.o
 .text.TIM_OC2NPolarityConfig
                0x00000000       0x3c ..\obj\stm32f4xx_tim.o
 .text.TIM_OC3PolarityConfig
                0x00000000       0x3c ..\obj\stm32f4xx_tim.o
 .text.TIM_OC3NPolarityConfig
                0x00000000       0x3c ..\obj\stm32f4xx_tim.o
 .text.TIM_OC4PolarityConfig
                0x00000000       0x3c ..\obj\stm32f4xx_tim.o
 .text.TIM_CCxCmd
                0x00000000       0x5c ..\obj\stm32f4xx_tim.o
 .text.TIM_CCxNCmd
                0x00000000       0x5c ..\obj\stm32f4xx_tim.o
 .text.TIM_ICInit
                0x00000000       0xa8 ..\obj\stm32f4xx_tim.o
 .text.TIM_ICStructInit
                0x00000000       0x30 ..\obj\stm32f4xx_tim.o
 .text.TIM_PWMIConfig
                0x00000000       0xb8 ..\obj\stm32f4xx_tim.o
 .text.TIM_GetCapture1
                0x00000000       0x18 ..\obj\stm32f4xx_tim.o
 .text.TIM_GetCapture2
                0x00000000       0x18 ..\obj\stm32f4xx_tim.o
 .text.TIM_GetCapture3
                0x00000000       0x18 ..\obj\stm32f4xx_tim.o
 .text.TIM_GetCapture4
                0x00000000       0x18 ..\obj\stm32f4xx_tim.o
 .text.TIM_SetIC1Prescaler
                0x00000000       0x38 ..\obj\stm32f4xx_tim.o
 .text.TIM_SetIC2Prescaler
                0x00000000       0x3c ..\obj\stm32f4xx_tim.o
 .text.TIM_SetIC3Prescaler
                0x00000000       0x38 ..\obj\stm32f4xx_tim.o
 .text.TIM_SetIC4Prescaler
                0x00000000       0x3c ..\obj\stm32f4xx_tim.o
 .text.TIM_BDTRConfig
                0x00000000       0x50 ..\obj\stm32f4xx_tim.o
 .text.TIM_BDTRStructInit
                0x00000000       0x3c ..\obj\stm32f4xx_tim.o
 .text.TIM_CtrlPWMOutputs
                0x00000000       0x4c ..\obj\stm32f4xx_tim.o
 .text.TIM_SelectCOM
                0x00000000       0x40 ..\obj\stm32f4xx_tim.o
 .text.TIM_CCPreloadControl
                0x00000000       0x40 ..\obj\stm32f4xx_tim.o
 .text.TIM_GenerateEvent
                0x00000000       0x1c ..\obj\stm32f4xx_tim.o
 .text.TIM_GetFlagStatus
                0x00000000       0x38 ..\obj\stm32f4xx_tim.o
 .text.TIM_ClearFlag
                0x00000000       0x20 ..\obj\stm32f4xx_tim.o
 .text.TIM_DMAConfig
                0x00000000       0x28 ..\obj\stm32f4xx_tim.o
 .text.TIM_DMACmd
                0x00000000       0x48 ..\obj\stm32f4xx_tim.o
 .text.TIM_SelectCCDMA
                0x00000000       0x40 ..\obj\stm32f4xx_tim.o
 .text.TIM_InternalClockConfig
                0x00000000       0x24 ..\obj\stm32f4xx_tim.o
 .text.TIM_ITRxExternalClockConfig
                0x00000000       0x30 ..\obj\stm32f4xx_tim.o
 .text.TIM_TIxExternalClockConfig
                0x00000000       0x5c ..\obj\stm32f4xx_tim.o
 .text.TIM_ETRClockMode1Config
                0x00000000       0x60 ..\obj\stm32f4xx_tim.o
 .text.TIM_ETRClockMode2Config
                0x00000000       0x40 ..\obj\stm32f4xx_tim.o
 .text.TIM_SelectInputTrigger
                0x00000000       0x38 ..\obj\stm32f4xx_tim.o
 .text.TIM_SelectOutputTrigger
                0x00000000       0x38 ..\obj\stm32f4xx_tim.o
 .text.TIM_SelectSlaveMode
                0x00000000       0x38 ..\obj\stm32f4xx_tim.o
 .text.TIM_SelectMasterSlaveMode
                0x00000000       0x38 ..\obj\stm32f4xx_tim.o
 .text.TIM_ETRConfig
                0x00000000       0x54 ..\obj\stm32f4xx_tim.o
 .text.TIM_EncoderInterfaceConfig
                0x00000000       0x98 ..\obj\stm32f4xx_tim.o
 .text.TIM_SelectHallSensor
                0x00000000       0x40 ..\obj\stm32f4xx_tim.o
 .text.TIM_RemapConfig
                0x00000000       0x20 ..\obj\stm32f4xx_tim.o
 .text.TI1_Config
                0x00000000       0x84 ..\obj\stm32f4xx_tim.o
 .text.TI2_Config
                0x00000000       0x98 ..\obj\stm32f4xx_tim.o
 .text.TI3_Config
                0x00000000       0x90 ..\obj\stm32f4xx_tim.o
 .text.TI4_Config
                0x00000000       0x9c ..\obj\stm32f4xx_tim.o
 .text          0x00000000        0x0 c:/program files (x86)/gnu tools arm embedded/5.2 2015q4/bin/../lib/gcc/arm-none-eabi/5.2.1/../../../../arm-none-eabi/lib/armv7e-m\libg.a(lib_a-itoa.o)
 .data          0x00000000        0x0 c:/program files (x86)/gnu tools arm embedded/5.2 2015q4/bin/../lib/gcc/arm-none-eabi/5.2.1/../../../../arm-none-eabi/lib/armv7e-m\libg.a(lib_a-itoa.o)
 .bss           0x00000000        0x0 c:/program files (x86)/gnu tools arm embedded/5.2 2015q4/bin/../lib/gcc/arm-none-eabi/5.2.1/../../../../arm-none-eabi/lib/armv7e-m\libg.a(lib_a-itoa.o)
 .text          0x00000000       0xdc c:/program files (x86)/gnu tools arm embedded/5.2 2015q4/bin/../lib/gcc/arm-none-eabi/5.2.1/../../../../arm-none-eabi/lib/armv7e-m\libg.a(lib_a-strlen.o)
 .data          0x00000000        0x0 c:/program files (x86)/gnu tools arm embedded/5.2 2015q4/bin/../lib/gcc/arm-none-eabi/5.2.1/../../../../arm-none-eabi/lib/armv7e-m\libg.a(lib_a-strlen.o)
 .bss           0x00000000        0x0 c:/program files (x86)/gnu tools arm embedded/5.2 2015q4/bin/../lib/gcc/arm-none-eabi/5.2.1/../../../../arm-none-eabi/lib/armv7e-m\libg.a(lib_a-strlen.o)
 .ARM.attributes
                0x00000000       0x1c c:/program files (x86)/gnu tools arm embedded/5.2 2015q4/bin/../lib/gcc/arm-none-eabi/5.2.1/../../../../arm-none-eabi/lib/armv7e-m\libg.a(lib_a-strlen.o)
 .text          0x00000000        0x0 c:/program files (x86)/gnu tools arm embedded/5.2 2015q4/bin/../lib/gcc/arm-none-eabi/5.2.1/../../../../arm-none-eabi/lib/armv7e-m\libg.a(lib_a-utoa.o)
 .data          0x00000000        0x0 c:/program files (x86)/gnu tools arm embedded/5.2 2015q4/bin/../lib/gcc/arm-none-eabi/5.2.1/../../../../arm-none-eabi/lib/armv7e-m\libg.a(lib_a-utoa.o)
 .bss           0x00000000        0x0 c:/program files (x86)/gnu tools arm embedded/5.2 2015q4/bin/../lib/gcc/arm-none-eabi/5.2.1/../../../../arm-none-eabi/lib/armv7e-m\libg.a(lib_a-utoa.o)
 .text.utoa     0x00000000        0x4 c:/program files (x86)/gnu tools arm embedded/5.2 2015q4/bin/../lib/gcc/arm-none-eabi/5.2.1/../../../../arm-none-eabi/lib/armv7e-m\libg.a(lib_a-utoa.o)

Memory Configuration

Name             Origin             Length             Attributes
rom              0x08000000         0x00100000         xr
ram              0x20000000         0x00020000         xrw
ram1             0x10000000         0x00010000         xrw
*default*        0x00000000         0xffffffff

Linker script and memory map

                0x20020000                _eram = 0x20020000

.text           0x08000000     0x4cb4
 *(.isr_vector)
 .isr_vector    0x08000000      0x188 ..\obj\startup_stm32f4xx.o
                0x08000000                g_pfnVectors
 *(.text*)
 .text.TM_SPI_DMA_Init
                0x08000188       0xa4 ..\obj\tm_stm32f4_spi_dma.o
                0x08000188                TM_SPI_DMA_Init
 .text.TM_SPI_DMA_SendHalfWord
                0x0800022c       0xb0 ..\obj\tm_stm32f4_spi_dma.o
                0x0800022c                TM_SPI_DMA_SendHalfWord
 .text.TM_SPI_DMA_Working
                0x080002dc       0x50 ..\obj\tm_stm32f4_spi_dma.o
                0x080002dc                TM_SPI_DMA_Working
 .text.TM_SPI_DMA_INT_GetSettings
                0x0800032c       0x50 ..\obj\tm_stm32f4_spi_dma.o
 .text.Default_Reset_Handler
                0x0800037c       0x5c ..\obj\startup_stm32f4xx.o
                0x0800037c                Default_Reset_Handler
                0x0800037c                Reset_Handler
 .text.Default_Handler
                0x080003d8        0x8 ..\obj\startup_stm32f4xx.o
                0x080003d8                RTC_Alarm_IRQHandler
                0x080003d8                HASH_RNG_IRQHandler
                0x080003d8                EXTI2_IRQHandler
                0x080003d8                TIM8_CC_IRQHandler
                0x080003d8                DebugMon_Handler
                0x080003d8                TIM1_CC_IRQHandler
                0x080003d8                HardFault_Handler
                0x080003d8                SysTick_Handler
                0x080003d8                PVD_IRQHandler
                0x080003d8                SDIO_IRQHandler
                0x080003d8                TAMP_STAMP_IRQHandler
                0x080003d8                PendSV_Handler
                0x080003d8                NMI_Handler
                0x080003d8                CAN2_RX1_IRQHandler
                0x080003d8                EXTI3_IRQHandler
                0x080003d8                TIM8_TRG_COM_TIM14_IRQHandler
                0x080003d8                TIM1_UP_TIM10_IRQHandler
                0x080003d8                TIM8_UP_TIM13_IRQHandler
                0x080003d8                I2C3_ER_IRQHandler
                0x080003d8                EXTI0_IRQHandler
                0x080003d8                I2C2_EV_IRQHandler
                0x080003d8                CAN1_RX0_IRQHandler
                0x080003d8                FPU_IRQHandler
                0x080003d8                OTG_HS_WKUP_IRQHandler
                0x080003d8                UsageFault_Handler
                0x080003d8                CAN2_SCE_IRQHandler
                0x080003d8                SPI1_IRQHandler
                0x080003d8                TIM6_DAC_IRQHandler
                0x080003d8                TIM1_BRK_TIM9_IRQHandler
                0x080003d8                DCMI_IRQHandler
                0x080003d8                CAN2_RX0_IRQHandler
                0x080003d8                USART6_IRQHandler
                0x080003d8                USART3_IRQHandler
                0x080003d8                CRYP_IRQHandler
                0x080003d8                CAN1_RX1_IRQHandler
                0x080003d8                UART5_IRQHandler
                0x080003d8                TIM4_IRQHandler
                0x080003d8                I2C1_EV_IRQHandler
                0x080003d8                UART4_IRQHandler
                0x080003d8                RCC_IRQHandler
                0x080003d8                TIM8_BRK_TIM12_IRQHandler
                0x080003d8                EXTI15_10_IRQHandler
                0x080003d8                ADC_IRQHandler
                0x080003d8                TIM7_IRQHandler
                0x080003d8                CAN2_TX_IRQHandler
                0x080003d8                TIM5_IRQHandler
                0x080003d8                I2C3_EV_IRQHandler
                0x080003d8                EXTI9_5_IRQHandler
                0x080003d8                RTC_WKUP_IRQHandler
                0x080003d8                ETH_WKUP_IRQHandler
                0x080003d8                SPI2_IRQHandler
                0x080003d8                OTG_HS_EP1_IN_IRQHandler
                0x080003d8                MemManage_Handler
                0x080003d8                CAN1_TX_IRQHandler
                0x080003d8                SVC_Handler
                0x080003d8                EXTI4_IRQHandler
                0x080003d8                FSMC_IRQHandler
                0x080003d8                ETH_IRQHandler
                0x080003d8                OTG_HS_EP1_OUT_IRQHandler
                0x080003d8                WWDG_IRQHandler
                0x080003d8                OTG_FS_WKUP_IRQHandler
                0x080003d8                TIM1_TRG_COM_TIM11_IRQHandler
                0x080003d8                OTG_HS_IRQHandler
                0x080003d8                EXTI1_IRQHandler
                0x080003d8                USART2_IRQHandler
                0x080003d8                I2C2_ER_IRQHandler
                0x080003d8                CAN1_SCE_IRQHandler
                0x080003d8                FLASH_IRQHandler
                0x080003d8                BusFault_Handler
                0x080003d8                USART1_IRQHandler
                0x080003d8                OTG_FS_IRQHandler
                0x080003d8                SPI3_IRQHandler
                0x080003d8                I2C1_ER_IRQHandler
 .text.TRIG_GPIO_conf
                0x080003e0       0x38 ..\obj\main.o
                0x080003e0                TRIG_GPIO_conf
 .text.ECHO_GPIO_conf
                0x08000418       0x38 ..\obj\main.o
                0x08000418                ECHO_GPIO_conf
 .text.Timmer2_conf
                0x08000450       0x34 ..\obj\main.o
                0x08000450                Timmer2_conf
 .text.Timmer3_conf
                0x08000484       0x34 ..\obj\main.o
                0x08000484                Timmer3_conf
 .text.Przerwania2_conf
                0x080004b8       0x44 ..\obj\main.o
                0x080004b8                Przerwania2_conf
 .text.Przerwania3_conf
                0x080004fc       0x44 ..\obj\main.o
                0x080004fc                Przerwania3_conf
 .text.TIM2_IRQHandler
                0x08000540       0x3c ..\obj\main.o
                0x08000540                TIM2_IRQHandler
 .text.TIM3_IRQHandler
                0x0800057c       0x30 ..\obj\main.o
                0x0800057c                TIM3_IRQHandler
 .text.main     0x080005ac      0x4c8 ..\obj\main.o
                0x080005ac                main
 .text.RCC_AHB1PeriphClockCmd
                0x08000a74       0x3c ..\obj\stm32f4xx_rcc.o
                0x08000a74                RCC_AHB1PeriphClockCmd
 .text.RCC_APB1PeriphClockCmd
                0x08000ab0       0x3c ..\obj\stm32f4xx_rcc.o
                0x08000ab0                RCC_APB1PeriphClockCmd
 .text.TM_DMA_ClearFlag
                0x08000aec       0x88 ..\obj\tm_stm32f4_dma.o
                0x08000aec                TM_DMA_ClearFlag
 .text.TM_DMA_GetFlags
                0x08000b74       0xa0 ..\obj\tm_stm32f4_dma.o
                0x08000b74                TM_DMA_GetFlags
 .text.TM_DMA_TransferCompleteHandler
                0x08000c14       0x14 ..\obj\tm_stm32f4_dma.o
                0x08000c14                TM_DMA_TransferCompleteHandler
 .text.TM_DMA_HalfTransferCompleteHandler
                0x08000c28       0x14 ..\obj\tm_stm32f4_dma.o
                0x08000c28                TM_DMA_HalfTransferCompleteHandler
 .text.TM_DMA_TransferErrorHandler
                0x08000c3c       0x14 ..\obj\tm_stm32f4_dma.o
                0x08000c3c                TM_DMA_TransferErrorHandler
 .text.TM_DMA_DirectModeErrorHandler
                0x08000c50       0x14 ..\obj\tm_stm32f4_dma.o
                0x08000c50                TM_DMA_DirectModeErrorHandler
 .text.TM_DMA_FIFOErrorHandler
                0x08000c64       0x14 ..\obj\tm_stm32f4_dma.o
                0x08000c64                TM_DMA_FIFOErrorHandler
 .text.TM_DMA_INT_ProcessInterrupt
                0x08000c78       0xb0 ..\obj\tm_stm32f4_dma.o
 .text.DMA1_Stream0_IRQHandler
                0x08000d28       0x14 ..\obj\tm_stm32f4_dma.o
                0x08000d28                DMA1_Stream0_IRQHandler
 .text.DMA1_Stream1_IRQHandler
                0x08000d3c       0x14 ..\obj\tm_stm32f4_dma.o
                0x08000d3c                DMA1_Stream1_IRQHandler
 .text.DMA1_Stream2_IRQHandler
                0x08000d50       0x14 ..\obj\tm_stm32f4_dma.o
                0x08000d50                DMA1_Stream2_IRQHandler
 .text.DMA1_Stream3_IRQHandler
                0x08000d64       0x14 ..\obj\tm_stm32f4_dma.o
                0x08000d64                DMA1_Stream3_IRQHandler
 .text.DMA1_Stream4_IRQHandler
                0x08000d78       0x14 ..\obj\tm_stm32f4_dma.o
                0x08000d78                DMA1_Stream4_IRQHandler
 .text.DMA1_Stream5_IRQHandler
                0x08000d8c       0x14 ..\obj\tm_stm32f4_dma.o
                0x08000d8c                DMA1_Stream5_IRQHandler
 .text.DMA1_Stream6_IRQHandler
                0x08000da0       0x14 ..\obj\tm_stm32f4_dma.o
                0x08000da0                DMA1_Stream6_IRQHandler
 .text.DMA1_Stream7_IRQHandler
                0x08000db4       0x14 ..\obj\tm_stm32f4_dma.o
                0x08000db4                DMA1_Stream7_IRQHandler
 .text.DMA2_Stream0_IRQHandler
                0x08000dc8       0x14 ..\obj\tm_stm32f4_dma.o
                0x08000dc8                DMA2_Stream0_IRQHandler
 .text.DMA2_Stream1_IRQHandler
                0x08000ddc       0x14 ..\obj\tm_stm32f4_dma.o
                0x08000ddc                DMA2_Stream1_IRQHandler
 .text.DMA2_Stream2_IRQHandler
                0x08000df0       0x14 ..\obj\tm_stm32f4_dma.o
                0x08000df0                DMA2_Stream2_IRQHandler
 .text.DMA2_Stream3_IRQHandler
                0x08000e04       0x14 ..\obj\tm_stm32f4_dma.o
                0x08000e04                DMA2_Stream3_IRQHandler
 .text.DMA2_Stream4_IRQHandler
                0x08000e18       0x14 ..\obj\tm_stm32f4_dma.o
                0x08000e18                DMA2_Stream4_IRQHandler
 .text.DMA2_Stream5_IRQHandler
                0x08000e2c       0x14 ..\obj\tm_stm32f4_dma.o
                0x08000e2c                DMA2_Stream5_IRQHandler
 .text.DMA2_Stream6_IRQHandler
                0x08000e40       0x14 ..\obj\tm_stm32f4_dma.o
                0x08000e40                DMA2_Stream6_IRQHandler
 .text.DMA2_Stream7_IRQHandler
                0x08000e54       0x14 ..\obj\tm_stm32f4_dma.o
                0x08000e54                DMA2_Stream7_IRQHandler
 .text.TM_SPI_Init
                0x08000e68       0x7c ..\obj\tm_stm32f4_spi.o
                0x08000e68                TM_SPI_Init
 .text.TM_SPI_SetDataSize
                0x08000ee4       0x78 ..\obj\tm_stm32f4_spi.o
                0x08000ee4                TM_SPI_SetDataSize
 .text.TM_SPI_InitCustomPinsCallback
                0x08000f5c       0x18 ..\obj\tm_stm32f4_spi.o
                0x08000f5c                TM_SPI_InitCustomPinsCallback
 .text.TM_SPIx_Init
                0x08000f74      0x11c ..\obj\tm_stm32f4_spi.o
 .text.TM_SPI1_INT_InitPins
                0x08001090       0x60 ..\obj\tm_stm32f4_spi.o
                0x08001090                TM_SPI1_INT_InitPins
 .text.TM_SPI2_INT_InitPins
                0x080010f0       0x98 ..\obj\tm_stm32f4_spi.o
                0x080010f0                TM_SPI2_INT_InitPins
 .text.TM_SPI3_INT_InitPins
                0x08001188       0x64 ..\obj\tm_stm32f4_spi.o
                0x08001188                TM_SPI3_INT_InitPins
 .text.GPIO_Init
                0x080011ec      0x11c ..\obj\stm32f4xx_gpio.o
                0x080011ec                GPIO_Init
 .text.GPIO_ReadInputDataBit
                0x08001308       0x34 ..\obj\stm32f4xx_gpio.o
                0x08001308                GPIO_ReadInputDataBit
 .text.GPIO_SetBits
                0x0800133c       0x1c ..\obj\stm32f4xx_gpio.o
                0x0800133c                GPIO_SetBits
 .text.GPIO_ResetBits
                0x08001358       0x1c ..\obj\stm32f4xx_gpio.o
                0x08001358                GPIO_ResetBits
 .text.GPIO_WriteBit
                0x08001374       0x30 ..\obj\stm32f4xx_gpio.o
                0x08001374                GPIO_WriteBit
 .text.SystemInit
                0x080013a4       0x5c ..\obj\system_stm32f4xx.o
                0x080013a4                SystemInit
 .text.SetSysClock
                0x08001400       0xf4 ..\obj\system_stm32f4xx.o
 .text.DMA_Init
                0x080014f4       0xac ..\obj\stm32f4xx_dma.o
                0x080014f4                DMA_Init
 .text.SPI_Init
                0x080015a0       0x88 ..\obj\stm32f4xx_spi.o
                0x080015a0                SPI_Init
 .text.SPI_StructInit
                0x08001628       0x48 ..\obj\stm32f4xx_spi.o
                0x08001628                SPI_StructInit
 .text.TM_SPI_Send
                0x08001670       0x74 ..\obj\tm_stm32f4_ili9341.o
 .text.TM_ILI9341_Init
                0x080016e4       0xa0 ..\obj\tm_stm32f4_ili9341.o
                0x080016e4                TM_ILI9341_Init
 .text.TM_ILI9341_InitLCD
                0x08001784      0x274 ..\obj\tm_stm32f4_ili9341.o
                0x08001784                TM_ILI9341_InitLCD
 .text.TM_ILI9341_SendCommand
                0x080019f8       0x3c ..\obj\tm_stm32f4_ili9341.o
                0x080019f8                TM_ILI9341_SendCommand
 .text.TM_ILI9341_SendData
                0x08001a34       0x3c ..\obj\tm_stm32f4_ili9341.o
                0x08001a34                TM_ILI9341_SendData
 .text.TM_ILI9341_DrawPixel
                0x08001a70       0x40 ..\obj\tm_stm32f4_ili9341.o
                0x08001a70                TM_ILI9341_DrawPixel
 .text.TM_ILI9341_SetCursorPosition
                0x08001ab0       0x94 ..\obj\tm_stm32f4_ili9341.o
                0x08001ab0                TM_ILI9341_SetCursorPosition
 .text.TM_ILI9341_Fill
                0x08001b44       0x30 ..\obj\tm_stm32f4_ili9341.o
                0x08001b44                TM_ILI9341_Fill
 .text.TM_ILI9341_INT_Fill
                0x08001b74       0xcc ..\obj\tm_stm32f4_ili9341.o
                0x08001b74                TM_ILI9341_INT_Fill
 .text.TM_ILI9341_Delay
                0x08001c40       0x20 ..\obj\tm_stm32f4_ili9341.o
                0x08001c40                TM_ILI9341_Delay
 .text.TM_ILI9341_Puts
                0x08001c60       0xb0 ..\obj\tm_stm32f4_ili9341.o
                0x08001c60                TM_ILI9341_Puts
 .text.TM_ILI9341_Putc
                0x08001d10      0x124 ..\obj\tm_stm32f4_ili9341.o
                0x08001d10                TM_ILI9341_Putc
 .text.TM_ILI9341_DrawFilledRectangle
                0x08001e34       0x70 ..\obj\tm_stm32f4_ili9341.o
                0x08001e34                TM_ILI9341_DrawFilledRectangle
 .text.NVIC_PriorityGroupConfig
                0x08001ea4       0x24 ..\obj\misc.o
                0x08001ea4                NVIC_PriorityGroupConfig
 .text.NVIC_Init
                0x08001ec8       0xc0 ..\obj\misc.o
                0x08001ec8                NVIC_Init
 .text.TM_GPIO_Init
                0x08001f88       0x48 ..\obj\tm_stm32f4_gpio.o
                0x08001f88                TM_GPIO_Init
 .text.TM_GPIO_InitAlternate
                0x08001fd0       0xa8 ..\obj\tm_stm32f4_gpio.o
                0x08001fd0                TM_GPIO_InitAlternate
 .text.TM_GPIO_GetPortSource
                0x08002078       0x20 ..\obj\tm_stm32f4_gpio.o
                0x08002078                TM_GPIO_GetPortSource
 .text.TM_GPIO_INT_EnableClock
                0x08002098       0x30 ..\obj\tm_stm32f4_gpio.o
                0x08002098                TM_GPIO_INT_EnableClock
 .text.TM_GPIO_INT_Init
                0x080020c8      0x110 ..\obj\tm_stm32f4_gpio.o
                0x080020c8                TM_GPIO_INT_Init
 .text.TIM_TimeBaseInit
                0x080021d8       0xd4 ..\obj\stm32f4xx_tim.o
                0x080021d8                TIM_TimeBaseInit
 .text.TIM_Cmd  0x080022ac       0x40 ..\obj\stm32f4xx_tim.o
                0x080022ac                TIM_Cmd
 .text.TIM_ITConfig
                0x080022ec       0x48 ..\obj\stm32f4xx_tim.o
                0x080022ec                TIM_ITConfig
 .text.TIM_GetITStatus
                0x08002334       0x54 ..\obj\stm32f4xx_tim.o
                0x08002334                TIM_GetITStatus
 .text.TIM_ClearITPendingBit
                0x08002388       0x20 ..\obj\stm32f4xx_tim.o
                0x08002388                TIM_ClearITPendingBit
 .text.__itoa   0x080023a8       0x30 c:/program files (x86)/gnu tools arm embedded/5.2 2015q4/bin/../lib/gcc/arm-none-eabi/5.2.1/../../../../arm-none-eabi/lib/armv7e-m\libg.a(lib_a-itoa.o)
                0x080023a8                __itoa
 .text.itoa     0x080023d8        0x4 c:/program files (x86)/gnu tools arm embedded/5.2 2015q4/bin/../lib/gcc/arm-none-eabi/5.2.1/../../../../arm-none-eabi/lib/armv7e-m\libg.a(lib_a-itoa.o)
                0x080023d8                itoa
 .text.__utoa   0x080023dc       0x80 c:/program files (x86)/gnu tools arm embedded/5.2 2015q4/bin/../lib/gcc/arm-none-eabi/5.2.1/../../../../arm-none-eabi/lib/armv7e-m\libg.a(lib_a-utoa.o)
                0x080023dc                __utoa
 *(.init)
 *(.fini)
 *crtbegin.o(.ctors)
 *crtbegin?.o(.ctors)
 *(EXCLUDE_FILE(*crtend.o *crtend?.o) .ctors)
 *(SORT(.ctors.*))
 *(.ctors)
 *crtbegin.o(.dtors)
 *crtbegin?.o(.dtors)
 *(EXCLUDE_FILE(*crtend.o *crtend?.o) .dtors)
 *(SORT(.dtors.*))
 *(.dtors)
 *(.rodata*)
 .rodata        0x0800245c        0x5 ..\obj\main.o
 *fill*         0x08002461        0x3 
 .rodata        0x08002464       0x14 ..\obj\tm_stm32f4_dma.o
 .rodata        0x08002478     0x2814 ..\obj\tm_stm32f4_fonts.o
                0x08002478                TM_Font7x10
                0x08002be4                TM_Font11x18
                0x08003940                TM_Font16x26
 .rodata.str1.4
                0x08004c8c       0x28 c:/program files (x86)/gnu tools arm embedded/5.2 2015q4/bin/../lib/gcc/arm-none-eabi/5.2.1/../../../../arm-none-eabi/lib/armv7e-m\libg.a(lib_a-utoa.o)
                                 0x25 (size before relaxing)
 *(.eh_fram e*)

.glue_7         0x08004cb4        0x0
 .glue_7        0x08004cb4        0x0 linker stubs

.glue_7t        0x08004cb4        0x0
 .glue_7t       0x08004cb4        0x0 linker stubs

.vfp11_veneer   0x08004cb4        0x0
 .vfp11_veneer  0x08004cb4        0x0 linker stubs

.v4_bx          0x08004cb4        0x0
 .v4_bx         0x08004cb4        0x0 linker stubs

.iplt           0x08004cb4        0x0
 .iplt          0x08004cb4        0x0 ..\obj\stm32f4xx_syscfg.o

.rel.dyn        0x08004cb4        0x0
 .rel.iplt      0x08004cb4        0x0 ..\obj\stm32f4xx_syscfg.o

.ARM.extab
 *(.ARM.extab* .gnu.linkonce.armextab.*)
                0x08004cb4                __exidx_start = .

.ARM.exidx
 *(.ARM.exidx* .gnu.linkonce.armexidx.*)
                0x08004cb4                __exidx_end = .
                0x08004cb4                __etext = .
                0x08004cb4                _sidata = __etext

.data           0x20000000       0x60 load address 0x08004cb4
                0x20000000                __data_start__ = .
                0x20000000                _sdata = __data_start__
 *(vtable)
 *(.data*)
 .data          0x20000000       0x48 ..\obj\tm_stm32f4_spi_dma.o
 .data          0x20000048       0x18 ..\obj\tm_stm32f4_fonts.o
                0x20000048                TM_Font_7x10
                0x20000050                TM_Font_11x18
                0x20000058                TM_Font_16x26
                0x20000060                . = ALIGN (0x4)
                [!provide]                PROVIDE (__preinit_array_start, .)
 *(.preinit_array)
                [!provide]                PROVIDE (__preinit_array_end, .)
                0x20000060                . = ALIGN (0x4)
                [!provide]                PROVIDE (__init_array_start, .)
 *(SORT(.init_array.*))
 *(.init_array)
                [!provide]                PROVIDE (__init_array_end, .)
                0x20000060                . = ALIGN (0x4)
                [!provide]                PROVIDE (__fini_array_start, .)
 *(SORT(.fini_array.*))
 *(.fini_array)
                [!provide]                PROVIDE (__fini_array_end, .)
 *(.jcr*)
                0x20000060                . = ALIGN (0x4)
                0x20000060                __data_end__ = .
                0x20000060                _edata = __data_end__

.igot.plt       0x20000060        0x0 load address 0x08004d14
 .igot.plt      0x20000060        0x0 ..\obj\stm32f4xx_syscfg.o

.bss            0x20000060       0x68 load address 0x08004d14
                0x20000060                . = ALIGN (0x4)
                0x20000060                __bss_start__ = .
                0x20000060                _sbss = __bss_start__
 *(.bss*)
 .bss           0x20000060       0x3c ..\obj\tm_stm32f4_spi_dma.o
 .bss           0x2000009c        0x4 ..\obj\main.o
                0x2000009c                ile
 .bss           0x200000a0       0x16 ..\obj\tm_stm32f4_gpio.o
 *(COMMON)
 *fill*         0x200000b6        0x2 
 COMMON         0x200000b8        0x4 ..\obj\main.o
                0x200000b8                odleglosc
 COMMON         0x200000bc        0xc ..\obj\tm_stm32f4_ili9341.o
                0x200000bc                ILI9341_x
                0x200000c0                ILI9341_Opts
                0x200000c6                ILI9341_y
                0x200000c8                . = ALIGN (0x4)
                0x200000c8                __bss_end__ = .
                0x200000c8                _ebss = __bss_end__

.heap           0x200000c8        0x0
                0x200000c8                __end__ = .
                0x200000c8                _end = __end__
                0x200000c8                end = __end__
 *(.heap*)
                0x200000c8                __HeapLimit = .

.co_stack       0x200000c8      0x800 load address 0x08004d7c
                0x200000c8                . = ALIGN (0x8)
 *(.co_stack .co_stack.*)
 .co_stack      0x200000c8      0x800 ..\obj\startup_stm32f4xx.o
                0x200000c8                pulStack
                0x20020000                __StackTop = (ORIGIN (ram) + LENGTH (ram))
                0x2001f800                __StackLimit = (__StackTop - SIZEOF (.co_stack))
                [!provide]                PROVIDE (__stack, __StackTop)
                0x00000001                ASSERT ((__StackLimit >= __HeapLimit), region ram  overflowed with stack)
LOAD ..\obj\stm32f4xx_syscfg.o
LOAD ..\obj\tm_stm32f4_spi_dma.o
LOAD ..\obj\stm32f4xx_dac.o
LOAD ..\obj\startup_stm32f4xx.o
LOAD ..\obj\main.o
LOAD ..\obj\stm32f4xx_rcc.o
LOAD ..\obj\stm32f4xx_adc.o
LOAD ..\obj\tm_stm32f4_dma.o
LOAD ..\obj\tm_stm32f4_spi.o
LOAD ..\obj\stm32f4xx_gpio.o
LOAD ..\obj\system_stm32f4xx.o
LOAD ..\obj\stm32f4xx_dma.o
LOAD ..\obj\stm32f4xx_spi.o
LOAD ..\obj\tm_stm32f4_ili9341.o
LOAD ..\obj\stm32f4xx_exti.o
LOAD ..\obj\misc.o
LOAD ..\obj\tm_stm32f4_gpio.o
LOAD ..\obj\stm32f4_discovery_lis302dl.o
LOAD ..\obj\tm_stm32f4_fonts.o
LOAD ..\obj\stm32f4xx_tim.o
START GROUP
LOAD c:/program files (x86)/gnu tools arm embedded/5.2 2015q4/bin/../lib/gcc/arm-none-eabi/5.2.1/armv7e-m\libgcc.a
LOAD c:/program files (x86)/gnu tools arm embedded/5.2 2015q4/bin/../lib/gcc/arm-none-eabi/5.2.1/../../../../arm-none-eabi/lib/armv7e-m\libg.a
LOAD c:/program files (x86)/gnu tools arm embedded/5.2 2015q4/bin/../lib/gcc/arm-none-eabi/5.2.1/../../../../arm-none-eabi/lib/armv7e-m\libc.a
END GROUP
OUTPUT(test.elf elf32-littlearm)

.debug_info     0x00000000     0x87d7
 .debug_info    0x00000000      0x87e ..\obj\tm_stm32f4_spi_dma.o
 .debug_info    0x0000087e       0xed ..\obj\startup_stm32f4xx.o
 .debug_info    0x0000096b      0x947 ..\obj\main.o
 .debug_info    0x000012b2      0xc59 ..\obj\stm32f4xx_rcc.o
 .debug_info    0x00001f0b      0x925 ..\obj\tm_stm32f4_dma.o
 .debug_info    0x00002830      0xa95 ..\obj\tm_stm32f4_spi.o
 .debug_info    0x000032c5      0x61a ..\obj\stm32f4xx_gpio.o
 .debug_info    0x000038df      0x596 ..\obj\system_stm32f4xx.o
 .debug_info    0x00003e75      0x741 ..\obj\stm32f4xx_dma.o
 .debug_info    0x000045b6      0xb0f ..\obj\stm32f4xx_spi.o
 .debug_info    0x000050c5      0xaf7 ..\obj\tm_stm32f4_ili9341.o
 .debug_info    0x00005bbc      0x541 ..\obj\misc.o
 .debug_info    0x000060fd      0x82d ..\obj\tm_stm32f4_gpio.o
 .debug_info    0x0000692a      0x244 ..\obj\tm_stm32f4_fonts.o
 .debug_info    0x00006b6e     0x1c69 ..\obj\stm32f4xx_tim.o

.debug_abbrev   0x00000000     0x1621
 .debug_abbrev  0x00000000      0x17e ..\obj\tm_stm32f4_spi_dma.o
 .debug_abbrev  0x0000017e       0xb0 ..\obj\startup_stm32f4xx.o
 .debug_abbrev  0x0000022e      0x1c4 ..\obj\main.o
 .debug_abbrev  0x000003f2      0x1e5 ..\obj\stm32f4xx_rcc.o
 .debug_abbrev  0x000005d7      0x206 ..\obj\tm_stm32f4_dma.o
 .debug_abbrev  0x000007dd      0x1e6 ..\obj\tm_stm32f4_spi.o
 .debug_abbrev  0x000009c3      0x1a7 ..\obj\stm32f4xx_gpio.o
 .debug_abbrev  0x00000b6a      0x138 ..\obj\system_stm32f4xx.o
 .debug_abbrev  0x00000ca2      0x157 ..\obj\stm32f4xx_dma.o
 .debug_abbrev  0x00000df9      0x169 ..\obj\stm32f4xx_spi.o
 .debug_abbrev  0x00000f62      0x1b7 ..\obj\tm_stm32f4_ili9341.o
 .debug_abbrev  0x00001119      0x147 ..\obj\misc.o
 .debug_abbrev  0x00001260      0x151 ..\obj\tm_stm32f4_gpio.o
 .debug_abbrev  0x000013b1       0xe7 ..\obj\tm_stm32f4_fonts.o
 .debug_abbrev  0x00001498      0x189 ..\obj\stm32f4xx_tim.o

.debug_aranges  0x00000000      0xb00
 .debug_aranges
                0x00000000       0x78 ..\obj\tm_stm32f4_spi_dma.o
 .debug_aranges
                0x00000078       0x28 ..\obj\startup_stm32f4xx.o
 .debug_aranges
                0x000000a0       0x60 ..\obj\main.o
 .debug_aranges
                0x00000100      0x178 ..\obj\stm32f4xx_rcc.o
 .debug_aranges
                0x00000278       0xf8 ..\obj\tm_stm32f4_dma.o
 .debug_aranges
                0x00000370       0x98 ..\obj\tm_stm32f4_spi.o
 .debug_aranges
                0x00000408       0x88 ..\obj\stm32f4xx_gpio.o
 .debug_aranges
                0x00000490       0x30 ..\obj\system_stm32f4xx.o
 .debug_aranges
                0x000004c0       0xb0 ..\obj\stm32f4xx_dma.o
 .debug_aranges
                0x00000570       0xe0 ..\obj\stm32f4xx_spi.o
 .debug_aranges
                0x00000650       0xc0 ..\obj\tm_stm32f4_ili9341.o
 .debug_aranges
                0x00000710       0x40 ..\obj\misc.o
 .debug_aranges
                0x00000750       0x98 ..\obj\tm_stm32f4_gpio.o
 .debug_aranges
                0x000007e8       0x20 ..\obj\tm_stm32f4_fonts.o
 .debug_aranges
                0x00000808      0x2f8 ..\obj\stm32f4xx_tim.o

.debug_ranges   0x00000000      0xa10
 .debug_ranges  0x00000000       0x68 ..\obj\tm_stm32f4_spi_dma.o
 .debug_ranges  0x00000068       0x18 ..\obj\startup_stm32f4xx.o
 .debug_ranges  0x00000080       0x50 ..\obj\main.o
 .debug_ranges  0x000000d0      0x168 ..\obj\stm32f4xx_rcc.o
 .debug_ranges  0x00000238       0xe8 ..\obj\tm_stm32f4_dma.o
 .debug_ranges  0x00000320       0x88 ..\obj\tm_stm32f4_spi.o
 .debug_ranges  0x000003a8       0x78 ..\obj\stm32f4xx_gpio.o
 .debug_ranges  0x00000420       0x20 ..\obj\system_stm32f4xx.o
 .debug_ranges  0x00000440       0xa0 ..\obj\stm32f4xx_dma.o
 .debug_ranges  0x000004e0       0xd0 ..\obj\stm32f4xx_spi.o
 .debug_ranges  0x000005b0       0xb0 ..\obj\tm_stm32f4_ili9341.o
 .debug_ranges  0x00000660       0x30 ..\obj\misc.o
 .debug_ranges  0x00000690       0x88 ..\obj\tm_stm32f4_gpio.o
 .debug_ranges  0x00000718       0x10 ..\obj\tm_stm32f4_fonts.o
 .debug_ranges  0x00000728      0x2e8 ..\obj\stm32f4xx_tim.o

.debug_line     0x00000000     0x4057
 .debug_line    0x00000000      0x393 ..\obj\tm_stm32f4_spi_dma.o
 .debug_line    0x00000393       0xae ..\obj\startup_stm32f4xx.o
 .debug_line    0x00000441      0x3ba ..\obj\main.o
 .debug_line    0x000007fb      0x5f9 ..\obj\stm32f4xx_rcc.o
 .debug_line    0x00000df4      0x4a8 ..\obj\tm_stm32f4_dma.o
 .debug_line    0x0000129c      0x523 ..\obj\tm_stm32f4_spi.o
 .debug_line    0x000017bf      0x3b4 ..\obj\stm32f4xx_gpio.o
 .debug_line    0x00001b73      0x21c ..\obj\system_stm32f4xx.o
 .debug_line    0x00001d8f      0x47e ..\obj\stm32f4xx_dma.o
 .debug_line    0x0000220d      0x4ad ..\obj\stm32f4xx_spi.o
 .debug_line    0x000026ba      0x5f2 ..\obj\tm_stm32f4_ili9341.o
 .debug_line    0x00002cac      0x292 ..\obj\misc.o
 .debug_line    0x00002f3e      0x406 ..\obj\tm_stm32f4_gpio.o
 .debug_line    0x00003344      0x1fe ..\obj\tm_stm32f4_fonts.o
 .debug_line    0x00003542      0xb15 ..\obj\stm32f4xx_tim.o

.debug_str      0x00000000     0x36fb
 .debug_str     0x00000000      0x589 ..\obj\tm_stm32f4_spi_dma.o
                                0x600 (size before relaxing)
 .debug_str     0x00000589       0xbd ..\obj\startup_stm32f4xx.o
                                0x154 (size before relaxing)
 .debug_str     0x00000646      0x8f5 ..\obj\main.o
                                0xb50 (size before relaxing)
 .debug_str     0x00000f3b      0x5ab ..\obj\stm32f4xx_rcc.o
                                0x85d (size before relaxing)
 .debug_str     0x000014e6      0x3b9 ..\obj\tm_stm32f4_dma.o
                                0xb01 (size before relaxing)
 .debug_str     0x0000189f      0x40b ..\obj\tm_stm32f4_spi.o
                                0x767 (size before relaxing)
 .debug_str     0x00001caa      0x19a ..\obj\stm32f4xx_gpio.o
                                0x4b0 (size before relaxing)
 .debug_str     0x00001e44      0x11a ..\obj\system_stm32f4xx.o
                                0x3b7 (size before relaxing)
 .debug_str     0x00001f5e      0x239 ..\obj\stm32f4xx_dma.o
                                0x54f (size before relaxing)
 .debug_str     0x00002197      0x2ed ..\obj\stm32f4xx_spi.o
                                0x697 (size before relaxing)
 .debug_str     0x00002484      0x3ee ..\obj\tm_stm32f4_ili9341.o
                                0x76f (size before relaxing)
 .debug_str     0x00002872      0x12d ..\obj\misc.o
                                0x3db (size before relaxing)
 .debug_str     0x0000299f      0x1f8 ..\obj\tm_stm32f4_gpio.o
                                0x5bf (size before relaxing)
 .debug_str     0x00002b97       0xd1 ..\obj\tm_stm32f4_fonts.o
                                0x273 (size before relaxing)
 .debug_str     0x00002c68      0xa93 ..\obj\stm32f4xx_tim.o
                                0xddd (size before relaxing)

.comment        0x00000000       0x6e
 .comment       0x00000000       0x6e ..\obj\tm_stm32f4_spi_dma.o
                                 0x6f (size before relaxing)
 .comment       0x0000006e       0x6f ..\obj\startup_stm32f4xx.o
 .comment       0x0000006e       0x6f ..\obj\main.o
 .comment       0x0000006e       0x6f ..\obj\stm32f4xx_rcc.o
 .comment       0x0000006e       0x6f ..\obj\tm_stm32f4_dma.o
 .comment       0x0000006e       0x6f ..\obj\tm_stm32f4_spi.o
 .comment       0x0000006e       0x6f ..\obj\stm32f4xx_gpio.o
 .comment       0x0000006e       0x6f ..\obj\system_stm32f4xx.o
 .comment       0x0000006e       0x6f ..\obj\stm32f4xx_dma.o
 .comment       0x0000006e       0x6f ..\obj\stm32f4xx_spi.o
 .comment       0x0000006e       0x6f ..\obj\tm_stm32f4_ili9341.o
 .comment       0x0000006e       0x6f ..\obj\misc.o
 .comment       0x0000006e       0x6f ..\obj\tm_stm32f4_gpio.o
 .comment       0x0000006e       0x6f ..\obj\tm_stm32f4_fonts.o
 .comment       0x0000006e       0x6f ..\obj\stm32f4xx_tim.o

.ARM.attributes
                0x00000000       0x31
 .ARM.attributes
                0x00000000       0x33 ..\obj\tm_stm32f4_spi_dma.o
 .ARM.attributes
                0x00000033       0x33 ..\obj\startup_stm32f4xx.o
 .ARM.attributes
                0x00000066       0x33 ..\obj\main.o
 .ARM.attributes
                0x00000099       0x33 ..\obj\stm32f4xx_rcc.o
 .ARM.attributes
                0x000000cc       0x33 ..\obj\tm_stm32f4_dma.o
 .ARM.attributes
                0x000000ff       0x33 ..\obj\tm_stm32f4_spi.o
 .ARM.attributes
                0x00000132       0x33 ..\obj\stm32f4xx_gpio.o
 .ARM.attributes
                0x00000165       0x33 ..\obj\system_stm32f4xx.o
 .ARM.attributes
                0x00000198       0x33 ..\obj\stm32f4xx_dma.o
 .ARM.attributes
                0x000001cb       0x33 ..\obj\stm32f4xx_spi.o
 .ARM.attributes
                0x000001fe       0x33 ..\obj\tm_stm32f4_ili9341.o
 .ARM.attributes
                0x00000231       0x33 ..\obj\misc.o
 .ARM.attributes
                0x00000264       0x33 ..\obj\tm_stm32f4_gpio.o
 .ARM.attributes
                0x00000297       0x33 ..\obj\tm_stm32f4_fonts.o
 .ARM.attributes
                0x000002ca       0x33 ..\obj\stm32f4xx_tim.o
 .ARM.attributes
                0x000002fd       0x2e c:/program files (x86)/gnu tools arm embedded/5.2 2015q4/bin/../lib/gcc/arm-none-eabi/5.2.1/../../../../arm-none-eabi/lib/armv7e-m\libg.a(lib_a-itoa.o)
 .ARM.attributes
                0x0000032b       0x2e c:/program files (x86)/gnu tools arm embedded/5.2 2015q4/bin/../lib/gcc/arm-none-eabi/5.2.1/../../../../arm-none-eabi/lib/armv7e-m\libg.a(lib_a-utoa.o)

.debug_frame    0x00000000     0x2f60
 .debug_frame   0x00000000      0x1c4 ..\obj\tm_stm32f4_spi_dma.o
 .debug_frame   0x000001c4       0x4c ..\obj\startup_stm32f4xx.o
 .debug_frame   0x00000210      0x140 ..\obj\main.o
 .debug_frame   0x00000350      0x6d4 ..\obj\stm32f4xx_rcc.o
 .debug_frame   0x00000a24      0x3a0 ..\obj\tm_stm32f4_dma.o
 .debug_frame   0x00000dc4      0x270 ..\obj\tm_stm32f4_spi.o
 .debug_frame   0x00001034      0x23c ..\obj\stm32f4xx_gpio.o
 .debug_frame   0x00001270       0x7c ..\obj\system_stm32f4xx.o
 .debug_frame   0x000012ec      0x308 ..\obj\stm32f4xx_dma.o
 .debug_frame   0x000015f4      0x3f4 ..\obj\stm32f4xx_spi.o
 .debug_frame   0x000019e8      0x318 ..\obj\tm_stm32f4_ili9341.o
 .debug_frame   0x00001d00       0xd8 ..\obj\misc.o
 .debug_frame   0x00001dd8      0x274 ..\obj\tm_stm32f4_gpio.o
 .debug_frame   0x0000204c       0x38 ..\obj\tm_stm32f4_fonts.o
 .debug_frame   0x00002084      0xe54 ..\obj\stm32f4xx_tim.o
 .debug_frame   0x00002ed8       0x3c c:/program files (x86)/gnu tools arm embedded/5.2 2015q4/bin/../lib/gcc/arm-none-eabi/5.2.1/../../../../arm-none-eabi/lib/armv7e-m\libg.a(lib_a-itoa.o)
 .debug_frame   0x00002f14       0x4c c:/program files (x86)/gnu tools arm embedded/5.2 2015q4/bin/../lib/gcc/arm-none-eabi/5.2.1/../../../../arm-none-eabi/lib/armv7e-m\libg.a(lib_a-utoa.o)
