Archive member included to satisfy reference by file (symbol)

c:/program files (x86)/gnu tools arm embedded/5.2 2015q4/bin/../lib/gcc/arm-none-eabi/5.2.1/armv7e-m\libgcc.a(_arm_addsubdf3.o)
                              ..\obj\tm_stm32f4_fatfs.o (__aeabi_ui2d)
c:/program files (x86)/gnu tools arm embedded/5.2 2015q4/bin/../lib/gcc/arm-none-eabi/5.2.1/armv7e-m\libgcc.a(_arm_muldivdf3.o)
                              ..\obj\tm_stm32f4_fatfs.o (__aeabi_dmul)
c:/program files (x86)/gnu tools arm embedded/5.2 2015q4/bin/../lib/gcc/arm-none-eabi/5.2.1/armv7e-m\libgcc.a(_arm_cmpdf2.o)
                              ..\obj\tm_stm32f4_timer_properties.o (__aeabi_dcmpeq)
c:/program files (x86)/gnu tools arm embedded/5.2 2015q4/bin/../lib/gcc/arm-none-eabi/5.2.1/armv7e-m\libgcc.a(_arm_fixunsdfsi.o)
                              ..\obj\tm_stm32f4_fatfs.o (__aeabi_d2uiz)
c:/program files (x86)/gnu tools arm embedded/5.2 2015q4/bin/../lib/gcc/arm-none-eabi/5.2.1/../../../../arm-none-eabi/lib/armv7e-m\libc.a(lib_a-itoa.o)
                              ..\obj\main.o (itoa)
c:/program files (x86)/gnu tools arm embedded/5.2 2015q4/bin/../lib/gcc/arm-none-eabi/5.2.1/../../../../arm-none-eabi/lib/armv7e-m\libc.a(lib_a-malloc.o)
                              ..\obj\tm_stm32f4_fatfs.o (malloc)
c:/program files (x86)/gnu tools arm embedded/5.2 2015q4/bin/../lib/gcc/arm-none-eabi/5.2.1/../../../../arm-none-eabi/lib/armv7e-m\libc.a(lib_a-mallocr.o)
                              c:/program files (x86)/gnu tools arm embedded/5.2 2015q4/bin/../lib/gcc/arm-none-eabi/5.2.1/../../../../arm-none-eabi/lib/armv7e-m\libc.a(lib_a-malloc.o) (_malloc_r)
c:/program files (x86)/gnu tools arm embedded/5.2 2015q4/bin/../lib/gcc/arm-none-eabi/5.2.1/../../../../arm-none-eabi/lib/armv7e-m\libc.a(lib_a-mlock.o)
                              c:/program files (x86)/gnu tools arm embedded/5.2 2015q4/bin/../lib/gcc/arm-none-eabi/5.2.1/../../../../arm-none-eabi/lib/armv7e-m\libc.a(lib_a-mallocr.o) (__malloc_lock)
c:/program files (x86)/gnu tools arm embedded/5.2 2015q4/bin/../lib/gcc/arm-none-eabi/5.2.1/../../../../arm-none-eabi/lib/armv7e-m\libc.a(lib_a-sbrkr.o)
                              c:/program files (x86)/gnu tools arm embedded/5.2 2015q4/bin/../lib/gcc/arm-none-eabi/5.2.1/../../../../arm-none-eabi/lib/armv7e-m\libc.a(lib_a-mallocr.o) (_sbrk_r)
c:/program files (x86)/gnu tools arm embedded/5.2 2015q4/bin/../lib/gcc/arm-none-eabi/5.2.1/../../../../arm-none-eabi/lib/armv7e-m\libc.a(lib_a-sprintf.o)
                              ..\obj\tm_stm32f4_fatfs.o (sprintf)
c:/program files (x86)/gnu tools arm embedded/5.2 2015q4/bin/../lib/gcc/arm-none-eabi/5.2.1/../../../../arm-none-eabi/lib/armv7e-m\libc.a(lib_a-strcpy.o)
                              ..\obj\tm_stm32f4_fatfs.o (strcpy)
c:/program files (x86)/gnu tools arm embedded/5.2 2015q4/bin/../lib/gcc/arm-none-eabi/5.2.1/../../../../arm-none-eabi/lib/armv7e-m\libc.a(lib_a-strlen.o)
                              ..\obj\tm_stm32f4_fatfs.o (strlen)
c:/program files (x86)/gnu tools arm embedded/5.2 2015q4/bin/../lib/gcc/arm-none-eabi/5.2.1/../../../../arm-none-eabi/lib/armv7e-m\libc.a(lib_a-svfprintf.o)
                              c:/program files (x86)/gnu tools arm embedded/5.2 2015q4/bin/../lib/gcc/arm-none-eabi/5.2.1/../../../../arm-none-eabi/lib/armv7e-m\libc.a(lib_a-sprintf.o) (_svfprintf_r)
c:/program files (x86)/gnu tools arm embedded/5.2 2015q4/bin/../lib/gcc/arm-none-eabi/5.2.1/../../../../arm-none-eabi/lib/armv7e-m\libc.a(lib_a-utoa.o)
                              c:/program files (x86)/gnu tools arm embedded/5.2 2015q4/bin/../lib/gcc/arm-none-eabi/5.2.1/../../../../arm-none-eabi/lib/armv7e-m\libc.a(lib_a-itoa.o) (__utoa)
c:/program files (x86)/gnu tools arm embedded/5.2 2015q4/bin/../lib/gcc/arm-none-eabi/5.2.1/../../../../arm-none-eabi/lib/armv7e-m\libc.a(lib_a-dtoa.o)
                              c:/program files (x86)/gnu tools arm embedded/5.2 2015q4/bin/../lib/gcc/arm-none-eabi/5.2.1/../../../../arm-none-eabi/lib/armv7e-m\libc.a(lib_a-svfprintf.o) (_dtoa_r)
c:/program files (x86)/gnu tools arm embedded/5.2 2015q4/bin/../lib/gcc/arm-none-eabi/5.2.1/../../../../arm-none-eabi/lib/armv7e-m\libc.a(lib_a-freer.o)
                              c:/program files (x86)/gnu tools arm embedded/5.2 2015q4/bin/../lib/gcc/arm-none-eabi/5.2.1/../../../../arm-none-eabi/lib/armv7e-m\libc.a(lib_a-malloc.o) (_free_r)
c:/program files (x86)/gnu tools arm embedded/5.2 2015q4/bin/../lib/gcc/arm-none-eabi/5.2.1/../../../../arm-none-eabi/lib/armv7e-m\libc.a(lib_a-impure.o)
                              c:/program files (x86)/gnu tools arm embedded/5.2 2015q4/bin/../lib/gcc/arm-none-eabi/5.2.1/../../../../arm-none-eabi/lib/armv7e-m\libc.a(lib_a-malloc.o) (_impure_ptr)
c:/program files (x86)/gnu tools arm embedded/5.2 2015q4/bin/../lib/gcc/arm-none-eabi/5.2.1/../../../../arm-none-eabi/lib/armv7e-m\libc.a(lib_a-locale.o)
[...]
Memory Configuration

Name             Origin             Length             Attributes
rom              0x08000000         0x00100000         xr
ram              0x20000000         0x00020000         xrw
ram1             0x10000000         0x00010000         xrw
*default*        0x00000000         0xffffffff

Linker script and memory map

                0x20020000                _eram = 0x20020000

.text           0x08000000     0xa190
 *(.isr_vector)
 .isr_vector    0x08000000      0x188 ..\obj\startup_stm32f4xx.o
                0x08000000                g_pfnVectors
 *(.text*)
 .text.TM_FATFS_DriveSize
                0x08000188       0x5c ..\obj\tm_stm32f4_fatfs.o
                0x08000188                TM_FATFS_DriveSize
 .text.TM_SPI_DMA_Init
                0x080001e4       0xa4 ..\obj\tm_stm32f4_spi_dma.o
                0x080001e4                TM_SPI_DMA_Init
 .text.TM_SPI_DMA_SendHalfWord
                0x08000288       0xb0 ..\obj\tm_stm32f4_spi_dma.o
                0x08000288                TM_SPI_DMA_SendHalfWord
 .text.TM_SPI_DMA_Working
                0x08000338       0x50 ..\obj\tm_stm32f4_spi_dma.o
                0x08000338                TM_SPI_DMA_Working
 .text.TM_SPI_DMA_INT_GetSettings
                0x08000388       0x50 ..\obj\tm_stm32f4_spi_dma.o
 .text.disk_initialize
                0x080003d8       0x44 ..\obj\diskio.o
                0x080003d8                disk_initialize
 .text.disk_status
                0x0800041c       0x48 ..\obj\diskio.o
                0x0800041c                disk_status
 .text.disk_read
                0x08000464       0x5c ..\obj\diskio.o
                0x08000464                disk_read
 .text.disk_write
                0x080004c0       0x5c ..\obj\diskio.o
                0x080004c0                disk_write
 .text.disk_ioctl
                0x0800051c       0x54 ..\obj\diskio.o
                0x0800051c                disk_ioctl
 .text.get_fattime
                0x08000570       0x14 ..\obj\diskio.o
                0x08000570                get_fattime
 .text.TM_FATFS_USB_disk_initialize
                0x08000584       0x10 ..\obj\diskio.o
                0x08000584                TM_FATFS_USB_disk_initialize
 .text.TM_FATFS_SDRAM_disk_initialize
                0x08000594       0x10 ..\obj\diskio.o
                0x08000594                TM_FATFS_SDRAM_disk_initialize
 .text.TM_FATFS_SPI_FLASH_disk_initialize
                0x080005a4       0x10 ..\obj\diskio.o
                0x080005a4                TM_FATFS_SPI_FLASH_disk_initialize
 .text.TM_FATFS_USB_disk_status
                0x080005b4       0x10 ..\obj\diskio.o
                0x080005b4                TM_FATFS_USB_disk_status
 .text.TM_FATFS_SDRAM_disk_status
                0x080005c4       0x10 ..\obj\diskio.o
                0x080005c4                TM_FATFS_SDRAM_disk_status
 .text.TM_FATFS_SPI_FLASH_disk_status
                0x080005d4       0x10 ..\obj\diskio.o
                0x080005d4                TM_FATFS_SPI_FLASH_disk_status
 .text.TM_FATFS_USB_disk_ioctl
                0x080005e4       0x18 ..\obj\diskio.o
                0x080005e4                TM_FATFS_USB_disk_ioctl
 .text.TM_FATFS_SDRAM_disk_ioctl
                0x080005fc       0x18 ..\obj\diskio.o
                0x080005fc                TM_FATFS_SDRAM_disk_ioctl
 .text.TM_FATFS_SPI_FLASH_disk_ioctl
                0x08000614       0x18 ..\obj\diskio.o
                0x08000614                TM_FATFS_SPI_FLASH_disk_ioctl
 .text.TM_FATFS_USB_disk_read
                0x0800062c       0x18 ..\obj\diskio.o
                0x0800062c                TM_FATFS_USB_disk_read
 .text.TM_FATFS_SDRAM_disk_read
                0x08000644       0x18 ..\obj\diskio.o
                0x08000644                TM_FATFS_SDRAM_disk_read
 .text.TM_FATFS_SPI_FLASH_disk_read
                0x0800065c       0x18 ..\obj\diskio.o
                0x0800065c                TM_FATFS_SPI_FLASH_disk_read
 .text.TM_FATFS_USB_disk_write
                0x08000674       0x18 ..\obj\diskio.o
                0x08000674                TM_FATFS_USB_disk_write
 .text.TM_FATFS_SDRAM_disk_write
                0x0800068c       0x18 ..\obj\diskio.o
                0x0800068c                TM_FATFS_SDRAM_disk_write
 .text.TM_FATFS_SPI_FLASH_disk_write
                0x080006a4       0x18 ..\obj\diskio.o
                0x080006a4                TM_FATFS_SPI_FLASH_disk_write
 .text.Default_Reset_Handler
                0x080006bc       0x5c ..\obj\startup_stm32f4xx.o
                0x080006bc                Default_Reset_Handler
                0x080006bc                Reset_Handler
 .text.Default_Handler
                0x08000718        0x8 ..\obj\startup_stm32f4xx.o
                0x08000718                RTC_Alarm_IRQHandler
                0x08000718                HASH_RNG_IRQHandler
                0x08000718                EXTI2_IRQHandler
                0x08000718                TIM8_CC_IRQHandler
                0x08000718                DebugMon_Handler
                0x08000718                TIM1_CC_IRQHandler
                0x08000718                HardFault_Handler
                0x08000718                SysTick_Handler
                0x08000718                PVD_IRQHandler
                0x08000718                SDIO_IRQHandler
                0x08000718                TAMP_STAMP_IRQHandler
                0x08000718                PendSV_Handler
                0x08000718                NMI_Handler
                0x08000718                CAN2_RX1_IRQHandler
                0x08000718                EXTI3_IRQHandler
                0x08000718                TIM8_TRG_COM_TIM14_IRQHandler
                0x08000718                TIM1_UP_TIM10_IRQHandler
                0x08000718                TIM8_UP_TIM13_IRQHandler
                0x08000718                I2C3_ER_IRQHandler
                0x08000718                EXTI0_IRQHandler
                0x08000718                I2C2_EV_IRQHandler
                0x08000718                CAN1_RX0_IRQHandler
                0x08000718                FPU_IRQHandler
                0x08000718                OTG_HS_WKUP_IRQHandler
                0x08000718                UsageFault_Handler
                0x08000718                CAN2_SCE_IRQHandler
                0x08000718                SPI1_IRQHandler
                0x08000718                TIM6_DAC_IRQHandler
                0x08000718                TIM1_BRK_TIM9_IRQHandler
                0x08000718                DCMI_IRQHandler
                0x08000718                CAN2_RX0_IRQHandler
                0x08000718                USART6_IRQHandler
                0x08000718                USART3_IRQHandler
                0x08000718                CRYP_IRQHandler
                0x08000718                CAN1_RX1_IRQHandler
                0x08000718                UART5_IRQHandler
                0x08000718                I2C1_EV_IRQHandler
                0x08000718                UART4_IRQHandler
                0x08000718                RCC_IRQHandler
                0x08000718                TIM8_BRK_TIM12_IRQHandler
                0x08000718                EXTI15_10_IRQHandler
                0x08000718                ADC_IRQHandler
                0x08000718                TIM7_IRQHandler
                0x08000718                CAN2_TX_IRQHandler
                0x08000718                TIM5_IRQHandler
                0x08000718                I2C3_EV_IRQHandler
                0x08000718                EXTI9_5_IRQHandler
                0x08000718                RTC_WKUP_IRQHandler
                0x08000718                ETH_WKUP_IRQHandler
                0x08000718                SPI2_IRQHandler
                0x08000718                OTG_HS_EP1_IN_IRQHandler
                0x08000718                MemManage_Handler
                0x08000718                CAN1_TX_IRQHandler
                0x08000718                SVC_Handler
                0x08000718                EXTI4_IRQHandler
                0x08000718                FSMC_IRQHandler
                0x08000718                ETH_IRQHandler
                0x08000718                OTG_HS_EP1_OUT_IRQHandler
                0x08000718                WWDG_IRQHandler
                0x08000718                OTG_FS_WKUP_IRQHandler
                0x08000718                TIM1_TRG_COM_TIM11_IRQHandler
                0x08000718                OTG_HS_IRQHandler
                0x08000718                EXTI1_IRQHandler
                0x08000718                USART2_IRQHandler
                0x08000718                I2C2_ER_IRQHandler
                0x08000718                CAN1_SCE_IRQHandler
                0x08000718                FLASH_IRQHandler
                0x08000718                BusFault_Handler
                0x08000718                USART1_IRQHandler
                0x08000718                OTG_FS_IRQHandler
                0x08000718                SPI3_IRQHandler
                0x08000718                I2C1_ER_IRQHandler
 .text.TRIG_GPIO_conf
                0x08000720       0x38 ..\obj\main.o
                0x08000720                TRIG_GPIO_conf
 .text.ECHO_GPIO_conf
                0x08000758       0x38 ..\obj\main.o
                0x08000758                ECHO_GPIO_conf
 .text.Timmer2_conf
                0x08000790       0x34 ..\obj\main.o
                0x08000790                Timmer2_conf
 .text.Timmer3_conf
                0x080007c4       0x34 ..\obj\main.o
                0x080007c4                Timmer3_conf
 .text.Przerwania2_conf
                0x080007f8       0x44 ..\obj\main.o
                0x080007f8                Przerwania2_conf
 .text.Przerwania3_conf
                0x0800083c       0x44 ..\obj\main.o
                0x0800083c                Przerwania3_conf
 .text.TIM2_IRQHandler
                0x08000880       0x3c ..\obj\main.o
                0x08000880                TIM2_IRQHandler
 .text.TIM3_IRQHandler
                0x080008bc       0x30 ..\obj\main.o
                0x080008bc                TIM3_IRQHandler
 .text.display  0x080008ec      0x520 ..\obj\main.o
                0x080008ec                display
 .text.LED_GPIO_conf
                0x08000e0c       0x3c ..\obj\main.o
                0x08000e0c                LED_GPIO_conf
 .text.sdcard   0x08000e48       0xac ..\obj\main.o
                0x08000e48                sdcard
 .text.main     0x08000ef4      0x108 ..\obj\main.o
                0x08000ef4                main
 .text.RCC_GetClocksFreq
                0x08000ffc      0x154 ..\obj\stm32f4xx_rcc.o
                0x08000ffc                RCC_GetClocksFreq
 .text.RCC_AHB1PeriphClockCmd
                0x08001150       0x3c ..\obj\stm32f4xx_rcc.o
                0x08001150                RCC_AHB1PeriphClockCmd
 .text.RCC_APB1PeriphClockCmd
                0x0800118c       0x3c ..\obj\stm32f4xx_rcc.o
                0x0800118c                RCC_APB1PeriphClockCmd
 .text.RCC_APB2PeriphClockCmd
                0x080011c8       0x3c ..\obj\stm32f4xx_rcc.o
                0x080011c8                RCC_APB2PeriphClockCmd
 .text.TM_DMA_ClearFlag
                0x08001204       0x88 ..\obj\tm_stm32f4_dma.o
                0x08001204                TM_DMA_ClearFlag
 .text.TM_DMA_GetFlags
                0x0800128c       0xa0 ..\obj\tm_stm32f4_dma.o
                0x0800128c                TM_DMA_GetFlags
 .text.TM_DMA_TransferCompleteHandler
                0x0800132c       0x14 ..\obj\tm_stm32f4_dma.o
                0x0800132c                TM_DMA_TransferCompleteHandler
 .text.TM_DMA_HalfTransferCompleteHandler
                0x08001340       0x14 ..\obj\tm_stm32f4_dma.o
                0x08001340                TM_DMA_HalfTransferCompleteHandler
 .text.TM_DMA_TransferErrorHandler
                0x08001354       0x14 ..\obj\tm_stm32f4_dma.o
                0x08001354                TM_DMA_TransferErrorHandler
 .text.TM_DMA_DirectModeErrorHandler
                0x08001368       0x14 ..\obj\tm_stm32f4_dma.o
                0x08001368                TM_DMA_DirectModeErrorHandler
 .text.TM_DMA_FIFOErrorHandler
                0x0800137c       0x14 ..\obj\tm_stm32f4_dma.o
                0x0800137c                TM_DMA_FIFOErrorHandler
 .text.TM_DMA_INT_ProcessInterrupt
                0x08001390       0xb0 ..\obj\tm_stm32f4_dma.o
 .text.DMA1_Stream0_IRQHandler
                0x08001440       0x14 ..\obj\tm_stm32f4_dma.o
                0x08001440                DMA1_Stream0_IRQHandler
 .text.DMA1_Stream1_IRQHandler
                0x08001454       0x14 ..\obj\tm_stm32f4_dma.o
                0x08001454                DMA1_Stream1_IRQHandler
 .text.DMA1_Stream2_IRQHandler
                0x08001468       0x14 ..\obj\tm_stm32f4_dma.o
                0x08001468                DMA1_Stream2_IRQHandler
 .text.DMA1_Stream3_IRQHandler
                0x0800147c       0x14 ..\obj\tm_stm32f4_dma.o
                0x0800147c                DMA1_Stream3_IRQHandler
 .text.DMA1_Stream4_IRQHandler
                0x08001490       0x14 ..\obj\tm_stm32f4_dma.o
                0x08001490                DMA1_Stream4_IRQHandler
 .text.DMA1_Stream5_IRQHandler
                0x080014a4       0x14 ..\obj\tm_stm32f4_dma.o
                0x080014a4                DMA1_Stream5_IRQHandler
 .text.DMA1_Stream6_IRQHandler
                0x080014b8       0x14 ..\obj\tm_stm32f4_dma.o
                0x080014b8                DMA1_Stream6_IRQHandler
 .text.DMA1_Stream7_IRQHandler
                0x080014cc       0x14 ..\obj\tm_stm32f4_dma.o
                0x080014cc                DMA1_Stream7_IRQHandler
 .text.DMA2_Stream0_IRQHandler
                0x080014e0       0x14 ..\obj\tm_stm32f4_dma.o
                0x080014e0                DMA2_Stream0_IRQHandler
 .text.DMA2_Stream1_IRQHandler
                0x080014f4       0x14 ..\obj\tm_stm32f4_dma.o
                0x080014f4                DMA2_Stream1_IRQHandler
 .text.DMA2_Stream2_IRQHandler
                0x08001508       0x14 ..\obj\tm_stm32f4_dma.o
                0x08001508                DMA2_Stream2_IRQHandler
 .text.DMA2_Stream3_IRQHandler
                0x0800151c       0x14 ..\obj\tm_stm32f4_dma.o
                0x0800151c                DMA2_Stream3_IRQHandler
 .text.DMA2_Stream4_IRQHandler
                0x08001530       0x14 ..\obj\tm_stm32f4_dma.o
                0x08001530                DMA2_Stream4_IRQHandler
 .text.DMA2_Stream5_IRQHandler
                0x08001544       0x14 ..\obj\tm_stm32f4_dma.o
                0x08001544                DMA2_Stream5_IRQHandler
 .text.DMA2_Stream6_IRQHandler
                0x08001558       0x14 ..\obj\tm_stm32f4_dma.o
                0x08001558                DMA2_Stream6_IRQHandler
 .text.DMA2_Stream7_IRQHandler
                0x0800156c       0x14 ..\obj\tm_stm32f4_dma.o
                0x0800156c                DMA2_Stream7_IRQHandler
 .text.TM_SPI_Send
                0x08001580       0x74 ..\obj\fatfs_sd.o
 .text.Delayms  0x080015f4       0x58 ..\obj\fatfs_sd.o
 .text.init_spi
                0x0800164c       0x2c ..\obj\fatfs_sd.o
 .text.rcvr_spi_multi
                0x08001678       0x24 ..\obj\fatfs_sd.o
 .text.xmit_spi_multi
                0x0800169c       0x20 ..\obj\fatfs_sd.o
 .text.wait_ready
                0x080016bc       0x44 ..\obj\fatfs_sd.o
 .text.deselect
                0x08001700       0x20 ..\obj\fatfs_sd.o
 .text.select1  0x08001720       0x38 ..\obj\fatfs_sd.o
 .text.rcvr_datablock
                0x08001758       0x60 ..\obj\fatfs_sd.o
 .text.xmit_datablock
                0x080017b8       0x70 ..\obj\fatfs_sd.o
 .text.send_cmd
                0x08001828       0xf4 ..\obj\fatfs_sd.o
 .text.TM_FATFS_InitPins
                0x0800191c       0x28 ..\obj\fatfs_sd.o
                0x0800191c                TM_FATFS_InitPins
 .text.TM_FATFS_Detect
                0x08001944       0x10 ..\obj\fatfs_sd.o
                0x08001944                TM_FATFS_Detect
 .text.TM_FATFS_WriteEnabled
                0x08001954       0x10 ..\obj\fatfs_sd.o
                0x08001954                TM_FATFS_WriteEnabled
 .text.TM_FATFS_SD_disk_initialize
                0x08001964      0x1d0 ..\obj\fatfs_sd.o
                0x08001964                TM_FATFS_SD_disk_initialize
 .text.TM_FATFS_SD_disk_status
                0x08001b34       0x4c ..\obj\fatfs_sd.o
                0x08001b34                TM_FATFS_SD_disk_status
 .text.TM_FATFS_SD_disk_read
                0x08001b80       0xc4 ..\obj\fatfs_sd.o
                0x08001b80                TM_FATFS_SD_disk_read
 .text.TM_FATFS_SD_disk_write
                0x08001c44      0x100 ..\obj\fatfs_sd.o
                0x08001c44                TM_FATFS_SD_disk_write
 .text.TM_FATFS_SD_disk_ioctl
                0x08001d44      0x2e4 ..\obj\fatfs_sd.o
                0x08001d44                TM_FATFS_SD_disk_ioctl
 .text.TIM4_IRQHandler
                0x08002028       0xfc ..\obj\tm_stm32f4_delay.o
                0x08002028                TIM4_IRQHandler
 .text.TM_DELAY_Init
                0x08002124       0x18 ..\obj\tm_stm32f4_delay.o
                0x08002124                TM_DELAY_Init
 *fill*         0x0800213c        0x4 
 .text.TM_DELAY_INT_InitTIM
                0x08002140       0xbc ..\obj\tm_stm32f4_delay.o
                0x08002140                TM_DELAY_INT_InitTIM
 .text.ff_memalloc
                0x080021fc       0x18 ..\obj\syscall.o
                0x080021fc                ff_memalloc
 .text.ff_memfree
                0x08002214       0x18 ..\obj\syscall.o
                0x08002214                ff_memfree
 .text.TM_SPI_Init
                0x0800222c       0x7c ..\obj\tm_stm32f4_spi.o
                0x0800222c                TM_SPI_Init
 .text.TM_SPI_SetDataSize
                0x080022a8       0x78 ..\obj\tm_stm32f4_spi.o
                0x080022a8                TM_SPI_SetDataSize
 .text.TM_SPI_WriteMulti
                0x08002320       0x88 ..\obj\tm_stm32f4_spi.o
                0x08002320                TM_SPI_WriteMulti
 .text.TM_SPI_ReadMulti
                0x080023a8       0x94 ..\obj\tm_stm32f4_spi.o
                0x080023a8                TM_SPI_ReadMulti
 .text.TM_SPI_InitCustomPinsCallback
                0x0800243c       0x18 ..\obj\tm_stm32f4_spi.o
                0x0800243c                TM_SPI_InitCustomPinsCallback
 .text.TM_SPIx_Init
                0x08002454      0x11c ..\obj\tm_stm32f4_spi.o
 .text.TM_SPI1_INT_InitPins
                0x08002570       0x60 ..\obj\tm_stm32f4_spi.o
                0x08002570                TM_SPI1_INT_InitPins
 .text.TM_SPI2_INT_InitPins
                0x080025d0       0x98 ..\obj\tm_stm32f4_spi.o
                0x080025d0                TM_SPI2_INT_InitPins
 .text.TM_SPI3_INT_InitPins
                0x08002668       0x64 ..\obj\tm_stm32f4_spi.o
                0x08002668                TM_SPI3_INT_InitPins
 .text.GPIO_Init
                0x080026cc      0x11c ..\obj\stm32f4xx_gpio.o
                0x080026cc                GPIO_Init
 .text.GPIO_ReadInputDataBit
                0x080027e8       0x34 ..\obj\stm32f4xx_gpio.o
                0x080027e8                GPIO_ReadInputDataBit
 .text.GPIO_SetBits
                0x0800281c       0x1c ..\obj\stm32f4xx_gpio.o
                0x0800281c                GPIO_SetBits
 .text.GPIO_ResetBits
                0x08002838       0x1c ..\obj\stm32f4xx_gpio.o
                0x08002838                GPIO_ResetBits
 .text.GPIO_WriteBit
                0x08002854       0x30 ..\obj\stm32f4xx_gpio.o
                0x08002854                GPIO_WriteBit
 .text.SystemInit
                0x08002884       0x5c ..\obj\system_stm32f4xx.o
                0x08002884                SystemInit
 .text.SetSysClock
                0x080028e0       0xf4 ..\obj\system_stm32f4xx.o
 .text._sbrk    0x080029d4       0x3c ..\obj\syscalls.o
                0x080029d4                _sbrk
 .text.DMA_Init
                0x08002a10       0xac ..\obj\stm32f4xx_dma.o
                0x08002a10                DMA_Init
 .text.mem_cpy  0x08002abc       0x3c ..\obj\ff.o
 .text.mem_set  0x08002af8       0x34 ..\obj\ff.o
 .text.mem_cmp  0x08002b2c       0x4c ..\obj\ff.o
 .text.chk_chr  0x08002b78       0x34 ..\obj\ff.o
 .text.sync_window
                0x08002bac       0x88 ..\obj\ff.o
 .text.move_window
                0x08002c34       0x5c ..\obj\ff.o
 .text.sync_fs  0x08002c90      0x13c ..\obj\ff.o
 .text.clust2sect
                0x08002dcc       0x3c ..\obj\ff.o
                0x08002dcc                clust2sect
 .text.get_fat  0x08002e08      0x174 ..\obj\ff.o
                0x08002e08                get_fat
 .text.put_fat  0x08002f7c      0x210 ..\obj\ff.o
                0x08002f7c                put_fat
 .text.remove_chain
                0x0800318c       0xa8 ..\obj\ff.o
 .text.create_chain
                0x08003234      0x128 ..\obj\ff.o
 .text.dir_sdi  0x0800335c      0x100 ..\obj\ff.o
 .text.dir_next
                0x0800345c      0x1a8 ..\obj\ff.o
 .text.dir_alloc
                0x08003604       0x8c ..\obj\ff.o
 .text.ld_clust
                0x08003690       0x58 ..\obj\ff.o
 .text.st_clust
                0x080036e8       0x44 ..\obj\ff.o
 .text.cmp_lfn  0x0800372c       0xdc ..\obj\ff.o
 .text.fit_lfn  0x08003808       0xe8 ..\obj\ff.o
 .text.gen_numname
                0x080038f0      0x11c ..\obj\ff.o
 .text.sum_sfn  0x08003a0c       0x40 ..\obj\ff.o
 .text.dir_find
                0x08003a4c      0x168 ..\obj\ff.o
 .text.dir_register
                0x08003bb4      0x200 ..\obj\ff.o
 .text.create_name
                0x08003db4      0x3f8 ..\obj\ff.o
 .text.follow_path
                0x080041ac      0x108 ..\obj\ff.o
 .text.get_ldnumber
                0x080042b4      0x10c ..\obj\ff.o
 .text.check_fs
                0x080043c0       0xd4 ..\obj\ff.o
 .text.find_volume
                0x08004494      0x56c ..\obj\ff.o
 .text.validate
                0x08004a00       0x5c ..\obj\ff.o
 .text.f_mount  0x08004a5c       0x88 ..\obj\ff.o
                0x08004a5c                f_mount
 .text.f_open   0x08004ae4      0x29c ..\obj\ff.o
                0x08004ae4                f_open
 .text.f_write  0x08004d80      0x2d8 ..\obj\ff.o
                0x08004d80                f_write
 .text.f_sync   0x08005058      0x148 ..\obj\ff.o
                0x08005058                f_sync
 .text.f_close  0x080051a0       0x38 ..\obj\ff.o
                0x080051a0                f_close
 .text.f_getfree
                0x080051d8      0x188 ..\obj\ff.o
                0x080051d8                f_getfree
 .text.putc_bfd
                0x08005360       0x7c ..\obj\ff.o
 .text.f_puts   0x080053dc       0x74 ..\obj\ff.o
                0x080053dc                f_puts
 .text.SPI_Init
                0x08005450       0x88 ..\obj\stm32f4xx_spi.o
                0x08005450                SPI_Init
 .text.SPI_StructInit
                0x080054d8       0x48 ..\obj\stm32f4xx_spi.o
                0x080054d8                SPI_StructInit
 .text.TM_SPI_Send
                0x08005520       0x74 ..\obj\tm_stm32f4_ili9341.o
 .text.TM_ILI9341_Init
                0x08005594       0xa0 ..\obj\tm_stm32f4_ili9341.o
                0x08005594                TM_ILI9341_Init
 .text.TM_ILI9341_InitLCD
                0x08005634      0x274 ..\obj\tm_stm32f4_ili9341.o
                0x08005634                TM_ILI9341_InitLCD
 .text.TM_ILI9341_SendCommand
                0x080058a8       0x3c ..\obj\tm_stm32f4_ili9341.o
                0x080058a8                TM_ILI9341_SendCommand
 .text.TM_ILI9341_SendData
                0x080058e4       0x3c ..\obj\tm_stm32f4_ili9341.o
                0x080058e4                TM_ILI9341_SendData
 .text.TM_ILI9341_DrawPixel
                0x08005920       0x40 ..\obj\tm_stm32f4_ili9341.o
                0x08005920                TM_ILI9341_DrawPixel
 .text.TM_ILI9341_SetCursorPosition
                0x08005960       0x94 ..\obj\tm_stm32f4_ili9341.o
                0x08005960                TM_ILI9341_SetCursorPosition
 .text.TM_ILI9341_Fill
                0x080059f4       0x30 ..\obj\tm_stm32f4_ili9341.o
                0x080059f4                TM_ILI9341_Fill
 .text.TM_ILI9341_INT_Fill
                0x08005a24       0xcc ..\obj\tm_stm32f4_ili9341.o
                0x08005a24                TM_ILI9341_INT_Fill
 .text.TM_ILI9341_Delay
                0x08005af0       0x20 ..\obj\tm_stm32f4_ili9341.o
                0x08005af0                TM_ILI9341_Delay
 .text.TM_ILI9341_Puts
                0x08005b10       0xb0 ..\obj\tm_stm32f4_ili9341.o
                0x08005b10                TM_ILI9341_Puts
 .text.TM_ILI9341_Putc
                0x08005bc0      0x124 ..\obj\tm_stm32f4_ili9341.o
                0x08005bc0                TM_ILI9341_Putc
 .text.TM_ILI9341_DrawFilledRectangle
                0x08005ce4       0x70 ..\obj\tm_stm32f4_ili9341.o
                0x08005ce4                TM_ILI9341_DrawFilledRectangle
 .text.NVIC_PriorityGroupConfig
                0x08005d54       0x24 ..\obj\misc.o
                0x08005d54                NVIC_PriorityGroupConfig
 .text.NVIC_Init
                0x08005d78       0xc0 ..\obj\misc.o
                0x08005d78                NVIC_Init
 .text.TM_GPIO_Init
                0x08005e38       0x48 ..\obj\tm_stm32f4_gpio.o
                0x08005e38                TM_GPIO_Init
 .text.TM_GPIO_InitAlternate
                0x08005e80       0xa8 ..\obj\tm_stm32f4_gpio.o
                0x08005e80                TM_GPIO_InitAlternate
 .text.TM_GPIO_GetPortSource
                0x08005f28       0x20 ..\obj\tm_stm32f4_gpio.o
                0x08005f28                TM_GPIO_GetPortSource
 .text.TM_GPIO_INT_EnableClock
                0x08005f48       0x30 ..\obj\tm_stm32f4_gpio.o
                0x08005f48                TM_GPIO_INT_EnableClock
 .text.TM_GPIO_INT_Init
                0x08005f78      0x110 ..\obj\tm_stm32f4_gpio.o
                0x08005f78                TM_GPIO_INT_Init
 .text.TM_TIMER_PROPERTIES_GetTimerProperties
                0x08006088      0x100 ..\obj\tm_stm32f4_timer_properties.o
                0x08006088                TM_TIMER_PROPERTIES_GetTimerProperties
 .text.TM_TIMER_PROPERTIES_GenerateDataForWorkingFrequency
                0x08006188      0x118 ..\obj\tm_stm32f4_timer_properties.o
                0x08006188                TM_TIMER_PROPERTIES_GenerateDataForWorkingFrequency
 .text.TM_TIMER_PROPERTIES_EnableClock
                0x080062a0      0x148 ..\obj\tm_stm32f4_timer_properties.o
                0x080062a0                TM_TIMER_PROPERTIES_EnableClock
 .text.TIM_TimeBaseInit
                0x080063e8       0xd4 ..\obj\stm32f4xx_tim.o
                0x080063e8                TIM_TimeBaseInit
 .text.TIM_Cmd  0x080064bc       0x40 ..\obj\stm32f4xx_tim.o
                0x080064bc                TIM_Cmd
 .text.TIM_ITConfig
                0x080064fc       0x48 ..\obj\stm32f4xx_tim.o
                0x080064fc                TIM_ITConfig
 .text.TIM_GetITStatus
                0x08006544       0x54 ..\obj\stm32f4xx_tim.o
                0x08006544                TIM_GetITStatus
 .text.TIM_ClearITPendingBit
                0x08006598       0x20 ..\obj\stm32f4xx_tim.o
                0x08006598                TIM_ClearITPendingBit
 .text          0x080065b8      0x370 c:/program files (x86)/gnu tools arm embedded/5.2 2015q4/bin/../lib/gcc/arm-none-eabi/5.2.1/armv7e-m\libgcc.a(_arm_addsubdf3.o)
                0x080065b8                __aeabi_drsub
                0x080065c0                __aeabi_dsub
                0x080065c0                __subdf3
                0x080065c4                __aeabi_dadd
                0x080065c4                __adddf3
                0x0800683c                __floatunsidf
                0x0800683c                __aeabi_ui2d
                0x0800685c                __floatsidf
                0x0800685c                __aeabi_i2d
                0x08006880                __aeabi_f2d
                0x08006880                __extendsfdf2
                0x080068bc                __floatundidf
                0x080068bc                __aeabi_ul2d
                0x080068cc                __floatdidf
                0x080068cc                __aeabi_l2d
 .text          0x08006928      0x424 c:/program files (x86)/gnu tools arm embedded/5.2 2015q4/bin/../lib/gcc/arm-none-eabi/5.2.1/armv7e-m\libgcc.a(_arm_muldivdf3.o)
                0x08006928                __aeabi_dmul
                0x08006928                __muldf3
                0x08006b7c                __divdf3
                0x08006b7c                __aeabi_ddiv
 .text          0x08006d4c      0x110 c:/program files (x86)/gnu tools arm embedded/5.2 2015q4/bin/../lib/gcc/arm-none-eabi/5.2.1/armv7e-m\libgcc.a(_arm_cmpdf2.o)
                0x08006d4c                __gtdf2
                0x08006d4c                __gedf2
                0x08006d54                __ltdf2
                0x08006d54                __ledf2
                0x08006d5c                __nedf2
                0x08006d5c                __eqdf2
                0x08006d5c                __cmpdf2
                0x08006dd8                __aeabi_cdrcmple
                0x08006de8                __aeabi_cdcmpeq
                0x08006de8                __aeabi_cdcmple
                0x08006df8                __aeabi_dcmpeq
                0x08006e0c                __aeabi_dcmplt
                0x08006e20                __aeabi_dcmple
                0x08006e34                __aeabi_dcmpge
                0x08006e48                __aeabi_dcmpgt
 .text          0x08006e5c       0x40 c:/program files (x86)/gnu tools arm embedded/5.2 2015q4/bin/../lib/gcc/arm-none-eabi/5.2.1/armv7e-m\libgcc.a(_arm_fixunsdfsi.o)
                0x08006e5c                __aeabi_d2uiz
                0x08006e5c                __fixunsdfsi
 .text.__itoa   0x08006e9c       0x30 c:/program files (x86)/gnu tools arm embedded/5.2 2015q4/bin/../lib/gcc/arm-none-eabi/5.2.1/../../../../arm-none-eabi/lib/armv7e-m\libc.a(lib_a-itoa.o)
                0x08006e9c                __itoa
 .text.itoa     0x08006ecc        0x4 c:/program files (x86)/gnu tools arm embedded/5.2 2015q4/bin/../lib/gcc/arm-none-eabi/5.2.1/../../../../arm-none-eabi/lib/armv7e-m\libc.a(lib_a-itoa.o)
                0x08006ecc                itoa
 .text.malloc   0x08006ed0       0x10 c:/program files (x86)/gnu tools arm embedded/5.2 2015q4/bin/../lib/gcc/arm-none-eabi/5.2.1/../../../../arm-none-eabi/lib/armv7e-m\libc.a(lib_a-malloc.o)
                0x08006ed0                malloc
 .text.free     0x08006ee0       0x10 c:/program files (x86)/gnu tools arm embedded/5.2 2015q4/bin/../lib/gcc/arm-none-eabi/5.2.1/../../../../arm-none-eabi/lib/armv7e-m\libc.a(lib_a-malloc.o)
                0x08006ee0                free
 .text._malloc_r
                0x08006ef0      0x570 c:/program files (x86)/gnu tools arm embedded/5.2 2015q4/bin/../lib/gcc/arm-none-eabi/5.2.1/../../../../arm-none-eabi/lib/armv7e-m\libc.a(lib_a-mallocr.o)
                0x08006ef0                _malloc_r
 .text.__malloc_lock
                0x08007460        0x4 c:/program files (x86)/gnu tools arm embedded/5.2 2015q4/bin/../lib/gcc/arm-none-eabi/5.2.1/../../../../arm-none-eabi/lib/armv7e-m\libc.a(lib_a-mlock.o)
                0x08007460                __malloc_lock
 .text.__malloc_unlock
                0x08007464        0x4 c:/program files (x86)/gnu tools arm embedded/5.2 2015q4/bin/../lib/gcc/arm-none-eabi/5.2.1/../../../../arm-none-eabi/lib/armv7e-m\libc.a(lib_a-mlock.o)
                0x08007464                __malloc_unlock
 .text._sbrk_r  0x08007468       0x24 c:/program files (x86)/gnu tools arm embedded/5.2 2015q4/bin/../lib/gcc/arm-none-eabi/5.2.1/../../../../arm-none-eabi/lib/armv7e-m\libc.a(lib_a-sbrkr.o)
                0x08007468                _sbrk_r
 .text.__utoa   0x0800748c       0x80 c:/program files (x86)/gnu tools arm embedded/5.2 2015q4/bin/../lib/gcc/arm-none-eabi/5.2.1/../../../../arm-none-eabi/lib/armv7e-m\libc.a(lib_a-utoa.o)
                0x0800748c                __utoa
 .text._malloc_trim_r
                0x0800750c       0x9c c:/program files (x86)/gnu tools arm embedded/5.2 2015q4/bin/../lib/gcc/arm-none-eabi/5.2.1/../../../../arm-none-eabi/lib/armv7e-m\libc.a(lib_a-freer.o)
                0x0800750c                _malloc_trim_r
 .text._free_r  0x080075a8      0x1d0 c:/program files (x86)/gnu tools arm embedded/5.2 2015q4/bin/../lib/gcc/arm-none-eabi/5.2.1/../../../../arm-none-eabi/lib/armv7e-m\libc.a(lib_a-freer.o)
                0x080075a8                _free_r
 *(.init)
 *(.fini)
 *crtbegin.o(.ctors)
 *crtbegin?.o(.ctors)
 *(EXCLUDE_FILE(*crtend.o *crtend?.o) .ctors)
 *(SORT(.ctors.*))
 *(.ctors)
 *crtbegin.o(.dtors)
 *crtbegin?.o(.dtors)
 *(EXCLUDE_FILE(*crtend.o *crtend?.o) .dtors)
 *(SORT(.dtors.*))
 *(.dtors)
 *(.rodata*)
 .rodata        0x08007778        0xc ..\obj\tm_stm32f4_fatfs.o
 .rodata        0x08007784       0x35 ..\obj\main.o
 *fill*         0x080077b9        0x3 
 .rodata        0x080077bc       0x14 ..\obj\tm_stm32f4_dma.o
 .rodata        0x080077d0      0x17e ..\obj\ff.o
 *fill*         0x0800794e        0x2 
 .rodata        0x08007950     0x2814 ..\obj\tm_stm32f4_fonts.o
                0x08007950                TM_Font7x10
                0x080080bc                TM_Font11x18
                0x08008e18                TM_Font16x26
 .rodata.str1.4
                0x0800a164       0x25 c:/program files (x86)/gnu tools arm embedded/5.2 2015q4/bin/../lib/gcc/arm-none-eabi/5.2.1/../../../../arm-none-eabi/lib/armv7e-m\libc.a(lib_a-utoa.o)
 *fill*         0x0800a189        0x3 
 .rodata.str1.4
                0x0800a18c        0x4 c:/program files (x86)/gnu tools arm embedded/5.2 2015q4/bin/../lib/gcc/arm-none-eabi/5.2.1/../../../../arm-none-eabi/lib/armv7e-m\libc.a(lib_a-impure.o)
                                  0x2 (size before relaxing)
 *(.eh_fram e*)

.glue_7         0x0800a190        0x0
 .glue_7        0x0800a190        0x0 linker stubs

.glue_7t        0x0800a190        0x0
 .glue_7t       0x0800a190        0x0 linker stubs

.vfp11_veneer   0x0800a190        0x0
 .vfp11_veneer  0x0800a190        0x0 linker stubs

.v4_bx          0x0800a190        0x0
 .v4_bx         0x0800a190        0x0 linker stubs

.iplt           0x0800a190        0x0
 .iplt          0x0800a190        0x0 ..\obj\tm_stm32f4_fatfs.o

.rel.dyn        0x0800a190        0x0
 .rel.iplt      0x0800a190        0x0 ..\obj\tm_stm32f4_fatfs.o

.ARM.extab
 *(.ARM.extab* .gnu.linkonce.armextab.*)
                0x0800a190                __exidx_start = .

.ARM.exidx
 *(.ARM.exidx* .gnu.linkonce.armexidx.*)
                0x0800a190                __exidx_end = .
                0x0800a190                __etext = .
                0x0800a190                _sidata = __etext

.data           0x20000000      0x964 load address 0x0800a190
                0x20000000                __data_start__ = .
                0x20000000                _sdata = __data_start__
 *(vtable)
 *(.data*)
 .data          0x20000000       0x48 ..\obj\tm_stm32f4_spi_dma.o
 .data          0x20000048       0xb4 ..\obj\diskio.o
                0x20000048                FATFS_LowLevelDrivers
 .data          0x200000fc       0x10 ..\obj\stm32f4xx_rcc.o
 .data          0x2000010c        0x1 ..\obj\fatfs_sd.o
 *fill*         0x2000010d        0x3 
 .data          0x20000110       0x18 ..\obj\tm_stm32f4_fonts.o
                0x20000110                TM_Font_7x10
                0x20000118                TM_Font_11x18
                0x20000120                TM_Font_16x26
 .data.__malloc_av_
                0x20000128      0x408 c:/program files (x86)/gnu tools arm embedded/5.2 2015q4/bin/../lib/gcc/arm-none-eabi/5.2.1/../../../../arm-none-eabi/lib/armv7e-m\libc.a(lib_a-mallocr.o)
                0x20000128                __malloc_av_
 .data.__malloc_trim_threshold
                0x20000530        0x4 c:/program files (x86)/gnu tools arm embedded/5.2 2015q4/bin/../lib/gcc/arm-none-eabi/5.2.1/../../../../arm-none-eabi/lib/armv7e-m\libc.a(lib_a-mallocr.o)
                0x20000530                __malloc_trim_threshold
 .data.__malloc_sbrk_base
                0x20000534        0x4 c:/program files (x86)/gnu tools arm embedded/5.2 2015q4/bin/../lib/gcc/arm-none-eabi/5.2.1/../../../../arm-none-eabi/lib/armv7e-m\libc.a(lib_a-mallocr.o)
                0x20000534                __malloc_sbrk_base
 .data.impure_data
                0x20000538      0x428 c:/program files (x86)/gnu tools arm embedded/5.2 2015q4/bin/../lib/gcc/arm-none-eabi/5.2.1/../../../../arm-none-eabi/lib/armv7e-m\libc.a(lib_a-impure.o)
 .data._impure_ptr
                0x20000960        0x4 c:/program files (x86)/gnu tools arm embedded/5.2 2015q4/bin/../lib/gcc/arm-none-eabi/5.2.1/../../../../arm-none-eabi/lib/armv7e-m\libc.a(lib_a-impure.o)
                0x20000960                _impure_ptr
                0x20000964                . = ALIGN (0x4)
                [!provide]                PROVIDE (__preinit_array_start, .)
 *(.preinit_array)
                [!provide]                PROVIDE (__preinit_array_end, .)
                0x20000964                . = ALIGN (0x4)
                [!provide]                PROVIDE (__init_array_start, .)
 *(SORT(.init_array.*))
 *(.init_array)
                [!provide]                PROVIDE (__init_array_end, .)
                0x20000964                . = ALIGN (0x4)
                [!provide]                PROVIDE (__fini_array_start, .)
 *(SORT(.fini_array.*))
 *(.fini_array)
                [!provide]                PROVIDE (__fini_array_end, .)
 *(.jcr*)
                0x20000964                . = ALIGN (0x4)
                0x20000964                __data_end__ = .
                0x20000964                _edata = __data_end__

.igot.plt       0x20000964        0x0 load address 0x0800aaf4
 .igot.plt      0x20000964        0x0 ..\obj\tm_stm32f4_fatfs.o

.bss            0x20000964       0xf8 load address 0x0800aaf4
                0x20000964                . = ALIGN (0x4)
                0x20000964                __bss_start__ = .
                0x20000964                _sbss = __bss_start__
 *(.bss*)
 .bss           0x20000964       0x3c ..\obj\tm_stm32f4_spi_dma.o
 .bss           0x200009a0        0x4 ..\obj\main.o
                0x200009a0                ile
 .bss           0x200009a4        0x1 ..\obj\fatfs_sd.o
 *fill*         0x200009a5        0x3 
 .bss           0x200009a8       0x28 ..\obj\tm_stm32f4_delay.o
                0x200009a8                TM_TimingDelay
                0x200009ac                TM_Time
                0x200009b0                TM_Time2
                0x200009b4                TM_DELAY_Initialized
 .bss           0x200009d0        0x4 ..\obj\syscalls.o
 .bss           0x200009d4       0x27 ..\obj\ff.o
 *fill*         0x200009fb        0x1 
 .bss           0x200009fc       0x16 ..\obj\tm_stm32f4_gpio.o
 *fill*         0x20000a12        0x2 
 .bss.__malloc_max_total_mem
                0x20000a14        0x4 c:/program files (x86)/gnu tools arm embedded/5.2 2015q4/bin/../lib/gcc/arm-none-eabi/5.2.1/../../../../arm-none-eabi/lib/armv7e-m\libc.a(lib_a-mallocr.o)
                0x20000a14                __malloc_max_total_mem
 .bss.__malloc_max_sbrked_mem
                0x20000a18        0x4 c:/program files (x86)/gnu tools arm embedded/5.2 2015q4/bin/../lib/gcc/arm-none-eabi/5.2.1/../../../../arm-none-eabi/lib/armv7e-m\libc.a(lib_a-mallocr.o)
                0x20000a18                __malloc_max_sbrked_mem
 .bss.__malloc_top_pad
                0x20000a1c        0x4 c:/program files (x86)/gnu tools arm embedded/5.2 2015q4/bin/../lib/gcc/arm-none-eabi/5.2.1/../../../../arm-none-eabi/lib/armv7e-m\libc.a(lib_a-mallocr.o)
                0x20000a1c                __malloc_top_pad
 .bss.__malloc_current_mallinfo
                0x20000a20       0x28 c:/program files (x86)/gnu tools arm embedded/5.2 2015q4/bin/../lib/gcc/arm-none-eabi/5.2.1/../../../../arm-none-eabi/lib/armv7e-m\libc.a(lib_a-mallocr.o)
                0x20000a20                __malloc_current_mallinfo
 *(COMMON)
 COMMON         0x20000a48        0x4 ..\obj\main.o
                0x20000a48                odleglosc
 COMMON         0x20000a4c        0xc ..\obj\tm_stm32f4_ili9341.o
                0x20000a4c                ILI9341_x
                0x20000a50                ILI9341_Opts
                0x20000a56                ILI9341_y
 COMMON         0x20000a58        0x4 c:/program files (x86)/gnu tools arm embedded/5.2 2015q4/bin/../lib/gcc/arm-none-eabi/5.2.1/../../../../arm-none-eabi/lib/armv7e-m\libc.a(lib_a-reent.o)
                0x20000a58                errno
                0x20000a5c                . = ALIGN (0x4)
                0x20000a5c                __bss_end__ = .
                0x20000a5c                _ebss = __bss_end__

.heap           0x20000a5c        0x0
                0x20000a5c                __end__ = .
                0x20000a5c                _end = __end__
                0x20000a5c                end = __end__
 *(.heap*)
                0x20000a5c                __HeapLimit = .

.co_stack       0x20000a5c      0x804 load address 0x0800abec
                0x20000a60                . = ALIGN (0x8)
 *fill*         0x20000a5c        0x4 
 *(.co_stack .co_stack.*)
 .co_stack      0x20000a60      0x800 ..\obj\startup_stm32f4xx.o
                0x20000a60                pulStack
                0x20020000                __StackTop = (ORIGIN (ram) + LENGTH (ram))
                0x2001f7fc                __StackLimit = (__StackTop - SIZEOF (.co_stack))
                [!provide]                PROVIDE (__stack, __StackTop)
                0x00000001                ASSERT ((__StackLimit >= __HeapLimit), region ram  overflowed with stack)
LOAD ..\obj\tm_stm32f4_fatfs.o
LOAD ..\obj\unicode.o
LOAD ..\obj\stm32f4xx_syscfg.o
LOAD ..\obj\tm_stm32f4_spi_dma.o
LOAD ..\obj\stm32f4xx_dac.o
LOAD ..\obj\diskio.o
LOAD ..\obj\startup_stm32f4xx.o
LOAD ..\obj\main.o
LOAD ..\obj\stm32f4xx_rcc.o
LOAD ..\obj\stm32f4xx_adc.o
LOAD ..\obj\tm_stm32f4_dma.o
LOAD ..\obj\fatfs_sd.o
LOAD ..\obj\tm_stm32f4_delay.o
LOAD ..\obj\syscall.o
LOAD ..\obj\tm_stm32f4_spi.o
LOAD ..\obj\stm32f4xx_gpio.o
LOAD ..\obj\system_stm32f4xx.o
LOAD ..\obj\syscalls.o
LOAD ..\obj\stm32f4xx_dma.o
LOAD ..\obj\ff.o
LOAD ..\obj\stm32f4xx_spi.o
LOAD ..\obj\tm_stm32f4_ili9341.o
LOAD ..\obj\stm32f4xx_exti.o
LOAD ..\obj\misc.o
LOAD ..\obj\tm_stm32f4_gpio.o
LOAD ..\obj\stm32f4_discovery_lis302dl.o
LOAD ..\obj\tm_stm32f4_timer_properties.o
LOAD ..\obj\tm_stm32f4_fonts.o
LOAD ..\obj\stm32f4xx_tim.o
LOAD c:/program files (x86)/gnu tools arm embedded/5.2 2015q4/bin/../lib/gcc/arm-none-eabi/5.2.1/../../../../arm-none-eabi/lib/armv7e-m\libm.a
LOAD c:/program files (x86)/gnu tools arm embedded/5.2 2015q4/bin/../lib/gcc/arm-none-eabi/5.2.1/armv7e-m\libgcc.a
LOAD c:/program files (x86)/gnu tools arm embedded/5.2 2015q4/bin/../lib/gcc/arm-none-eabi/5.2.1/../../../../arm-none-eabi/lib/armv7e-m\libc.a
START GROUP
LOAD c:/program files (x86)/gnu tools arm embedded/5.2 2015q4/bin/../lib/gcc/arm-none-eabi/5.2.1/armv7e-m\libgcc.a
LOAD c:/program files (x86)/gnu tools arm embedded/5.2 2015q4/bin/../lib/gcc/arm-none-eabi/5.2.1/../../../../arm-none-eabi/lib/armv7e-m\libg.a
LOAD c:/program files (x86)/gnu tools arm embedded/5.2 2015q4/bin/../lib/gcc/arm-none-eabi/5.2.1/../../../../arm-none-eabi/lib/armv7e-m\libc.a
END GROUP
OUTPUT(test.elf elf32-littlearm)

.debug_info     0x00000000     0xdda9
 .debug_info    0x00000000      0x89d ..\obj\tm_stm32f4_fatfs.o
 .debug_info    0x0000089d      0x87e ..\obj\tm_stm32f4_spi_dma.o
 .debug_info    0x0000111b      0x89f ..\obj\diskio.o
 .debug_info    0x000019ba       0xed ..\obj\startup_stm32f4xx.o
 .debug_info    0x00001aa7      0xc66 ..\obj\main.o
 .debug_info    0x0000270d      0xc59 ..\obj\stm32f4xx_rcc.o
 .debug_info    0x00003366      0x925 ..\obj\tm_stm32f4_dma.o
 .debug_info    0x00003c8b      0x8a7 ..\obj\fatfs_sd.o
 .debug_info    0x00004532      0x9e3 ..\obj\tm_stm32f4_delay.o
 .debug_info    0x00004f15       0xd2 ..\obj\syscall.o
 .debug_info    0x00004fe7      0xa95 ..\obj\tm_stm32f4_spi.o
 .debug_info    0x00005a7c      0x61a ..\obj\stm32f4xx_gpio.o
 .debug_info    0x00006096      0x596 ..\obj\system_stm32f4xx.o
 .debug_info    0x0000662c      0x3f5 ..\obj\syscalls.o
 .debug_info    0x00006a21      0x741 ..\obj\stm32f4xx_dma.o
 .debug_info    0x00007162     0x25a5 ..\obj\ff.o
 .debug_info    0x00009707      0xb0f ..\obj\stm32f4xx_spi.o
 .debug_info    0x0000a216      0xaf7 ..\obj\tm_stm32f4_ili9341.o
 .debug_info    0x0000ad0d      0x541 ..\obj\misc.o
 .debug_info    0x0000b24e      0x82d ..\obj\tm_stm32f4_gpio.o
 .debug_info    0x0000ba7b      0x481 ..\obj\tm_stm32f4_timer_properties.o
 .debug_info    0x0000befc      0x244 ..\obj\tm_stm32f4_fonts.o
 .debug_info    0x0000c140     0x1c69 ..\obj\stm32f4xx_tim.o

.debug_abbrev   0x00000000     0x233b
 .debug_abbrev  0x00000000      0x18e ..\obj\tm_stm32f4_fatfs.o
 .debug_abbrev  0x0000018e      0x17e ..\obj\tm_stm32f4_spi_dma.o
 .debug_abbrev  0x0000030c      0x1ab ..\obj\diskio.o
 .debug_abbrev  0x000004b7       0xb0 ..\obj\startup_stm32f4xx.o
 .debug_abbrev  0x00000567      0x24e ..\obj\main.o
 .debug_abbrev  0x000007b5      0x1e5 ..\obj\stm32f4xx_rcc.o
 .debug_abbrev  0x0000099a      0x206 ..\obj\tm_stm32f4_dma.o
 .debug_abbrev  0x00000ba0      0x28c ..\obj\fatfs_sd.o
 .debug_abbrev  0x00000e2c      0x260 ..\obj\tm_stm32f4_delay.o
 .debug_abbrev  0x0000108c       0x7f ..\obj\syscall.o
 .debug_abbrev  0x0000110b      0x1e6 ..\obj\tm_stm32f4_spi.o
 .debug_abbrev  0x000012f1      0x1a7 ..\obj\stm32f4xx_gpio.o
 .debug_abbrev  0x00001498      0x138 ..\obj\system_stm32f4xx.o
 .debug_abbrev  0x000015d0       0xe5 ..\obj\syscalls.o
 .debug_abbrev  0x000016b5      0x157 ..\obj\stm32f4xx_dma.o
 .debug_abbrev  0x0000180c      0x1fc ..\obj\ff.o
 .debug_abbrev  0x00001a08      0x169 ..\obj\stm32f4xx_spi.o
 .debug_abbrev  0x00001b71      0x1b7 ..\obj\tm_stm32f4_ili9341.o
 .debug_abbrev  0x00001d28      0x147 ..\obj\misc.o
 .debug_abbrev  0x00001e6f      0x151 ..\obj\tm_stm32f4_gpio.o
 .debug_abbrev  0x00001fc0      0x10b ..\obj\tm_stm32f4_timer_properties.o
 .debug_abbrev  0x000020cb       0xe7 ..\obj\tm_stm32f4_fonts.o
 .debug_abbrev  0x000021b2      0x189 ..\obj\stm32f4xx_tim.o

.debug_aranges  0x00000000     0x1098
 .debug_aranges
                0x00000000       0x58 ..\obj\tm_stm32f4_fatfs.o
 .debug_aranges
                0x00000058       0x78 ..\obj\tm_stm32f4_spi_dma.o
 .debug_aranges
                0x000000d0      0x118 ..\obj\diskio.o
 .debug_aranges
                0x000001e8       0x28 ..\obj\startup_stm32f4xx.o
 .debug_aranges
                0x00000210       0x78 ..\obj\main.o
 .debug_aranges
                0x00000288      0x178 ..\obj\stm32f4xx_rcc.o
 .debug_aranges
                0x00000400       0xf8 ..\obj\tm_stm32f4_dma.o
 .debug_aranges
                0x000004f8       0xb0 ..\obj\fatfs_sd.o
 .debug_aranges
                0x000005a8       0x78 ..\obj\tm_stm32f4_delay.o
 .debug_aranges
                0x00000620       0x28 ..\obj\syscall.o
 .debug_aranges
                0x00000648       0x98 ..\obj\tm_stm32f4_spi.o
 .debug_aranges
                0x000006e0       0x88 ..\obj\stm32f4xx_gpio.o
 .debug_aranges
                0x00000768       0x30 ..\obj\system_stm32f4xx.o
 .debug_aranges
                0x00000798       0x60 ..\obj\syscalls.o
 .debug_aranges
                0x000007f8       0xb0 ..\obj\stm32f4xx_dma.o
 .debug_aranges
                0x000008a8      0x228 ..\obj\ff.o
 .debug_aranges
                0x00000ad0       0xe0 ..\obj\stm32f4xx_spi.o
 .debug_aranges
                0x00000bb0       0xc0 ..\obj\tm_stm32f4_ili9341.o
 .debug_aranges
                0x00000c70       0x40 ..\obj\misc.o
 .debug_aranges
                0x00000cb0       0x98 ..\obj\tm_stm32f4_gpio.o
 .debug_aranges
                0x00000d48       0x38 ..\obj\tm_stm32f4_timer_properties.o
 .debug_aranges
                0x00000d80       0x20 ..\obj\tm_stm32f4_fonts.o
 .debug_aranges
                0x00000da0      0x2f8 ..\obj\stm32f4xx_tim.o

.debug_ranges   0x00000000      0xf28
 .debug_ranges  0x00000000       0x48 ..\obj\tm_stm32f4_fatfs.o
 .debug_ranges  0x00000048       0x68 ..\obj\tm_stm32f4_spi_dma.o
 .debug_ranges  0x000000b0      0x108 ..\obj\diskio.o
 .debug_ranges  0x000001b8       0x18 ..\obj\startup_stm32f4xx.o
 .debug_ranges  0x000001d0       0x68 ..\obj\main.o
 .debug_ranges  0x00000238      0x168 ..\obj\stm32f4xx_rcc.o
 .debug_ranges  0x000003a0       0xe8 ..\obj\tm_stm32f4_dma.o
 .debug_ranges  0x00000488       0xa0 ..\obj\fatfs_sd.o
 .debug_ranges  0x00000528       0x68 ..\obj\tm_stm32f4_delay.o
 .debug_ranges  0x00000590       0x18 ..\obj\syscall.o
 .debug_ranges  0x000005a8       0x88 ..\obj\tm_stm32f4_spi.o
 .debug_ranges  0x00000630       0x78 ..\obj\stm32f4xx_gpio.o
 .debug_ranges  0x000006a8       0x20 ..\obj\system_stm32f4xx.o
 .debug_ranges  0x000006c8       0x50 ..\obj\syscalls.o
 .debug_ranges  0x00000718       0xa0 ..\obj\stm32f4xx_dma.o
 .debug_ranges  0x000007b8      0x218 ..\obj\ff.o
 .debug_ranges  0x000009d0       0xd0 ..\obj\stm32f4xx_spi.o
 .debug_ranges  0x00000aa0       0xb0 ..\obj\tm_stm32f4_ili9341.o
 .debug_ranges  0x00000b50       0x30 ..\obj\misc.o
 .debug_ranges  0x00000b80       0x88 ..\obj\tm_stm32f4_gpio.o
 .debug_ranges  0x00000c08       0x28 ..\obj\tm_stm32f4_timer_properties.o
 .debug_ranges  0x00000c30       0x10 ..\obj\tm_stm32f4_fonts.o
 .debug_ranges  0x00000c40      0x2e8 ..\obj\stm32f4xx_tim.o

.debug_line     0x00000000     0x7033
 .debug_line    0x00000000      0x351 ..\obj\tm_stm32f4_fatfs.o
 .debug_line    0x00000351      0x393 ..\obj\tm_stm32f4_spi_dma.o
 .debug_line    0x000006e4      0x439 ..\obj\diskio.o
 .debug_line    0x00000b1d       0xae ..\obj\startup_stm32f4xx.o
 .debug_line    0x00000bcb      0x42c ..\obj\main.o
 .debug_line    0x00000ff7      0x5f9 ..\obj\stm32f4xx_rcc.o
 .debug_line    0x000015f0      0x4a8 ..\obj\tm_stm32f4_dma.o
 .debug_line    0x00001a98      0x601 ..\obj\fatfs_sd.o
 .debug_line    0x00002099      0x3f3 ..\obj\tm_stm32f4_delay.o
 .debug_line    0x0000248c       0xe8 ..\obj\syscall.o
 .debug_line    0x00002574      0x523 ..\obj\tm_stm32f4_spi.o
 .debug_line    0x00002a97      0x3b4 ..\obj\stm32f4xx_gpio.o
 .debug_line    0x00002e4b      0x21c ..\obj\system_stm32f4xx.o
 .debug_line    0x00003067      0x193 ..\obj\syscalls.o
 .debug_line    0x000031fa      0x47e ..\obj\stm32f4xx_dma.o
 .debug_line    0x00003678     0x1844 ..\obj\ff.o
 .debug_line    0x00004ebc      0x4ad ..\obj\stm32f4xx_spi.o
 .debug_line    0x00005369      0x5f2 ..\obj\tm_stm32f4_ili9341.o
 .debug_line    0x0000595b      0x292 ..\obj\misc.o
 .debug_line    0x00005bed      0x406 ..\obj\tm_stm32f4_gpio.o
 .debug_line    0x00005ff3      0x32d ..\obj\tm_stm32f4_timer_properties.o
 .debug_line    0x00006320      0x1fe ..\obj\tm_stm32f4_fonts.o
 .debug_line    0x0000651e      0xb15 ..\obj\stm32f4xx_tim.o

.debug_str      0x00000000     0x4a4d
 .debug_str     0x00000000      0x566 ..\obj\tm_stm32f4_fatfs.o
                                0x5ff (size before relaxing)
 .debug_str     0x00000566      0x471 ..\obj\tm_stm32f4_spi_dma.o
                                0x600 (size before relaxing)
 .debug_str     0x000009d7      0x3e2 ..\obj\diskio.o
                                0x5e3 (size before relaxing)
 .debug_str     0x00000db9       0xbd ..\obj\startup_stm32f4xx.o
                                0x154 (size before relaxing)
 .debug_str     0x00000e76      0x8dd ..\obj\main.o
                                0xd6e (size before relaxing)
 .debug_str     0x00001753      0x5a5 ..\obj\stm32f4xx_rcc.o
                                0x85d (size before relaxing)
 .debug_str     0x00001cf8      0x3b4 ..\obj\tm_stm32f4_dma.o
                                0xb01 (size before relaxing)
 .debug_str     0x000020ac      0x2a9 ..\obj\fatfs_sd.o
                                0x620 (size before relaxing)
 .debug_str     0x00002355      0x260 ..\obj\tm_stm32f4_delay.o
                                0xb4a (size before relaxing)
 .debug_str     0x000025b5       0x74 ..\obj\syscall.o
                                0x193 (size before relaxing)
 .debug_str     0x00002629      0x319 ..\obj\tm_stm32f4_spi.o
                                0x767 (size before relaxing)
 .debug_str     0x00002942      0x19a ..\obj\stm32f4xx_gpio.o
                                0x4b0 (size before relaxing)
 .debug_str     0x00002adc      0x11a ..\obj\system_stm32f4xx.o
                                0x3b7 (size before relaxing)
 .debug_str     0x00002bf6      0x150 ..\obj\syscalls.o
                                0x2f5 (size before relaxing)
 .debug_str     0x00002d46      0x239 ..\obj\stm32f4xx_dma.o
                                0x54f (size before relaxing)
 .debug_str     0x00002f7f      0x3dd ..\obj\ff.o
                                0x7c2 (size before relaxing)
 .debug_str     0x0000335c      0x2ed ..\obj\stm32f4xx_spi.o
                                0x697 (size before relaxing)
 .debug_str     0x00003649      0x3a1 ..\obj\tm_stm32f4_ili9341.o
                                0x76f (size before relaxing)
 .debug_str     0x000039ea      0x110 ..\obj\misc.o
                                0x3db (size before relaxing)
 .debug_str     0x00003afa      0x1f8 ..\obj\tm_stm32f4_gpio.o
                                0x5bf (size before relaxing)
 .debug_str     0x00003cf2      0x207 ..\obj\tm_stm32f4_timer_properties.o
                                0x4f6 (size before relaxing)
 .debug_str     0x00003ef9       0xc6 ..\obj\tm_stm32f4_fonts.o
                                0x273 (size before relaxing)
 .debug_str     0x00003fbf      0xa8e ..\obj\stm32f4xx_tim.o
                                0xddd (size before relaxing)

.comment        0x00000000       0x6e
 .comment       0x00000000       0x6e ..\obj\tm_stm32f4_fatfs.o
                                 0x6f (size before relaxing)
 .comment       0x0000006e       0x6f ..\obj\tm_stm32f4_spi_dma.o
 .comment       0x0000006e       0x6f ..\obj\diskio.o
 .comment       0x0000006e       0x6f ..\obj\startup_stm32f4xx.o
 .comment       0x0000006e       0x6f ..\obj\main.o
 .comment       0x0000006e       0x6f ..\obj\stm32f4xx_rcc.o
 .comment       0x0000006e       0x6f ..\obj\tm_stm32f4_dma.o
 .comment       0x0000006e       0x6f ..\obj\fatfs_sd.o
 .comment       0x0000006e       0x6f ..\obj\tm_stm32f4_delay.o
 .comment       0x0000006e       0x6f ..\obj\syscall.o
 .comment       0x0000006e       0x6f ..\obj\tm_stm32f4_spi.o
 .comment       0x0000006e       0x6f ..\obj\stm32f4xx_gpio.o
 .comment       0x0000006e       0x6f ..\obj\system_stm32f4xx.o
 .comment       0x0000006e       0x6f ..\obj\syscalls.o
 .comment       0x0000006e       0x6f ..\obj\stm32f4xx_dma.o
 .comment       0x0000006e       0x6f ..\obj\ff.o
 .comment       0x0000006e       0x6f ..\obj\stm32f4xx_spi.o
 .comment       0x0000006e       0x6f ..\obj\tm_stm32f4_ili9341.o
 .comment       0x0000006e       0x6f ..\obj\misc.o
 .comment       0x0000006e       0x6f ..\obj\tm_stm32f4_gpio.o
 .comment       0x0000006e       0x6f ..\obj\tm_stm32f4_timer_properties.o
 .comment       0x0000006e       0x6f ..\obj\tm_stm32f4_fonts.o
 .comment       0x0000006e       0x6f ..\obj\stm32f4xx_tim.o

.ARM.attributes
                0x00000000       0x31
 .ARM.attributes
                0x00000000       0x33 ..\obj\tm_stm32f4_fatfs.o
 .ARM.attributes
                0x00000033       0x33 ..\obj\tm_stm32f4_spi_dma.o
 .ARM.attributes
                0x00000066       0x33 ..\obj\diskio.o
 .ARM.attributes
                0x00000099       0x33 ..\obj\startup_stm32f4xx.o
 .ARM.attributes
                0x000000cc       0x33 ..\obj\main.o
 .ARM.attributes
                0x000000ff       0x33 ..\obj\stm32f4xx_rcc.o
 .ARM.attributes
                0x00000132       0x33 ..\obj\tm_stm32f4_dma.o
 .ARM.attributes
                0x00000165       0x33 ..\obj\fatfs_sd.o
 .ARM.attributes
                0x00000198       0x33 ..\obj\tm_stm32f4_delay.o
 .ARM.attributes
                0x000001cb       0x33 ..\obj\syscall.o
 .ARM.attributes
                0x000001fe       0x33 ..\obj\tm_stm32f4_spi.o
 .ARM.attributes
                0x00000231       0x33 ..\obj\stm32f4xx_gpio.o
 .ARM.attributes
                0x00000264       0x33 ..\obj\system_stm32f4xx.o
 .ARM.attributes
                0x00000297       0x33 ..\obj\syscalls.o
 .ARM.attributes
                0x000002ca       0x33 ..\obj\stm32f4xx_dma.o
 .ARM.attributes
                0x000002fd       0x33 ..\obj\ff.o
 .ARM.attributes
                0x00000330       0x33 ..\obj\stm32f4xx_spi.o
 .ARM.attributes
                0x00000363       0x33 ..\obj\tm_stm32f4_ili9341.o
 .ARM.attributes
                0x00000396       0x33 ..\obj\misc.o
 .ARM.attributes
                0x000003c9       0x33 ..\obj\tm_stm32f4_gpio.o
 .ARM.attributes
                0x000003fc       0x33 ..\obj\tm_stm32f4_timer_properties.o
 .ARM.attributes
                0x0000042f       0x33 ..\obj\tm_stm32f4_fonts.o
 .ARM.attributes
                0x00000462       0x33 ..\obj\stm32f4xx_tim.o
 .ARM.attributes
                0x00000495       0x1e c:/program files (x86)/gnu tools arm embedded/5.2 2015q4/bin/../lib/gcc/arm-none-eabi/5.2.1/armv7e-m\libgcc.a(_arm_addsubdf3.o)
 .ARM.attributes
                0x000004b3       0x1e c:/program files (x86)/gnu tools arm embedded/5.2 2015q4/bin/../lib/gcc/arm-none-eabi/5.2.1/armv7e-m\libgcc.a(_arm_muldivdf3.o)
 .ARM.attributes
                0x000004d1       0x1e c:/program files (x86)/gnu tools arm embedded/5.2 2015q4/bin/../lib/gcc/arm-none-eabi/5.2.1/armv7e-m\libgcc.a(_arm_cmpdf2.o)
 .ARM.attributes
                0x000004ef       0x1e c:/program files (x86)/gnu tools arm embedded/5.2 2015q4/bin/../lib/gcc/arm-none-eabi/5.2.1/armv7e-m\libgcc.a(_arm_fixunsdfsi.o)
 .ARM.attributes
                0x0000050d       0x2e c:/program files (x86)/gnu tools arm embedded/5.2 2015q4/bin/../lib/gcc/arm-none-eabi/5.2.1/../../../../arm-none-eabi/lib/armv7e-m\libc.a(lib_a-itoa.o)
 .ARM.attributes
                0x0000053b       0x2e c:/program files (x86)/gnu tools arm embedded/5.2 2015q4/bin/../lib/gcc/arm-none-eabi/5.2.1/../../../../arm-none-eabi/lib/armv7e-m\libc.a(lib_a-malloc.o)
 .ARM.attributes
                0x00000569       0x2e c:/program files (x86)/gnu tools arm embedded/5.2 2015q4/bin/../lib/gcc/arm-none-eabi/5.2.1/../../../../arm-none-eabi/lib/armv7e-m\libc.a(lib_a-mallocr.o)
 .ARM.attributes
                0x00000597       0x2e c:/program files (x86)/gnu tools arm embedded/5.2 2015q4/bin/../lib/gcc/arm-none-eabi/5.2.1/../../../../arm-none-eabi/lib/armv7e-m\libc.a(lib_a-mlock.o)
 .ARM.attributes
                0x000005c5       0x2e c:/program files (x86)/gnu tools arm embedded/5.2 2015q4/bin/../lib/gcc/arm-none-eabi/5.2.1/../../../../arm-none-eabi/lib/armv7e-m\libc.a(lib_a-sbrkr.o)
 .ARM.attributes
                0x000005f3       0x2e c:/program files (x86)/gnu tools arm embedded/5.2 2015q4/bin/../lib/gcc/arm-none-eabi/5.2.1/../../../../arm-none-eabi/lib/armv7e-m\libc.a(lib_a-utoa.o)
 .ARM.attributes
                0x00000621       0x2e c:/program files (x86)/gnu tools arm embedded/5.2 2015q4/bin/../lib/gcc/arm-none-eabi/5.2.1/../../../../arm-none-eabi/lib/armv7e-m\libc.a(lib_a-freer.o)
 .ARM.attributes
                0x0000064f       0x2e c:/program files (x86)/gnu tools arm embedded/5.2 2015q4/bin/../lib/gcc/arm-none-eabi/5.2.1/../../../../arm-none-eabi/lib/armv7e-m\libc.a(lib_a-impure.o)
 .ARM.attributes
                0x0000067d       0x2e c:/program files (x86)/gnu tools arm embedded/5.2 2015q4/bin/../lib/gcc/arm-none-eabi/5.2.1/../../../../arm-none-eabi/lib/armv7e-m\libc.a(lib_a-reent.o)

.debug_frame    0x00000000     0x481c
 .debug_frame   0x00000000      0x140 ..\obj\tm_stm32f4_fatfs.o
 .debug_frame   0x00000140      0x1c4 ..\obj\tm_stm32f4_spi_dma.o
 .debug_frame   0x00000304      0x4a4 ..\obj\diskio.o
 .debug_frame   0x000007a8       0x4c ..\obj\startup_stm32f4xx.o
 .debug_frame   0x000007f4      0x1b4 ..\obj\main.o
 .debug_frame   0x000009a8      0x6d4 ..\obj\stm32f4xx_rcc.o
 .debug_frame   0x0000107c      0x3a0 ..\obj\tm_stm32f4_dma.o
 .debug_frame   0x0000141c      0x2a4 ..\obj\fatfs_sd.o
 .debug_frame   0x000016c0      0x1c4 ..\obj\tm_stm32f4_delay.o
 .debug_frame   0x00001884       0x58 ..\obj\syscall.o
 .debug_frame   0x000018dc      0x270 ..\obj\tm_stm32f4_spi.o
 .debug_frame   0x00001b4c      0x23c ..\obj\stm32f4xx_gpio.o
 .debug_frame   0x00001d88       0x7c ..\obj\system_stm32f4xx.o
 .debug_frame   0x00001e04      0x168 ..\obj\syscalls.o
 .debug_frame   0x00001f6c      0x308 ..\obj\stm32f4xx_dma.o
 .debug_frame   0x00002274      0x9e8 ..\obj\ff.o
 .debug_frame   0x00002c5c      0x3f4 ..\obj\stm32f4xx_spi.o
 .debug_frame   0x00003050      0x318 ..\obj\tm_stm32f4_ili9341.o
 .debug_frame   0x00003368       0xd8 ..\obj\misc.o
 .debug_frame   0x00003440      0x274 ..\obj\tm_stm32f4_gpio.o
 .debug_frame   0x000036b4       0xa4 ..\obj\tm_stm32f4_timer_properties.o
 .debug_frame   0x00003758       0x38 ..\obj\tm_stm32f4_fonts.o
 .debug_frame   0x00003790      0xe54 ..\obj\stm32f4xx_tim.o
 .debug_frame   0x000045e4       0x3c c:/program files (x86)/gnu tools arm embedded/5.2 2015q4/bin/../lib/gcc/arm-none-eabi/5.2.1/../../../../arm-none-eabi/lib/armv7e-m\libc.a(lib_a-itoa.o)
 .debug_frame   0x00004620       0x30 c:/program files (x86)/gnu tools arm embedded/5.2 2015q4/bin/../lib/gcc/arm-none-eabi/5.2.1/../../../../arm-none-eabi/lib/armv7e-m\libc.a(lib_a-malloc.o)
 .debug_frame   0x00004650       0x58 c:/program files (x86)/gnu tools arm embedded/5.2 2015q4/bin/../lib/gcc/arm-none-eabi/5.2.1/../../../../arm-none-eabi/lib/armv7e-m\libc.a(lib_a-mallocr.o)
 .debug_frame   0x000046a8       0x30 c:/program files (x86)/gnu tools arm embedded/5.2 2015q4/bin/../lib/gcc/arm-none-eabi/5.2.1/../../../../arm-none-eabi/lib/armv7e-m\libc.a(lib_a-mlock.o)
 .debug_frame   0x000046d8       0x2c c:/program files (x86)/gnu tools arm embedded/5.2 2015q4/bin/../lib/gcc/arm-none-eabi/5.2.1/../../../../arm-none-eabi/lib/armv7e-m\libc.a(lib_a-sbrkr.o)
 .debug_frame   0x00004704       0x4c c:/program files (x86)/gnu tools arm embedded/5.2 2015q4/bin/../lib/gcc/arm-none-eabi/5.2.1/../../../../arm-none-eabi/lib/armv7e-m\libc.a(lib_a-utoa.o)
 .debug_frame   0x00004750       0x74 c:/program files (x86)/gnu tools arm embedded/5.2 2015q4/bin/../lib/gcc/arm-none-eabi/5.2.1/../../../../arm-none-eabi/lib/armv7e-m\libc.a(lib_a-freer.o)
 .debug_frame   0x000047c4       0x58 c:/program files (x86)/gnu tools arm embedded/5.2 2015q4/bin/../lib/gcc/arm-none-eabi/5.2.1/../../../../arm-none-eabi/lib/armv7e-m\libc.a(lib_a-reent.o)
