Archive member included to satisfy reference by file (symbol)

c:/program files (x86)/gnu tools arm embedded/5.2 2015q4/bin/../lib/gcc/arm-none-eabi/5.2.1/armv7e-m\libgcc.a(_arm_addsubdf3.o)
                              ..\obj\tm_stm32f4_fatfs.o (__aeabi_ui2d)
c:/program files (x86)/gnu tools arm embedded/5.2 2015q4/bin/../lib/gcc/arm-none-eabi/5.2.1/armv7e-m\libgcc.a(_arm_muldivdf3.o)
                              ..\obj\tm_stm32f4_fatfs.o (__aeabi_dmul)
c:/program files (x86)/gnu tools arm embedded/5.2 2015q4/bin/../lib/gcc/arm-none-eabi/5.2.1/armv7e-m\libgcc.a(_arm_cmpdf2.o)
                              ..\obj\tm_stm32f4_timer_properties.o (__aeabi_dcmpeq)
c:/program files (x86)/gnu tools arm embedded/5.2 2015q4/bin/../lib/gcc/arm-none-eabi/5.2.1/armv7e-m\libgcc.a(_arm_fixunsdfsi.o)
                              ..\obj\tm_stm32f4_fatfs.o (__aeabi_d2uiz)
c:/program files (x86)/gnu tools arm embedded/5.2 2015q4/bin/../lib/gcc/arm-none-eabi/5.2.1/../../../../arm-none-eabi/lib/armv7e-m\libc.a(lib_a-itoa.o)
                              ..\obj\main.o (itoa)
c:/program files (x86)/gnu tools arm embedded/5.2 2015q4/bin/../lib/gcc/arm-none-eabi/5.2.1/../../../../arm-none-eabi/lib/armv7e-m\libc.a(lib_a-malloc.o)
                              ..\obj\tm_stm32f4_fatfs.o (malloc)
c:/program files (x86)/gnu tools arm embedded/5.2 2015q4/bin/../lib/gcc/arm-none-eabi/5.2.1/../../../../arm-none-eabi/lib/armv7e-m\libc.a(lib_a-mallocr.o)
                              c:/program files (x86)/gnu tools arm embedded/5.2 2015q4/bin/../lib/gcc/arm-none-eabi/5.2.1/../../../../arm-none-eabi/lib/armv7e-m\libc.a(lib_a-malloc.o) (_malloc_r)
c:/program files (x86)/gnu tools arm embedded/5.2 2015q4/bin/../lib/gcc/arm-none-eabi/5.2.1/../../../../arm-none-eabi/lib/armv7e-m\libc.a(lib_a-mlock.o)
                              c:/program files (x86)/gnu tools arm embedded/5.2 2015q4/bin/../lib/gcc/arm-none-eabi/5.2.1/../../../../arm-none-eabi/lib/armv7e-m\libc.a(lib_a-mallocr.o) (__malloc_lock)
c:/program files (x86)/gnu tools arm embedded/5.2 2015q4/bin/../lib/gcc/arm-none-eabi/5.2.1/../../../../arm-none-eabi/lib/armv7e-m\libc.a(lib_a-printf.o)
                              ..\obj\main.o (printf)
c:/program files (x86)/gnu tools arm embedded/5.2 2015q4/bin/../lib/gcc/arm-none-eabi/5.2.1/../../../../arm-none-eabi/lib/armv7e-m\libc.a(lib_a-sbrkr.o)
                              c:/program files (x86)/gnu tools arm embedded/5.2 2015q4/bin/../lib/gcc/arm-none-eabi/5.2.1/../../../../arm-none-eabi/lib/armv7e-m\libc.a(lib_a-mallocr.o) (_sbrk_r)
c:/program files (x86)/gnu tools arm embedded/5.2 2015q4/bin/../lib/gcc/arm-none-eabi/5.2.1/../../../../arm-none-eabi/lib/armv7e-m\libc.a(lib_a-sprintf.o)
                              ..\obj\tm_stm32f4_fatfs.o (sprintf)
c:/program files (x86)/gnu tools arm embedded/5.2 2015q4/bin/../lib/gcc/arm-none-eabi/5.2.1/../../../../arm-none-eabi/lib/armv7e-m\libc.a(lib_a-strcpy.o)
                              ..\obj\tm_stm32f4_fatfs.o (strcpy)
c:/program files (x86)/gnu tools arm embedded/5.2 2015q4/bin/../lib/gcc/arm-none-eabi/5.2.1/../../../../arm-none-eabi/lib/armv7e-m\libc.a(lib_a-strlen.o)
                              ..\obj\tm_stm32f4_fatfs.o (strlen)
c:/program files (x86)/gnu tools arm embedded/5.2 2015q4/bin/../lib/gcc/arm-none-eabi/5.2.1/../../../../arm-none-eabi/lib/armv7e-m\libc.a(lib_a-svfprintf.o)
                              c:/program files (x86)/gnu tools arm embedded/5.2 2015q4/bin/../lib/gcc/arm-none-eabi/5.2.1/../../../../arm-none-eabi/lib/armv7e-m\libc.a(lib_a-sprintf.o) (_svfprintf_r)
c:/program files (x86)/gnu tools arm embedded/5.2 2015q4/bin/../lib/gcc/arm-none-eabi/5.2.1/../../../../arm-none-eabi/lib/armv7e-m\libc.a(lib_a-utoa.o)
                              c:/program files (x86)/gnu tools arm embedded/5.2 2015q4/bin/../lib/gcc/arm-none-eabi/5.2.1/../../../../arm-none-eabi/lib/armv7e-m\libc.a(lib_a-itoa.o) (__utoa)
c:/program files (x86)/gnu tools arm embedded/5.2 2015q4/bin/../lib/gcc/arm-none-eabi/5.2.1/../../../../arm-none-eabi/lib/armv7e-m\libc.a(lib_a-vfprintf.o)
                              c:/program files (x86)/gnu tools arm embedded/5.2 2015q4/bin/../lib/gcc/arm-none-eabi/5.2.1/../../../../arm-none-eabi/lib/armv7e-m\libc.a(lib_a-printf.o) (_vfprintf_r)
c:/program files (x86)/gnu tools arm embedded/5.2 2015q4/bin/../lib/gcc/arm-none-eabi/5.2.1/../../../../arm-none-eabi/lib/armv7e-m\libc.a(lib_a-wsetup.o)
                              c:/program files (x86)/gnu tools arm embedded/5.2 2015q4/bin/../lib/gcc/arm-none-eabi/5.2.1/../../../../arm-none-eabi/lib/armv7e-m\libc.a(lib_a-vfprintf.o) (__swsetup_r)
c:/program files (x86)/gnu tools arm embedded/5.2 2015q4/bin/../lib/gcc/arm-none-eabi/5.2.1/../../../../arm-none-eabi/lib/armv7e-m\libc.a(lib_a-dtoa.o)
                              c:/program files (x86)/gnu tools arm embedded/5.2 2015q4/bin/../lib/gcc/arm-none-eabi/5.2.1/../../../../arm-none-eabi/lib/armv7e-m\libc.a(lib_a-svfprintf.o) (_dtoa_r)
[...]
Memory Configuration

Name             Origin             Length             Attributes
rom              0x08000000         0x00100000         xr
ram              0x20000000         0x00020000         xrw
ram1             0x10000000         0x00010000         xrw
*default*        0x00000000         0xffffffff

Linker script and memory map

                0x20020000                _eram = 0x20020000

.text           0x08000000     0xcee0
 *(.isr_vector)
 .isr_vector    0x08000000      0x188 ..\obj\startup_stm32f4xx.o
                0x08000000                g_pfnVectors
 *(.text*)
 .text.TM_SPI_DMA_Init
                0x08000188       0xa4 ..\obj\tm_stm32f4_spi_dma.o
                0x08000188                TM_SPI_DMA_Init
 .text.TM_SPI_DMA_SendHalfWord
                0x0800022c       0xb0 ..\obj\tm_stm32f4_spi_dma.o
                0x0800022c                TM_SPI_DMA_SendHalfWord
 .text.TM_SPI_DMA_Working
                0x080002dc       0x50 ..\obj\tm_stm32f4_spi_dma.o
                0x080002dc                TM_SPI_DMA_Working
 .text.TM_SPI_DMA_INT_GetSettings
                0x0800032c       0x50 ..\obj\tm_stm32f4_spi_dma.o
 .text.disk_initialize
                0x0800037c       0x44 ..\obj\diskio.o
                0x0800037c                disk_initialize
 .text.disk_status
                0x080003c0       0x48 ..\obj\diskio.o
                0x080003c0                disk_status
 .text.disk_read
                0x08000408       0x5c ..\obj\diskio.o
                0x08000408                disk_read
 .text.disk_write
                0x08000464       0x5c ..\obj\diskio.o
                0x08000464                disk_write
 .text.disk_ioctl
                0x080004c0       0x54 ..\obj\diskio.o
                0x080004c0                disk_ioctl
 .text.get_fattime
                0x08000514       0x14 ..\obj\diskio.o
                0x08000514                get_fattime
 .text.TM_FATFS_USB_disk_initialize
                0x08000528       0x10 ..\obj\diskio.o
                0x08000528                TM_FATFS_USB_disk_initialize
 .text.TM_FATFS_SDRAM_disk_initialize
                0x08000538       0x10 ..\obj\diskio.o
                0x08000538                TM_FATFS_SDRAM_disk_initialize
 .text.TM_FATFS_SPI_FLASH_disk_initialize
                0x08000548       0x10 ..\obj\diskio.o
                0x08000548                TM_FATFS_SPI_FLASH_disk_initialize
 .text.TM_FATFS_USB_disk_status
                0x08000558       0x10 ..\obj\diskio.o
                0x08000558                TM_FATFS_USB_disk_status
 .text.TM_FATFS_SDRAM_disk_status
                0x08000568       0x10 ..\obj\diskio.o
                0x08000568                TM_FATFS_SDRAM_disk_status
 .text.TM_FATFS_SPI_FLASH_disk_status
                0x08000578       0x10 ..\obj\diskio.o
                0x08000578                TM_FATFS_SPI_FLASH_disk_status
 .text.TM_FATFS_USB_disk_ioctl
                0x08000588       0x18 ..\obj\diskio.o
                0x08000588                TM_FATFS_USB_disk_ioctl
 .text.TM_FATFS_SDRAM_disk_ioctl
                0x080005a0       0x18 ..\obj\diskio.o
                0x080005a0                TM_FATFS_SDRAM_disk_ioctl
 .text.TM_FATFS_SPI_FLASH_disk_ioctl
                0x080005b8       0x18 ..\obj\diskio.o
                0x080005b8                TM_FATFS_SPI_FLASH_disk_ioctl
 .text.TM_FATFS_USB_disk_read
                0x080005d0       0x18 ..\obj\diskio.o
                0x080005d0                TM_FATFS_USB_disk_read
 .text.TM_FATFS_SDRAM_disk_read
                0x080005e8       0x18 ..\obj\diskio.o
                0x080005e8                TM_FATFS_SDRAM_disk_read
 .text.TM_FATFS_SPI_FLASH_disk_read
                0x08000600       0x18 ..\obj\diskio.o
                0x08000600                TM_FATFS_SPI_FLASH_disk_read
 .text.TM_FATFS_USB_disk_write
                0x08000618       0x18 ..\obj\diskio.o
                0x08000618                TM_FATFS_USB_disk_write
 .text.TM_FATFS_SDRAM_disk_write
                0x08000630       0x18 ..\obj\diskio.o
                0x08000630                TM_FATFS_SDRAM_disk_write
 .text.TM_FATFS_SPI_FLASH_disk_write
                0x08000648       0x18 ..\obj\diskio.o
                0x08000648                TM_FATFS_SPI_FLASH_disk_write
 .text.Default_Reset_Handler
                0x08000660       0x5c ..\obj\startup_stm32f4xx.o
                0x08000660                Default_Reset_Handler
                0x08000660                Reset_Handler
 .text.Default_Handler
                0x080006bc        0x8 ..\obj\startup_stm32f4xx.o
                0x080006bc                RTC_Alarm_IRQHandler
                0x080006bc                HASH_RNG_IRQHandler
                0x080006bc                EXTI2_IRQHandler
                0x080006bc                TIM8_CC_IRQHandler
                0x080006bc                DebugMon_Handler
                0x080006bc                TIM1_CC_IRQHandler
                0x080006bc                HardFault_Handler
                0x080006bc                SysTick_Handler
                0x080006bc                PVD_IRQHandler
                0x080006bc                SDIO_IRQHandler
                0x080006bc                TAMP_STAMP_IRQHandler
                0x080006bc                PendSV_Handler
                0x080006bc                NMI_Handler
                0x080006bc                CAN2_RX1_IRQHandler
                0x080006bc                EXTI3_IRQHandler
                0x080006bc                TIM8_TRG_COM_TIM14_IRQHandler
                0x080006bc                TIM1_UP_TIM10_IRQHandler
                0x080006bc                TIM8_UP_TIM13_IRQHandler
                0x080006bc                I2C3_ER_IRQHandler
                0x080006bc                EXTI0_IRQHandler
                0x080006bc                I2C2_EV_IRQHandler
                0x080006bc                CAN1_RX0_IRQHandler
                0x080006bc                FPU_IRQHandler
                0x080006bc                OTG_HS_WKUP_IRQHandler
                0x080006bc                UsageFault_Handler
                0x080006bc                CAN2_SCE_IRQHandler
                0x080006bc                SPI1_IRQHandler
                0x080006bc                TIM6_DAC_IRQHandler
                0x080006bc                TIM1_BRK_TIM9_IRQHandler
                0x080006bc                DCMI_IRQHandler
                0x080006bc                CAN2_RX0_IRQHandler
                0x080006bc                USART6_IRQHandler
                0x080006bc                USART3_IRQHandler
                0x080006bc                CRYP_IRQHandler
                0x080006bc                CAN1_RX1_IRQHandler
                0x080006bc                UART5_IRQHandler
                0x080006bc                I2C1_EV_IRQHandler
                0x080006bc                UART4_IRQHandler
                0x080006bc                RCC_IRQHandler
                0x080006bc                TIM8_BRK_TIM12_IRQHandler
                0x080006bc                EXTI15_10_IRQHandler
                0x080006bc                ADC_IRQHandler
                0x080006bc                TIM7_IRQHandler
                0x080006bc                CAN2_TX_IRQHandler
                0x080006bc                TIM5_IRQHandler
                0x080006bc                I2C3_EV_IRQHandler
                0x080006bc                EXTI9_5_IRQHandler
                0x080006bc                RTC_WKUP_IRQHandler
                0x080006bc                ETH_WKUP_IRQHandler
                0x080006bc                SPI2_IRQHandler
                0x080006bc                OTG_HS_EP1_IN_IRQHandler
                0x080006bc                MemManage_Handler
                0x080006bc                CAN1_TX_IRQHandler
                0x080006bc                SVC_Handler
                0x080006bc                EXTI4_IRQHandler
                0x080006bc                FSMC_IRQHandler
                0x080006bc                ETH_IRQHandler
                0x080006bc                OTG_HS_EP1_OUT_IRQHandler
                0x080006bc                WWDG_IRQHandler
                0x080006bc                OTG_FS_WKUP_IRQHandler
                0x080006bc                TIM1_TRG_COM_TIM11_IRQHandler
                0x080006bc                OTG_HS_IRQHandler
                0x080006bc                EXTI1_IRQHandler
                0x080006bc                USART2_IRQHandler
                0x080006bc                I2C2_ER_IRQHandler
                0x080006bc                CAN1_SCE_IRQHandler
                0x080006bc                FLASH_IRQHandler
                0x080006bc                BusFault_Handler
                0x080006bc                USART1_IRQHandler
                0x080006bc                OTG_FS_IRQHandler
                0x080006bc                SPI3_IRQHandler
                0x080006bc                I2C1_ER_IRQHandler
 .text.TRIG_GPIO_conf
                0x080006c4       0x38 ..\obj\main.o
                0x080006c4                TRIG_GPIO_conf
 .text.ECHO_GPIO_conf
                0x080006fc       0x38 ..\obj\main.o
                0x080006fc                ECHO_GPIO_conf
 .text.Timmer2_conf
                0x08000734       0x34 ..\obj\main.o
                0x08000734                Timmer2_conf
 .text.Timmer3_conf
                0x08000768       0x34 ..\obj\main.o
                0x08000768                Timmer3_conf
 .text.Przerwania2_conf
                0x0800079c       0x44 ..\obj\main.o
                0x0800079c                Przerwania2_conf
 .text.Przerwania3_conf
                0x080007e0       0x44 ..\obj\main.o
                0x080007e0                Przerwania3_conf
 .text.TIM2_IRQHandler
                0x08000824       0x3c ..\obj\main.o
                0x08000824                TIM2_IRQHandler
 .text.TIM3_IRQHandler
                0x08000860       0x30 ..\obj\main.o
                0x08000860                TIM3_IRQHandler
 .text.display  0x08000890      0x520 ..\obj\main.o
                0x08000890                display
 .text.sdcard1  0x08000db0       0x58 ..\obj\main.o
                0x08000db0                sdcard1
 .text.main     0x08000e08      0x108 ..\obj\main.o
                0x08000e08                main
 .text.RCC_GetClocksFreq
                0x08000f10      0x154 ..\obj\stm32f4xx_rcc.o
                0x08000f10                RCC_GetClocksFreq
 .text.RCC_AHB1PeriphClockCmd
                0x08001064       0x3c ..\obj\stm32f4xx_rcc.o
                0x08001064                RCC_AHB1PeriphClockCmd
 .text.RCC_APB1PeriphClockCmd
                0x080010a0       0x3c ..\obj\stm32f4xx_rcc.o
                0x080010a0                RCC_APB1PeriphClockCmd
 .text.RCC_APB2PeriphClockCmd
                0x080010dc       0x3c ..\obj\stm32f4xx_rcc.o
                0x080010dc                RCC_APB2PeriphClockCmd
 .text.TM_DMA_ClearFlag
                0x08001118       0x88 ..\obj\tm_stm32f4_dma.o
                0x08001118                TM_DMA_ClearFlag
 .text.TM_DMA_GetFlags
                0x080011a0       0xa0 ..\obj\tm_stm32f4_dma.o
                0x080011a0                TM_DMA_GetFlags
 .text.TM_DMA_TransferCompleteHandler
                0x08001240       0x14 ..\obj\tm_stm32f4_dma.o
                0x08001240                TM_DMA_TransferCompleteHandler
 .text.TM_DMA_HalfTransferCompleteHandler
                0x08001254       0x14 ..\obj\tm_stm32f4_dma.o
                0x08001254                TM_DMA_HalfTransferCompleteHandler
 .text.TM_DMA_TransferErrorHandler
                0x08001268       0x14 ..\obj\tm_stm32f4_dma.o
                0x08001268                TM_DMA_TransferErrorHandler
 .text.TM_DMA_DirectModeErrorHandler
                0x0800127c       0x14 ..\obj\tm_stm32f4_dma.o
                0x0800127c                TM_DMA_DirectModeErrorHandler
 .text.TM_DMA_FIFOErrorHandler
                0x08001290       0x14 ..\obj\tm_stm32f4_dma.o
                0x08001290                TM_DMA_FIFOErrorHandler
 .text.TM_DMA_INT_ProcessInterrupt
                0x080012a4       0xb0 ..\obj\tm_stm32f4_dma.o
 .text.DMA1_Stream0_IRQHandler
                0x08001354       0x14 ..\obj\tm_stm32f4_dma.o
                0x08001354                DMA1_Stream0_IRQHandler
 .text.DMA1_Stream1_IRQHandler
                0x08001368       0x14 ..\obj\tm_stm32f4_dma.o
                0x08001368                DMA1_Stream1_IRQHandler
 .text.DMA1_Stream2_IRQHandler
                0x0800137c       0x14 ..\obj\tm_stm32f4_dma.o
                0x0800137c                DMA1_Stream2_IRQHandler
 .text.DMA1_Stream3_IRQHandler
                0x08001390       0x14 ..\obj\tm_stm32f4_dma.o
                0x08001390                DMA1_Stream3_IRQHandler
 .text.DMA1_Stream4_IRQHandler
                0x080013a4       0x14 ..\obj\tm_stm32f4_dma.o
                0x080013a4                DMA1_Stream4_IRQHandler
 .text.DMA1_Stream5_IRQHandler
                0x080013b8       0x14 ..\obj\tm_stm32f4_dma.o
                0x080013b8                DMA1_Stream5_IRQHandler
 .text.DMA1_Stream6_IRQHandler
                0x080013cc       0x14 ..\obj\tm_stm32f4_dma.o
                0x080013cc                DMA1_Stream6_IRQHandler
 .text.DMA1_Stream7_IRQHandler
                0x080013e0       0x14 ..\obj\tm_stm32f4_dma.o
                0x080013e0                DMA1_Stream7_IRQHandler
 .text.DMA2_Stream0_IRQHandler
                0x080013f4       0x14 ..\obj\tm_stm32f4_dma.o
                0x080013f4                DMA2_Stream0_IRQHandler
 .text.DMA2_Stream1_IRQHandler
                0x08001408       0x14 ..\obj\tm_stm32f4_dma.o
                0x08001408                DMA2_Stream1_IRQHandler
 .text.DMA2_Stream2_IRQHandler
                0x0800141c       0x14 ..\obj\tm_stm32f4_dma.o
                0x0800141c                DMA2_Stream2_IRQHandler
 .text.DMA2_Stream3_IRQHandler
                0x08001430       0x14 ..\obj\tm_stm32f4_dma.o
                0x08001430                DMA2_Stream3_IRQHandler
 .text.DMA2_Stream4_IRQHandler
                0x08001444       0x14 ..\obj\tm_stm32f4_dma.o
                0x08001444                DMA2_Stream4_IRQHandler
 .text.DMA2_Stream5_IRQHandler
                0x08001458       0x14 ..\obj\tm_stm32f4_dma.o
                0x08001458                DMA2_Stream5_IRQHandler
 .text.DMA2_Stream6_IRQHandler
                0x0800146c       0x14 ..\obj\tm_stm32f4_dma.o
                0x0800146c                DMA2_Stream6_IRQHandler
 .text.DMA2_Stream7_IRQHandler
                0x08001480       0x14 ..\obj\tm_stm32f4_dma.o
                0x08001480                DMA2_Stream7_IRQHandler
 .text.TM_SPI_Send
                0x08001494       0x74 ..\obj\fatfs_sd.o
 .text.Delayms  0x08001508       0x58 ..\obj\fatfs_sd.o
 .text.init_spi
                0x08001560       0x2c ..\obj\fatfs_sd.o
 .text.rcvr_spi_multi
                0x0800158c       0x24 ..\obj\fatfs_sd.o
 .text.xmit_spi_multi
                0x080015b0       0x20 ..\obj\fatfs_sd.o
 .text.wait_ready
                0x080015d0       0x44 ..\obj\fatfs_sd.o
 .text.deselect
                0x08001614       0x20 ..\obj\fatfs_sd.o
 .text.select1  0x08001634       0x38 ..\obj\fatfs_sd.o
 .text.rcvr_datablock
                0x0800166c       0x60 ..\obj\fatfs_sd.o
 .text.xmit_datablock
                0x080016cc       0x70 ..\obj\fatfs_sd.o
 .text.send_cmd
                0x0800173c       0xf4 ..\obj\fatfs_sd.o
 .text.TM_FATFS_InitPins
                0x08001830       0x28 ..\obj\fatfs_sd.o
                0x08001830                TM_FATFS_InitPins
 .text.TM_FATFS_Detect
                0x08001858       0x10 ..\obj\fatfs_sd.o
                0x08001858                TM_FATFS_Detect
 .text.TM_FATFS_WriteEnabled
                0x08001868       0x10 ..\obj\fatfs_sd.o
                0x08001868                TM_FATFS_WriteEnabled
 .text.TM_FATFS_SD_disk_initialize
                0x08001878      0x1d0 ..\obj\fatfs_sd.o
                0x08001878                TM_FATFS_SD_disk_initialize
 .text.TM_FATFS_SD_disk_status
                0x08001a48       0x4c ..\obj\fatfs_sd.o
                0x08001a48                TM_FATFS_SD_disk_status
 .text.TM_FATFS_SD_disk_read
                0x08001a94       0xc4 ..\obj\fatfs_sd.o
                0x08001a94                TM_FATFS_SD_disk_read
 .text.TM_FATFS_SD_disk_write
                0x08001b58      0x100 ..\obj\fatfs_sd.o
                0x08001b58                TM_FATFS_SD_disk_write
 .text.TM_FATFS_SD_disk_ioctl
                0x08001c58      0x2e4 ..\obj\fatfs_sd.o
                0x08001c58                TM_FATFS_SD_disk_ioctl
 .text.TIM4_IRQHandler
                0x08001f3c       0xfc ..\obj\tm_stm32f4_delay.o
                0x08001f3c                TIM4_IRQHandler
 .text.TM_DELAY_Init
                0x08002038       0x18 ..\obj\tm_stm32f4_delay.o
                0x08002038                TM_DELAY_Init
 .text.TM_DELAY_INT_InitTIM
                0x08002050       0xbc ..\obj\tm_stm32f4_delay.o
                0x08002050                TM_DELAY_INT_InitTIM
 .text.TM_SPI_Init
                0x0800210c       0x7c ..\obj\tm_stm32f4_spi.o
                0x0800210c                TM_SPI_Init
 .text.TM_SPI_SetDataSize
                0x08002188       0x78 ..\obj\tm_stm32f4_spi.o
                0x08002188                TM_SPI_SetDataSize
 .text.TM_SPI_WriteMulti
                0x08002200       0x88 ..\obj\tm_stm32f4_spi.o
                0x08002200                TM_SPI_WriteMulti
 .text.TM_SPI_ReadMulti
                0x08002288       0x94 ..\obj\tm_stm32f4_spi.o
                0x08002288                TM_SPI_ReadMulti
 .text.TM_SPI_InitCustomPinsCallback
                0x0800231c       0x18 ..\obj\tm_stm32f4_spi.o
                0x0800231c                TM_SPI_InitCustomPinsCallback
 .text.TM_SPIx_Init
                0x08002334      0x11c ..\obj\tm_stm32f4_spi.o
 .text.TM_SPI1_INT_InitPins
                0x08002450       0x60 ..\obj\tm_stm32f4_spi.o
                0x08002450                TM_SPI1_INT_InitPins
 .text.TM_SPI2_INT_InitPins
                0x080024b0       0x98 ..\obj\tm_stm32f4_spi.o
                0x080024b0                TM_SPI2_INT_InitPins
 .text.TM_SPI3_INT_InitPins
                0x08002548       0x64 ..\obj\tm_stm32f4_spi.o
                0x08002548                TM_SPI3_INT_InitPins
 .text.GPIO_Init
                0x080025ac      0x11c ..\obj\stm32f4xx_gpio.o
                0x080025ac                GPIO_Init
 .text.GPIO_ReadInputDataBit
                0x080026c8       0x34 ..\obj\stm32f4xx_gpio.o
                0x080026c8                GPIO_ReadInputDataBit
 .text.GPIO_SetBits
                0x080026fc       0x1c ..\obj\stm32f4xx_gpio.o
                0x080026fc                GPIO_SetBits
 .text.GPIO_ResetBits
                0x08002718       0x1c ..\obj\stm32f4xx_gpio.o
                0x08002718                GPIO_ResetBits
 .text.GPIO_WriteBit
                0x08002734       0x30 ..\obj\stm32f4xx_gpio.o
                0x08002734                GPIO_WriteBit
 .text.SystemInit
                0x08002764       0x5c ..\obj\system_stm32f4xx.o
                0x08002764                SystemInit
 .text.SetSysClock
                0x080027c0       0xf4 ..\obj\system_stm32f4xx.o
 .text._sbrk    0x080028b4       0x3c ..\obj\syscalls.o
                0x080028b4                _sbrk
 .text._close   0x080028f0       0x18 ..\obj\syscalls.o
                0x080028f0                _close
 .text._fstat   0x08002908       0x20 ..\obj\syscalls.o
                0x08002908                _fstat
 .text._isatty  0x08002928       0x14 ..\obj\syscalls.o
                0x08002928                _isatty
 .text._lseek   0x0800293c       0x18 ..\obj\syscalls.o
                0x0800293c                _lseek
 .text._read    0x08002954       0x18 ..\obj\syscalls.o
                0x08002954                _read
 .text._write   0x0800296c       0x18 ..\obj\syscalls.o
                0x0800296c                _write
 .text.DMA_Init
                0x08002984       0xac ..\obj\stm32f4xx_dma.o
                0x08002984                DMA_Init
 .text.mem_cpy  0x08002a30       0x3c ..\obj\ff.o
 .text.mem_set  0x08002a6c       0x34 ..\obj\ff.o
 .text.sync_window
                0x08002aa0       0x88 ..\obj\ff.o
 .text.move_window
                0x08002b28       0x5c ..\obj\ff.o
 .text.sync_fs  0x08002b84      0x13c ..\obj\ff.o
 .text.clust2sect
                0x08002cc0       0x3c ..\obj\ff.o
                0x08002cc0                clust2sect
 .text.get_fat  0x08002cfc      0x174 ..\obj\ff.o
                0x08002cfc                get_fat
 .text.st_clust
                0x08002e70       0x44 ..\obj\ff.o
 .text.get_ldnumber
                0x08002eb4      0x10c ..\obj\ff.o
 .text.check_fs
                0x08002fc0       0xd4 ..\obj\ff.o
 .text.find_volume
                0x08003094      0x56c ..\obj\ff.o
 .text.validate
                0x08003600       0x5c ..\obj\ff.o
 .text.f_mount  0x0800365c       0x88 ..\obj\ff.o
                0x0800365c                f_mount
 .text.f_read   0x080036e4      0x270 ..\obj\ff.o
                0x080036e4                f_read
 .text.f_sync   0x08003954      0x148 ..\obj\ff.o
                0x08003954                f_sync
 .text.f_close  0x08003a9c       0x38 ..\obj\ff.o
                0x08003a9c                f_close
 .text.f_gets   0x08003ad4       0x7c ..\obj\ff.o
                0x08003ad4                f_gets
 .text.SPI_Init
                0x08003b50       0x88 ..\obj\stm32f4xx_spi.o
                0x08003b50                SPI_Init
 .text.SPI_StructInit
                0x08003bd8       0x48 ..\obj\stm32f4xx_spi.o
                0x08003bd8                SPI_StructInit
 .text.TM_SPI_Send
                0x08003c20       0x74 ..\obj\tm_stm32f4_ili9341.o
 .text.TM_ILI9341_Init
                0x08003c94       0xa0 ..\obj\tm_stm32f4_ili9341.o
                0x08003c94                TM_ILI9341_Init
 .text.TM_ILI9341_InitLCD
                0x08003d34      0x274 ..\obj\tm_stm32f4_ili9341.o
                0x08003d34                TM_ILI9341_InitLCD
 .text.TM_ILI9341_SendCommand
                0x08003fa8       0x3c ..\obj\tm_stm32f4_ili9341.o
                0x08003fa8                TM_ILI9341_SendCommand
 .text.TM_ILI9341_SendData
                0x08003fe4       0x3c ..\obj\tm_stm32f4_ili9341.o
                0x08003fe4                TM_ILI9341_SendData
 .text.TM_ILI9341_DrawPixel
                0x08004020       0x40 ..\obj\tm_stm32f4_ili9341.o
                0x08004020                TM_ILI9341_DrawPixel
 .text.TM_ILI9341_SetCursorPosition
                0x08004060       0x94 ..\obj\tm_stm32f4_ili9341.o
                0x08004060                TM_ILI9341_SetCursorPosition
 .text.TM_ILI9341_Fill
                0x080040f4       0x30 ..\obj\tm_stm32f4_ili9341.o
                0x080040f4                TM_ILI9341_Fill
 .text.TM_ILI9341_INT_Fill
                0x08004124       0xcc ..\obj\tm_stm32f4_ili9341.o
                0x08004124                TM_ILI9341_INT_Fill
 .text.TM_ILI9341_Delay
                0x080041f0       0x20 ..\obj\tm_stm32f4_ili9341.o
                0x080041f0                TM_ILI9341_Delay
 .text.TM_ILI9341_Puts
                0x08004210       0xb0 ..\obj\tm_stm32f4_ili9341.o
                0x08004210                TM_ILI9341_Puts
 .text.TM_ILI9341_Putc
                0x080042c0      0x124 ..\obj\tm_stm32f4_ili9341.o
                0x080042c0                TM_ILI9341_Putc
 .text.TM_ILI9341_DrawFilledRectangle
                0x080043e4       0x70 ..\obj\tm_stm32f4_ili9341.o
                0x080043e4                TM_ILI9341_DrawFilledRectangle
 .text.NVIC_PriorityGroupConfig
                0x08004454       0x24 ..\obj\misc.o
                0x08004454                NVIC_PriorityGroupConfig
 .text.NVIC_Init
                0x08004478       0xc0 ..\obj\misc.o
                0x08004478                NVIC_Init
 .text.TM_GPIO_Init
                0x08004538       0x48 ..\obj\tm_stm32f4_gpio.o
                0x08004538                TM_GPIO_Init
 .text.TM_GPIO_InitAlternate
                0x08004580       0xa8 ..\obj\tm_stm32f4_gpio.o
                0x08004580                TM_GPIO_InitAlternate
 .text.TM_GPIO_GetPortSource
                0x08004628       0x20 ..\obj\tm_stm32f4_gpio.o
                0x08004628                TM_GPIO_GetPortSource
 .text.TM_GPIO_INT_EnableClock
                0x08004648       0x30 ..\obj\tm_stm32f4_gpio.o
                0x08004648                TM_GPIO_INT_EnableClock
 .text.TM_GPIO_INT_Init
                0x08004678      0x110 ..\obj\tm_stm32f4_gpio.o
                0x08004678                TM_GPIO_INT_Init
 .text.TM_TIMER_PROPERTIES_GetTimerProperties
                0x08004788      0x100 ..\obj\tm_stm32f4_timer_properties.o
                0x08004788                TM_TIMER_PROPERTIES_GetTimerProperties
 .text.TM_TIMER_PROPERTIES_GenerateDataForWorkingFrequency
                0x08004888      0x118 ..\obj\tm_stm32f4_timer_properties.o
                0x08004888                TM_TIMER_PROPERTIES_GenerateDataForWorkingFrequency
 .text.TM_TIMER_PROPERTIES_EnableClock
                0x080049a0      0x148 ..\obj\tm_stm32f4_timer_properties.o
                0x080049a0                TM_TIMER_PROPERTIES_EnableClock
 .text.TIM_TimeBaseInit
                0x08004ae8       0xd4 ..\obj\stm32f4xx_tim.o
                0x08004ae8                TIM_TimeBaseInit
 .text.TIM_Cmd  0x08004bbc       0x40 ..\obj\stm32f4xx_tim.o
                0x08004bbc                TIM_Cmd
 .text.TIM_ITConfig
                0x08004bfc       0x48 ..\obj\stm32f4xx_tim.o
                0x08004bfc                TIM_ITConfig
 .text.TIM_GetITStatus
                0x08004c44       0x54 ..\obj\stm32f4xx_tim.o
                0x08004c44                TIM_GetITStatus
 .text.TIM_ClearITPendingBit
                0x08004c98       0x20 ..\obj\stm32f4xx_tim.o
                0x08004c98                TIM_ClearITPendingBit
 .text          0x08004cb8      0x370 c:/program files (x86)/gnu tools arm embedded/5.2 2015q4/bin/../lib/gcc/arm-none-eabi/5.2.1/armv7e-m\libgcc.a(_arm_addsubdf3.o)
                0x08004cb8                __aeabi_drsub
                0x08004cc0                __aeabi_dsub
                0x08004cc0                __subdf3
                0x08004cc4                __aeabi_dadd
                0x08004cc4                __adddf3
                0x08004f3c                __floatunsidf
                0x08004f3c                __aeabi_ui2d
                0x08004f5c                __floatsidf
                0x08004f5c                __aeabi_i2d
                0x08004f80                __aeabi_f2d
                0x08004f80                __extendsfdf2
                0x08004fbc                __floatundidf
                0x08004fbc                __aeabi_ul2d
                0x08004fcc                __floatdidf
                0x08004fcc                __aeabi_l2d
 .text          0x08005028      0x424 c:/program files (x86)/gnu tools arm embedded/5.2 2015q4/bin/../lib/gcc/arm-none-eabi/5.2.1/armv7e-m\libgcc.a(_arm_muldivdf3.o)
                0x08005028                __aeabi_dmul
                0x08005028                __muldf3
                0x0800527c                __divdf3
                0x0800527c                __aeabi_ddiv
 .text          0x0800544c      0x110 c:/program files (x86)/gnu tools arm embedded/5.2 2015q4/bin/../lib/gcc/arm-none-eabi/5.2.1/armv7e-m\libgcc.a(_arm_cmpdf2.o)
                0x0800544c                __gtdf2
                0x0800544c                __gedf2
                0x08005454                __ltdf2
                0x08005454                __ledf2
                0x0800545c                __nedf2
                0x0800545c                __eqdf2
                0x0800545c                __cmpdf2
                0x080054d8                __aeabi_cdrcmple
                0x080054e8                __aeabi_cdcmpeq
                0x080054e8                __aeabi_cdcmple
                0x080054f8                __aeabi_dcmpeq
                0x0800550c                __aeabi_dcmplt
                0x08005520                __aeabi_dcmple
                0x08005534                __aeabi_dcmpge
                0x08005548                __aeabi_dcmpgt
 .text          0x0800555c       0x40 c:/program files (x86)/gnu tools arm embedded/5.2 2015q4/bin/../lib/gcc/arm-none-eabi/5.2.1/armv7e-m\libgcc.a(_arm_fixunsdfsi.o)
                0x0800555c                __aeabi_d2uiz
                0x0800555c                __fixunsdfsi
 .text.__itoa   0x0800559c       0x30 c:/program files (x86)/gnu tools arm embedded/5.2 2015q4/bin/../lib/gcc/arm-none-eabi/5.2.1/../../../../arm-none-eabi/lib/armv7e-m\libc.a(lib_a-itoa.o)
                0x0800559c                __itoa
 .text.itoa     0x080055cc        0x4 c:/program files (x86)/gnu tools arm embedded/5.2 2015q4/bin/../lib/gcc/arm-none-eabi/5.2.1/../../../../arm-none-eabi/lib/armv7e-m\libc.a(lib_a-itoa.o)
                0x080055cc                itoa
 .text._malloc_r
                0x080055d0      0x570 c:/program files (x86)/gnu tools arm embedded/5.2 2015q4/bin/../lib/gcc/arm-none-eabi/5.2.1/../../../../arm-none-eabi/lib/armv7e-m\libc.a(lib_a-mallocr.o)
                0x080055d0                _malloc_r
 .text.__malloc_lock
                0x08005b40        0x4 c:/program files (x86)/gnu tools arm embedded/5.2 2015q4/bin/../lib/gcc/arm-none-eabi/5.2.1/../../../../arm-none-eabi/lib/armv7e-m\libc.a(lib_a-mlock.o)
                0x08005b40                __malloc_lock
 .text.__malloc_unlock
                0x08005b44        0x4 c:/program files (x86)/gnu tools arm embedded/5.2 2015q4/bin/../lib/gcc/arm-none-eabi/5.2.1/../../../../arm-none-eabi/lib/armv7e-m\libc.a(lib_a-mlock.o)
                0x08005b44                __malloc_unlock
 .text.printf   0x08005b48       0x28 c:/program files (x86)/gnu tools arm embedded/5.2 2015q4/bin/../lib/gcc/arm-none-eabi/5.2.1/../../../../arm-none-eabi/lib/armv7e-m\libc.a(lib_a-printf.o)
                0x08005b48                printf
 .text._sbrk_r  0x08005b70       0x24 c:/program files (x86)/gnu tools arm embedded/5.2 2015q4/bin/../lib/gcc/arm-none-eabi/5.2.1/../../../../arm-none-eabi/lib/armv7e-m\libc.a(lib_a-sbrkr.o)
                0x08005b70                _sbrk_r
 *fill*         0x08005b94       0x2c 
 .text          0x08005bc0       0xdc c:/program files (x86)/gnu tools arm embedded/5.2 2015q4/bin/../lib/gcc/arm-none-eabi/5.2.1/../../../../arm-none-eabi/lib/armv7e-m\libc.a(lib_a-strlen.o)
                0x08005bc0                strlen
 .text.__utoa   0x08005c9c       0x80 c:/program files (x86)/gnu tools arm embedded/5.2 2015q4/bin/../lib/gcc/arm-none-eabi/5.2.1/../../../../arm-none-eabi/lib/armv7e-m\libc.a(lib_a-utoa.o)
                0x08005c9c                __utoa
 .text._vfprintf_r
                0x08005d1c     0x1684 c:/program files (x86)/gnu tools arm embedded/5.2 2015q4/bin/../lib/gcc/arm-none-eabi/5.2.1/../../../../arm-none-eabi/lib/armv7e-m\libc.a(lib_a-vfprintf.o)
                0x08005d1c                _vfprintf_r
 .text.__sbprintf
                0x080073a0       0x6c c:/program files (x86)/gnu tools arm embedded/5.2 2015q4/bin/../lib/gcc/arm-none-eabi/5.2.1/../../../../arm-none-eabi/lib/armv7e-m\libc.a(lib_a-vfprintf.o)
 .text.__swsetup_r
                0x0800740c       0xc4 c:/program files (x86)/gnu tools arm embedded/5.2 2015q4/bin/../lib/gcc/arm-none-eabi/5.2.1/../../../../arm-none-eabi/lib/armv7e-m\libc.a(lib_a-wsetup.o)
                0x0800740c                __swsetup_r
 .text.quorem   0x080074d0      0x128 c:/program files (x86)/gnu tools arm embedded/5.2 2015q4/bin/../lib/gcc/arm-none-eabi/5.2.1/../../../../arm-none-eabi/lib/armv7e-m\libc.a(lib_a-dtoa.o)
 .text._dtoa_r  0x080075f8      0xe58 c:/program files (x86)/gnu tools arm embedded/5.2 2015q4/bin/../lib/gcc/arm-none-eabi/5.2.1/../../../../arm-none-eabi/lib/armv7e-m\libc.a(lib_a-dtoa.o)
                0x080075f8                _dtoa_r
 .text.__sflush_r
                0x08008450      0x148 c:/program files (x86)/gnu tools arm embedded/5.2 2015q4/bin/../lib/gcc/arm-none-eabi/5.2.1/../../../../arm-none-eabi/lib/armv7e-m\libc.a(lib_a-fflush.o)
                0x08008450                __sflush_r
 .text._fflush_r
                0x08008598       0x2c c:/program files (x86)/gnu tools arm embedded/5.2 2015q4/bin/../lib/gcc/arm-none-eabi/5.2.1/../../../../arm-none-eabi/lib/armv7e-m\libc.a(lib_a-fflush.o)
                0x08008598                _fflush_r
 .text._cleanup_r
                0x080085c4        0xc c:/program files (x86)/gnu tools arm embedded/5.2 2015q4/bin/../lib/gcc/arm-none-eabi/5.2.1/../../../../arm-none-eabi/lib/armv7e-m\libc.a(lib_a-findfp.o)
                0x080085c4                _cleanup_r
 .text.__sinit.part.1
                0x080085d0       0xf0 c:/program files (x86)/gnu tools arm embedded/5.2 2015q4/bin/../lib/gcc/arm-none-eabi/5.2.1/../../../../arm-none-eabi/lib/armv7e-m\libc.a(lib_a-findfp.o)
 .text.__sinit  0x080086c0        0xc c:/program files (x86)/gnu tools arm embedded/5.2 2015q4/bin/../lib/gcc/arm-none-eabi/5.2.1/../../../../arm-none-eabi/lib/armv7e-m\libc.a(lib_a-findfp.o)
                0x080086c0                __sinit
 .text.__sfp_lock_acquire
                0x080086cc        0x4 c:/program files (x86)/gnu tools arm embedded/5.2 2015q4/bin/../lib/gcc/arm-none-eabi/5.2.1/../../../../arm-none-eabi/lib/armv7e-m\libc.a(lib_a-findfp.o)
                0x080086cc                __sfp_lock_acquire
 .text.__sfp_lock_release
                0x080086d0        0x4 c:/program files (x86)/gnu tools arm embedded/5.2 2015q4/bin/../lib/gcc/arm-none-eabi/5.2.1/../../../../arm-none-eabi/lib/armv7e-m\libc.a(lib_a-findfp.o)
                0x080086d0                __sfp_lock_release
 .text._malloc_trim_r
                0x080086d4       0x9c c:/program files (x86)/gnu tools arm embedded/5.2 2015q4/bin/../lib/gcc/arm-none-eabi/5.2.1/../../../../arm-none-eabi/lib/armv7e-m\libc.a(lib_a-freer.o)
                0x080086d4                _malloc_trim_r
 .text._free_r  0x08008770      0x1d0 c:/program files (x86)/gnu tools arm embedded/5.2 2015q4/bin/../lib/gcc/arm-none-eabi/5.2.1/../../../../arm-none-eabi/lib/armv7e-m\libc.a(lib_a-freer.o)
                0x08008770                _free_r
 .text._fwalk_reent
                0x08008940       0x54 c:/program files (x86)/gnu tools arm embedded/5.2 2015q4/bin/../lib/gcc/arm-none-eabi/5.2.1/../../../../arm-none-eabi/lib/armv7e-m\libc.a(lib_a-fwalk.o)
                0x08008940                _fwalk_reent
 .text.__locale_charset
                0x08008994        0x8 c:/program files (x86)/gnu tools arm embedded/5.2 2015q4/bin/../lib/gcc/arm-none-eabi/5.2.1/../../../../arm-none-eabi/lib/armv7e-m\libc.a(lib_a-locale.o)
                0x08008994                __locale_charset
 .text.__locale_mb_cur_max
                0x0800899c        0xc c:/program files (x86)/gnu tools arm embedded/5.2 2015q4/bin/../lib/gcc/arm-none-eabi/5.2.1/../../../../arm-none-eabi/lib/armv7e-m\libc.a(lib_a-locale.o)
                0x0800899c                __locale_mb_cur_max
 .text._localeconv_r
                0x080089a8        0x8 c:/program files (x86)/gnu tools arm embedded/5.2 2015q4/bin/../lib/gcc/arm-none-eabi/5.2.1/../../../../arm-none-eabi/lib/armv7e-m\libc.a(lib_a-locale.o)
                0x080089a8                _localeconv_r
 .text.__smakebuf_r
                0x080089b0       0xe0 c:/program files (x86)/gnu tools arm embedded/5.2 2015q4/bin/../lib/gcc/arm-none-eabi/5.2.1/../../../../arm-none-eabi/lib/armv7e-m\libc.a(lib_a-makebuf.o)
                0x080089b0                __smakebuf_r
 .text          0x08008a90       0xa0 c:/program files (x86)/gnu tools arm embedded/5.2 2015q4/bin/../lib/gcc/arm-none-eabi/5.2.1/../../../../arm-none-eabi/lib/armv7e-m\libc.a(lib_a-memchr.o)
                0x08008a90                memchr
 .text          0x08008b30      0x134 c:/program files (x86)/gnu tools arm embedded/5.2 2015q4/bin/../lib/gcc/arm-none-eabi/5.2.1/../../../../arm-none-eabi/lib/armv7e-m\libc.a(lib_a-memcpy.o)
                0x08008b30                memcpy
 .text.memset   0x08008c64       0x9c c:/program files (x86)/gnu tools arm embedded/5.2 2015q4/bin/../lib/gcc/arm-none-eabi/5.2.1/../../../../arm-none-eabi/lib/armv7e-m\libc.a(lib_a-memset.o)
                0x08008c64                memset
 .text._Balloc  0x08008d00       0x4c c:/program files (x86)/gnu tools arm embedded/5.2 2015q4/bin/../lib/gcc/arm-none-eabi/5.2.1/../../../../arm-none-eabi/lib/armv7e-m\libc.a(lib_a-mprec.o)
                0x08008d00                _Balloc
 .text._Bfree   0x08008d4c       0x14 c:/program files (x86)/gnu tools arm embedded/5.2 2015q4/bin/../lib/gcc/arm-none-eabi/5.2.1/../../../../arm-none-eabi/lib/armv7e-m\libc.a(lib_a-mprec.o)
                0x08008d4c                _Bfree
 .text.__multadd
                0x08008d60       0x80 c:/program files (x86)/gnu tools arm embedded/5.2 2015q4/bin/../lib/gcc/arm-none-eabi/5.2.1/../../../../arm-none-eabi/lib/armv7e-m\libc.a(lib_a-mprec.o)
                0x08008d60                __multadd
 .text.__hi0bits
                0x08008de0       0x40 c:/program files (x86)/gnu tools arm embedded/5.2 2015q4/bin/../lib/gcc/arm-none-eabi/5.2.1/../../../../arm-none-eabi/lib/armv7e-m\libc.a(lib_a-mprec.o)
                0x08008de0                __hi0bits
 .text.__lo0bits
                0x08008e20       0x5c c:/program files (x86)/gnu tools arm embedded/5.2 2015q4/bin/../lib/gcc/arm-none-eabi/5.2.1/../../../../arm-none-eabi/lib/armv7e-m\libc.a(lib_a-mprec.o)
                0x08008e20                __lo0bits
 .text.__i2b    0x08008e7c       0x14 c:/program files (x86)/gnu tools arm embedded/5.2 2015q4/bin/../lib/gcc/arm-none-eabi/5.2.1/../../../../arm-none-eabi/lib/armv7e-m\libc.a(lib_a-mprec.o)
                0x08008e7c                __i2b
 .text.__multiply
                0x08008e90      0x130 c:/program files (x86)/gnu tools arm embedded/5.2 2015q4/bin/../lib/gcc/arm-none-eabi/5.2.1/../../../../arm-none-eabi/lib/armv7e-m\libc.a(lib_a-mprec.o)
                0x08008e90                __multiply
 .text.__pow5mult
                0x08008fc0       0xa0 c:/program files (x86)/gnu tools arm embedded/5.2 2015q4/bin/../lib/gcc/arm-none-eabi/5.2.1/../../../../arm-none-eabi/lib/armv7e-m\libc.a(lib_a-mprec.o)
                0x08008fc0                __pow5mult
 .text.__lshift
                0x08009060       0xb0 c:/program files (x86)/gnu tools arm embedded/5.2 2015q4/bin/../lib/gcc/arm-none-eabi/5.2.1/../../../../arm-none-eabi/lib/armv7e-m\libc.a(lib_a-mprec.o)
                0x08009060                __lshift
 .text.__mcmp   0x08009110       0x40 c:/program files (x86)/gnu tools arm embedded/5.2 2015q4/bin/../lib/gcc/arm-none-eabi/5.2.1/../../../../arm-none-eabi/lib/armv7e-m\libc.a(lib_a-mprec.o)
                0x08009110                __mcmp
 .text.__mdiff  0x08009150      0x114 c:/program files (x86)/gnu tools arm embedded/5.2 2015q4/bin/../lib/gcc/arm-none-eabi/5.2.1/../../../../arm-none-eabi/lib/armv7e-m\libc.a(lib_a-mprec.o)
                0x08009150                __mdiff
 .text.__d2b    0x08009264       0xb8 c:/program files (x86)/gnu tools arm embedded/5.2 2015q4/bin/../lib/gcc/arm-none-eabi/5.2.1/../../../../arm-none-eabi/lib/armv7e-m\libc.a(lib_a-mprec.o)
                0x08009264                __d2b
 .text.__fpclassifyd
                0x0800931c       0x54 c:/program files (x86)/gnu tools arm embedded/5.2 2015q4/bin/../lib/gcc/arm-none-eabi/5.2.1/../../../../arm-none-eabi/lib/armv7e-m\libc.a(lib_a-s_fpclassify.o)
                0x0800931c                __fpclassifyd
 .text.__sread  0x08009370       0x24 c:/program files (x86)/gnu tools arm embedded/5.2 2015q4/bin/../lib/gcc/arm-none-eabi/5.2.1/../../../../arm-none-eabi/lib/armv7e-m\libc.a(lib_a-stdio.o)
                0x08009370                __sread
 .text.__swrite
                0x08009394       0x38 c:/program files (x86)/gnu tools arm embedded/5.2 2015q4/bin/../lib/gcc/arm-none-eabi/5.2.1/../../../../arm-none-eabi/lib/armv7e-m\libc.a(lib_a-stdio.o)
                0x08009394                __swrite
 .text.__sseek  0x080093cc       0x20 c:/program files (x86)/gnu tools arm embedded/5.2 2015q4/bin/../lib/gcc/arm-none-eabi/5.2.1/../../../../arm-none-eabi/lib/armv7e-m\libc.a(lib_a-stdio.o)
                0x080093cc                __sseek
 .text.__sclose
                0x080093ec        0x8 c:/program files (x86)/gnu tools arm embedded/5.2 2015q4/bin/../lib/gcc/arm-none-eabi/5.2.1/../../../../arm-none-eabi/lib/armv7e-m\libc.a(lib_a-stdio.o)
                0x080093ec                __sclose
 .text.__sprint_r.part.0
                0x080093f4       0x78 c:/program files (x86)/gnu tools arm embedded/5.2 2015q4/bin/../lib/gcc/arm-none-eabi/5.2.1/../../../../arm-none-eabi/lib/armv7e-m\libc.a(lib_a-vfiprintf.o)
 .text.__sprint_r
                0x0800946c       0x14 c:/program files (x86)/gnu tools arm embedded/5.2 2015q4/bin/../lib/gcc/arm-none-eabi/5.2.1/../../../../arm-none-eabi/lib/armv7e-m\libc.a(lib_a-vfiprintf.o)
                0x0800946c                __sprint_r
 .text._write_r
                0x08009480       0x2c c:/program files (x86)/gnu tools arm embedded/5.2 2015q4/bin/../lib/gcc/arm-none-eabi/5.2.1/../../../../arm-none-eabi/lib/armv7e-m\libc.a(lib_a-writer.o)
                0x08009480                _write_r
 .text._calloc_r
                0x080094ac       0x60 c:/program files (x86)/gnu tools arm embedded/5.2 2015q4/bin/../lib/gcc/arm-none-eabi/5.2.1/../../../../arm-none-eabi/lib/armv7e-m\libc.a(lib_a-callocr.o)
                0x080094ac                _calloc_r
 .text._close_r
                0x0800950c       0x24 c:/program files (x86)/gnu tools arm embedded/5.2 2015q4/bin/../lib/gcc/arm-none-eabi/5.2.1/../../../../arm-none-eabi/lib/armv7e-m\libc.a(lib_a-closer.o)
                0x0800950c                _close_r
 .text._fclose_r
                0x08009530       0x84 c:/program files (x86)/gnu tools arm embedded/5.2 2015q4/bin/../lib/gcc/arm-none-eabi/5.2.1/../../../../arm-none-eabi/lib/armv7e-m\libc.a(lib_a-fclose.o)
                0x08009530                _fclose_r
 .text.__fputwc
                0x080095b4       0xb0 c:/program files (x86)/gnu tools arm embedded/5.2 2015q4/bin/../lib/gcc/arm-none-eabi/5.2.1/../../../../arm-none-eabi/lib/armv7e-m\libc.a(lib_a-fputwc.o)
                0x080095b4                __fputwc
 .text._fputwc_r
                0x08009664       0x24 c:/program files (x86)/gnu tools arm embedded/5.2 2015q4/bin/../lib/gcc/arm-none-eabi/5.2.1/../../../../arm-none-eabi/lib/armv7e-m\libc.a(lib_a-fputwc.o)
                0x08009664                _fputwc_r
 .text._fstat_r
                0x08009688       0x28 c:/program files (x86)/gnu tools arm embedded/5.2 2015q4/bin/../lib/gcc/arm-none-eabi/5.2.1/../../../../arm-none-eabi/lib/armv7e-m\libc.a(lib_a-fstatr.o)
                0x08009688                _fstat_r
 .text.__sfvwrite_r
                0x080096b0      0x300 c:/program files (x86)/gnu tools arm embedded/5.2 2015q4/bin/../lib/gcc/arm-none-eabi/5.2.1/../../../../arm-none-eabi/lib/armv7e-m\libc.a(lib_a-fvwrite.o)
                0x080096b0                __sfvwrite_r
 .text._isatty_r
                0x080099b0       0x24 c:/program files (x86)/gnu tools arm embedded/5.2 2015q4/bin/../lib/gcc/arm-none-eabi/5.2.1/../../../../arm-none-eabi/lib/armv7e-m\libc.a(lib_a-isattyr.o)
                0x080099b0                _isatty_r
 .text._lseek_r
                0x080099d4       0x2c c:/program files (x86)/gnu tools arm embedded/5.2 2015q4/bin/../lib/gcc/arm-none-eabi/5.2.1/../../../../arm-none-eabi/lib/armv7e-m\libc.a(lib_a-lseekr.o)
                0x080099d4                _lseek_r
 .text.memmove  0x08009a00       0xc8 c:/program files (x86)/gnu tools arm embedded/5.2 2015q4/bin/../lib/gcc/arm-none-eabi/5.2.1/../../../../arm-none-eabi/lib/armv7e-m\libc.a(lib_a-memmove.o)
                0x08009a00                memmove
 .text._read_r  0x08009ac8       0x2c c:/program files (x86)/gnu tools arm embedded/5.2 2015q4/bin/../lib/gcc/arm-none-eabi/5.2.1/../../../../arm-none-eabi/lib/armv7e-m\libc.a(lib_a-readr.o)
                0x08009ac8                _read_r
 .text._realloc_r
                0x08009af4      0x3e0 c:/program files (x86)/gnu tools arm embedded/5.2 2015q4/bin/../lib/gcc/arm-none-eabi/5.2.1/../../../../arm-none-eabi/lib/armv7e-m\libc.a(lib_a-reallocr.o)
                0x08009af4                _realloc_r
 .text.__swbuf_r
                0x08009ed4       0xa8 c:/program files (x86)/gnu tools arm embedded/5.2 2015q4/bin/../lib/gcc/arm-none-eabi/5.2.1/../../../../arm-none-eabi/lib/armv7e-m\libc.a(lib_a-wbuf.o)
                0x08009ed4                __swbuf_r
 .text._wcrtomb_r
                0x08009f7c       0x54 c:/program files (x86)/gnu tools arm embedded/5.2 2015q4/bin/../lib/gcc/arm-none-eabi/5.2.1/../../../../arm-none-eabi/lib/armv7e-m\libc.a(lib_a-wcrtomb.o)
                0x08009f7c                _wcrtomb_r
 .text.__ascii_wctomb
                0x08009fd0       0x1c c:/program files (x86)/gnu tools arm embedded/5.2 2015q4/bin/../lib/gcc/arm-none-eabi/5.2.1/../../../../arm-none-eabi/lib/armv7e-m\libc.a(lib_a-wctomb_r.o)
                0x08009fd0                __ascii_wctomb
 .text          0x08009fec       0x50 c:/program files (x86)/gnu tools arm embedded/5.2 2015q4/bin/../lib/gcc/arm-none-eabi/5.2.1/armv7e-m\libgcc.a(_arm_fixdfsi.o)
                0x08009fec                __aeabi_d2iz
                0x08009fec                __fixdfsi
 .text          0x0800a03c       0x30 c:/program files (x86)/gnu tools arm embedded/5.2 2015q4/bin/../lib/gcc/arm-none-eabi/5.2.1/armv7e-m\libgcc.a(_aeabi_uldivmod.o)
                0x0800a03c                __aeabi_uldivmod
 .text          0x0800a06c      0x2e4 c:/program files (x86)/gnu tools arm embedded/5.2 2015q4/bin/../lib/gcc/arm-none-eabi/5.2.1/armv7e-m\libgcc.a(_udivmoddi4.o)
                0x0800a06c                __udivmoddi4
 .text          0x0800a350        0x4 c:/program files (x86)/gnu tools arm embedded/5.2 2015q4/bin/../lib/gcc/arm-none-eabi/5.2.1/armv7e-m\libgcc.a(_dvmd_tls.o)
                0x0800a350                __aeabi_idiv0
                0x0800a350                __aeabi_ldiv0
 *(.init)
 *(.fini)
 *crtbegin.o(.ctors)
 *crtbegin?.o(.ctors)
 *(EXCLUDE_FILE(*crtend.o *crtend?.o) .ctors)
 *(SORT(.ctors.*))
 *(.ctors)
 *crtbegin.o(.dtors)
 *crtbegin?.o(.dtors)
 *(EXCLUDE_FILE(*crtend.o *crtend?.o) .dtors)
 *(SORT(.dtors.*))
 *(.dtors)
 *(.rodata*)
 .rodata        0x0800a354       0x35 ..\obj\main.o
 *fill*         0x0800a389        0x3 
 .rodata        0x0800a38c       0x14 ..\obj\tm_stm32f4_dma.o
 .rodata        0x0800a3a0      0x17e ..\obj\ff.o
 *fill*         0x0800a51e        0x2 
 .rodata        0x0800a520     0x2814 ..\obj\tm_stm32f4_fonts.o
                0x0800a520                TM_Font7x10
                0x0800ac8c                TM_Font11x18
                0x0800b9e8                TM_Font16x26
 .rodata.str1.4
                0x0800cd34       0x25 c:/program files (x86)/gnu tools arm embedded/5.2 2015q4/bin/../lib/gcc/arm-none-eabi/5.2.1/../../../../arm-none-eabi/lib/armv7e-m\libc.a(lib_a-utoa.o)
 *fill*         0x0800cd59        0x3 
 .rodata.zeroes.7023
                0x0800cd5c       0x10 c:/program files (x86)/gnu tools arm embedded/5.2 2015q4/bin/../lib/gcc/arm-none-eabi/5.2.1/../../../../arm-none-eabi/lib/armv7e-m\libc.a(lib_a-vfprintf.o)
 .rodata.blanks.7022
                0x0800cd6c       0x10 c:/program files (x86)/gnu tools arm embedded/5.2 2015q4/bin/../lib/gcc/arm-none-eabi/5.2.1/../../../../arm-none-eabi/lib/armv7e-m\libc.a(lib_a-vfprintf.o)
 .rodata.str1.4
                0x0800cd7c       0x42 c:/program files (x86)/gnu tools arm embedded/5.2 2015q4/bin/../lib/gcc/arm-none-eabi/5.2.1/../../../../arm-none-eabi/lib/armv7e-m\libc.a(lib_a-vfprintf.o)
 *fill*         0x0800cdbe        0x2 
 .rodata.str1.4
                0x0800cdc0       0x10 c:/program files (x86)/gnu tools arm embedded/5.2 2015q4/bin/../lib/gcc/arm-none-eabi/5.2.1/../../../../arm-none-eabi/lib/armv7e-m\libc.a(lib_a-dtoa.o)
                                 0x12 (size before relaxing)
 .rodata.str1.4
                0x0800cdd0        0x2 c:/program files (x86)/gnu tools arm embedded/5.2 2015q4/bin/../lib/gcc/arm-none-eabi/5.2.1/../../../../arm-none-eabi/lib/armv7e-m\libc.a(lib_a-impure.o)
 *fill*         0x0800cdd2        0x2 
 .rodata.str1.4
                0x0800cdd4        0xc c:/program files (x86)/gnu tools arm embedded/5.2 2015q4/bin/../lib/gcc/arm-none-eabi/5.2.1/../../../../arm-none-eabi/lib/armv7e-m\libc.a(lib_a-locale.o)
                                 0x12 (size before relaxing)
 .rodata.p05.5402
                0x0800cde0        0xc c:/program files (x86)/gnu tools arm embedded/5.2 2015q4/bin/../lib/gcc/arm-none-eabi/5.2.1/../../../../arm-none-eabi/lib/armv7e-m\libc.a(lib_a-mprec.o)
 *fill*         0x0800cdec        0x4 
 .rodata.__mprec_tens
                0x0800cdf0       0xc8 c:/program files (x86)/gnu tools arm embedded/5.2 2015q4/bin/../lib/gcc/arm-none-eabi/5.2.1/../../../../arm-none-eabi/lib/armv7e-m\libc.a(lib_a-mprec.o)
                0x0800cdf0                __mprec_tens
 .rodata.__mprec_bigtens
                0x0800ceb8       0x28 c:/program files (x86)/gnu tools arm embedded/5.2 2015q4/bin/../lib/gcc/arm-none-eabi/5.2.1/../../../../arm-none-eabi/lib/armv7e-m\libc.a(lib_a-mprec.o)
                0x0800ceb8                __mprec_bigtens
 *(.eh_fram e*)

.glue_7         0x0800cee0        0x0
 .glue_7        0x0800cee0        0x0 linker stubs

.glue_7t        0x0800cee0        0x0
 .glue_7t       0x0800cee0        0x0 linker stubs

.vfp11_veneer   0x0800cee0        0x0
 .vfp11_veneer  0x0800cee0        0x0 linker stubs

.v4_bx          0x0800cee0        0x0
 .v4_bx         0x0800cee0        0x0 linker stubs

.iplt           0x0800cee0        0x0
 .iplt          0x0800cee0        0x0 ..\obj\tm_stm32f4_fatfs.o

.ARM.extab
 *(.ARM.extab* .gnu.linkonce.armextab.*)
                0x0800cee0                __exidx_start = .

.ARM.exidx      0x0800cee0        0x8
 *(.ARM.exidx* .gnu.linkonce.armexidx.*)
 .ARM.exidx     0x0800cee0        0x8 c:/program files (x86)/gnu tools arm embedded/5.2 2015q4/bin/../lib/gcc/arm-none-eabi/5.2.1/armv7e-m\libgcc.a(_udivmoddi4.o)
                0x0800cee8                __exidx_end = .
                0x0800cee8                __etext = .
                0x0800cee8                _sidata = __etext

.rel.dyn        0x0800cee8        0x0
 .rel.iplt      0x0800cee8        0x0 ..\obj\tm_stm32f4_fatfs.o

.data           0x20000000      0x9c4 load address 0x0800cee8
                0x20000000                __data_start__ = .
                0x20000000                _sdata = __data_start__
 *(vtable)
 *(.data*)
 .data          0x20000000       0x48 ..\obj\tm_stm32f4_spi_dma.o
 .data          0x20000048       0xb4 ..\obj\diskio.o
                0x20000048                FATFS_LowLevelDrivers
 .data          0x200000fc       0x10 ..\obj\stm32f4xx_rcc.o
 .data          0x2000010c        0x1 ..\obj\fatfs_sd.o
 *fill*         0x2000010d        0x3 
 .data          0x20000110       0x18 ..\obj\tm_stm32f4_fonts.o
                0x20000110                TM_Font_7x10
                0x20000118                TM_Font_11x18
                0x20000120                TM_Font_16x26
 .data.__malloc_av_
                0x20000128      0x408 c:/program files (x86)/gnu tools arm embedded/5.2 2015q4/bin/../lib/gcc/arm-none-eabi/5.2.1/../../../../arm-none-eabi/lib/armv7e-m\libc.a(lib_a-mallocr.o)
                0x20000128                __malloc_av_
 .data.__malloc_trim_threshold
                0x20000530        0x4 c:/program files (x86)/gnu tools arm embedded/5.2 2015q4/bin/../lib/gcc/arm-none-eabi/5.2.1/../../../../arm-none-eabi/lib/armv7e-m\libc.a(lib_a-mallocr.o)
                0x20000530                __malloc_trim_threshold
 .data.__malloc_sbrk_base
                0x20000534        0x4 c:/program files (x86)/gnu tools arm embedded/5.2 2015q4/bin/../lib/gcc/arm-none-eabi/5.2.1/../../../../arm-none-eabi/lib/armv7e-m\libc.a(lib_a-mallocr.o)
                0x20000534                __malloc_sbrk_base
 .data.impure_data
                0x20000538      0x428 c:/program files (x86)/gnu tools arm embedded/5.2 2015q4/bin/../lib/gcc/arm-none-eabi/5.2.1/../../../../arm-none-eabi/lib/armv7e-m\libc.a(lib_a-impure.o)
 .data._impure_ptr
                0x20000960        0x4 c:/program files (x86)/gnu tools arm embedded/5.2 2015q4/bin/../lib/gcc/arm-none-eabi/5.2.1/../../../../arm-none-eabi/lib/armv7e-m\libc.a(lib_a-impure.o)
                0x20000960                _impure_ptr
 .data.lconv    0x20000964       0x38 c:/program files (x86)/gnu tools arm embedded/5.2 2015q4/bin/../lib/gcc/arm-none-eabi/5.2.1/../../../../arm-none-eabi/lib/armv7e-m\libc.a(lib_a-locale.o)
 .data.lc_ctype_charset
                0x2000099c       0x20 c:/program files (x86)/gnu tools arm embedded/5.2 2015q4/bin/../lib/gcc/arm-none-eabi/5.2.1/../../../../arm-none-eabi/lib/armv7e-m\libc.a(lib_a-locale.o)
 .data.__mb_cur_max
                0x200009bc        0x4 c:/program files (x86)/gnu tools arm embedded/5.2 2015q4/bin/../lib/gcc/arm-none-eabi/5.2.1/../../../../arm-none-eabi/lib/armv7e-m\libc.a(lib_a-locale.o)
                0x200009bc                __mb_cur_max
 .data.__wctomb
                0x200009c0        0x4 c:/program files (x86)/gnu tools arm embedded/5.2 2015q4/bin/../lib/gcc/arm-none-eabi/5.2.1/../../../../arm-none-eabi/lib/armv7e-m\libc.a(lib_a-wctomb_r.o)
                0x200009c0                __wctomb
                0x200009c4                . = ALIGN (0x4)
                [!provide]                PROVIDE (__preinit_array_start, .)
 *(.preinit_array)
                [!provide]                PROVIDE (__preinit_array_end, .)
                0x200009c4                . = ALIGN (0x4)
                [!provide]                PROVIDE (__init_array_start, .)
 *(SORT(.init_array.*))
 *(.init_array)
                [!provide]                PROVIDE (__init_array_end, .)
                0x200009c4                . = ALIGN (0x4)
                [!provide]                PROVIDE (__fini_array_start, .)
 *(SORT(.fini_array.*))
 *(.fini_array)
                [!provide]                PROVIDE (__fini_array_end, .)
 *(.jcr*)
                0x200009c4                . = ALIGN (0x4)
                0x200009c4                __data_end__ = .
                0x200009c4                _edata = __data_end__

.igot.plt       0x200009c4        0x0 load address 0x0800d8ac
 .igot.plt      0x200009c4        0x0 ..\obj\tm_stm32f4_fatfs.o

.bss            0x200009c4       0xf8 load address 0x0800d8ac
                0x200009c4                . = ALIGN (0x4)
                0x200009c4                __bss_start__ = .
                0x200009c4                _sbss = __bss_start__
 *(.bss*)
 .bss           0x200009c4       0x3c ..\obj\tm_stm32f4_spi_dma.o
 .bss           0x20000a00        0x4 ..\obj\main.o
                0x20000a00                ile
 .bss           0x20000a04        0x1 ..\obj\fatfs_sd.o
 *fill*         0x20000a05        0x3 
 .bss           0x20000a08       0x28 ..\obj\tm_stm32f4_delay.o
                0x20000a08                TM_TimingDelay
                0x20000a0c                TM_Time
                0x20000a10                TM_Time2
                0x20000a14                TM_DELAY_Initialized
 .bss           0x20000a30        0x4 ..\obj\syscalls.o
 .bss           0x20000a34       0x27 ..\obj\ff.o
 *fill*         0x20000a5b        0x1 
 .bss           0x20000a5c       0x16 ..\obj\tm_stm32f4_gpio.o
 *fill*         0x20000a72        0x2 
 .bss.__malloc_max_total_mem
                0x20000a74        0x4 c:/program files (x86)/gnu tools arm embedded/5.2 2015q4/bin/../lib/gcc/arm-none-eabi/5.2.1/../../../../arm-none-eabi/lib/armv7e-m\libc.a(lib_a-mallocr.o)
                0x20000a74                __malloc_max_total_mem
 .bss.__malloc_max_sbrked_mem
                0x20000a78        0x4 c:/program files (x86)/gnu tools arm embedded/5.2 2015q4/bin/../lib/gcc/arm-none-eabi/5.2.1/../../../../arm-none-eabi/lib/armv7e-m\libc.a(lib_a-mallocr.o)
                0x20000a78                __malloc_max_sbrked_mem
 .bss.__malloc_top_pad
                0x20000a7c        0x4 c:/program files (x86)/gnu tools arm embedded/5.2 2015q4/bin/../lib/gcc/arm-none-eabi/5.2.1/../../../../arm-none-eabi/lib/armv7e-m\libc.a(lib_a-mallocr.o)
                0x20000a7c                __malloc_top_pad
 .bss.__malloc_current_mallinfo
                0x20000a80       0x28 c:/program files (x86)/gnu tools arm embedded/5.2 2015q4/bin/../lib/gcc/arm-none-eabi/5.2.1/../../../../arm-none-eabi/lib/armv7e-m\libc.a(lib_a-mallocr.o)
                0x20000a80                __malloc_current_mallinfo
 *(COMMON)
 COMMON         0x20000aa8        0x4 ..\obj\main.o
                0x20000aa8                odleglosc
 COMMON         0x20000aac        0xc ..\obj\tm_stm32f4_ili9341.o
                0x20000aac                ILI9341_x
                0x20000ab0                ILI9341_Opts
                0x20000ab6                ILI9341_y
 COMMON         0x20000ab8        0x4 c:/program files (x86)/gnu tools arm embedded/5.2 2015q4/bin/../lib/gcc/arm-none-eabi/5.2.1/../../../../arm-none-eabi/lib/armv7e-m\libc.a(lib_a-reent.o)
                0x20000ab8                errno
                0x20000abc                . = ALIGN (0x4)
                0x20000abc                __bss_end__ = .
                0x20000abc                _ebss = __bss_end__

.heap           0x20000abc        0x0
                0x20000abc                __end__ = .
                0x20000abc                _end = __end__
                0x20000abc                end = __end__
 *(.heap*)
                0x20000abc                __HeapLimit = .

.co_stack       0x20000abc      0x804 load address 0x0800d9a4
                0x20000ac0                . = ALIGN (0x8)
 *fill*         0x20000abc        0x4 
 *(.co_stack .co_stack.*)
 .co_stack      0x20000ac0      0x800 ..\obj\startup_stm32f4xx.o
                0x20000ac0                pulStack
                0x20020000                __StackTop = (ORIGIN (ram) + LENGTH (ram))
                0x2001f7fc                __StackLimit = (__StackTop - SIZEOF (.co_stack))
                [!provide]                PROVIDE (__stack, __StackTop)
                0x00000001                ASSERT ((__StackLimit >= __HeapLimit), region ram  overflowed with stack)
LOAD ..\obj\tm_stm32f4_fatfs.o
LOAD ..\obj\unicode.o
LOAD ..\obj\stm32f4xx_syscfg.o
LOAD ..\obj\tm_stm32f4_spi_dma.o
LOAD ..\obj\stm32f4xx_dac.o
LOAD ..\obj\diskio.o
LOAD ..\obj\startup_stm32f4xx.o
LOAD ..\obj\main.o
LOAD ..\obj\stm32f4xx_rcc.o
LOAD ..\obj\stm32f4xx_adc.o
LOAD ..\obj\tm_stm32f4_dma.o
LOAD ..\obj\fatfs_sd.o
LOAD ..\obj\tm_stm32f4_delay.o
LOAD ..\obj\syscall.o
LOAD ..\obj\tm_stm32f4_spi.o
LOAD ..\obj\stm32f4xx_gpio.o
LOAD ..\obj\system_stm32f4xx.o
LOAD ..\obj\syscalls.o
LOAD ..\obj\stm32f4xx_dma.o
LOAD ..\obj\ff.o
LOAD ..\obj\stm32f4xx_spi.o
LOAD ..\obj\tm_stm32f4_ili9341.o
LOAD ..\obj\stm32f4xx_exti.o
LOAD ..\obj\misc.o
LOAD ..\obj\tm_stm32f4_gpio.o
LOAD ..\obj\stm32f4_discovery_lis302dl.o
LOAD ..\obj\tm_stm32f4_timer_properties.o
LOAD ..\obj\tm_stm32f4_fonts.o
LOAD ..\obj\stm32f4xx_tim.o
LOAD c:/program files (x86)/gnu tools arm embedded/5.2 2015q4/bin/../lib/gcc/arm-none-eabi/5.2.1/../../../../arm-none-eabi/lib/armv7e-m\libm.a
LOAD c:/program files (x86)/gnu tools arm embedded/5.2 2015q4/bin/../lib/gcc/arm-none-eabi/5.2.1/armv7e-m\libgcc.a
LOAD c:/program files (x86)/gnu tools arm embedded/5.2 2015q4/bin/../lib/gcc/arm-none-eabi/5.2.1/../../../../arm-none-eabi/lib/armv7e-m\libc.a
START GROUP
LOAD c:/program files (x86)/gnu tools arm embedded/5.2 2015q4/bin/../lib/gcc/arm-none-eabi/5.2.1/armv7e-m\libgcc.a
LOAD c:/program files (x86)/gnu tools arm embedded/5.2 2015q4/bin/../lib/gcc/arm-none-eabi/5.2.1/../../../../arm-none-eabi/lib/armv7e-m\libg.a
LOAD c:/program files (x86)/gnu tools arm embedded/5.2 2015q4/bin/../lib/gcc/arm-none-eabi/5.2.1/../../../../arm-none-eabi/lib/armv7e-m\libc.a
END GROUP
OUTPUT(test.elf elf32-littlearm)

.debug_info     0x00000000     0xd4aa
 .debug_info    0x00000000      0x87e ..\obj\tm_stm32f4_spi_dma.o
 .debug_info    0x0000087e      0x89f ..\obj\diskio.o
 .debug_info    0x0000111d       0xed ..\obj\startup_stm32f4xx.o
 .debug_info    0x0000120a      0xcd6 ..\obj\main.o
 .debug_info    0x00001ee0      0xc59 ..\obj\stm32f4xx_rcc.o
 .debug_info    0x00002b39      0x925 ..\obj\tm_stm32f4_dma.o
 .debug_info    0x0000345e      0x8a7 ..\obj\fatfs_sd.o
 .debug_info    0x00003d05      0x9e3 ..\obj\tm_stm32f4_delay.o
 .debug_info    0x000046e8      0xa95 ..\obj\tm_stm32f4_spi.o
 .debug_info    0x0000517d      0x61a ..\obj\stm32f4xx_gpio.o
 .debug_info    0x00005797      0x596 ..\obj\system_stm32f4xx.o
 .debug_info    0x00005d2d      0x3f5 ..\obj\syscalls.o
 .debug_info    0x00006122      0x741 ..\obj\stm32f4xx_dma.o
 .debug_info    0x00006863     0x25a5 ..\obj\ff.o
 .debug_info    0x00008e08      0xb0f ..\obj\stm32f4xx_spi.o
 .debug_info    0x00009917      0xaf7 ..\obj\tm_stm32f4_ili9341.o
 .debug_info    0x0000a40e      0x541 ..\obj\misc.o
 .debug_info    0x0000a94f      0x82d ..\obj\tm_stm32f4_gpio.o
 .debug_info    0x0000b17c      0x481 ..\obj\tm_stm32f4_timer_properties.o
 .debug_info    0x0000b5fd      0x244 ..\obj\tm_stm32f4_fonts.o
 .debug_info    0x0000b841     0x1c69 ..\obj\stm32f4xx_tim.o

.debug_abbrev   0x00000000     0x2155
 .debug_abbrev  0x00000000      0x17e ..\obj\tm_stm32f4_spi_dma.o
 .debug_abbrev  0x0000017e      0x1ab ..\obj\diskio.o
 .debug_abbrev  0x00000329       0xb0 ..\obj\startup_stm32f4xx.o
 .debug_abbrev  0x000003d9      0x275 ..\obj\main.o
 .debug_abbrev  0x0000064e      0x1e5 ..\obj\stm32f4xx_rcc.o
 .debug_abbrev  0x00000833      0x206 ..\obj\tm_stm32f4_dma.o
 .debug_abbrev  0x00000a39      0x28c ..\obj\fatfs_sd.o
 .debug_abbrev  0x00000cc5      0x260 ..\obj\tm_stm32f4_delay.o
 .debug_abbrev  0x00000f25      0x1e6 ..\obj\tm_stm32f4_spi.o
 .debug_abbrev  0x0000110b      0x1a7 ..\obj\stm32f4xx_gpio.o
 .debug_abbrev  0x000012b2      0x138 ..\obj\system_stm32f4xx.o
 .debug_abbrev  0x000013ea       0xe5 ..\obj\syscalls.o
 .debug_abbrev  0x000014cf      0x157 ..\obj\stm32f4xx_dma.o
 .debug_abbrev  0x00001626      0x1fc ..\obj\ff.o
 .debug_abbrev  0x00001822      0x169 ..\obj\stm32f4xx_spi.o
 .debug_abbrev  0x0000198b      0x1b7 ..\obj\tm_stm32f4_ili9341.o
 .debug_abbrev  0x00001b42      0x147 ..\obj\misc.o
 .debug_abbrev  0x00001c89      0x151 ..\obj\tm_stm32f4_gpio.o
 .debug_abbrev  0x00001dda      0x10b ..\obj\tm_stm32f4_timer_properties.o
 .debug_abbrev  0x00001ee5       0xe7 ..\obj\tm_stm32f4_fonts.o
 .debug_abbrev  0x00001fcc      0x189 ..\obj\stm32f4xx_tim.o

.debug_aranges  0x00000000     0x1020
 .debug_aranges
                0x00000000       0x78 ..\obj\tm_stm32f4_spi_dma.o
 .debug_aranges
                0x00000078      0x118 ..\obj\diskio.o
 .debug_aranges
                0x00000190       0x28 ..\obj\startup_stm32f4xx.o
 .debug_aranges
                0x000001b8       0x80 ..\obj\main.o
 .debug_aranges
                0x00000238      0x178 ..\obj\stm32f4xx_rcc.o
 .debug_aranges
                0x000003b0       0xf8 ..\obj\tm_stm32f4_dma.o
 .debug_aranges
                0x000004a8       0xb0 ..\obj\fatfs_sd.o
 .debug_aranges
                0x00000558       0x78 ..\obj\tm_stm32f4_delay.o
 .debug_aranges
                0x000005d0       0x98 ..\obj\tm_stm32f4_spi.o
 .debug_aranges
                0x00000668       0x88 ..\obj\stm32f4xx_gpio.o
 .debug_aranges
                0x000006f0       0x30 ..\obj\system_stm32f4xx.o
 .debug_aranges
                0x00000720       0x60 ..\obj\syscalls.o
 .debug_aranges
                0x00000780       0xb0 ..\obj\stm32f4xx_dma.o
 .debug_aranges
                0x00000830      0x228 ..\obj\ff.o
 .debug_aranges
                0x00000a58       0xe0 ..\obj\stm32f4xx_spi.o
 .debug_aranges
                0x00000b38       0xc0 ..\obj\tm_stm32f4_ili9341.o
 .debug_aranges
                0x00000bf8       0x40 ..\obj\misc.o
 .debug_aranges
                0x00000c38       0x98 ..\obj\tm_stm32f4_gpio.o
 .debug_aranges
                0x00000cd0       0x38 ..\obj\tm_stm32f4_timer_properties.o
 .debug_aranges
                0x00000d08       0x20 ..\obj\tm_stm32f4_fonts.o
 .debug_aranges
                0x00000d28      0x2f8 ..\obj\stm32f4xx_tim.o

.debug_ranges   0x00000000      0xed0
 .debug_ranges  0x00000000       0x68 ..\obj\tm_stm32f4_spi_dma.o
 .debug_ranges  0x00000068      0x108 ..\obj\diskio.o
 .debug_ranges  0x00000170       0x18 ..\obj\startup_stm32f4xx.o
 .debug_ranges  0x00000188       0x70 ..\obj\main.o
 .debug_ranges  0x000001f8      0x168 ..\obj\stm32f4xx_rcc.o
 .debug_ranges  0x00000360       0xe8 ..\obj\tm_stm32f4_dma.o
 .debug_ranges  0x00000448       0xa0 ..\obj\fatfs_sd.o
 .debug_ranges  0x000004e8       0x68 ..\obj\tm_stm32f4_delay.o
 .debug_ranges  0x00000550       0x88 ..\obj\tm_stm32f4_spi.o
 .debug_ranges  0x000005d8       0x78 ..\obj\stm32f4xx_gpio.o
 .debug_ranges  0x00000650       0x20 ..\obj\system_stm32f4xx.o
 .debug_ranges  0x00000670       0x50 ..\obj\syscalls.o
 .debug_ranges  0x000006c0       0xa0 ..\obj\stm32f4xx_dma.o
 .debug_ranges  0x00000760      0x218 ..\obj\ff.o
 .debug_ranges  0x00000978       0xd0 ..\obj\stm32f4xx_spi.o
 .debug_ranges  0x00000a48       0xb0 ..\obj\tm_stm32f4_ili9341.o
 .debug_ranges  0x00000af8       0x30 ..\obj\misc.o
 .debug_ranges  0x00000b28       0x88 ..\obj\tm_stm32f4_gpio.o
 .debug_ranges  0x00000bb0       0x28 ..\obj\tm_stm32f4_timer_properties.o
 .debug_ranges  0x00000bd8       0x10 ..\obj\tm_stm32f4_fonts.o
 .debug_ranges  0x00000be8      0x2e8 ..\obj\stm32f4xx_tim.o

.debug_line     0x00000000     0x6c14
 .debug_line    0x00000000      0x393 ..\obj\tm_stm32f4_spi_dma.o
 .debug_line    0x00000393      0x439 ..\obj\diskio.o
 .debug_line    0x000007cc       0xae ..\obj\startup_stm32f4xx.o
 .debug_line    0x0000087a      0x446 ..\obj\main.o
 .debug_line    0x00000cc0      0x5f9 ..\obj\stm32f4xx_rcc.o
 .debug_line    0x000012b9      0x4a8 ..\obj\tm_stm32f4_dma.o
 .debug_line    0x00001761      0x601 ..\obj\fatfs_sd.o
 .debug_line    0x00001d62      0x3f3 ..\obj\tm_stm32f4_delay.o
 .debug_line    0x00002155      0x523 ..\obj\tm_stm32f4_spi.o
 .debug_line    0x00002678      0x3b4 ..\obj\stm32f4xx_gpio.o
 .debug_line    0x00002a2c      0x21c ..\obj\system_stm32f4xx.o
 .debug_line    0x00002c48      0x193 ..\obj\syscalls.o
 .debug_line    0x00002ddb      0x47e ..\obj\stm32f4xx_dma.o
 .debug_line    0x00003259     0x1844 ..\obj\ff.o
 .debug_line    0x00004a9d      0x4ad ..\obj\stm32f4xx_spi.o
 .debug_line    0x00004f4a      0x5f2 ..\obj\tm_stm32f4_ili9341.o
 .debug_line    0x0000553c      0x292 ..\obj\misc.o
 .debug_line    0x000057ce      0x406 ..\obj\tm_stm32f4_gpio.o
 .debug_line    0x00005bd4      0x32d ..\obj\tm_stm32f4_timer_properties.o
 .debug_line    0x00005f01      0x1fe ..\obj\tm_stm32f4_fonts.o
 .debug_line    0x000060ff      0xb15 ..\obj\stm32f4xx_tim.o

.debug_str      0x00000000     0x4810
 .debug_str     0x00000000      0x589 ..\obj\tm_stm32f4_spi_dma.o
                                0x600 (size before relaxing)
 .debug_str     0x00000589      0x436 ..\obj\diskio.o
                                0x5e3 (size before relaxing)
 .debug_str     0x000009bf       0xbd ..\obj\startup_stm32f4xx.o
                                0x154 (size before relaxing)
 .debug_str     0x00000a7c      0xab4 ..\obj\main.o
                                0xd83 (size before relaxing)
 .debug_str     0x00001530      0x5a5 ..\obj\stm32f4xx_rcc.o
                                0x85d (size before relaxing)
 .debug_str     0x00001ad5      0x3b4 ..\obj\tm_stm32f4_dma.o
                                0xb01 (size before relaxing)
 .debug_str     0x00001e89      0x2a9 ..\obj\fatfs_sd.o
                                0x620 (size before relaxing)
 .debug_str     0x00002132      0x266 ..\obj\tm_stm32f4_delay.o
                                0xb4a (size before relaxing)
 .debug_str     0x00002398      0x319 ..\obj\tm_stm32f4_spi.o
                                0x767 (size before relaxing)
 .debug_str     0x000026b1      0x19a ..\obj\stm32f4xx_gpio.o
                                0x4b0 (size before relaxing)
 .debug_str     0x0000284b      0x11a ..\obj\system_stm32f4xx.o
                                0x3b7 (size before relaxing)
 .debug_str     0x00002965      0x155 ..\obj\syscalls.o
                                0x2f5 (size before relaxing)
 .debug_str     0x00002aba      0x239 ..\obj\stm32f4xx_dma.o
                                0x54f (size before relaxing)
 .debug_str     0x00002cf3      0x421 ..\obj\ff.o
                                0x7c2 (size before relaxing)
 .debug_str     0x00003114      0x2ed ..\obj\stm32f4xx_spi.o
                                0x697 (size before relaxing)
 .debug_str     0x00003401      0x3a1 ..\obj\tm_stm32f4_ili9341.o
                                0x76f (size before relaxing)
 .debug_str     0x000037a2      0x110 ..\obj\misc.o
                                0x3db (size before relaxing)
 .debug_str     0x000038b2      0x1f8 ..\obj\tm_stm32f4_gpio.o
                                0x5bf (size before relaxing)
 .debug_str     0x00003aaa      0x207 ..\obj\tm_stm32f4_timer_properties.o
                                0x4f6 (size before relaxing)
 .debug_str     0x00003cb1       0xd1 ..\obj\tm_stm32f4_fonts.o
                                0x273 (size before relaxing)
 .debug_str     0x00003d82      0xa8e ..\obj\stm32f4xx_tim.o
                                0xddd (size before relaxing)

.comment        0x00000000       0x6e
 .comment       0x00000000       0x6e ..\obj\tm_stm32f4_spi_dma.o
                                 0x6f (size before relaxing)
 .comment       0x0000006e       0x6f ..\obj\diskio.o
 .comment       0x0000006e       0x6f ..\obj\startup_stm32f4xx.o
 .comment       0x0000006e       0x6f ..\obj\main.o
 .comment       0x0000006e       0x6f ..\obj\stm32f4xx_rcc.o
 .comment       0x0000006e       0x6f ..\obj\tm_stm32f4_dma.o
 .comment       0x0000006e       0x6f ..\obj\fatfs_sd.o
 .comment       0x0000006e       0x6f ..\obj\tm_stm32f4_delay.o
 .comment       0x0000006e       0x6f ..\obj\tm_stm32f4_spi.o
 .comment       0x0000006e       0x6f ..\obj\stm32f4xx_gpio.o
 .comment       0x0000006e       0x6f ..\obj\system_stm32f4xx.o
 .comment       0x0000006e       0x6f ..\obj\syscalls.o
 .comment       0x0000006e       0x6f ..\obj\stm32f4xx_dma.o
 .comment       0x0000006e       0x6f ..\obj\ff.o
 .comment       0x0000006e       0x6f ..\obj\stm32f4xx_spi.o
 .comment       0x0000006e       0x6f ..\obj\tm_stm32f4_ili9341.o
 .comment       0x0000006e       0x6f ..\obj\misc.o
 .comment       0x0000006e       0x6f ..\obj\tm_stm32f4_gpio.o
 .comment       0x0000006e       0x6f ..\obj\tm_stm32f4_timer_properties.o
 .comment       0x0000006e       0x6f ..\obj\tm_stm32f4_fonts.o
 .comment       0x0000006e       0x6f ..\obj\stm32f4xx_tim.o

.ARM.attributes
                0x00000000       0x31
 .ARM.attributes
                0x00000000       0x33 ..\obj\tm_stm32f4_spi_dma.o
 .ARM.attributes
                0x00000033       0x33 ..\obj\diskio.o
 .ARM.attributes
                0x00000066       0x33 ..\obj\startup_stm32f4xx.o
 .ARM.attributes
                0x00000099       0x33 ..\obj\main.o
 .ARM.attributes
                0x000000cc       0x33 ..\obj\stm32f4xx_rcc.o
 .ARM.attributes
                0x000000ff       0x33 ..\obj\tm_stm32f4_dma.o
 .ARM.attributes
                0x00000132       0x33 ..\obj\fatfs_sd.o
 .ARM.attributes
                0x00000165       0x33 ..\obj\tm_stm32f4_delay.o
 .ARM.attributes
                0x00000198       0x33 ..\obj\tm_stm32f4_spi.o
 .ARM.attributes
                0x000001cb       0x33 ..\obj\stm32f4xx_gpio.o
 .ARM.attributes
                0x000001fe       0x33 ..\obj\system_stm32f4xx.o
 .ARM.attributes
                0x00000231       0x33 ..\obj\syscalls.o
 .ARM.attributes
                0x00000264       0x33 ..\obj\stm32f4xx_dma.o
 .ARM.attributes
                0x00000297       0x33 ..\obj\ff.o
 .ARM.attributes
                0x000002ca       0x33 ..\obj\stm32f4xx_spi.o
 .ARM.attributes
                0x000002fd       0x33 ..\obj\tm_stm32f4_ili9341.o
 .ARM.attributes
                0x00000330       0x33 ..\obj\misc.o
 .ARM.attributes
                0x00000363       0x33 ..\obj\tm_stm32f4_gpio.o
 .ARM.attributes
                0x00000396       0x33 ..\obj\tm_stm32f4_timer_properties.o
 .ARM.attributes
                0x000003c9       0x33 ..\obj\tm_stm32f4_fonts.o
 .ARM.attributes
                0x000003fc       0x33 ..\obj\stm32f4xx_tim.o
 .ARM.attributes
                0x0000042f       0x1e c:/program files (x86)/gnu tools arm embedded/5.2 2015q4/bin/../lib/gcc/arm-none-eabi/5.2.1/armv7e-m\libgcc.a(_arm_addsubdf3.o)
 .ARM.attributes
                0x0000044d       0x1e c:/program files (x86)/gnu tools arm embedded/5.2 2015q4/bin/../lib/gcc/arm-none-eabi/5.2.1/armv7e-m\libgcc.a(_arm_muldivdf3.o)
 .ARM.attributes
                0x0000046b       0x1e c:/program files (x86)/gnu tools arm embedded/5.2 2015q4/bin/../lib/gcc/arm-none-eabi/5.2.1/armv7e-m\libgcc.a(_arm_cmpdf2.o)
 .ARM.attributes
                0x00000489       0x1e c:/program files (x86)/gnu tools arm embedded/5.2 2015q4/bin/../lib/gcc/arm-none-eabi/5.2.1/armv7e-m\libgcc.a(_arm_fixunsdfsi.o)
 .ARM.attributes
                0x000004a7       0x2e c:/program files (x86)/gnu tools arm embedded/5.2 2015q4/bin/../lib/gcc/arm-none-eabi/5.2.1/../../../../arm-none-eabi/lib/armv7e-m\libc.a(lib_a-itoa.o)
 .ARM.attributes
                0x000004d5       0x2e c:/program files (x86)/gnu tools arm embedded/5.2 2015q4/bin/../lib/gcc/arm-none-eabi/5.2.1/../../../../arm-none-eabi/lib/armv7e-m\libc.a(lib_a-mallocr.o)
 .ARM.attributes
                0x00000503       0x2e c:/program files (x86)/gnu tools arm embedded/5.2 2015q4/bin/../lib/gcc/arm-none-eabi/5.2.1/../../../../arm-none-eabi/lib/armv7e-m\libc.a(lib_a-mlock.o)
 .ARM.attributes
                0x00000531       0x2e c:/program files (x86)/gnu tools arm embedded/5.2 2015q4/bin/../lib/gcc/arm-none-eabi/5.2.1/../../../../arm-none-eabi/lib/armv7e-m\libc.a(lib_a-printf.o)
 .ARM.attributes
                0x0000055f       0x2e c:/program files (x86)/gnu tools arm embedded/5.2 2015q4/bin/../lib/gcc/arm-none-eabi/5.2.1/../../../../arm-none-eabi/lib/armv7e-m\libc.a(lib_a-sbrkr.o)
 .ARM.attributes
                0x0000058d       0x1c c:/program files (x86)/gnu tools arm embedded/5.2 2015q4/bin/../lib/gcc/arm-none-eabi/5.2.1/../../../../arm-none-eabi/lib/armv7e-m\libc.a(lib_a-strlen.o)
 .ARM.attributes
                0x000005a9       0x2e c:/program files (x86)/gnu tools arm embedded/5.2 2015q4/bin/../lib/gcc/arm-none-eabi/5.2.1/../../../../arm-none-eabi/lib/armv7e-m\libc.a(lib_a-utoa.o)
 .ARM.attributes
                0x000005d7       0x2e c:/program files (x86)/gnu tools arm embedded/5.2 2015q4/bin/../lib/gcc/arm-none-eabi/5.2.1/../../../../arm-none-eabi/lib/armv7e-m\libc.a(lib_a-vfprintf.o)
 .ARM.attributes
                0x00000605       0x2e c:/program files (x86)/gnu tools arm embedded/5.2 2015q4/bin/../lib/gcc/arm-none-eabi/5.2.1/../../../../arm-none-eabi/lib/armv7e-m\libc.a(lib_a-wsetup.o)
 .ARM.attributes
                0x00000633       0x2e c:/program files (x86)/gnu tools arm embedded/5.2 2015q4/bin/../lib/gcc/arm-none-eabi/5.2.1/../../../../arm-none-eabi/lib/armv7e-m\libc.a(lib_a-dtoa.o)
 .ARM.attributes
                0x00000661       0x2e c:/program files (x86)/gnu tools arm embedded/5.2 2015q4/bin/../lib/gcc/arm-none-eabi/5.2.1/../../../../arm-none-eabi/lib/armv7e-m\libc.a(lib_a-fflush.o)
 .ARM.attributes
                0x0000068f       0x2e c:/program files (x86)/gnu tools arm embedded/5.2 2015q4/bin/../lib/gcc/arm-none-eabi/5.2.1/../../../../arm-none-eabi/lib/armv7e-m\libc.a(lib_a-findfp.o)
 .ARM.attributes
                0x000006bd       0x2e c:/program files (x86)/gnu tools arm embedded/5.2 2015q4/bin/../lib/gcc/arm-none-eabi/5.2.1/../../../../arm-none-eabi/lib/armv7e-m\libc.a(lib_a-freer.o)
 .ARM.attributes
                0x000006eb       0x2e c:/program files (x86)/gnu tools arm embedded/5.2 2015q4/bin/../lib/gcc/arm-none-eabi/5.2.1/../../../../arm-none-eabi/lib/armv7e-m\libc.a(lib_a-fwalk.o)
 .ARM.attributes
                0x00000719       0x2e c:/program files (x86)/gnu tools arm embedded/5.2 2015q4/bin/../lib/gcc/arm-none-eabi/5.2.1/../../../../arm-none-eabi/lib/armv7e-m\libc.a(lib_a-impure.o)
 .ARM.attributes
                0x00000747       0x2e c:/program files (x86)/gnu tools arm embedded/5.2 2015q4/bin/../lib/gcc/arm-none-eabi/5.2.1/../../../../arm-none-eabi/lib/armv7e-m\libc.a(lib_a-locale.o)
 .ARM.attributes
                0x00000775       0x2e c:/program files (x86)/gnu tools arm embedded/5.2 2015q4/bin/../lib/gcc/arm-none-eabi/5.2.1/../../../../arm-none-eabi/lib/armv7e-m\libc.a(lib_a-makebuf.o)
 .ARM.attributes
                0x000007a3       0x1c c:/program files (x86)/gnu tools arm embedded/5.2 2015q4/bin/../lib/gcc/arm-none-eabi/5.2.1/../../../../arm-none-eabi/lib/armv7e-m\libc.a(lib_a-memchr.o)
 .ARM.attributes
                0x000007bf       0x1c c:/program files (x86)/gnu tools arm embedded/5.2 2015q4/bin/../lib/gcc/arm-none-eabi/5.2.1/../../../../arm-none-eabi/lib/armv7e-m\libc.a(lib_a-memcpy.o)
 .ARM.attributes
                0x000007db       0x2e c:/program files (x86)/gnu tools arm embedded/5.2 2015q4/bin/../lib/gcc/arm-none-eabi/5.2.1/../../../../arm-none-eabi/lib/armv7e-m\libc.a(lib_a-memset.o)
 .ARM.attributes
                0x00000809       0x2e c:/program files (x86)/gnu tools arm embedded/5.2 2015q4/bin/../lib/gcc/arm-none-eabi/5.2.1/../../../../arm-none-eabi/lib/armv7e-m\libc.a(lib_a-mprec.o)
 .ARM.attributes
                0x00000837       0x2e c:/program files (x86)/gnu tools arm embedded/5.2 2015q4/bin/../lib/gcc/arm-none-eabi/5.2.1/../../../../arm-none-eabi/lib/armv7e-m\libc.a(lib_a-reent.o)
 .ARM.attributes
                0x00000865       0x2e c:/program files (x86)/gnu tools arm embedded/5.2 2015q4/bin/../lib/gcc/arm-none-eabi/5.2.1/../../../../arm-none-eabi/lib/armv7e-m\libc.a(lib_a-s_fpclassify.o)
 .ARM.attributes
                0x00000893       0x2e c:/program files (x86)/gnu tools arm embedded/5.2 2015q4/bin/../lib/gcc/arm-none-eabi/5.2.1/../../../../arm-none-eabi/lib/armv7e-m\libc.a(lib_a-stdio.o)
 .ARM.attributes
                0x000008c1       0x2e c:/program files (x86)/gnu tools arm embedded/5.2 2015q4/bin/../lib/gcc/arm-none-eabi/5.2.1/../../../../arm-none-eabi/lib/armv7e-m\libc.a(lib_a-vfiprintf.o)
 .ARM.attributes
                0x000008ef       0x2e c:/program files (x86)/gnu tools arm embedded/5.2 2015q4/bin/../lib/gcc/arm-none-eabi/5.2.1/../../../../arm-none-eabi/lib/armv7e-m\libc.a(lib_a-writer.o)
 .ARM.attributes
                0x0000091d       0x2e c:/program files (x86)/gnu tools arm embedded/5.2 2015q4/bin/../lib/gcc/arm-none-eabi/5.2.1/../../../../arm-none-eabi/lib/armv7e-m\libc.a(lib_a-callocr.o)
 .ARM.attributes
                0x0000094b       0x2e c:/program files (x86)/gnu tools arm embedded/5.2 2015q4/bin/../lib/gcc/arm-none-eabi/5.2.1/../../../../arm-none-eabi/lib/armv7e-m\libc.a(lib_a-closer.o)
 .ARM.attributes
                0x00000979       0x2e c:/program files (x86)/gnu tools arm embedded/5.2 2015q4/bin/../lib/gcc/arm-none-eabi/5.2.1/../../../../arm-none-eabi/lib/armv7e-m\libc.a(lib_a-fclose.o)
 .ARM.attributes
                0x000009a7       0x2e c:/program files (x86)/gnu tools arm embedded/5.2 2015q4/bin/../lib/gcc/arm-none-eabi/5.2.1/../../../../arm-none-eabi/lib/armv7e-m\libc.a(lib_a-fputwc.o)
 .ARM.attributes
                0x000009d5       0x2e c:/program files (x86)/gnu tools arm embedded/5.2 2015q4/bin/../lib/gcc/arm-none-eabi/5.2.1/../../../../arm-none-eabi/lib/armv7e-m\libc.a(lib_a-fstatr.o)
 .ARM.attributes
                0x00000a03       0x2e c:/program files (x86)/gnu tools arm embedded/5.2 2015q4/bin/../lib/gcc/arm-none-eabi/5.2.1/../../../../arm-none-eabi/lib/armv7e-m\libc.a(lib_a-fvwrite.o)
 .ARM.attributes
                0x00000a31       0x2e c:/program files (x86)/gnu tools arm embedded/5.2 2015q4/bin/../lib/gcc/arm-none-eabi/5.2.1/../../../../arm-none-eabi/lib/armv7e-m\libc.a(lib_a-isattyr.o)
 .ARM.attributes
                0x00000a5f       0x2e c:/program files (x86)/gnu tools arm embedded/5.2 2015q4/bin/../lib/gcc/arm-none-eabi/5.2.1/../../../../arm-none-eabi/lib/armv7e-m\libc.a(lib_a-lseekr.o)
 .ARM.attributes
                0x00000a8d       0x2e c:/program files (x86)/gnu tools arm embedded/5.2 2015q4/bin/../lib/gcc/arm-none-eabi/5.2.1/../../../../arm-none-eabi/lib/armv7e-m\libc.a(lib_a-memmove.o)
 .ARM.attributes
                0x00000abb       0x2e c:/program files (x86)/gnu tools arm embedded/5.2 2015q4/bin/../lib/gcc/arm-none-eabi/5.2.1/../../../../arm-none-eabi/lib/armv7e-m\libc.a(lib_a-readr.o)
 .ARM.attributes
                0x00000ae9       0x2e c:/program files (x86)/gnu tools arm embedded/5.2 2015q4/bin/../lib/gcc/arm-none-eabi/5.2.1/../../../../arm-none-eabi/lib/armv7e-m\libc.a(lib_a-reallocr.o)
 .ARM.attributes
                0x00000b17       0x2e c:/program files (x86)/gnu tools arm embedded/5.2 2015q4/bin/../lib/gcc/arm-none-eabi/5.2.1/../../../../arm-none-eabi/lib/armv7e-m\libc.a(lib_a-wbuf.o)
 .ARM.attributes
                0x00000b45       0x2e c:/program files (x86)/gnu tools arm embedded/5.2 2015q4/bin/../lib/gcc/arm-none-eabi/5.2.1/../../../../arm-none-eabi/lib/armv7e-m\libc.a(lib_a-wcrtomb.o)
 .ARM.attributes
                0x00000b73       0x2e c:/program files (x86)/gnu tools arm embedded/5.2 2015q4/bin/../lib/gcc/arm-none-eabi/5.2.1/../../../../arm-none-eabi/lib/armv7e-m\libc.a(lib_a-wctomb_r.o)
 .ARM.attributes
                0x00000ba1       0x1e c:/program files (x86)/gnu tools arm embedded/5.2 2015q4/bin/../lib/gcc/arm-none-eabi/5.2.1/armv7e-m\libgcc.a(_arm_fixdfsi.o)
 .ARM.attributes
                0x00000bbf       0x1e c:/program files (x86)/gnu tools arm embedded/5.2 2015q4/bin/../lib/gcc/arm-none-eabi/5.2.1/armv7e-m\libgcc.a(_aeabi_uldivmod.o)
 .ARM.attributes
                0x00000bdd       0x2e c:/program files (x86)/gnu tools arm embedded/5.2 2015q4/bin/../lib/gcc/arm-none-eabi/5.2.1/armv7e-m\libgcc.a(_udivmoddi4.o)
 .ARM.attributes
                0x00000c0b       0x1e c:/program files (x86)/gnu tools arm embedded/5.2 2015q4/bin/../lib/gcc/arm-none-eabi/5.2.1/armv7e-m\libgcc.a(_dvmd_tls.o)

.debug_frame    0x00000000     0x5348
 .debug_frame   0x00000000      0x1c4 ..\obj\tm_stm32f4_spi_dma.o
 .debug_frame   0x000001c4      0x4a4 ..\obj\diskio.o
 .debug_frame   0x00000668       0x4c ..\obj\startup_stm32f4xx.o
 .debug_frame   0x000006b4      0x1d8 ..\obj\main.o
 .debug_frame   0x0000088c      0x6d4 ..\obj\stm32f4xx_rcc.o
 .debug_frame   0x00000f60      0x3a0 ..\obj\tm_stm32f4_dma.o
 .debug_frame   0x00001300      0x2a4 ..\obj\fatfs_sd.o
 .debug_frame   0x000015a4      0x1c4 ..\obj\tm_stm32f4_delay.o
 .debug_frame   0x00001768      0x270 ..\obj\tm_stm32f4_spi.o
 .debug_frame   0x000019d8      0x23c ..\obj\stm32f4xx_gpio.o
 .debug_frame   0x00001c14       0x7c ..\obj\system_stm32f4xx.o
 .debug_frame   0x00001c90      0x168 ..\obj\syscalls.o
 .debug_frame   0x00001df8      0x308 ..\obj\stm32f4xx_dma.o
 .debug_frame   0x00002100      0x9e8 ..\obj\ff.o
 .debug_frame   0x00002ae8      0x3f4 ..\obj\stm32f4xx_spi.o
 .debug_frame   0x00002edc      0x318 ..\obj\tm_stm32f4_ili9341.o
 .debug_frame   0x000031f4       0xd8 ..\obj\misc.o
 .debug_frame   0x000032cc      0x274 ..\obj\tm_stm32f4_gpio.o
 .debug_frame   0x00003540       0xa4 ..\obj\tm_stm32f4_timer_properties.o
 .debug_frame   0x000035e4       0x38 ..\obj\tm_stm32f4_fonts.o
 .debug_frame   0x0000361c      0xe54 ..\obj\stm32f4xx_tim.o
 .debug_frame   0x00004470       0x3c c:/program files (x86)/gnu tools arm embedded/5.2 2015q4/bin/../lib/gcc/arm-none-eabi/5.2.1/../../../../arm-none-eabi/lib/armv7e-m\libc.a(lib_a-itoa.o)
 .debug_frame   0x000044ac       0x58 c:/program files (x86)/gnu tools arm embedded/5.2 2015q4/bin/../lib/gcc/arm-none-eabi/5.2.1/../../../../arm-none-eabi/lib/armv7e-m\libc.a(lib_a-mallocr.o)
 .debug_frame   0x00004504       0x30 c:/program files (x86)/gnu tools arm embedded/5.2 2015q4/bin/../lib/gcc/arm-none-eabi/5.2.1/../../../../arm-none-eabi/lib/armv7e-m\libc.a(lib_a-mlock.o)
 .debug_frame   0x00004534       0x74 c:/program files (x86)/gnu tools arm embedded/5.2 2015q4/bin/../lib/gcc/arm-none-eabi/5.2.1/../../../../arm-none-eabi/lib/armv7e-m\libc.a(lib_a-printf.o)
 .debug_frame   0x000045a8       0x2c c:/program files (x86)/gnu tools arm embedded/5.2 2015q4/bin/../lib/gcc/arm-none-eabi/5.2.1/../../../../arm-none-eabi/lib/armv7e-m\libc.a(lib_a-sbrkr.o)
 .debug_frame   0x000045d4       0x4c c:/program files (x86)/gnu tools arm embedded/5.2 2015q4/bin/../lib/gcc/arm-none-eabi/5.2.1/../../../../arm-none-eabi/lib/armv7e-m\libc.a(lib_a-utoa.o)
 .debug_frame   0x00004620       0x88 c:/program files (x86)/gnu tools arm embedded/5.2 2015q4/bin/../lib/gcc/arm-none-eabi/5.2.1/../../../../arm-none-eabi/lib/armv7e-m\libc.a(lib_a-vfprintf.o)
 .debug_frame   0x000046a8       0x2c c:/program files (x86)/gnu tools arm embedded/5.2 2015q4/bin/../lib/gcc/arm-none-eabi/5.2.1/../../../../arm-none-eabi/lib/armv7e-m\libc.a(lib_a-wsetup.o)
 .debug_frame   0x000046d4       0x88 c:/program files (x86)/gnu tools arm embedded/5.2 2015q4/bin/../lib/gcc/arm-none-eabi/5.2.1/../../../../arm-none-eabi/lib/armv7e-m\libc.a(lib_a-dtoa.o)
 .debug_frame   0x0000475c       0x6c c:/program files (x86)/gnu tools arm embedded/5.2 2015q4/bin/../lib/gcc/arm-none-eabi/5.2.1/../../../../arm-none-eabi/lib/armv7e-m\libc.a(lib_a-fflush.o)
 .debug_frame   0x000047c8      0x124 c:/program files (x86)/gnu tools arm embedded/5.2 2015q4/bin/../lib/gcc/arm-none-eabi/5.2.1/../../../../arm-none-eabi/lib/armv7e-m\libc.a(lib_a-findfp.o)
 .debug_frame   0x000048ec       0x74 c:/program files (x86)/gnu tools arm embedded/5.2 2015q4/bin/../lib/gcc/arm-none-eabi/5.2.1/../../../../arm-none-eabi/lib/armv7e-m\libc.a(lib_a-freer.o)
 .debug_frame   0x00004960       0x54 c:/program files (x86)/gnu tools arm embedded/5.2 2015q4/bin/../lib/gcc/arm-none-eabi/5.2.1/../../../../arm-none-eabi/lib/armv7e-m\libc.a(lib_a-fwalk.o)
 .debug_frame   0x000049b4       0x9c c:/program files (x86)/gnu tools arm embedded/5.2 2015q4/bin/../lib/gcc/arm-none-eabi/5.2.1/../../../../arm-none-eabi/lib/armv7e-m\libc.a(lib_a-locale.o)
 .debug_frame   0x00004a50       0x48 c:/program files (x86)/gnu tools arm embedded/5.2 2015q4/bin/../lib/gcc/arm-none-eabi/5.2.1/../../../../arm-none-eabi/lib/armv7e-m\libc.a(lib_a-makebuf.o)
 .debug_frame   0x00004a98       0x34 c:/program files (x86)/gnu tools arm embedded/5.2 2015q4/bin/../lib/gcc/arm-none-eabi/5.2.1/../../../../arm-none-eabi/lib/armv7e-m\libc.a(lib_a-memset.o)
 .debug_frame   0x00004acc      0x264 c:/program files (x86)/gnu tools arm embedded/5.2 2015q4/bin/../lib/gcc/arm-none-eabi/5.2.1/../../../../arm-none-eabi/lib/armv7e-m\libc.a(lib_a-mprec.o)
 .debug_frame   0x00004d30       0x58 c:/program files (x86)/gnu tools arm embedded/5.2 2015q4/bin/../lib/gcc/arm-none-eabi/5.2.1/../../../../arm-none-eabi/lib/armv7e-m\libc.a(lib_a-reent.o)
 .debug_frame   0x00004d88       0x34 c:/program files (x86)/gnu tools arm embedded/5.2 2015q4/bin/../lib/gcc/arm-none-eabi/5.2.1/../../../../arm-none-eabi/lib/armv7e-m\libc.a(lib_a-s_fpclassify.o)
 .debug_frame   0x00004dbc       0x88 c:/program files (x86)/gnu tools arm embedded/5.2 2015q4/bin/../lib/gcc/arm-none-eabi/5.2.1/../../../../arm-none-eabi/lib/armv7e-m\libc.a(lib_a-stdio.o)
 .debug_frame   0x00004e44       0xc8 c:/program files (x86)/gnu tools arm embedded/5.2 2015q4/bin/../lib/gcc/arm-none-eabi/5.2.1/../../../../arm-none-eabi/lib/armv7e-m\libc.a(lib_a-vfiprintf.o)
 .debug_frame   0x00004f0c       0x2c c:/program files (x86)/gnu tools arm embedded/5.2 2015q4/bin/../lib/gcc/arm-none-eabi/5.2.1/../../../../arm-none-eabi/lib/armv7e-m\libc.a(lib_a-writer.o)
 .debug_frame   0x00004f38       0x28 c:/program files (x86)/gnu tools arm embedded/5.2 2015q4/bin/../lib/gcc/arm-none-eabi/5.2.1/../../../../arm-none-eabi/lib/armv7e-m\libc.a(lib_a-callocr.o)
 .debug_frame   0x00004f60       0x2c c:/program files (x86)/gnu tools arm embedded/5.2 2015q4/bin/../lib/gcc/arm-none-eabi/5.2.1/../../../../arm-none-eabi/lib/armv7e-m\libc.a(lib_a-closer.o)
 .debug_frame   0x00004f8c       0x44 c:/program files (x86)/gnu tools arm embedded/5.2 2015q4/bin/../lib/gcc/arm-none-eabi/5.2.1/../../../../arm-none-eabi/lib/armv7e-m\libc.a(lib_a-fclose.o)
 .debug_frame   0x00004fd0       0x88 c:/program files (x86)/gnu tools arm embedded/5.2 2015q4/bin/../lib/gcc/arm-none-eabi/5.2.1/../../../../arm-none-eabi/lib/armv7e-m\libc.a(lib_a-fputwc.o)
 .debug_frame   0x00005058       0x2c c:/program files (x86)/gnu tools arm embedded/5.2 2015q4/bin/../lib/gcc/arm-none-eabi/5.2.1/../../../../arm-none-eabi/lib/armv7e-m\libc.a(lib_a-fstatr.o)
 .debug_frame   0x00005084       0x68 c:/program files (x86)/gnu tools arm embedded/5.2 2015q4/bin/../lib/gcc/arm-none-eabi/5.2.1/../../../../arm-none-eabi/lib/armv7e-m\libc.a(lib_a-fvwrite.o)
 .debug_frame   0x000050ec       0x2c c:/program files (x86)/gnu tools arm embedded/5.2 2015q4/bin/../lib/gcc/arm-none-eabi/5.2.1/../../../../arm-none-eabi/lib/armv7e-m\libc.a(lib_a-isattyr.o)
 .debug_frame   0x00005118       0x2c c:/program files (x86)/gnu tools arm embedded/5.2 2015q4/bin/../lib/gcc/arm-none-eabi/5.2.1/../../../../arm-none-eabi/lib/armv7e-m\libc.a(lib_a-lseekr.o)
 .debug_frame   0x00005144       0x30 c:/program files (x86)/gnu tools arm embedded/5.2 2015q4/bin/../lib/gcc/arm-none-eabi/5.2.1/../../../../arm-none-eabi/lib/armv7e-m\libc.a(lib_a-memmove.o)
 .debug_frame   0x00005174       0x2c c:/program files (x86)/gnu tools arm embedded/5.2 2015q4/bin/../lib/gcc/arm-none-eabi/5.2.1/../../../../arm-none-eabi/lib/armv7e-m\libc.a(lib_a-readr.o)
 .debug_frame   0x000051a0       0x60 c:/program files (x86)/gnu tools arm embedded/5.2 2015q4/bin/../lib/gcc/arm-none-eabi/5.2.1/../../../../arm-none-eabi/lib/armv7e-m\libc.a(lib_a-reallocr.o)
 .debug_frame   0x00005200       0x40 c:/program files (x86)/gnu tools arm embedded/5.2 2015q4/bin/../lib/gcc/arm-none-eabi/5.2.1/../../../../arm-none-eabi/lib/armv7e-m\libc.a(lib_a-wbuf.o)
 .debug_frame   0x00005240       0x60 c:/program files (x86)/gnu tools arm embedded/5.2 2015q4/bin/../lib/gcc/arm-none-eabi/5.2.1/../../../../arm-none-eabi/lib/armv7e-m\libc.a(lib_a-wcrtomb.o)
 .debug_frame   0x000052a0       0x48 c:/program files (x86)/gnu tools arm embedded/5.2 2015q4/bin/../lib/gcc/arm-none-eabi/5.2.1/../../../../arm-none-eabi/lib/armv7e-m\libc.a(lib_a-wctomb_r.o)
 .debug_frame   0x000052e8       0x2c c:/program files (x86)/gnu tools arm embedded/5.2 2015q4/bin/../lib/gcc/arm-none-eabi/5.2.1/armv7e-m\libgcc.a(_aeabi_uldivmod.o)
 .debug_frame   0x00005314       0x34 c:/program files (x86)/gnu tools arm embedded/5.2 2015q4/bin/../lib/gcc/arm-none-eabi/5.2.1/armv7e-m\libgcc.a(_udivmoddi4.o)
