Archive member included to satisfy reference by file (symbol)

c:/program files (x86)/gnu tools arm embedded/5.2 2015q4/bin/../lib/gcc/arm-none-eabi/5.2.1/armv7e-m\libgcc.a(_arm_addsubdf3.o)
                              ..\obj\tm_stm32f4_fatfs.o (__aeabi_ui2d)
c:/program files (x86)/gnu tools arm embedded/5.2 2015q4/bin/../lib/gcc/arm-none-eabi/5.2.1/armv7e-m\libgcc.a(_arm_muldivdf3.o)
                              ..\obj\tm_stm32f4_fatfs.o (__aeabi_dmul)
c:/program files (x86)/gnu tools arm embedded/5.2 2015q4/bin/../lib/gcc/arm-none-eabi/5.2.1/armv7e-m\libgcc.a(_arm_cmpdf2.o)
                              ..\obj\tm_stm32f4_timer_properties.o (__aeabi_dcmpeq)
c:/program files (x86)/gnu tools arm embedded/5.2 2015q4/bin/../lib/gcc/arm-none-eabi/5.2.1/armv7e-m\libgcc.a(_arm_fixunsdfsi.o)
                              ..\obj\tm_stm32f4_fatfs.o (__aeabi_d2uiz)
c:/program files (x86)/gnu tools arm embedded/5.2 2015q4/bin/../lib/gcc/arm-none-eabi/5.2.1/../../../../arm-none-eabi/lib/armv7e-m\libg.a(lib_a-itoa.o)
                              ..\obj\main.o (itoa)
c:/program files (x86)/gnu tools arm embedded/5.2 2015q4/bin/../lib/gcc/arm-none-eabi/5.2.1/../../../../arm-none-eabi/lib/armv7e-m\libg.a(lib_a-malloc.o)
                              ..\obj\tm_stm32f4_fatfs.o (malloc)
c:/program files (x86)/gnu tools arm embedded/5.2 2015q4/bin/../lib/gcc/arm-none-eabi/5.2.1/../../../../arm-none-eabi/lib/armv7e-m\libg.a(lib_a-mallocr.o)
                              c:/program files (x86)/gnu tools arm embedded/5.2 2015q4/bin/../lib/gcc/arm-none-eabi/5.2.1/../../../../arm-none-eabi/lib/armv7e-m\libg.a(lib_a-malloc.o) (_malloc_r)
c:/program files (x86)/gnu tools arm embedded/5.2 2015q4/bin/../lib/gcc/arm-none-eabi/5.2.1/../../../../arm-none-eabi/lib/armv7e-m\libg.a(lib_a-mlock.o)
                              c:/program files (x86)/gnu tools arm embedded/5.2 2015q4/bin/../lib/gcc/arm-none-eabi/5.2.1/../../../../arm-none-eabi/lib/armv7e-m\libg.a(lib_a-mallocr.o) (__malloc_lock)
c:/program files (x86)/gnu tools arm embedded/5.2 2015q4/bin/../lib/gcc/arm-none-eabi/5.2.1/../../../../arm-none-eabi/lib/armv7e-m\libg.a(lib_a-printf.o)
                              ..\obj\main.o (printf)
c:/program files (x86)/gnu tools arm embedded/5.2 2015q4/bin/../lib/gcc/arm-none-eabi/5.2.1/../../../../arm-none-eabi/lib/armv7e-m\libg.a(lib_a-sbrkr.o)
                              c:/program files (x86)/gnu tools arm embedded/5.2 2015q4/bin/../lib/gcc/arm-none-eabi/5.2.1/../../../../arm-none-eabi/lib/armv7e-m\libg.a(lib_a-mallocr.o) (_sbrk_r)
c:/program files (x86)/gnu tools arm embedded/5.2 2015q4/bin/../lib/gcc/arm-none-eabi/5.2.1/../../../../arm-none-eabi/lib/armv7e-m\libg.a(lib_a-sprintf.o)
                              ..\obj\tm_stm32f4_fatfs.o (sprintf)
c:/program files (x86)/gnu tools arm embedded/5.2 2015q4/bin/../lib/gcc/arm-none-eabi/5.2.1/../../../../arm-none-eabi/lib/armv7e-m\libg.a(lib_a-strcpy.o)
                              ..\obj\tm_stm32f4_fatfs.o (strcpy)
c:/program files (x86)/gnu tools arm embedded/5.2 2015q4/bin/../lib/gcc/arm-none-eabi/5.2.1/../../../../arm-none-eabi/lib/armv7e-m\libg.a(lib_a-strlen.o)
                              ..\obj\tm_stm32f4_fatfs.o (strlen)
c:/program files (x86)/gnu tools arm embedded/5.2 2015q4/bin/../lib/gcc/arm-none-eabi/5.2.1/../../../../arm-none-eabi/lib/armv7e-m\libg.a(lib_a-svfprintf.o)
                              c:/program files (x86)/gnu tools arm embedded/5.2 2015q4/bin/../lib/gcc/arm-none-eabi/5.2.1/../../../../arm-none-eabi/lib/armv7e-m\libg.a(lib_a-sprintf.o) (_svfprintf_r)
c:/program files (x86)/gnu tools arm embedded/5.2 2015q4/bin/../lib/gcc/arm-none-eabi/5.2.1/../../../../arm-none-eabi/lib/armv7e-m\libg.a(lib_a-utoa.o)
                              c:/program files (x86)/gnu tools arm embedded/5.2 2015q4/bin/../lib/gcc/arm-none-eabi/5.2.1/../../../../arm-none-eabi/lib/armv7e-m\libg.a(lib_a-itoa.o) (__utoa)
c:/program files (x86)/gnu tools arm embedded/5.2 2015q4/bin/../lib/gcc/arm-none-eabi/5.2.1/../../../../arm-none-eabi/lib/armv7e-m\libg.a(lib_a-vfprintf.o)
                              c:/program files (x86)/gnu tools arm embedded/5.2 2015q4/bin/../lib/gcc/arm-none-eabi/5.2.1/../../../../arm-none-eabi/lib/armv7e-m\libg.a(lib_a-printf.o) (_vfprintf_r)
c:/program files (x86)/gnu tools arm embedded/5.2 2015q4/bin/../lib/gcc/arm-none-eabi/5.2.1/../../../../arm-none-eabi/lib/armv7e-m\libg.a(lib_a-wsetup.o)
                              c:/program files (x86)/gnu tools arm embedded/5.2 2015q4/bin/../lib/gcc/arm-none-eabi/5.2.1/../../../../arm-none-eabi/lib/armv7e-m\libg.a(lib_a-vfprintf.o) (__swsetup_r)
c:/program files (x86)/gnu tools arm embedded/5.2 2015q4/bin/../lib/gcc/arm-none-eabi/5.2.1/../../../../arm-none-eabi/lib/armv7e-m\libg.a(lib_a-dtoa.o)
                              c:/program files (x86)/gnu tools arm embedded/5.2 2015q4/bin/../lib/gcc/arm-none-eabi/5.2.1/../../../../arm-none-eabi/lib/armv7e-m\libg.a(lib_a-svfprintf.o) (_dtoa_r)
[...]
Memory Configuration

Name             Origin             Length             Attributes
rom              0x00000000         0x00100000         xr
ram              0x20000000         0x00020000         xrw
ram1             0x10000000         0x00010000         xrw
*default*        0x00000000         0xffffffff

Linker script and memory map

                0x20020000                _eram = 0x20020000

.text           0x00000000     0x4f48
 *(.isr_vector)
 .isr_vector    0x00000000      0x188 ..\obj\startup_stm32f4xx.o
                0x00000000                g_pfnVectors
 *(.text*)
 .text.TM_SPI_DMA_Init
                0x00000188       0xa4 ..\obj\tm_stm32f4_spi_dma.o
                0x00000188                TM_SPI_DMA_Init
 .text.TM_SPI_DMA_SendHalfWord
                0x0000022c       0xb0 ..\obj\tm_stm32f4_spi_dma.o
                0x0000022c                TM_SPI_DMA_SendHalfWord
 .text.TM_SPI_DMA_Working
                0x000002dc       0x50 ..\obj\tm_stm32f4_spi_dma.o
                0x000002dc                TM_SPI_DMA_Working
 .text.TM_SPI_DMA_INT_GetSettings
                0x0000032c       0x50 ..\obj\tm_stm32f4_spi_dma.o
 .text.Default_Reset_Handler
                0x0000037c       0x5c ..\obj\startup_stm32f4xx.o
                0x0000037c                Default_Reset_Handler
                0x0000037c                Reset_Handler
 .text.Default_Handler
                0x000003d8        0x8 ..\obj\startup_stm32f4xx.o
                0x000003d8                RTC_Alarm_IRQHandler
                0x000003d8                HASH_RNG_IRQHandler
                0x000003d8                EXTI2_IRQHandler
                0x000003d8                TIM8_CC_IRQHandler
                0x000003d8                DebugMon_Handler
                0x000003d8                TIM1_CC_IRQHandler
                0x000003d8                HardFault_Handler
                0x000003d8                SysTick_Handler
                0x000003d8                PVD_IRQHandler
                0x000003d8                SDIO_IRQHandler
                0x000003d8                TAMP_STAMP_IRQHandler
                0x000003d8                PendSV_Handler
                0x000003d8                NMI_Handler
                0x000003d8                CAN2_RX1_IRQHandler
                0x000003d8                EXTI3_IRQHandler
                0x000003d8                TIM8_TRG_COM_TIM14_IRQHandler
                0x000003d8                TIM1_UP_TIM10_IRQHandler
                0x000003d8                TIM8_UP_TIM13_IRQHandler
                0x000003d8                I2C3_ER_IRQHandler
                0x000003d8                EXTI0_IRQHandler
                0x000003d8                I2C2_EV_IRQHandler
                0x000003d8                CAN1_RX0_IRQHandler
                0x000003d8                FPU_IRQHandler
                0x000003d8                OTG_HS_WKUP_IRQHandler
                0x000003d8                UsageFault_Handler
                0x000003d8                CAN2_SCE_IRQHandler
                0x000003d8                SPI1_IRQHandler
                0x000003d8                TIM6_DAC_IRQHandler
                0x000003d8                TIM1_BRK_TIM9_IRQHandler
                0x000003d8                DCMI_IRQHandler
                0x000003d8                CAN2_RX0_IRQHandler
                0x000003d8                USART6_IRQHandler
                0x000003d8                USART3_IRQHandler
                0x000003d8                CRYP_IRQHandler
                0x000003d8                CAN1_RX1_IRQHandler
                0x000003d8                UART5_IRQHandler
                0x000003d8                I2C1_EV_IRQHandler
                0x000003d8                UART4_IRQHandler
                0x000003d8                RCC_IRQHandler
                0x000003d8                TIM8_BRK_TIM12_IRQHandler
                0x000003d8                EXTI15_10_IRQHandler
                0x000003d8                ADC_IRQHandler
                0x000003d8                TIM7_IRQHandler
                0x000003d8                CAN2_TX_IRQHandler
                0x000003d8                TIM5_IRQHandler
                0x000003d8                I2C3_EV_IRQHandler
                0x000003d8                EXTI9_5_IRQHandler
                0x000003d8                RTC_WKUP_IRQHandler
                0x000003d8                ETH_WKUP_IRQHandler
                0x000003d8                SPI2_IRQHandler
                0x000003d8                OTG_HS_EP1_IN_IRQHandler
                0x000003d8                MemManage_Handler
                0x000003d8                CAN1_TX_IRQHandler
                0x000003d8                SVC_Handler
                0x000003d8                EXTI4_IRQHandler
                0x000003d8                FSMC_IRQHandler
                0x000003d8                ETH_IRQHandler
                0x000003d8                OTG_HS_EP1_OUT_IRQHandler
                0x000003d8                WWDG_IRQHandler
                0x000003d8                OTG_FS_WKUP_IRQHandler
                0x000003d8                TIM1_TRG_COM_TIM11_IRQHandler
                0x000003d8                OTG_HS_IRQHandler
                0x000003d8                EXTI1_IRQHandler
                0x000003d8                USART2_IRQHandler
                0x000003d8                I2C2_ER_IRQHandler
                0x000003d8                CAN1_SCE_IRQHandler
                0x000003d8                FLASH_IRQHandler
                0x000003d8                BusFault_Handler
                0x000003d8                USART1_IRQHandler
                0x000003d8                OTG_FS_IRQHandler
                0x000003d8                SPI3_IRQHandler
                0x000003d8                I2C1_ER_IRQHandler
 .text.TRIG_GPIO_conf
                0x000003e0       0x38 ..\obj\main.o
                0x000003e0                TRIG_GPIO_conf
 .text.ECHO_GPIO_conf
                0x00000418       0x38 ..\obj\main.o
                0x00000418                ECHO_GPIO_conf
 .text.Timmer2_conf
                0x00000450       0x34 ..\obj\main.o
                0x00000450                Timmer2_conf
 .text.Timmer3_conf
                0x00000484       0x34 ..\obj\main.o
                0x00000484                Timmer3_conf
 .text.Przerwania2_conf
                0x000004b8       0x44 ..\obj\main.o
                0x000004b8                Przerwania2_conf
 .text.Przerwania3_conf
                0x000004fc       0x44 ..\obj\main.o
                0x000004fc                Przerwania3_conf
 .text.TIM2_IRQHandler
                0x00000540       0x3c ..\obj\main.o
                0x00000540                TIM2_IRQHandler
 .text.TIM3_IRQHandler
                0x0000057c       0x30 ..\obj\main.o
                0x0000057c                TIM3_IRQHandler
 .text.display  0x000005ac      0x520 ..\obj\main.o
                0x000005ac                display
 .text.main     0x00000acc      0x104 ..\obj\main.o
                0x00000acc                main
 .text.RCC_AHB1PeriphClockCmd
                0x00000bd0       0x3c ..\obj\stm32f4xx_rcc.o
                0x00000bd0                RCC_AHB1PeriphClockCmd
 .text.RCC_APB1PeriphClockCmd
                0x00000c0c       0x3c ..\obj\stm32f4xx_rcc.o
                0x00000c0c                RCC_APB1PeriphClockCmd
 .text.TM_DMA_ClearFlag
                0x00000c48       0x88 ..\obj\tm_stm32f4_dma.o
                0x00000c48                TM_DMA_ClearFlag
 .text.TM_DMA_GetFlags
                0x00000cd0       0xa0 ..\obj\tm_stm32f4_dma.o
                0x00000cd0                TM_DMA_GetFlags
 .text.TM_DMA_TransferCompleteHandler
                0x00000d70       0x14 ..\obj\tm_stm32f4_dma.o
                0x00000d70                TM_DMA_TransferCompleteHandler
 .text.TM_DMA_HalfTransferCompleteHandler
                0x00000d84       0x14 ..\obj\tm_stm32f4_dma.o
                0x00000d84                TM_DMA_HalfTransferCompleteHandler
 .text.TM_DMA_TransferErrorHandler
                0x00000d98       0x14 ..\obj\tm_stm32f4_dma.o
                0x00000d98                TM_DMA_TransferErrorHandler
 .text.TM_DMA_DirectModeErrorHandler
                0x00000dac       0x14 ..\obj\tm_stm32f4_dma.o
                0x00000dac                TM_DMA_DirectModeErrorHandler
 .text.TM_DMA_FIFOErrorHandler
                0x00000dc0       0x14 ..\obj\tm_stm32f4_dma.o
                0x00000dc0                TM_DMA_FIFOErrorHandler
 .text.TM_DMA_INT_ProcessInterrupt
                0x00000dd4       0xb0 ..\obj\tm_stm32f4_dma.o
 .text.DMA1_Stream0_IRQHandler
                0x00000e84       0x14 ..\obj\tm_stm32f4_dma.o
                0x00000e84                DMA1_Stream0_IRQHandler
 .text.DMA1_Stream1_IRQHandler
                0x00000e98       0x14 ..\obj\tm_stm32f4_dma.o
                0x00000e98                DMA1_Stream1_IRQHandler
 .text.DMA1_Stream2_IRQHandler
                0x00000eac       0x14 ..\obj\tm_stm32f4_dma.o
                0x00000eac                DMA1_Stream2_IRQHandler
 .text.DMA1_Stream3_IRQHandler
                0x00000ec0       0x14 ..\obj\tm_stm32f4_dma.o
                0x00000ec0                DMA1_Stream3_IRQHandler
 .text.DMA1_Stream4_IRQHandler
                0x00000ed4       0x14 ..\obj\tm_stm32f4_dma.o
                0x00000ed4                DMA1_Stream4_IRQHandler
 .text.DMA1_Stream5_IRQHandler
                0x00000ee8       0x14 ..\obj\tm_stm32f4_dma.o
                0x00000ee8                DMA1_Stream5_IRQHandler
 .text.DMA1_Stream6_IRQHandler
                0x00000efc       0x14 ..\obj\tm_stm32f4_dma.o
                0x00000efc                DMA1_Stream6_IRQHandler
 .text.DMA1_Stream7_IRQHandler
                0x00000f10       0x14 ..\obj\tm_stm32f4_dma.o
                0x00000f10                DMA1_Stream7_IRQHandler
 .text.DMA2_Stream0_IRQHandler
                0x00000f24       0x14 ..\obj\tm_stm32f4_dma.o
                0x00000f24                DMA2_Stream0_IRQHandler
 .text.DMA2_Stream1_IRQHandler
                0x00000f38       0x14 ..\obj\tm_stm32f4_dma.o
                0x00000f38                DMA2_Stream1_IRQHandler
 .text.DMA2_Stream2_IRQHandler
                0x00000f4c       0x14 ..\obj\tm_stm32f4_dma.o
                0x00000f4c                DMA2_Stream2_IRQHandler
 .text.DMA2_Stream3_IRQHandler
                0x00000f60       0x14 ..\obj\tm_stm32f4_dma.o
                0x00000f60                DMA2_Stream3_IRQHandler
 .text.DMA2_Stream4_IRQHandler
                0x00000f74       0x14 ..\obj\tm_stm32f4_dma.o
                0x00000f74                DMA2_Stream4_IRQHandler
 .text.DMA2_Stream5_IRQHandler
                0x00000f88       0x14 ..\obj\tm_stm32f4_dma.o
                0x00000f88                DMA2_Stream5_IRQHandler
 .text.DMA2_Stream6_IRQHandler
                0x00000f9c       0x14 ..\obj\tm_stm32f4_dma.o
                0x00000f9c                DMA2_Stream6_IRQHandler
 .text.DMA2_Stream7_IRQHandler
                0x00000fb0       0x14 ..\obj\tm_stm32f4_dma.o
                0x00000fb0                DMA2_Stream7_IRQHandler
 .text.TIM4_IRQHandler
                0x00000fc4       0xfc ..\obj\tm_stm32f4_delay.o
                0x00000fc4                TIM4_IRQHandler
 .text.TM_SPI_Init
                0x000010c0       0x7c ..\obj\tm_stm32f4_spi.o
                0x000010c0                TM_SPI_Init
 .text.TM_SPI_SetDataSize
                0x0000113c       0x78 ..\obj\tm_stm32f4_spi.o
                0x0000113c                TM_SPI_SetDataSize
 .text.TM_SPI_InitCustomPinsCallback
                0x000011b4       0x18 ..\obj\tm_stm32f4_spi.o
                0x000011b4                TM_SPI_InitCustomPinsCallback
 .text.TM_SPIx_Init
                0x000011cc      0x11c ..\obj\tm_stm32f4_spi.o
 .text.TM_SPI1_INT_InitPins
                0x000012e8       0x60 ..\obj\tm_stm32f4_spi.o
                0x000012e8                TM_SPI1_INT_InitPins
 .text.TM_SPI2_INT_InitPins
                0x00001348       0x98 ..\obj\tm_stm32f4_spi.o
                0x00001348                TM_SPI2_INT_InitPins
 .text.TM_SPI3_INT_InitPins
                0x000013e0       0x64 ..\obj\tm_stm32f4_spi.o
                0x000013e0                TM_SPI3_INT_InitPins
 .text.GPIO_Init
                0x00001444      0x11c ..\obj\stm32f4xx_gpio.o
                0x00001444                GPIO_Init
 .text.GPIO_ReadInputDataBit
                0x00001560       0x34 ..\obj\stm32f4xx_gpio.o
                0x00001560                GPIO_ReadInputDataBit
 .text.GPIO_SetBits
                0x00001594       0x1c ..\obj\stm32f4xx_gpio.o
                0x00001594                GPIO_SetBits
 .text.GPIO_ResetBits
                0x000015b0       0x1c ..\obj\stm32f4xx_gpio.o
                0x000015b0                GPIO_ResetBits
 .text.GPIO_WriteBit
                0x000015cc       0x30 ..\obj\stm32f4xx_gpio.o
                0x000015cc                GPIO_WriteBit
 .text.SystemInit
                0x000015fc       0x5c ..\obj\system_stm32f4xx.o
                0x000015fc                SystemInit
 .text.SetSysClock
                0x00001658       0xf4 ..\obj\system_stm32f4xx.o
 .text.DMA_Init
                0x0000174c       0xac ..\obj\stm32f4xx_dma.o
                0x0000174c                DMA_Init
 .text.SPI_Init
                0x000017f8       0x88 ..\obj\stm32f4xx_spi.o
                0x000017f8                SPI_Init
 .text.SPI_StructInit
                0x00001880       0x48 ..\obj\stm32f4xx_spi.o
                0x00001880                SPI_StructInit
 .text.TM_SPI_Send
                0x000018c8       0x74 ..\obj\tm_stm32f4_ili9341.o
 .text.TM_ILI9341_Init
                0x0000193c       0xa0 ..\obj\tm_stm32f4_ili9341.o
                0x0000193c                TM_ILI9341_Init
 .text.TM_ILI9341_InitLCD
                0x000019dc      0x274 ..\obj\tm_stm32f4_ili9341.o
                0x000019dc                TM_ILI9341_InitLCD
 .text.TM_ILI9341_SendCommand
                0x00001c50       0x3c ..\obj\tm_stm32f4_ili9341.o
                0x00001c50                TM_ILI9341_SendCommand
 .text.TM_ILI9341_SendData
                0x00001c8c       0x3c ..\obj\tm_stm32f4_ili9341.o
                0x00001c8c                TM_ILI9341_SendData
 .text.TM_ILI9341_DrawPixel
                0x00001cc8       0x40 ..\obj\tm_stm32f4_ili9341.o
                0x00001cc8                TM_ILI9341_DrawPixel
 .text.TM_ILI9341_SetCursorPosition
                0x00001d08       0x94 ..\obj\tm_stm32f4_ili9341.o
                0x00001d08                TM_ILI9341_SetCursorPosition
 .text.TM_ILI9341_Fill
                0x00001d9c       0x30 ..\obj\tm_stm32f4_ili9341.o
                0x00001d9c                TM_ILI9341_Fill
 .text.TM_ILI9341_INT_Fill
                0x00001dcc       0xcc ..\obj\tm_stm32f4_ili9341.o
                0x00001dcc                TM_ILI9341_INT_Fill
 .text.TM_ILI9341_Delay
                0x00001e98       0x20 ..\obj\tm_stm32f4_ili9341.o
                0x00001e98                TM_ILI9341_Delay
 .text.TM_ILI9341_Puts
                0x00001eb8       0xb0 ..\obj\tm_stm32f4_ili9341.o
                0x00001eb8                TM_ILI9341_Puts
 .text.TM_ILI9341_Putc
                0x00001f68      0x124 ..\obj\tm_stm32f4_ili9341.o
                0x00001f68                TM_ILI9341_Putc
 .text.TM_ILI9341_DrawFilledRectangle
                0x0000208c       0x70 ..\obj\tm_stm32f4_ili9341.o
                0x0000208c                TM_ILI9341_DrawFilledRectangle
 .text.NVIC_PriorityGroupConfig
                0x000020fc       0x24 ..\obj\misc.o
                0x000020fc                NVIC_PriorityGroupConfig
 .text.NVIC_Init
                0x00002120       0xc0 ..\obj\misc.o
                0x00002120                NVIC_Init
 .text.TM_GPIO_Init
                0x000021e0       0x48 ..\obj\tm_stm32f4_gpio.o
                0x000021e0                TM_GPIO_Init
 .text.TM_GPIO_InitAlternate
                0x00002228       0xa8 ..\obj\tm_stm32f4_gpio.o
                0x00002228                TM_GPIO_InitAlternate
 .text.TM_GPIO_GetPortSource
                0x000022d0       0x20 ..\obj\tm_stm32f4_gpio.o
                0x000022d0                TM_GPIO_GetPortSource
 .text.TM_GPIO_INT_EnableClock
                0x000022f0       0x30 ..\obj\tm_stm32f4_gpio.o
                0x000022f0                TM_GPIO_INT_EnableClock
 .text.TM_GPIO_INT_Init
                0x00002320      0x110 ..\obj\tm_stm32f4_gpio.o
                0x00002320                TM_GPIO_INT_Init
 .text.TIM_TimeBaseInit
                0x00002430       0xd4 ..\obj\stm32f4xx_tim.o
                0x00002430                TIM_TimeBaseInit
 .text.TIM_Cmd  0x00002504       0x40 ..\obj\stm32f4xx_tim.o
                0x00002504                TIM_Cmd
 .text.TIM_ITConfig
                0x00002544       0x48 ..\obj\stm32f4xx_tim.o
                0x00002544                TIM_ITConfig
 .text.TIM_GetITStatus
                0x0000258c       0x54 ..\obj\stm32f4xx_tim.o
                0x0000258c                TIM_GetITStatus
 .text.TIM_ClearITPendingBit
                0x000025e0       0x20 ..\obj\stm32f4xx_tim.o
                0x000025e0                TIM_ClearITPendingBit
 .text.__itoa   0x00002600       0x30 c:/program files (x86)/gnu tools arm embedded/5.2 2015q4/bin/../lib/gcc/arm-none-eabi/5.2.1/../../../../arm-none-eabi/lib/armv7e-m\libg.a(lib_a-itoa.o)
                0x00002600                __itoa
 .text.itoa     0x00002630        0x4 c:/program files (x86)/gnu tools arm embedded/5.2 2015q4/bin/../lib/gcc/arm-none-eabi/5.2.1/../../../../arm-none-eabi/lib/armv7e-m\libg.a(lib_a-itoa.o)
                0x00002630                itoa
 .text.__utoa   0x00002634       0x80 c:/program files (x86)/gnu tools arm embedded/5.2 2015q4/bin/../lib/gcc/arm-none-eabi/5.2.1/../../../../arm-none-eabi/lib/armv7e-m\libg.a(lib_a-utoa.o)
                0x00002634                __utoa
 *(.init)
 *(.fini)
 *crtbegin.o(.ctors)
 *crtbegin?.o(.ctors)
 *(EXCLUDE_FILE(*crtend.o *crtend?.o) .ctors)
 *(SORT(.ctors.*))
 *(.ctors)
 *crtbegin.o(.dtors)
 *crtbegin?.o(.dtors)
 *(EXCLUDE_FILE(*crtend.o *crtend?.o) .dtors)
 *(SORT(.dtors.*))
 *(.dtors)
 *(.rodata*)
 .rodata        0x000026b4       0x44 ..\obj\main.o
 .rodata        0x000026f8       0x14 ..\obj\tm_stm32f4_dma.o
 .rodata        0x0000270c     0x2814 ..\obj\tm_stm32f4_fonts.o
                0x0000270c                TM_Font7x10
                0x00002e78                TM_Font11x18
                0x00003bd4                TM_Font16x26
 .rodata.str1.4
                0x00004f20       0x28 c:/program files (x86)/gnu tools arm embedded/5.2 2015q4/bin/../lib/gcc/arm-none-eabi/5.2.1/../../../../arm-none-eabi/lib/armv7e-m\libg.a(lib_a-utoa.o)
                                 0x25 (size before relaxing)
 *(.eh_fram e*)

.glue_7         0x00004f48        0x0
 .glue_7        0x00004f48        0x0 linker stubs

.glue_7t        0x00004f48        0x0
 .glue_7t       0x00004f48        0x0 linker stubs

.vfp11_veneer   0x00004f48        0x0
 .vfp11_veneer  0x00004f48        0x0 linker stubs

.v4_bx          0x00004f48        0x0
 .v4_bx         0x00004f48        0x0 linker stubs

.iplt           0x00004f48        0x0
 .iplt          0x00004f48        0x0 ..\obj\tm_stm32f4_fatfs.o

.rel.dyn        0x00004f48        0x0
 .rel.iplt      0x00004f48        0x0 ..\obj\tm_stm32f4_fatfs.o

.ARM.extab
 *(.ARM.extab* .gnu.linkonce.armextab.*)
                0x00004f48                __exidx_start = .

.ARM.exidx
 *(.ARM.exidx* .gnu.linkonce.armexidx.*)
                0x00004f48                __exidx_end = .
                0x00004f48                __etext = .
                0x00004f48                _sidata = __etext

.data           0x20000000       0x60 load address 0x00004f48
                0x20000000                __data_start__ = .
                0x20000000                _sdata = __data_start__
 *(vtable)
 *(.data*)
 .data          0x20000000       0x48 ..\obj\tm_stm32f4_spi_dma.o
 .data          0x20000048       0x18 ..\obj\tm_stm32f4_fonts.o
                0x20000048                TM_Font_7x10
                0x20000050                TM_Font_11x18
                0x20000058                TM_Font_16x26
                0x20000060                . = ALIGN (0x4)
                [!provide]                PROVIDE (__preinit_array_start, .)
 *(.preinit_array)
                [!provide]                PROVIDE (__preinit_array_end, .)
                0x20000060                . = ALIGN (0x4)
                [!provide]                PROVIDE (__init_array_start, .)
 *(SORT(.init_array.*))
 *(.init_array)
                [!provide]                PROVIDE (__init_array_end, .)
                0x20000060                . = ALIGN (0x4)
                [!provide]                PROVIDE (__fini_array_start, .)
 *(SORT(.fini_array.*))
 *(.fini_array)
                [!provide]                PROVIDE (__fini_array_end, .)
 *(.jcr*)
                0x20000060                . = ALIGN (0x4)
                0x20000060                __data_end__ = .
                0x20000060                _edata = __data_end__

.igot.plt       0x20000060        0x0 load address 0x00004fa8
 .igot.plt      0x20000060        0x0 ..\obj\tm_stm32f4_fatfs.o

.bss            0x20000060       0x90 load address 0x00004fa8
                0x20000060                . = ALIGN (0x4)
                0x20000060                __bss_start__ = .
                0x20000060                _sbss = __bss_start__
 *(.bss*)
 .bss           0x20000060       0x3c ..\obj\tm_stm32f4_spi_dma.o
 .bss           0x2000009c        0x4 ..\obj\main.o
                0x2000009c                ile
 .bss           0x200000a0       0x28 ..\obj\tm_stm32f4_delay.o
                0x200000a0                TM_TimingDelay
                0x200000a4                TM_Time
                0x200000a8                TM_Time2
                0x200000ac                TM_DELAY_Initialized
 .bss           0x200000c8       0x16 ..\obj\tm_stm32f4_gpio.o
 *(COMMON)
 *fill*         0x200000de        0x2 
 COMMON         0x200000e0        0x4 ..\obj\main.o
                0x200000e0                odleglosc
 COMMON         0x200000e4        0xc ..\obj\tm_stm32f4_ili9341.o
                0x200000e4                ILI9341_x
                0x200000e8                ILI9341_Opts
                0x200000ee                ILI9341_y
                0x200000f0                . = ALIGN (0x4)
                0x200000f0                __bss_end__ = .
                0x200000f0                _ebss = __bss_end__

.heap           0x200000f0        0x0
                0x200000f0                __end__ = .
                0x200000f0                _end = __end__
                0x200000f0                end = __end__
 *(.heap*)
                0x200000f0                __HeapLimit = .

.co_stack       0x200000f0      0x800 load address 0x00005038
                0x200000f0                . = ALIGN (0x8)
 *(.co_stack .co_stack.*)
 .co_stack      0x200000f0      0x800 ..\obj\startup_stm32f4xx.o
                0x200000f0                pulStack
                0x20020000                __StackTop = (ORIGIN (ram) + LENGTH (ram))
                0x2001f800                __StackLimit = (__StackTop - SIZEOF (.co_stack))
                [!provide]                PROVIDE (__stack, __StackTop)
                0x00000001                ASSERT ((__StackLimit >= __HeapLimit), region ram  overflowed with stack)
LOAD ..\obj\tm_stm32f4_fatfs.o
LOAD ..\obj\unicode.o
LOAD ..\obj\stm32f4xx_syscfg.o
LOAD ..\obj\tm_stm32f4_spi_dma.o
LOAD ..\obj\stm32f4xx_dac.o
LOAD ..\obj\diskio.o
LOAD ..\obj\startup_stm32f4xx.o
LOAD ..\obj\main.o
LOAD ..\obj\stm32f4xx_rcc.o
LOAD ..\obj\stm32f4xx_adc.o
LOAD ..\obj\tm_stm32f4_dma.o
LOAD ..\obj\fatfs_sd.o
LOAD ..\obj\tm_stm32f4_delay.o
LOAD ..\obj\syscall.o
LOAD ..\obj\tm_stm32f4_spi.o
LOAD ..\obj\stm32f4xx_gpio.o
LOAD ..\obj\system_stm32f4xx.o
LOAD ..\obj\syscalls.o
LOAD ..\obj\stm32f4xx_dma.o
LOAD ..\obj\ff.o
LOAD ..\obj\stm32f4xx_spi.o
LOAD ..\obj\tm_stm32f4_ili9341.o
LOAD ..\obj\stm32f4xx_exti.o
LOAD ..\obj\misc.o
LOAD ..\obj\tm_stm32f4_gpio.o
LOAD ..\obj\stm32f4_discovery_lis302dl.o
LOAD ..\obj\tm_stm32f4_timer_properties.o
LOAD ..\obj\tm_stm32f4_fonts.o
LOAD ..\obj\stm32f4xx_tim.o
LOAD c:/program files (x86)/gnu tools arm embedded/5.2 2015q4/bin/../lib/gcc/arm-none-eabi/5.2.1/../../../../arm-none-eabi/lib/armv7e-m\libstdc++.a
START GROUP
LOAD c:/program files (x86)/gnu tools arm embedded/5.2 2015q4/bin/../lib/gcc/arm-none-eabi/5.2.1/armv7e-m\libgcc.a
LOAD c:/program files (x86)/gnu tools arm embedded/5.2 2015q4/bin/../lib/gcc/arm-none-eabi/5.2.1/../../../../arm-none-eabi/lib/armv7e-m\libg.a
LOAD c:/program files (x86)/gnu tools arm embedded/5.2 2015q4/bin/../lib/gcc/arm-none-eabi/5.2.1/../../../../arm-none-eabi/lib/armv7e-m\libc.a
END GROUP
OUTPUT(test.elf elf32-littlearm)

.debug_info     0x00000000     0x9548
 .debug_info    0x00000000      0x87e ..\obj\tm_stm32f4_spi_dma.o
 .debug_info    0x0000087e       0xed ..\obj\startup_stm32f4xx.o
 .debug_info    0x0000096b      0xcd5 ..\obj\main.o
 .debug_info    0x00001640      0xc59 ..\obj\stm32f4xx_rcc.o
 .debug_info    0x00002299      0x925 ..\obj\tm_stm32f4_dma.o
 .debug_info    0x00002bbe      0x9e3 ..\obj\tm_stm32f4_delay.o
 .debug_info    0x000035a1      0xa95 ..\obj\tm_stm32f4_spi.o
 .debug_info    0x00004036      0x61a ..\obj\stm32f4xx_gpio.o
 .debug_info    0x00004650      0x596 ..\obj\system_stm32f4xx.o
 .debug_info    0x00004be6      0x741 ..\obj\stm32f4xx_dma.o
 .debug_info    0x00005327      0xb0f ..\obj\stm32f4xx_spi.o
 .debug_info    0x00005e36      0xaf7 ..\obj\tm_stm32f4_ili9341.o
 .debug_info    0x0000692d      0x541 ..\obj\misc.o
 .debug_info    0x00006e6e      0x82d ..\obj\tm_stm32f4_gpio.o
 .debug_info    0x0000769b      0x244 ..\obj\tm_stm32f4_fonts.o
 .debug_info    0x000078df     0x1c69 ..\obj\stm32f4xx_tim.o

.debug_abbrev   0x00000000     0x191a
 .debug_abbrev  0x00000000      0x17e ..\obj\tm_stm32f4_spi_dma.o
 .debug_abbrev  0x0000017e       0xb0 ..\obj\startup_stm32f4xx.o
 .debug_abbrev  0x0000022e      0x25d ..\obj\main.o
 .debug_abbrev  0x0000048b      0x1e5 ..\obj\stm32f4xx_rcc.o
 .debug_abbrev  0x00000670      0x206 ..\obj\tm_stm32f4_dma.o
 .debug_abbrev  0x00000876      0x260 ..\obj\tm_stm32f4_delay.o
 .debug_abbrev  0x00000ad6      0x1e6 ..\obj\tm_stm32f4_spi.o
 .debug_abbrev  0x00000cbc      0x1a7 ..\obj\stm32f4xx_gpio.o
 .debug_abbrev  0x00000e63      0x138 ..\obj\system_stm32f4xx.o
 .debug_abbrev  0x00000f9b      0x157 ..\obj\stm32f4xx_dma.o
 .debug_abbrev  0x000010f2      0x169 ..\obj\stm32f4xx_spi.o
 .debug_abbrev  0x0000125b      0x1b7 ..\obj\tm_stm32f4_ili9341.o
 .debug_abbrev  0x00001412      0x147 ..\obj\misc.o
 .debug_abbrev  0x00001559      0x151 ..\obj\tm_stm32f4_gpio.o
 .debug_abbrev  0x000016aa       0xe7 ..\obj\tm_stm32f4_fonts.o
 .debug_abbrev  0x00001791      0x189 ..\obj\stm32f4xx_tim.o

.debug_aranges  0x00000000      0xb98
 .debug_aranges
                0x00000000       0x78 ..\obj\tm_stm32f4_spi_dma.o
 .debug_aranges
                0x00000078       0x28 ..\obj\startup_stm32f4xx.o
 .debug_aranges
                0x000000a0       0x80 ..\obj\main.o
 .debug_aranges
                0x00000120      0x178 ..\obj\stm32f4xx_rcc.o
 .debug_aranges
                0x00000298       0xf8 ..\obj\tm_stm32f4_dma.o
 .debug_aranges
                0x00000390       0x78 ..\obj\tm_stm32f4_delay.o
 .debug_aranges
                0x00000408       0x98 ..\obj\tm_stm32f4_spi.o
 .debug_aranges
                0x000004a0       0x88 ..\obj\stm32f4xx_gpio.o
 .debug_aranges
                0x00000528       0x30 ..\obj\system_stm32f4xx.o
 .debug_aranges
                0x00000558       0xb0 ..\obj\stm32f4xx_dma.o
 .debug_aranges
                0x00000608       0xe0 ..\obj\stm32f4xx_spi.o
 .debug_aranges
                0x000006e8       0xc0 ..\obj\tm_stm32f4_ili9341.o
 .debug_aranges
                0x000007a8       0x40 ..\obj\misc.o
 .debug_aranges
                0x000007e8       0x98 ..\obj\tm_stm32f4_gpio.o
 .debug_aranges
                0x00000880       0x20 ..\obj\tm_stm32f4_fonts.o
 .debug_aranges
                0x000008a0      0x2f8 ..\obj\stm32f4xx_tim.o

.debug_ranges   0x00000000      0xa98
 .debug_ranges  0x00000000       0x68 ..\obj\tm_stm32f4_spi_dma.o
 .debug_ranges  0x00000068       0x18 ..\obj\startup_stm32f4xx.o
 .debug_ranges  0x00000080       0x70 ..\obj\main.o
 .debug_ranges  0x000000f0      0x168 ..\obj\stm32f4xx_rcc.o
 .debug_ranges  0x00000258       0xe8 ..\obj\tm_stm32f4_dma.o
 .debug_ranges  0x00000340       0x68 ..\obj\tm_stm32f4_delay.o
 .debug_ranges  0x000003a8       0x88 ..\obj\tm_stm32f4_spi.o
 .debug_ranges  0x00000430       0x78 ..\obj\stm32f4xx_gpio.o
 .debug_ranges  0x000004a8       0x20 ..\obj\system_stm32f4xx.o
 .debug_ranges  0x000004c8       0xa0 ..\obj\stm32f4xx_dma.o
 .debug_ranges  0x00000568       0xd0 ..\obj\stm32f4xx_spi.o
 .debug_ranges  0x00000638       0xb0 ..\obj\tm_stm32f4_ili9341.o
 .debug_ranges  0x000006e8       0x30 ..\obj\misc.o
 .debug_ranges  0x00000718       0x88 ..\obj\tm_stm32f4_gpio.o
 .debug_ranges  0x000007a0       0x10 ..\obj\tm_stm32f4_fonts.o
 .debug_ranges  0x000007b0      0x2e8 ..\obj\stm32f4xx_tim.o

.debug_line     0x00000000     0x44d6
 .debug_line    0x00000000      0x393 ..\obj\tm_stm32f4_spi_dma.o
 .debug_line    0x00000393       0xae ..\obj\startup_stm32f4xx.o
 .debug_line    0x00000441      0x446 ..\obj\main.o
 .debug_line    0x00000887      0x5f9 ..\obj\stm32f4xx_rcc.o
 .debug_line    0x00000e80      0x4a8 ..\obj\tm_stm32f4_dma.o
 .debug_line    0x00001328      0x3f3 ..\obj\tm_stm32f4_delay.o
 .debug_line    0x0000171b      0x523 ..\obj\tm_stm32f4_spi.o
 .debug_line    0x00001c3e      0x3b4 ..\obj\stm32f4xx_gpio.o
 .debug_line    0x00001ff2      0x21c ..\obj\system_stm32f4xx.o
 .debug_line    0x0000220e      0x47e ..\obj\stm32f4xx_dma.o
 .debug_line    0x0000268c      0x4ad ..\obj\stm32f4xx_spi.o
 .debug_line    0x00002b39      0x5f2 ..\obj\tm_stm32f4_ili9341.o
 .debug_line    0x0000312b      0x292 ..\obj\misc.o
 .debug_line    0x000033bd      0x406 ..\obj\tm_stm32f4_gpio.o
 .debug_line    0x000037c3      0x1fe ..\obj\tm_stm32f4_fonts.o
 .debug_line    0x000039c1      0xb15 ..\obj\stm32f4xx_tim.o

.debug_str      0x00000000     0x3b9d
 .debug_str     0x00000000      0x589 ..\obj\tm_stm32f4_spi_dma.o
                                0x600 (size before relaxing)
 .debug_str     0x00000589       0xbd ..\obj\startup_stm32f4xx.o
                                0x154 (size before relaxing)
 .debug_str     0x00000646      0xb1d ..\obj\main.o
                                0xd88 (size before relaxing)
 .debug_str     0x00001163      0x5ab ..\obj\stm32f4xx_rcc.o
                                0x85d (size before relaxing)
 .debug_str     0x0000170e      0x3b4 ..\obj\tm_stm32f4_dma.o
                                0xb01 (size before relaxing)
 .debug_str     0x00001ac2      0x27f ..\obj\tm_stm32f4_delay.o
                                0xb4a (size before relaxing)
 .debug_str     0x00001d41      0x40b ..\obj\tm_stm32f4_spi.o
                                0x767 (size before relaxing)
 .debug_str     0x0000214c      0x19a ..\obj\stm32f4xx_gpio.o
                                0x4b0 (size before relaxing)
 .debug_str     0x000022e6      0x11a ..\obj\system_stm32f4xx.o
                                0x3b7 (size before relaxing)
 .debug_str     0x00002400      0x239 ..\obj\stm32f4xx_dma.o
                                0x54f (size before relaxing)
 .debug_str     0x00002639      0x2ed ..\obj\stm32f4xx_spi.o
                                0x697 (size before relaxing)
 .debug_str     0x00002926      0x3ee ..\obj\tm_stm32f4_ili9341.o
                                0x76f (size before relaxing)
 .debug_str     0x00002d14      0x12d ..\obj\misc.o
                                0x3db (size before relaxing)
 .debug_str     0x00002e41      0x1f8 ..\obj\tm_stm32f4_gpio.o
                                0x5bf (size before relaxing)
 .debug_str     0x00003039       0xd1 ..\obj\tm_stm32f4_fonts.o
                                0x273 (size before relaxing)
 .debug_str     0x0000310a      0xa93 ..\obj\stm32f4xx_tim.o
                                0xddd (size before relaxing)

.comment        0x00000000       0x6e
 .comment       0x00000000       0x6e ..\obj\tm_stm32f4_spi_dma.o
                                 0x6f (size before relaxing)
 .comment       0x0000006e       0x6f ..\obj\startup_stm32f4xx.o
 .comment       0x0000006e       0x6f ..\obj\main.o
 .comment       0x0000006e       0x6f ..\obj\stm32f4xx_rcc.o
 .comment       0x0000006e       0x6f ..\obj\tm_stm32f4_dma.o
 .comment       0x0000006e       0x6f ..\obj\tm_stm32f4_delay.o
 .comment       0x0000006e       0x6f ..\obj\tm_stm32f4_spi.o
 .comment       0x0000006e       0x6f ..\obj\stm32f4xx_gpio.o
 .comment       0x0000006e       0x6f ..\obj\system_stm32f4xx.o
 .comment       0x0000006e       0x6f ..\obj\stm32f4xx_dma.o
 .comment       0x0000006e       0x6f ..\obj\stm32f4xx_spi.o
 .comment       0x0000006e       0x6f ..\obj\tm_stm32f4_ili9341.o
 .comment       0x0000006e       0x6f ..\obj\misc.o
 .comment       0x0000006e       0x6f ..\obj\tm_stm32f4_gpio.o
 .comment       0x0000006e       0x6f ..\obj\tm_stm32f4_fonts.o
 .comment       0x0000006e       0x6f ..\obj\stm32f4xx_tim.o

.ARM.attributes
                0x00000000       0x31
 .ARM.attributes
                0x00000000       0x33 ..\obj\tm_stm32f4_spi_dma.o
 .ARM.attributes
                0x00000033       0x33 ..\obj\startup_stm32f4xx.o
 .ARM.attributes
                0x00000066       0x33 ..\obj\main.o
 .ARM.attributes
                0x00000099       0x33 ..\obj\stm32f4xx_rcc.o
 .ARM.attributes
                0x000000cc       0x33 ..\obj\tm_stm32f4_dma.o
 .ARM.attributes
                0x000000ff       0x33 ..\obj\tm_stm32f4_delay.o
 .ARM.attributes
                0x00000132       0x33 ..\obj\tm_stm32f4_spi.o
 .ARM.attributes
                0x00000165       0x33 ..\obj\stm32f4xx_gpio.o
 .ARM.attributes
                0x00000198       0x33 ..\obj\system_stm32f4xx.o
 .ARM.attributes
                0x000001cb       0x33 ..\obj\stm32f4xx_dma.o
 .ARM.attributes
                0x000001fe       0x33 ..\obj\stm32f4xx_spi.o
 .ARM.attributes
                0x00000231       0x33 ..\obj\tm_stm32f4_ili9341.o
 .ARM.attributes
                0x00000264       0x33 ..\obj\misc.o
 .ARM.attributes
                0x00000297       0x33 ..\obj\tm_stm32f4_gpio.o
 .ARM.attributes
                0x000002ca       0x33 ..\obj\tm_stm32f4_fonts.o
 .ARM.attributes
                0x000002fd       0x33 ..\obj\stm32f4xx_tim.o
 .ARM.attributes
                0x00000330       0x2e c:/program files (x86)/gnu tools arm embedded/5.2 2015q4/bin/../lib/gcc/arm-none-eabi/5.2.1/../../../../arm-none-eabi/lib/armv7e-m\libg.a(lib_a-itoa.o)
 .ARM.attributes
                0x0000035e       0x2e c:/program files (x86)/gnu tools arm embedded/5.2 2015q4/bin/../lib/gcc/arm-none-eabi/5.2.1/../../../../arm-none-eabi/lib/armv7e-m\libg.a(lib_a-utoa.o)

.debug_frame    0x00000000     0x31bc
 .debug_frame   0x00000000      0x1c4 ..\obj\tm_stm32f4_spi_dma.o
 .debug_frame   0x000001c4       0x4c ..\obj\startup_stm32f4xx.o
 .debug_frame   0x00000210      0x1d8 ..\obj\main.o
 .debug_frame   0x000003e8      0x6d4 ..\obj\stm32f4xx_rcc.o
 .debug_frame   0x00000abc      0x3a0 ..\obj\tm_stm32f4_dma.o
 .debug_frame   0x00000e5c      0x1c4 ..\obj\tm_stm32f4_delay.o
 .debug_frame   0x00001020      0x270 ..\obj\tm_stm32f4_spi.o
 .debug_frame   0x00001290      0x23c ..\obj\stm32f4xx_gpio.o
 .debug_frame   0x000014cc       0x7c ..\obj\system_stm32f4xx.o
 .debug_frame   0x00001548      0x308 ..\obj\stm32f4xx_dma.o
 .debug_frame   0x00001850      0x3f4 ..\obj\stm32f4xx_spi.o
 .debug_frame   0x00001c44      0x318 ..\obj\tm_stm32f4_ili9341.o
 .debug_frame   0x00001f5c       0xd8 ..\obj\misc.o
 .debug_frame   0x00002034      0x274 ..\obj\tm_stm32f4_gpio.o
 .debug_frame   0x000022a8       0x38 ..\obj\tm_stm32f4_fonts.o
 .debug_frame   0x000022e0      0xe54 ..\obj\stm32f4xx_tim.o
 .debug_frame   0x00003134       0x3c c:/program files (x86)/gnu tools arm embedded/5.2 2015q4/bin/../lib/gcc/arm-none-eabi/5.2.1/../../../../arm-none-eabi/lib/armv7e-m\libg.a(lib_a-itoa.o)
 .debug_frame   0x00003170       0x4c c:/program files (x86)/gnu tools arm embedded/5.2 2015q4/bin/../lib/gcc/arm-none-eabi/5.2.1/../../../../arm-none-eabi/lib/armv7e-m\libg.a(lib_a-utoa.o)
