Archive member included to satisfy reference by file (symbol)

c:/program files (x86)/gnu tools arm embedded/5.2 2015q4/bin/../lib/gcc/arm-none-eabi/5.2.1/../../../../arm-none-eabi/lib/armv7e-m\libg.a(lib_a-strlen.o)
                              ..\obj\tm_stm32f4_fonts.o (strlen)

Allocating common symbols
Common symbol       size              file

ILI9341_x           0x2               ..\obj\tm_stm32f4_ili9341.o
ILI9341_Opts        0x6               ..\obj\tm_stm32f4_ili9341.o
ILI9341_y           0x2               ..\obj\tm_stm32f4_ili9341.o

Discarded input sections

 .text          0x00000000        0x0 ..\obj\stm32f4xx_syscfg.o
 .data          0x00000000        0x0 ..\obj\stm32f4xx_syscfg.o
 .bss           0x00000000        0x0 ..\obj\stm32f4xx_syscfg.o
 .text.SYSCFG_DeInit
                0x00000000       0x1c ..\obj\stm32f4xx_syscfg.o
 .text.SYSCFG_MemoryRemapConfig
                0x00000000       0x20 ..\obj\stm32f4xx_syscfg.o
 .text.SYSCFG_EXTILineConfig
                0x00000000       0x84 ..\obj\stm32f4xx_syscfg.o
 .text.SYSCFG_ETH_MediaInterfaceConfig
                0x00000000       0x1c ..\obj\stm32f4xx_syscfg.o
 .text.SYSCFG_CompensationCellCmd
                0x00000000       0x20 ..\obj\stm32f4xx_syscfg.o
 .text.SYSCFG_GetCompensationCellStatus
                0x00000000       0x30 ..\obj\stm32f4xx_syscfg.o
 .debug_info    0x00000000      0x274 ..\obj\stm32f4xx_syscfg.o
 .debug_abbrev  0x00000000      0x133 ..\obj\stm32f4xx_syscfg.o
 .debug_aranges
                0x00000000       0x48 ..\obj\stm32f4xx_syscfg.o
 .debug_ranges  0x00000000       0x38 ..\obj\stm32f4xx_syscfg.o
 .debug_line    0x00000000      0x252 ..\obj\stm32f4xx_syscfg.o
 .debug_str     0x00000000      0x301 ..\obj\stm32f4xx_syscfg.o
 .comment       0x00000000       0x6f ..\obj\stm32f4xx_syscfg.o
 .debug_frame   0x00000000       0xf4 ..\obj\stm32f4xx_syscfg.o
 .ARM.attributes
                0x00000000       0x33 ..\obj\stm32f4xx_syscfg.o
 .text          0x00000000        0x0 ..\obj\tm_stm32f4_spi_dma.o
 .text.TM_SPI_DMA_InitWithStreamAndChannel
                0x00000000       0x3c ..\obj\tm_stm32f4_spi_dma.o
 .text.TM_SPI_DMA_Deinit
                0x00000000       0x2c ..\obj\tm_stm32f4_spi_dma.o
 .text.TM_SPI_DMA_Transmit
                0x00000000      0x134 ..\obj\tm_stm32f4_spi_dma.o
 .text.TM_SPI_DMA_SendByte
                0x00000000       0xa4 ..\obj\tm_stm32f4_spi_dma.o
 .text.TM_SPI_DMA_GetStreamTX
                0x00000000       0x1c ..\obj\tm_stm32f4_spi_dma.o
 .text.TM_SPI_DMA_GetStreamRX
                0x00000000       0x1c ..\obj\tm_stm32f4_spi_dma.o
 .text.TM_SPI_DMA_EnableInterrupts
                0x00000000       0x2c ..\obj\tm_stm32f4_spi_dma.o
 .text.TM_SPI_DMA_DisableInterrupts
                0x00000000       0x2c ..\obj\tm_stm32f4_spi_dma.o
 .text          0x00000000        0x0 ..\obj\stm32f4xx_dac.o
 .data          0x00000000        0x0 ..\obj\stm32f4xx_dac.o
 .bss           0x00000000        0x0 ..\obj\stm32f4xx_dac.o
 .text.DAC_DeInit
                0x00000000       0x1c ..\obj\stm32f4xx_dac.o
 .text.DAC_Init
                0x00000000       0x64 ..\obj\stm32f4xx_dac.o
 .text.DAC_StructInit
                0x00000000       0x2c ..\obj\stm32f4xx_dac.o
 .text.DAC_Cmd  0x00000000       0x48 ..\obj\stm32f4xx_dac.o
 .text.DAC_SoftwareTriggerCmd
                0x00000000       0x4c ..\obj\stm32f4xx_dac.o
 .text.DAC_DualSoftwareTriggerCmd
                0x00000000       0x38 ..\obj\stm32f4xx_dac.o
 .text.DAC_WaveGenerationCmd
                0x00000000       0x4c ..\obj\stm32f4xx_dac.o
 .text.DAC_SetChannel1Data
                0x00000000       0x34 ..\obj\stm32f4xx_dac.o
 .text.DAC_SetChannel2Data
                0x00000000       0x34 ..\obj\stm32f4xx_dac.o
 .text.DAC_SetDualChannelData
                0x00000000       0x58 ..\obj\stm32f4xx_dac.o
 .text.DAC_GetDataOutputValue
                0x00000000       0x30 ..\obj\stm32f4xx_dac.o
 .text.DAC_DMACmd
                0x00000000       0x4c ..\obj\stm32f4xx_dac.o
 .text.DAC_ITConfig
                0x00000000       0x4c ..\obj\stm32f4xx_dac.o
 .text.DAC_GetFlagStatus
                0x00000000       0x3c ..\obj\stm32f4xx_dac.o
 .text.DAC_ClearFlag
                0x00000000       0x24 ..\obj\stm32f4xx_dac.o
 .text.DAC_GetITStatus
                0x00000000       0x54 ..\obj\stm32f4xx_dac.o
 .text.DAC_ClearITPendingBit
                0x00000000       0x24 ..\obj\stm32f4xx_dac.o
 .debug_info    0x00000000      0x642 ..\obj\stm32f4xx_dac.o
 .debug_abbrev  0x00000000      0x17e ..\obj\stm32f4xx_dac.o
 .debug_aranges
                0x00000000       0xa0 ..\obj\stm32f4xx_dac.o
 .debug_ranges  0x00000000       0x90 ..\obj\stm32f4xx_dac.o
 .debug_line    0x00000000      0x3a6 ..\obj\stm32f4xx_dac.o
 .debug_str     0x00000000      0x460 ..\obj\stm32f4xx_dac.o
 .comment       0x00000000       0x6f ..\obj\stm32f4xx_dac.o
 .debug_frame   0x00000000      0x2ac ..\obj\stm32f4xx_dac.o
 .ARM.attributes
                0x00000000       0x33 ..\obj\stm32f4xx_dac.o
 .text          0x00000000        0x0 ..\obj\startup_stm32f4xx.o
 .data          0x00000000        0x0 ..\obj\startup_stm32f4xx.o
 .bss           0x00000000        0x0 ..\obj\startup_stm32f4xx.o
 .text          0x00000000        0x0 ..\obj\main.o
 .data          0x00000000        0x0 ..\obj\main.o
 .bss           0x00000000        0x0 ..\obj\main.o
 .text          0x00000000        0x0 ..\obj\stm32f4xx_rcc.o
 .data          0x00000000       0x10 ..\obj\stm32f4xx_rcc.o
 .bss           0x00000000        0x0 ..\obj\stm32f4xx_rcc.o
 .text.RCC_DeInit
                0x00000000       0x50 ..\obj\stm32f4xx_rcc.o
 .text.RCC_HSEConfig
                0x00000000       0x24 ..\obj\stm32f4xx_rcc.o
 .text.RCC_WaitForHSEStartUp
                0x00000000       0x50 ..\obj\stm32f4xx_rcc.o
 .text.RCC_AdjustHSICalibrationValue
                0x00000000       0x3c ..\obj\stm32f4xx_rcc.o
 .text.RCC_HSICmd
                0x00000000       0x20 ..\obj\stm32f4xx_rcc.o
 .text.RCC_LSEConfig
                0x00000000       0x40 ..\obj\stm32f4xx_rcc.o
 .text.RCC_LSICmd
                0x00000000       0x20 ..\obj\stm32f4xx_rcc.o
 .text.RCC_PLLConfig
                0x00000000       0x3c ..\obj\stm32f4xx_rcc.o
 .text.RCC_PLLCmd
                0x00000000       0x20 ..\obj\stm32f4xx_rcc.o
 .text.RCC_PLLI2SConfig
                0x00000000       0x28 ..\obj\stm32f4xx_rcc.o
 .text.RCC_PLLI2SCmd
                0x00000000       0x20 ..\obj\stm32f4xx_rcc.o
 .text.RCC_ClockSecuritySystemCmd
                0x00000000       0x20 ..\obj\stm32f4xx_rcc.o
 .text.RCC_MCO1Config
                0x00000000       0x3c ..\obj\stm32f4xx_rcc.o
 .text.RCC_MCO2Config
                0x00000000       0x3c ..\obj\stm32f4xx_rcc.o
 .text.RCC_SYSCLKConfig
                0x00000000       0x38 ..\obj\stm32f4xx_rcc.o
 .text.RCC_GetSYSCLKSource
                0x00000000       0x1c ..\obj\stm32f4xx_rcc.o
 .text.RCC_HCLKConfig
                0x00000000       0x38 ..\obj\stm32f4xx_rcc.o
 .text.RCC_PCLK1Config
                0x00000000       0x38 ..\obj\stm32f4xx_rcc.o
 .text.RCC_PCLK2Config
                0x00000000       0x38 ..\obj\stm32f4xx_rcc.o
 .text.RCC_GetClocksFreq
                0x00000000      0x154 ..\obj\stm32f4xx_rcc.o
 .text.RCC_RTCCLKConfig
                0x00000000       0x5c ..\obj\stm32f4xx_rcc.o
 .text.RCC_RTCCLKCmd
                0x00000000       0x20 ..\obj\stm32f4xx_rcc.o
 .text.RCC_BackupResetCmd
                0x00000000       0x20 ..\obj\stm32f4xx_rcc.o
 .text.RCC_I2SCLKConfig
                0x00000000       0x1c ..\obj\stm32f4xx_rcc.o
 .text.RCC_AHB1PeriphClockCmd
                0x00000000       0x3c ..\obj\stm32f4xx_rcc.o
 .text.RCC_AHB2PeriphClockCmd
                0x00000000       0x3c ..\obj\stm32f4xx_rcc.o
 .text.RCC_AHB3PeriphClockCmd
                0x00000000       0x3c ..\obj\stm32f4xx_rcc.o
 .text.RCC_APB1PeriphClockCmd
                0x00000000       0x3c ..\obj\stm32f4xx_rcc.o
 .text.RCC_APB2PeriphClockCmd
                0x00000000       0x3c ..\obj\stm32f4xx_rcc.o
 .text.RCC_AHB1PeriphResetCmd
                0x00000000       0x3c ..\obj\stm32f4xx_rcc.o
 .text.RCC_AHB2PeriphResetCmd
                0x00000000       0x3c ..\obj\stm32f4xx_rcc.o
 .text.RCC_AHB3PeriphResetCmd
                0x00000000       0x3c ..\obj\stm32f4xx_rcc.o
 .text.RCC_APB1PeriphResetCmd
                0x00000000       0x3c ..\obj\stm32f4xx_rcc.o
 .text.RCC_APB2PeriphResetCmd
                0x00000000       0x3c ..\obj\stm32f4xx_rcc.o
 .text.RCC_AHB1PeriphClockLPModeCmd
                0x00000000       0x3c ..\obj\stm32f4xx_rcc.o
 .text.RCC_AHB2PeriphClockLPModeCmd
                0x00000000       0x3c ..\obj\stm32f4xx_rcc.o
 .text.RCC_AHB3PeriphClockLPModeCmd
                0x00000000       0x3c ..\obj\stm32f4xx_rcc.o
 .text.RCC_APB1PeriphClockLPModeCmd
                0x00000000       0x3c ..\obj\stm32f4xx_rcc.o
 .text.RCC_APB2PeriphClockLPModeCmd
                0x00000000       0x3c ..\obj\stm32f4xx_rcc.o
 .text.RCC_ITConfig
                0x00000000       0x4c ..\obj\stm32f4xx_rcc.o
 .text.RCC_GetFlagStatus
                0x00000000       0x74 ..\obj\stm32f4xx_rcc.o
 .text.RCC_ClearFlag
                0x00000000       0x1c ..\obj\stm32f4xx_rcc.o
 .text.RCC_GetITStatus
                0x00000000       0x34 ..\obj\stm32f4xx_rcc.o
 .text.RCC_ClearITPendingBit
                0x00000000       0x20 ..\obj\stm32f4xx_rcc.o
 .debug_info    0x00000000      0xc59 ..\obj\stm32f4xx_rcc.o
 .debug_abbrev  0x00000000      0x1e5 ..\obj\stm32f4xx_rcc.o
 .debug_aranges
                0x00000000      0x178 ..\obj\stm32f4xx_rcc.o
 .debug_ranges  0x00000000      0x168 ..\obj\stm32f4xx_rcc.o
 .debug_line    0x00000000      0x5f9 ..\obj\stm32f4xx_rcc.o
 .debug_str     0x00000000      0x85d ..\obj\stm32f4xx_rcc.o
 .comment       0x00000000       0x6f ..\obj\stm32f4xx_rcc.o
 .debug_frame   0x00000000      0x6d4 ..\obj\stm32f4xx_rcc.o
 .ARM.attributes
                0x00000000       0x33 ..\obj\stm32f4xx_rcc.o
 .text          0x00000000        0x0 ..\obj\stm32f4xx_adc.o
 .data          0x00000000        0x0 ..\obj\stm32f4xx_adc.o
 .bss           0x00000000        0x0 ..\obj\stm32f4xx_adc.o
 .text.ADC_DeInit
                0x00000000       0x1c ..\obj\stm32f4xx_adc.o
 .text.ADC_Init
                0x00000000       0xa8 ..\obj\stm32f4xx_adc.o
 .text.ADC_StructInit
                0x00000000       0x3c ..\obj\stm32f4xx_adc.o
 .text.ADC_CommonInit
                0x00000000       0x50 ..\obj\stm32f4xx_adc.o
 .text.ADC_CommonStructInit
                0x00000000       0x2c ..\obj\stm32f4xx_adc.o
 .text.ADC_Cmd  0x00000000       0x38 ..\obj\stm32f4xx_adc.o
 .text.ADC_AnalogWatchdogCmd
                0x00000000       0x38 ..\obj\stm32f4xx_adc.o
 .text.ADC_AnalogWatchdogThresholdsConfig
                0x00000000       0x28 ..\obj\stm32f4xx_adc.o
 .text.ADC_AnalogWatchdogSingleChannelConfig
                0x00000000       0x38 ..\obj\stm32f4xx_adc.o
 .text.ADC_TempSensorVrefintCmd
                0x00000000       0x38 ..\obj\stm32f4xx_adc.o
 .text.ADC_VBATCmd
                0x00000000       0x38 ..\obj\stm32f4xx_adc.o
 .text.ADC_RegularChannelConfig
                0x00000000      0x194 ..\obj\stm32f4xx_adc.o
 .text.ADC_SoftwareStartConv
                0x00000000       0x20 ..\obj\stm32f4xx_adc.o
 .text.ADC_GetSoftwareStartConvStatus
                0x00000000       0x30 ..\obj\stm32f4xx_adc.o
 .text.ADC_EOCOnEachRegularChannelCmd
                0x00000000       0x38 ..\obj\stm32f4xx_adc.o
 .text.ADC_ContinuousModeCmd
                0x00000000       0x38 ..\obj\stm32f4xx_adc.o
 .text.ADC_DiscModeChannelCountConfig
                0x00000000       0x44 ..\obj\stm32f4xx_adc.o
 .text.ADC_DiscModeCmd
                0x00000000       0x38 ..\obj\stm32f4xx_adc.o
 .text.ADC_GetConversionValue
                0x00000000       0x18 ..\obj\stm32f4xx_adc.o
 .text.ADC_GetMultiModeConversionValue
                0x00000000       0x14 ..\obj\stm32f4xx_adc.o
 .text.ADC_DMACmd
                0x00000000       0x38 ..\obj\stm32f4xx_adc.o
 .text.ADC_DMARequestAfterLastTransferCmd
                0x00000000       0x38 ..\obj\stm32f4xx_adc.o
 .text.ADC_MultiModeDMARequestAfterLastTransferCmd
                0x00000000       0x38 ..\obj\stm32f4xx_adc.o
 .text.ADC_InjectedChannelConfig
                0x00000000      0x120 ..\obj\stm32f4xx_adc.o
 .text.ADC_InjectedSequencerLengthConfig
                0x00000000       0x44 ..\obj\stm32f4xx_adc.o
 .text.ADC_SetInjectedOffset
                0x00000000       0x34 ..\obj\stm32f4xx_adc.o
 .text.ADC_ExternalTrigInjectedConvConfig
                0x00000000       0x34 ..\obj\stm32f4xx_adc.o
 .text.ADC_ExternalTrigInjectedConvEdgeConfig
                0x00000000       0x34 ..\obj\stm32f4xx_adc.o
 .text.ADC_SoftwareStartInjectedConv
                0x00000000       0x20 ..\obj\stm32f4xx_adc.o
 .text.ADC_GetSoftwareStartInjectedConvCmdStatus
                0x00000000       0x30 ..\obj\stm32f4xx_adc.o
 .text.ADC_AutoInjectedConvCmd
                0x00000000       0x38 ..\obj\stm32f4xx_adc.o
 .text.ADC_InjectedDiscModeCmd
                0x00000000       0x38 ..\obj\stm32f4xx_adc.o
 .text.ADC_GetInjectedConversionValue
                0x00000000       0x30 ..\obj\stm32f4xx_adc.o
 .text.ADC_ITConfig
                0x00000000       0x50 ..\obj\stm32f4xx_adc.o
 .text.ADC_GetFlagStatus
                0x00000000       0x34 ..\obj\stm32f4xx_adc.o
 .text.ADC_ClearFlag
                0x00000000       0x20 ..\obj\stm32f4xx_adc.o
 .text.ADC_GetITStatus
                0x00000000       0x5c ..\obj\stm32f4xx_adc.o
 .text.ADC_ClearITPendingBit
                0x00000000       0x2c ..\obj\stm32f4xx_adc.o
 .debug_info    0x00000000      0xc40 ..\obj\stm32f4xx_adc.o
 .debug_abbrev  0x00000000      0x198 ..\obj\stm32f4xx_adc.o
 .debug_aranges
                0x00000000      0x148 ..\obj\stm32f4xx_adc.o
 .debug_ranges  0x00000000      0x138 ..\obj\stm32f4xx_adc.o
 .debug_line    0x00000000      0x5b1 ..\obj\stm32f4xx_adc.o
 .debug_str     0x00000000      0x811 ..\obj\stm32f4xx_adc.o
 .comment       0x00000000       0x6f ..\obj\stm32f4xx_adc.o
 .debug_frame   0x00000000      0x5ec ..\obj\stm32f4xx_adc.o
 .ARM.attributes
                0x00000000       0x33 ..\obj\stm32f4xx_adc.o
 .text          0x00000000        0x0 ..\obj\tm_stm32f4_dma.o
 .data          0x00000000        0x0 ..\obj\tm_stm32f4_dma.o
 .bss           0x00000000        0x0 ..\obj\tm_stm32f4_dma.o
 .text.NVIC_DisableIRQ
                0x00000000       0x34 ..\obj\tm_stm32f4_dma.o
 .text.TM_DMA_ClearFlags
                0x00000000       0x18 ..\obj\tm_stm32f4_dma.o
 .text.TM_DMA_EnableInterrupts
                0x00000000       0xa4 ..\obj\tm_stm32f4_dma.o
 .text.TM_DMA_DisableInterrupts
                0x00000000       0x80 ..\obj\tm_stm32f4_dma.o
 .text          0x00000000        0x0 ..\obj\tm_stm32f4_spi.o
 .data          0x00000000        0x0 ..\obj\tm_stm32f4_spi.o
 .bss           0x00000000        0x0 ..\obj\tm_stm32f4_spi.o
 .text.TM_SPI_InitWithMode
                0x00000000       0x80 ..\obj\tm_stm32f4_spi.o
 .text.TM_SPI_InitFull
                0x00000000       0x88 ..\obj\tm_stm32f4_spi.o
 .text.TM_SPI_GetPrescalerFromMaxFrequency
                0x00000000       0x68 ..\obj\tm_stm32f4_spi.o
 .text.TM_SPI_SendMulti
                0x00000000       0x98 ..\obj\tm_stm32f4_spi.o
 .text.TM_SPI_WriteMulti
                0x00000000       0x88 ..\obj\tm_stm32f4_spi.o
 .text.TM_SPI_ReadMulti
                0x00000000       0x94 ..\obj\tm_stm32f4_spi.o
 .text.TM_SPI_SendMulti16
                0x00000000       0x98 ..\obj\tm_stm32f4_spi.o
 .text.TM_SPI_WriteMulti16
                0x00000000       0x88 ..\obj\tm_stm32f4_spi.o
 .text.TM_SPI_ReadMulti16
                0x00000000       0x90 ..\obj\tm_stm32f4_spi.o
 .text          0x00000000        0x0 ..\obj\stm32f4xx_gpio.o
 .data          0x00000000        0x0 ..\obj\stm32f4xx_gpio.o
 .bss           0x00000000        0x0 ..\obj\stm32f4xx_gpio.o
 .text.GPIO_DeInit
                0x00000000      0x120 ..\obj\stm32f4xx_gpio.o
 .text.GPIO_Init
                0x00000000      0x11c ..\obj\stm32f4xx_gpio.o
 .text.GPIO_StructInit
                0x00000000       0x34 ..\obj\stm32f4xx_gpio.o
 .text.GPIO_PinLockConfig
                0x00000000       0x44 ..\obj\stm32f4xx_gpio.o
 .text.GPIO_ReadInputDataBit
                0x00000000       0x34 ..\obj\stm32f4xx_gpio.o
 .text.GPIO_ReadInputData
                0x00000000       0x18 ..\obj\stm32f4xx_gpio.o
 .text.GPIO_ReadOutputDataBit
                0x00000000       0x34 ..\obj\stm32f4xx_gpio.o
 .text.GPIO_ReadOutputData
                0x00000000       0x18 ..\obj\stm32f4xx_gpio.o
 .text.GPIO_WriteBit
                0x00000000       0x30 ..\obj\stm32f4xx_gpio.o
 .text.GPIO_Write
                0x00000000       0x1c ..\obj\stm32f4xx_gpio.o
 .text.GPIO_ToggleBits
                0x00000000       0x24 ..\obj\stm32f4xx_gpio.o
 .text.GPIO_PinAFConfig
                0x00000000       0x90 ..\obj\stm32f4xx_gpio.o
 .text          0x00000000        0x0 ..\obj\system_stm32f4xx.o
 .data          0x00000000       0x14 ..\obj\system_stm32f4xx.o
 .bss           0x00000000        0x0 ..\obj\system_stm32f4xx.o
 .text.SystemCoreClockUpdate
                0x00000000       0xf8 ..\obj\system_stm32f4xx.o
 .text          0x00000000        0x0 ..\obj\stm32f4xx_dma.o
 .data          0x00000000        0x0 ..\obj\stm32f4xx_dma.o
 .bss           0x00000000        0x0 ..\obj\stm32f4xx_dma.o
 .text.DMA_DeInit
                0x00000000      0x1a4 ..\obj\stm32f4xx_dma.o
 .text.DMA_StructInit
                0x00000000       0x6c ..\obj\stm32f4xx_dma.o
 .text.DMA_Cmd  0x00000000       0x38 ..\obj\stm32f4xx_dma.o
 .text.DMA_PeriphIncOffsetSizeConfig
                0x00000000       0x34 ..\obj\stm32f4xx_dma.o
 .text.DMA_FlowControllerConfig
                0x00000000       0x34 ..\obj\stm32f4xx_dma.o
 .text.DMA_SetCurrDataCounter
                0x00000000       0x1c ..\obj\stm32f4xx_dma.o
 .text.DMA_GetCurrDataCounter
                0x00000000       0x18 ..\obj\stm32f4xx_dma.o
 .text.DMA_DoubleBufferModeConfig
                0x00000000       0x3c ..\obj\stm32f4xx_dma.o
 .text.DMA_DoubleBufferModeCmd
                0x00000000       0x38 ..\obj\stm32f4xx_dma.o
 .text.DMA_MemoryTargetConfig
                0x00000000       0x2c ..\obj\stm32f4xx_dma.o
 .text.DMA_GetCurrentMemoryTarget
                0x00000000       0x30 ..\obj\stm32f4xx_dma.o
 .text.DMA_GetCmdStatus
                0x00000000       0x30 ..\obj\stm32f4xx_dma.o
 .text.DMA_GetFIFOStatus
                0x00000000       0x24 ..\obj\stm32f4xx_dma.o
 .text.DMA_GetFlagStatus
                0x00000000       0x74 ..\obj\stm32f4xx_dma.o
 .text.DMA_ClearFlag
                0x00000000       0x5c ..\obj\stm32f4xx_dma.o
 .text.DMA_ITConfig
                0x00000000       0x74 ..\obj\stm32f4xx_dma.o
 .text.DMA_GetITStatus
                0x00000000       0xac ..\obj\stm32f4xx_dma.o
 .text.DMA_ClearITPendingBit
                0x00000000       0x5c ..\obj\stm32f4xx_dma.o
 .text          0x00000000        0x0 ..\obj\stm32f4xx_spi.o
 .data          0x00000000        0x0 ..\obj\stm32f4xx_spi.o
 .bss           0x00000000        0x0 ..\obj\stm32f4xx_spi.o
 .text.SPI_I2S_DeInit
                0x00000000       0x74 ..\obj\stm32f4xx_spi.o
 .text.I2S_Init
                0x00000000      0x1b4 ..\obj\stm32f4xx_spi.o
 .text.I2S_StructInit
                0x00000000       0x38 ..\obj\stm32f4xx_spi.o
 .text.SPI_Cmd  0x00000000       0x40 ..\obj\stm32f4xx_spi.o
 .text.I2S_Cmd  0x00000000       0x40 ..\obj\stm32f4xx_spi.o
 .text.SPI_DataSizeConfig
                0x00000000       0x38 ..\obj\stm32f4xx_spi.o
 .text.SPI_BiDirectionalLineConfig
                0x00000000       0x40 ..\obj\stm32f4xx_spi.o
 .text.SPI_NSSInternalSoftwareConfig
                0x00000000       0x44 ..\obj\stm32f4xx_spi.o
 .text.SPI_SSOutputCmd
                0x00000000       0x40 ..\obj\stm32f4xx_spi.o
 .text.SPI_TIModeCmd
                0x00000000       0x40 ..\obj\stm32f4xx_spi.o
 .text.I2S_FullDuplexConfig
                0x00000000       0x9c ..\obj\stm32f4xx_spi.o
 .text.SPI_I2S_ReceiveData
                0x00000000       0x18 ..\obj\stm32f4xx_spi.o
 .text.SPI_I2S_SendData
                0x00000000       0x1c ..\obj\stm32f4xx_spi.o
 .text.SPI_CalculateCRC
                0x00000000       0x40 ..\obj\stm32f4xx_spi.o
 .text.SPI_TransmitCRC
                0x00000000       0x24 ..\obj\stm32f4xx_spi.o
 .text.SPI_GetCRC
                0x00000000       0x30 ..\obj\stm32f4xx_spi.o
 .text.SPI_GetCRCPolynomial
                0x00000000       0x18 ..\obj\stm32f4xx_spi.o
 .text.SPI_I2S_DMACmd
                0x00000000       0x48 ..\obj\stm32f4xx_spi.o
 .text.SPI_I2S_ITConfig
                0x00000000       0x60 ..\obj\stm32f4xx_spi.o
 .text.SPI_I2S_GetFlagStatus
                0x00000000       0x38 ..\obj\stm32f4xx_spi.o
 .text.SPI_I2S_ClearFlag
                0x00000000       0x20 ..\obj\stm32f4xx_spi.o
 .text.SPI_I2S_GetITStatus
                0x00000000       0x74 ..\obj\stm32f4xx_spi.o
 .text.SPI_I2S_ClearITPendingBit
                0x00000000       0x34 ..\obj\stm32f4xx_spi.o
 .text          0x00000000        0x0 ..\obj\tm_stm32f4_ili9341.o
 .data          0x00000000        0x0 ..\obj\tm_stm32f4_ili9341.o
 .bss           0x00000000        0x1 ..\obj\tm_stm32f4_ili9341.o
 .text.TM_ILI9341_DisplayOn
                0x00000000       0x10 ..\obj\tm_stm32f4_ili9341.o
 .text.TM_ILI9341_DisplayOff
                0x00000000       0x10 ..\obj\tm_stm32f4_ili9341.o
 .text.TM_ILI9341_GetStringSize
                0x00000000       0x48 ..\obj\tm_stm32f4_ili9341.o
 .text.TM_ILI9341_DrawLine
                0x00000000      0x184 ..\obj\tm_stm32f4_ili9341.o
 .text.TM_ILI9341_DrawRectangle
                0x00000000       0x70 ..\obj\tm_stm32f4_ili9341.o
 .text.TM_ILI9341_DrawCircle
                0x00000000      0x198 ..\obj\tm_stm32f4_ili9341.o
 .text.TM_ILI9341_DrawFilledCircle
                0x00000000      0x1a4 ..\obj\tm_stm32f4_ili9341.o
 .text          0x00000000        0x0 ..\obj\stm32f4xx_exti.o
 .data          0x00000000        0x0 ..\obj\stm32f4xx_exti.o
 .bss           0x00000000        0x0 ..\obj\stm32f4xx_exti.o
 .text.EXTI_DeInit
                0x00000000       0x34 ..\obj\stm32f4xx_exti.o
 .text.EXTI_Init
                0x00000000       0xe4 ..\obj\stm32f4xx_exti.o
 .text.EXTI_StructInit
                0x00000000       0x2c ..\obj\stm32f4xx_exti.o
 .text.EXTI_GenerateSWInterrupt
                0x00000000       0x24 ..\obj\stm32f4xx_exti.o
 .text.EXTI_GetFlagStatus
                0x00000000       0x34 ..\obj\stm32f4xx_exti.o
 .text.EXTI_ClearFlag
                0x00000000       0x1c ..\obj\stm32f4xx_exti.o
 .text.EXTI_GetITStatus
                0x00000000       0x48 ..\obj\stm32f4xx_exti.o
 .text.EXTI_ClearITPendingBit
                0x00000000       0x1c ..\obj\stm32f4xx_exti.o
 .debug_info    0x00000000      0x357 ..\obj\stm32f4xx_exti.o
 .debug_abbrev  0x00000000      0x1a9 ..\obj\stm32f4xx_exti.o
 .debug_aranges
                0x00000000       0x58 ..\obj\stm32f4xx_exti.o
 .debug_ranges  0x00000000       0x48 ..\obj\stm32f4xx_exti.o
 .debug_line    0x00000000      0x2f5 ..\obj\stm32f4xx_exti.o
 .debug_str     0x00000000      0x366 ..\obj\stm32f4xx_exti.o
 .comment       0x00000000       0x6f ..\obj\stm32f4xx_exti.o
 .debug_frame   0x00000000      0x148 ..\obj\stm32f4xx_exti.o
 .ARM.attributes
                0x00000000       0x33 ..\obj\stm32f4xx_exti.o
 .text          0x00000000        0x0 ..\obj\misc.o
 .data          0x00000000        0x0 ..\obj\misc.o
 .bss           0x00000000        0x0 ..\obj\misc.o
 .text.NVIC_PriorityGroupConfig
                0x00000000       0x24 ..\obj\misc.o
 .text.NVIC_Init
                0x00000000       0xc0 ..\obj\misc.o
 .text.NVIC_SetVectorTable
                0x00000000       0x2c ..\obj\misc.o
 .text.NVIC_SystemLPConfig
                0x00000000       0x40 ..\obj\misc.o
 .text.SysTick_CLKSourceConfig
                0x00000000       0x38 ..\obj\misc.o
 .debug_info    0x00000000      0x541 ..\obj\misc.o
 .debug_abbrev  0x00000000      0x147 ..\obj\misc.o
 .debug_aranges
                0x00000000       0x40 ..\obj\misc.o
 .debug_ranges  0x00000000       0x30 ..\obj\misc.o
 .debug_line    0x00000000      0x292 ..\obj\misc.o
 .debug_str     0x00000000      0x3db ..\obj\misc.o
 .comment       0x00000000       0x6f ..\obj\misc.o
 .debug_frame   0x00000000       0xd8 ..\obj\misc.o
 .ARM.attributes
                0x00000000       0x33 ..\obj\misc.o
 .text          0x00000000        0x0 ..\obj\tm_stm32f4_gpio.o
 .data          0x00000000        0x0 ..\obj\tm_stm32f4_gpio.o
 .text.TM_GPIO_DeInit
                0x00000000       0x80 ..\obj\tm_stm32f4_gpio.o
 .text.TM_GPIO_SetPinAsInput
                0x00000000       0x50 ..\obj\tm_stm32f4_gpio.o
 .text.TM_GPIO_SetPinAsOutput
                0x00000000       0x5c ..\obj\tm_stm32f4_gpio.o
 .text.TM_GPIO_SetPinAsAnalog
                0x00000000       0x4c ..\obj\tm_stm32f4_gpio.o
 .text.TM_GPIO_SetPinAsAlternate
                0x00000000       0x60 ..\obj\tm_stm32f4_gpio.o
 .text.TM_GPIO_SetPullResistor
                0x00000000       0x64 ..\obj\tm_stm32f4_gpio.o
 .text.TM_GPIO_Lock
                0x00000000       0x38 ..\obj\tm_stm32f4_gpio.o
 .text.TM_GPIO_GetPinSource
                0x00000000       0x30 ..\obj\tm_stm32f4_gpio.o
 .text.TM_GPIO_INT_DisableClock
                0x00000000       0x30 ..\obj\tm_stm32f4_gpio.o
 .text.TM_GPIO_GetUsedPins
                0x00000000       0x24 ..\obj\tm_stm32f4_gpio.o
 .text.TM_GPIO_GetFreePins
                0x00000000       0x28 ..\obj\tm_stm32f4_gpio.o
 .text          0x00000000        0x0 ..\obj\stm32f4_discovery_lis302dl.o
 .data          0x00000000        0x4 ..\obj\stm32f4_discovery_lis302dl.o
 .bss           0x00000000        0x0 ..\obj\stm32f4_discovery_lis302dl.o
 .text.LIS302DL_Init
                0x00000000       0x4c ..\obj\stm32f4_discovery_lis302dl.o
 .text.LIS302DL_FilterConfig
                0x00000000       0x58 ..\obj\stm32f4_discovery_lis302dl.o
 .text.LIS302DL_InterruptConfig
                0x00000000       0x48 ..\obj\stm32f4_discovery_lis302dl.o
 .text.LIS302DL_LowpowerCmd
                0x00000000       0x44 ..\obj\stm32f4_discovery_lis302dl.o
 .text.LIS302DL_DataRateCmd
                0x00000000       0x44 ..\obj\stm32f4_discovery_lis302dl.o
 .text.LIS302DL_FullScaleCmd
                0x00000000       0x44 ..\obj\stm32f4_discovery_lis302dl.o
 .text.LIS302DL_RebootCmd
                0x00000000       0x30 ..\obj\stm32f4_discovery_lis302dl.o
 .text.LIS302DL_Write
                0x00000000       0x60 ..\obj\stm32f4_discovery_lis302dl.o
 .text.LIS302DL_Read
                0x00000000       0x70 ..\obj\stm32f4_discovery_lis302dl.o
 .text.LIS302DL_ReadACC
                0x00000000       0xb4 ..\obj\stm32f4_discovery_lis302dl.o
 .text.LIS302DL_LowLevel_Init
                0x00000000      0x138 ..\obj\stm32f4_discovery_lis302dl.o
 .text.LIS302DL_SendByte
                0x00000000       0x90 ..\obj\stm32f4_discovery_lis302dl.o
 .text.LIS302DL_TIMEOUT_UserCallback
                0x00000000        0x8 ..\obj\stm32f4_discovery_lis302dl.o
 .debug_info    0x00000000      0x7f2 ..\obj\stm32f4_discovery_lis302dl.o
 .debug_abbrev  0x00000000      0x1d7 ..\obj\stm32f4_discovery_lis302dl.o
 .debug_aranges
                0x00000000       0x80 ..\obj\stm32f4_discovery_lis302dl.o
 .debug_ranges  0x00000000       0x70 ..\obj\stm32f4_discovery_lis302dl.o
 .debug_line    0x00000000      0x417 ..\obj\stm32f4_discovery_lis302dl.o
 .debug_str     0x00000000      0x78b ..\obj\stm32f4_discovery_lis302dl.o
 .comment       0x00000000       0x6f ..\obj\stm32f4_discovery_lis302dl.o
 .debug_frame   0x00000000      0x1d8 ..\obj\stm32f4_discovery_lis302dl.o
 .ARM.attributes
                0x00000000       0x33 ..\obj\stm32f4_discovery_lis302dl.o
 .text          0x00000000        0x0 ..\obj\tm_stm32f4_fonts.o
 .bss           0x00000000        0x0 ..\obj\tm_stm32f4_fonts.o
 .text.TM_FONTS_GetStringSize
                0x00000000       0x3c ..\obj\tm_stm32f4_fonts.o
 .text          0x00000000        0x0 ..\obj\stm32f4xx_tim.o
 .data          0x00000000        0x0 ..\obj\stm32f4xx_tim.o
 .bss           0x00000000        0x0 ..\obj\stm32f4xx_tim.o
 .text.TIM_DeInit
                0x00000000      0x1c0 ..\obj\stm32f4xx_tim.o
 .text.TIM_TimeBaseInit
                0x00000000       0xd4 ..\obj\stm32f4xx_tim.o
 .text.TIM_TimeBaseStructInit
                0x00000000       0x34 ..\obj\stm32f4xx_tim.o
 .text.TIM_PrescalerConfig
                0x00000000       0x28 ..\obj\stm32f4xx_tim.o
 .text.TIM_CounterModeConfig
                0x00000000       0x38 ..\obj\stm32f4xx_tim.o
 .text.TIM_SetCounter
                0x00000000       0x1c ..\obj\stm32f4xx_tim.o
 .text.TIM_SetAutoreload
                0x00000000       0x1c ..\obj\stm32f4xx_tim.o
 .text.TIM_GetCounter
                0x00000000       0x18 ..\obj\stm32f4xx_tim.o
 .text.TIM_GetPrescaler
                0x00000000       0x18 ..\obj\stm32f4xx_tim.o
 .text.TIM_UpdateDisableConfig
                0x00000000       0x40 ..\obj\stm32f4xx_tim.o
 .text.TIM_UpdateRequestConfig
                0x00000000       0x40 ..\obj\stm32f4xx_tim.o
 .text.TIM_ARRPreloadConfig
                0x00000000       0x40 ..\obj\stm32f4xx_tim.o
 .text.TIM_SelectOnePulseMode
                0x00000000       0x38 ..\obj\stm32f4xx_tim.o
 .text.TIM_SetClockDivision
                0x00000000       0x38 ..\obj\stm32f4xx_tim.o
 .text.TIM_Cmd  0x00000000       0x40 ..\obj\stm32f4xx_tim.o
 .text.TIM_OC1Init
                0x00000000       0xf4 ..\obj\stm32f4xx_tim.o
 .text.TIM_OC2Init
                0x00000000      0x110 ..\obj\stm32f4xx_tim.o
 .text.TIM_OC3Init
                0x00000000      0x10c ..\obj\stm32f4xx_tim.o
 .text.TIM_OC4Init
                0x00000000       0xcc ..\obj\stm32f4xx_tim.o
 .text.TIM_OCStructInit
                0x00000000       0x44 ..\obj\stm32f4xx_tim.o
 .text.TIM_SelectOCxM
                0x00000000       0xb0 ..\obj\stm32f4xx_tim.o
 .text.TIM_SetCompare1
                0x00000000       0x1c ..\obj\stm32f4xx_tim.o
 .text.TIM_SetCompare2
                0x00000000       0x1c ..\obj\stm32f4xx_tim.o
 .text.TIM_SetCompare3
                0x00000000       0x1c ..\obj\stm32f4xx_tim.o
 .text.TIM_SetCompare4
                0x00000000       0x1c ..\obj\stm32f4xx_tim.o
 .text.TIM_ForcedOC1Config
                0x00000000       0x38 ..\obj\stm32f4xx_tim.o
 .text.TIM_ForcedOC2Config
                0x00000000       0x3c ..\obj\stm32f4xx_tim.o
 .text.TIM_ForcedOC3Config
                0x00000000       0x38 ..\obj\stm32f4xx_tim.o
 .text.TIM_ForcedOC4Config
                0x00000000       0x3c ..\obj\stm32f4xx_tim.o
 .text.TIM_OC1PreloadConfig
                0x00000000       0x38 ..\obj\stm32f4xx_tim.o
 .text.TIM_OC2PreloadConfig
                0x00000000       0x3c ..\obj\stm32f4xx_tim.o
 .text.TIM_OC3PreloadConfig
                0x00000000       0x38 ..\obj\stm32f4xx_tim.o
 .text.TIM_OC4PreloadConfig
                0x00000000       0x3c ..\obj\stm32f4xx_tim.o
 .text.TIM_OC1FastConfig
                0x00000000       0x38 ..\obj\stm32f4xx_tim.o
 .text.TIM_OC2FastConfig
                0x00000000       0x3c ..\obj\stm32f4xx_tim.o
 .text.TIM_OC3FastConfig
                0x00000000       0x38 ..\obj\stm32f4xx_tim.o
 .text.TIM_OC4FastConfig
                0x00000000       0x3c ..\obj\stm32f4xx_tim.o
 .text.TIM_ClearOC1Ref
                0x00000000       0x38 ..\obj\stm32f4xx_tim.o
 .text.TIM_ClearOC2Ref
                0x00000000       0x3c ..\obj\stm32f4xx_tim.o
 .text.TIM_ClearOC3Ref
                0x00000000       0x38 ..\obj\stm32f4xx_tim.o
 .text.TIM_ClearOC4Ref
                0x00000000       0x3c ..\obj\stm32f4xx_tim.o
 .text.TIM_OC1PolarityConfig
                0x00000000       0x38 ..\obj\stm32f4xx_tim.o
 .text.TIM_OC1NPolarityConfig
                0x00000000       0x38 ..\obj\stm32f4xx_tim.o
 .text.TIM_OC2PolarityConfig
                0x00000000       0x3c ..\obj\stm32f4xx_tim.o
 .text.TIM_OC2NPolarityConfig
                0x00000000       0x3c ..\obj\stm32f4xx_tim.o
 .text.TIM_OC3PolarityConfig
                0x00000000       0x3c ..\obj\stm32f4xx_tim.o
 .text.TIM_OC3NPolarityConfig
                0x00000000       0x3c ..\obj\stm32f4xx_tim.o
 .text.TIM_OC4PolarityConfig
                0x00000000       0x3c ..\obj\stm32f4xx_tim.o
 .text.TIM_CCxCmd
                0x00000000       0x5c ..\obj\stm32f4xx_tim.o
 .text.TIM_CCxNCmd
                0x00000000       0x5c ..\obj\stm32f4xx_tim.o
 .text.TIM_ICInit
                0x00000000       0xa8 ..\obj\stm32f4xx_tim.o
 .text.TIM_ICStructInit
                0x00000000       0x30 ..\obj\stm32f4xx_tim.o
 .text.TIM_PWMIConfig
                0x00000000       0xb8 ..\obj\stm32f4xx_tim.o
 .text.TIM_GetCapture1
                0x00000000       0x18 ..\obj\stm32f4xx_tim.o
 .text.TIM_GetCapture2
                0x00000000       0x18 ..\obj\stm32f4xx_tim.o
 .text.TIM_GetCapture3
                0x00000000       0x18 ..\obj\stm32f4xx_tim.o
 .text.TIM_GetCapture4
                0x00000000       0x18 ..\obj\stm32f4xx_tim.o
 .text.TIM_SetIC1Prescaler
                0x00000000       0x38 ..\obj\stm32f4xx_tim.o
 .text.TIM_SetIC2Prescaler
                0x00000000       0x3c ..\obj\stm32f4xx_tim.o
 .text.TIM_SetIC3Prescaler
                0x00000000       0x38 ..\obj\stm32f4xx_tim.o
 .text.TIM_SetIC4Prescaler
                0x00000000       0x3c ..\obj\stm32f4xx_tim.o
 .text.TIM_BDTRConfig
                0x00000000       0x50 ..\obj\stm32f4xx_tim.o
 .text.TIM_BDTRStructInit
                0x00000000       0x3c ..\obj\stm32f4xx_tim.o
 .text.TIM_CtrlPWMOutputs
                0x00000000       0x4c ..\obj\stm32f4xx_tim.o
 .text.TIM_SelectCOM
                0x00000000       0x40 ..\obj\stm32f4xx_tim.o
 .text.TIM_CCPreloadControl
                0x00000000       0x40 ..\obj\stm32f4xx_tim.o
 .text.TIM_ITConfig
                0x00000000       0x48 ..\obj\stm32f4xx_tim.o
 .text.TIM_GenerateEvent
                0x00000000       0x1c ..\obj\stm32f4xx_tim.o
 .text.TIM_GetFlagStatus
                0x00000000       0x38 ..\obj\stm32f4xx_tim.o
 .text.TIM_ClearFlag
                0x00000000       0x20 ..\obj\stm32f4xx_tim.o
 .text.TIM_GetITStatus
                0x00000000       0x54 ..\obj\stm32f4xx_tim.o
 .text.TIM_ClearITPendingBit
                0x00000000       0x20 ..\obj\stm32f4xx_tim.o
 .text.TIM_DMAConfig
                0x00000000       0x28 ..\obj\stm32f4xx_tim.o
 .text.TIM_DMACmd
                0x00000000       0x48 ..\obj\stm32f4xx_tim.o
 .text.TIM_SelectCCDMA
                0x00000000       0x40 ..\obj\stm32f4xx_tim.o
 .text.TIM_InternalClockConfig
                0x00000000       0x24 ..\obj\stm32f4xx_tim.o
 .text.TIM_ITRxExternalClockConfig
                0x00000000       0x30 ..\obj\stm32f4xx_tim.o
 .text.TIM_TIxExternalClockConfig
                0x00000000       0x5c ..\obj\stm32f4xx_tim.o
 .text.TIM_ETRClockMode1Config
                0x00000000       0x60 ..\obj\stm32f4xx_tim.o
 .text.TIM_ETRClockMode2Config
                0x00000000       0x40 ..\obj\stm32f4xx_tim.o
 .text.TIM_SelectInputTrigger
                0x00000000       0x38 ..\obj\stm32f4xx_tim.o
 .text.TIM_SelectOutputTrigger
                0x00000000       0x38 ..\obj\stm32f4xx_tim.o
 .text.TIM_SelectSlaveMode
                0x00000000       0x38 ..\obj\stm32f4xx_tim.o
 .text.TIM_SelectMasterSlaveMode
                0x00000000       0x38 ..\obj\stm32f4xx_tim.o
 .text.TIM_ETRConfig
                0x00000000       0x54 ..\obj\stm32f4xx_tim.o
 .text.TIM_EncoderInterfaceConfig
                0x00000000       0x98 ..\obj\stm32f4xx_tim.o
 .text.TIM_SelectHallSensor
                0x00000000       0x40 ..\obj\stm32f4xx_tim.o
 .text.TIM_RemapConfig
                0x00000000       0x20 ..\obj\stm32f4xx_tim.o
 .text.TI1_Config
                0x00000000       0x84 ..\obj\stm32f4xx_tim.o
 .text.TI2_Config
                0x00000000       0x98 ..\obj\stm32f4xx_tim.o
 .text.TI3_Config
                0x00000000       0x90 ..\obj\stm32f4xx_tim.o
 .text.TI4_Config
                0x00000000       0x9c ..\obj\stm32f4xx_tim.o
 .debug_info    0x00000000     0x1c69 ..\obj\stm32f4xx_tim.o
 .debug_abbrev  0x00000000      0x189 ..\obj\stm32f4xx_tim.o
 .debug_aranges
                0x00000000      0x2f8 ..\obj\stm32f4xx_tim.o
 .debug_ranges  0x00000000      0x2e8 ..\obj\stm32f4xx_tim.o
 .debug_line    0x00000000      0xb15 ..\obj\stm32f4xx_tim.o
 .debug_str     0x00000000      0xddd ..\obj\stm32f4xx_tim.o
 .comment       0x00000000       0x6f ..\obj\stm32f4xx_tim.o
 .debug_frame   0x00000000      0xe54 ..\obj\stm32f4xx_tim.o
 .ARM.attributes
                0x00000000       0x33 ..\obj\stm32f4xx_tim.o
 .text          0x00000000       0xdc c:/program files (x86)/gnu tools arm embedded/5.2 2015q4/bin/../lib/gcc/arm-none-eabi/5.2.1/../../../../arm-none-eabi/lib/armv7e-m\libg.a(lib_a-strlen.o)
 .data          0x00000000        0x0 c:/program files (x86)/gnu tools arm embedded/5.2 2015q4/bin/../lib/gcc/arm-none-eabi/5.2.1/../../../../arm-none-eabi/lib/armv7e-m\libg.a(lib_a-strlen.o)
 .bss           0x00000000        0x0 c:/program files (x86)/gnu tools arm embedded/5.2 2015q4/bin/../lib/gcc/arm-none-eabi/5.2.1/../../../../arm-none-eabi/lib/armv7e-m\libg.a(lib_a-strlen.o)
 .ARM.attributes
                0x00000000       0x1c c:/program files (x86)/gnu tools arm embedded/5.2 2015q4/bin/../lib/gcc/arm-none-eabi/5.2.1/../../../../arm-none-eabi/lib/armv7e-m\libg.a(lib_a-strlen.o)

Memory Configuration

Name             Origin             Length             Attributes
rom              0x08000000         0x00100000         xr
ram              0x20000000         0x00020000         xrw
ram1             0x10000000         0x00010000         xrw
*default*        0x00000000         0xffffffff

Linker script and memory map

                0x20020000                _eram = 0x20020000

.text           0x08000000     0x41ac
 *(.isr_vector)
 .isr_vector    0x08000000      0x188 ..\obj\startup_stm32f4xx.o
                0x08000000                g_pfnVectors
 *(.text*)
 .text.TM_SPI_DMA_Init
                0x08000188       0xa4 ..\obj\tm_stm32f4_spi_dma.o
                0x08000188                TM_SPI_DMA_Init
 .text.TM_SPI_DMA_SendHalfWord
                0x0800022c       0xb0 ..\obj\tm_stm32f4_spi_dma.o
                0x0800022c                TM_SPI_DMA_SendHalfWord
 .text.TM_SPI_DMA_Working
                0x080002dc       0x50 ..\obj\tm_stm32f4_spi_dma.o
                0x080002dc                TM_SPI_DMA_Working
 .text.TM_SPI_DMA_INT_GetSettings
                0x0800032c       0x50 ..\obj\tm_stm32f4_spi_dma.o
 .text.Default_Reset_Handler
                0x0800037c       0x5c ..\obj\startup_stm32f4xx.o
                0x0800037c                Default_Reset_Handler
                0x0800037c                Reset_Handler
 .text.Default_Handler
                0x080003d8        0x8 ..\obj\startup_stm32f4xx.o
                0x080003d8                RTC_Alarm_IRQHandler
                0x080003d8                HASH_RNG_IRQHandler
                0x080003d8                EXTI2_IRQHandler
                0x080003d8                TIM8_CC_IRQHandler
                0x080003d8                DebugMon_Handler
                0x080003d8                TIM1_CC_IRQHandler
                0x080003d8                HardFault_Handler
                0x080003d8                SysTick_Handler
                0x080003d8                PVD_IRQHandler
                0x080003d8                SDIO_IRQHandler
                0x080003d8                TAMP_STAMP_IRQHandler
                0x080003d8                PendSV_Handler
                0x080003d8                NMI_Handler
                0x080003d8                CAN2_RX1_IRQHandler
                0x080003d8                EXTI3_IRQHandler
                0x080003d8                TIM8_TRG_COM_TIM14_IRQHandler
                0x080003d8                TIM1_UP_TIM10_IRQHandler
                0x080003d8                TIM8_UP_TIM13_IRQHandler
                0x080003d8                I2C3_ER_IRQHandler
                0x080003d8                EXTI0_IRQHandler
                0x080003d8                I2C2_EV_IRQHandler
                0x080003d8                CAN1_RX0_IRQHandler
                0x080003d8                FPU_IRQHandler
                0x080003d8                OTG_HS_WKUP_IRQHandler
                0x080003d8                UsageFault_Handler
                0x080003d8                CAN2_SCE_IRQHandler
                0x080003d8                SPI1_IRQHandler
                0x080003d8                TIM6_DAC_IRQHandler
                0x080003d8                TIM1_BRK_TIM9_IRQHandler
                0x080003d8                DCMI_IRQHandler
                0x080003d8                CAN2_RX0_IRQHandler
                0x080003d8                USART6_IRQHandler
                0x080003d8                USART3_IRQHandler
                0x080003d8                CRYP_IRQHandler
                0x080003d8                CAN1_RX1_IRQHandler
                0x080003d8                UART5_IRQHandler
                0x080003d8                TIM4_IRQHandler
                0x080003d8                I2C1_EV_IRQHandler
                0x080003d8                UART4_IRQHandler
                0x080003d8                TIM3_IRQHandler
                0x080003d8                RCC_IRQHandler
                0x080003d8                TIM8_BRK_TIM12_IRQHandler
                0x080003d8                EXTI15_10_IRQHandler
                0x080003d8                ADC_IRQHandler
                0x080003d8                TIM7_IRQHandler
                0x080003d8                CAN2_TX_IRQHandler
                0x080003d8                TIM5_IRQHandler
                0x080003d8                I2C3_EV_IRQHandler
                0x080003d8                EXTI9_5_IRQHandler
                0x080003d8                RTC_WKUP_IRQHandler
                0x080003d8                ETH_WKUP_IRQHandler
                0x080003d8                SPI2_IRQHandler
                0x080003d8                OTG_HS_EP1_IN_IRQHandler
                0x080003d8                MemManage_Handler
                0x080003d8                CAN1_TX_IRQHandler
                0x080003d8                SVC_Handler
                0x080003d8                EXTI4_IRQHandler
                0x080003d8                FSMC_IRQHandler
                0x080003d8                ETH_IRQHandler
                0x080003d8                OTG_HS_EP1_OUT_IRQHandler
                0x080003d8                WWDG_IRQHandler
                0x080003d8                TIM2_IRQHandler
                0x080003d8                OTG_FS_WKUP_IRQHandler
                0x080003d8                TIM1_TRG_COM_TIM11_IRQHandler
                0x080003d8                OTG_HS_IRQHandler
                0x080003d8                EXTI1_IRQHandler
                0x080003d8                USART2_IRQHandler
                0x080003d8                I2C2_ER_IRQHandler
                0x080003d8                CAN1_SCE_IRQHandler
                0x080003d8                FLASH_IRQHandler
                0x080003d8                BusFault_Handler
                0x080003d8                USART1_IRQHandler
                0x080003d8                OTG_FS_IRQHandler
                0x080003d8                SPI3_IRQHandler
                0x080003d8                I2C1_ER_IRQHandler
 .text.main     0x080003e0       0x6c ..\obj\main.o
                0x080003e0                main
 .text.TM_DMA_ClearFlag
                0x0800044c       0x88 ..\obj\tm_stm32f4_dma.o
                0x0800044c                TM_DMA_ClearFlag
 .text.TM_DMA_GetFlags
                0x080004d4       0xa0 ..\obj\tm_stm32f4_dma.o
                0x080004d4                TM_DMA_GetFlags
 .text.TM_DMA_TransferCompleteHandler
                0x08000574       0x14 ..\obj\tm_stm32f4_dma.o
                0x08000574                TM_DMA_TransferCompleteHandler
 .text.TM_DMA_HalfTransferCompleteHandler
                0x08000588       0x14 ..\obj\tm_stm32f4_dma.o
                0x08000588                TM_DMA_HalfTransferCompleteHandler
 .text.TM_DMA_TransferErrorHandler
                0x0800059c       0x14 ..\obj\tm_stm32f4_dma.o
                0x0800059c                TM_DMA_TransferErrorHandler
 .text.TM_DMA_DirectModeErrorHandler
                0x080005b0       0x14 ..\obj\tm_stm32f4_dma.o
                0x080005b0                TM_DMA_DirectModeErrorHandler
 .text.TM_DMA_FIFOErrorHandler
                0x080005c4       0x14 ..\obj\tm_stm32f4_dma.o
                0x080005c4                TM_DMA_FIFOErrorHandler
 .text.TM_DMA_INT_ProcessInterrupt
                0x080005d8       0xb0 ..\obj\tm_stm32f4_dma.o
 .text.DMA1_Stream0_IRQHandler
                0x08000688       0x14 ..\obj\tm_stm32f4_dma.o
                0x08000688                DMA1_Stream0_IRQHandler
 .text.DMA1_Stream1_IRQHandler
                0x0800069c       0x14 ..\obj\tm_stm32f4_dma.o
                0x0800069c                DMA1_Stream1_IRQHandler
 .text.DMA1_Stream2_IRQHandler
                0x080006b0       0x14 ..\obj\tm_stm32f4_dma.o
                0x080006b0                DMA1_Stream2_IRQHandler
 .text.DMA1_Stream3_IRQHandler
                0x080006c4       0x14 ..\obj\tm_stm32f4_dma.o
                0x080006c4                DMA1_Stream3_IRQHandler
 .text.DMA1_Stream4_IRQHandler
                0x080006d8       0x14 ..\obj\tm_stm32f4_dma.o
                0x080006d8                DMA1_Stream4_IRQHandler
 .text.DMA1_Stream5_IRQHandler
                0x080006ec       0x14 ..\obj\tm_stm32f4_dma.o
                0x080006ec                DMA1_Stream5_IRQHandler
 .text.DMA1_Stream6_IRQHandler
                0x08000700       0x14 ..\obj\tm_stm32f4_dma.o
                0x08000700                DMA1_Stream6_IRQHandler
 .text.DMA1_Stream7_IRQHandler
                0x08000714       0x14 ..\obj\tm_stm32f4_dma.o
                0x08000714                DMA1_Stream7_IRQHandler
 .text.DMA2_Stream0_IRQHandler
                0x08000728       0x14 ..\obj\tm_stm32f4_dma.o
                0x08000728                DMA2_Stream0_IRQHandler
 .text.DMA2_Stream1_IRQHandler
                0x0800073c       0x14 ..\obj\tm_stm32f4_dma.o
                0x0800073c                DMA2_Stream1_IRQHandler
 .text.DMA2_Stream2_IRQHandler
                0x08000750       0x14 ..\obj\tm_stm32f4_dma.o
                0x08000750                DMA2_Stream2_IRQHandler
 .text.DMA2_Stream3_IRQHandler
                0x08000764       0x14 ..\obj\tm_stm32f4_dma.o
                0x08000764                DMA2_Stream3_IRQHandler
 .text.DMA2_Stream4_IRQHandler
                0x08000778       0x14 ..\obj\tm_stm32f4_dma.o
                0x08000778                DMA2_Stream4_IRQHandler
 .text.DMA2_Stream5_IRQHandler
                0x0800078c       0x14 ..\obj\tm_stm32f4_dma.o
                0x0800078c                DMA2_Stream5_IRQHandler
 .text.DMA2_Stream6_IRQHandler
                0x080007a0       0x14 ..\obj\tm_stm32f4_dma.o
                0x080007a0                DMA2_Stream6_IRQHandler
 .text.DMA2_Stream7_IRQHandler
                0x080007b4       0x14 ..\obj\tm_stm32f4_dma.o
                0x080007b4                DMA2_Stream7_IRQHandler
 .text.TM_SPI_Init
                0x080007c8       0x7c ..\obj\tm_stm32f4_spi.o
                0x080007c8                TM_SPI_Init
 .text.TM_SPI_SetDataSize
                0x08000844       0x78 ..\obj\tm_stm32f4_spi.o
                0x08000844                TM_SPI_SetDataSize
 .text.TM_SPI_InitCustomPinsCallback
                0x080008bc       0x18 ..\obj\tm_stm32f4_spi.o
                0x080008bc                TM_SPI_InitCustomPinsCallback
 .text.TM_SPIx_Init
                0x080008d4      0x11c ..\obj\tm_stm32f4_spi.o
 .text.TM_SPI1_INT_InitPins
                0x080009f0       0x60 ..\obj\tm_stm32f4_spi.o
                0x080009f0                TM_SPI1_INT_InitPins
 .text.TM_SPI2_INT_InitPins
                0x08000a50       0x98 ..\obj\tm_stm32f4_spi.o
                0x08000a50                TM_SPI2_INT_InitPins
 .text.TM_SPI3_INT_InitPins
                0x08000ae8       0x64 ..\obj\tm_stm32f4_spi.o
                0x08000ae8                TM_SPI3_INT_InitPins
 .text.GPIO_SetBits
                0x08000b4c       0x1c ..\obj\stm32f4xx_gpio.o
                0x08000b4c                GPIO_SetBits
 .text.GPIO_ResetBits
                0x08000b68       0x1c ..\obj\stm32f4xx_gpio.o
                0x08000b68                GPIO_ResetBits
 .text.SystemInit
                0x08000b84       0x5c ..\obj\system_stm32f4xx.o
                0x08000b84                SystemInit
 .text.SetSysClock
                0x08000be0       0xf4 ..\obj\system_stm32f4xx.o
 .text.DMA_Init
                0x08000cd4       0xac ..\obj\stm32f4xx_dma.o
                0x08000cd4                DMA_Init
 .text.SPI_Init
                0x08000d80       0x88 ..\obj\stm32f4xx_spi.o
                0x08000d80                SPI_Init
 .text.SPI_StructInit
                0x08000e08       0x48 ..\obj\stm32f4xx_spi.o
                0x08000e08                SPI_StructInit
 .text.TM_SPI_Send
                0x08000e50       0x74 ..\obj\tm_stm32f4_ili9341.o
 .text.TM_ILI9341_Init
                0x08000ec4       0xa0 ..\obj\tm_stm32f4_ili9341.o
                0x08000ec4                TM_ILI9341_Init
 .text.TM_ILI9341_InitLCD
                0x08000f64      0x274 ..\obj\tm_stm32f4_ili9341.o
                0x08000f64                TM_ILI9341_InitLCD
 .text.TM_ILI9341_SendCommand
                0x080011d8       0x3c ..\obj\tm_stm32f4_ili9341.o
                0x080011d8                TM_ILI9341_SendCommand
 .text.TM_ILI9341_SendData
                0x08001214       0x3c ..\obj\tm_stm32f4_ili9341.o
                0x08001214                TM_ILI9341_SendData
 .text.TM_ILI9341_DrawPixel
                0x08001250       0x40 ..\obj\tm_stm32f4_ili9341.o
                0x08001250                TM_ILI9341_DrawPixel
 .text.TM_ILI9341_SetCursorPosition
                0x08001290       0x94 ..\obj\tm_stm32f4_ili9341.o
                0x08001290                TM_ILI9341_SetCursorPosition
 .text.TM_ILI9341_Fill
                0x08001324       0x30 ..\obj\tm_stm32f4_ili9341.o
                0x08001324                TM_ILI9341_Fill
 .text.TM_ILI9341_INT_Fill
                0x08001354       0xcc ..\obj\tm_stm32f4_ili9341.o
                0x08001354                TM_ILI9341_INT_Fill
 .text.TM_ILI9341_Delay
                0x08001420       0x20 ..\obj\tm_stm32f4_ili9341.o
                0x08001420                TM_ILI9341_Delay
 .text.TM_ILI9341_Rotate
                0x08001440       0x88 ..\obj\tm_stm32f4_ili9341.o
                0x08001440                TM_ILI9341_Rotate
 .text.TM_ILI9341_Puts
                0x080014c8       0xb0 ..\obj\tm_stm32f4_ili9341.o
                0x080014c8                TM_ILI9341_Puts
 .text.TM_ILI9341_Putc
                0x08001578      0x124 ..\obj\tm_stm32f4_ili9341.o
                0x08001578                TM_ILI9341_Putc
 .text.TM_ILI9341_DrawFilledRectangle
                0x0800169c       0x70 ..\obj\tm_stm32f4_ili9341.o
                0x0800169c                TM_ILI9341_DrawFilledRectangle
 .text.TM_GPIO_Init
                0x0800170c       0x48 ..\obj\tm_stm32f4_gpio.o
                0x0800170c                TM_GPIO_Init
 .text.TM_GPIO_InitAlternate
                0x08001754       0xa8 ..\obj\tm_stm32f4_gpio.o
                0x08001754                TM_GPIO_InitAlternate
 .text.TM_GPIO_GetPortSource
                0x080017fc       0x20 ..\obj\tm_stm32f4_gpio.o
                0x080017fc                TM_GPIO_GetPortSource
 .text.TM_GPIO_INT_EnableClock
                0x0800181c       0x30 ..\obj\tm_stm32f4_gpio.o
                0x0800181c                TM_GPIO_INT_EnableClock
 .text.TM_GPIO_INT_Init
                0x0800184c      0x110 ..\obj\tm_stm32f4_gpio.o
                0x0800184c                TM_GPIO_INT_Init
 *(.init)
 *(.fini)
 *crtbegin.o(.ctors)
 *crtbegin?.o(.ctors)
 *(EXCLUDE_FILE(*crtend.o *crtend?.o) .ctors)
 *(SORT(.ctors.*))
 *(.ctors)
 *crtbegin.o(.dtors)
 *crtbegin?.o(.dtors)
 *(EXCLUDE_FILE(*crtend.o *crtend?.o) .dtors)
 *(SORT(.dtors.*))
 *(.dtors)
 *(.rodata*)
 .rodata        0x0800195c       0x26 ..\obj\main.o
 *fill*         0x08001982        0x2 
 .rodata        0x08001984       0x14 ..\obj\tm_stm32f4_dma.o
 .rodata        0x08001998     0x2814 ..\obj\tm_stm32f4_fonts.o
                0x08001998                TM_Font7x10
                0x08002104                TM_Font11x18
                0x08002e60                TM_Font16x26
 *(.eh_fram e*)

.glue_7         0x080041ac        0x0
 .glue_7        0x080041ac        0x0 linker stubs

.glue_7t        0x080041ac        0x0
 .glue_7t       0x080041ac        0x0 linker stubs

.vfp11_veneer   0x080041ac        0x0
 .vfp11_veneer  0x080041ac        0x0 linker stubs

.v4_bx          0x080041ac        0x0
 .v4_bx         0x080041ac        0x0 linker stubs

.iplt           0x080041ac        0x0
 .iplt          0x080041ac        0x0 ..\obj\stm32f4xx_syscfg.o

.rel.dyn        0x080041ac        0x0
 .rel.iplt      0x080041ac        0x0 ..\obj\stm32f4xx_syscfg.o

.ARM.extab
 *(.ARM.extab* .gnu.linkonce.armextab.*)
                0x080041ac                __exidx_start = .

.ARM.exidx
 *(.ARM.exidx* .gnu.linkonce.armexidx.*)
                0x080041ac                __exidx_end = .
                0x080041ac                __etext = .
                0x080041ac                _sidata = __etext

.data           0x20000000       0x60 load address 0x080041ac
                0x20000000                __data_start__ = .
                0x20000000                _sdata = __data_start__
 *(vtable)
 *(.data*)
 .data          0x20000000       0x48 ..\obj\tm_stm32f4_spi_dma.o
 .data          0x20000048       0x18 ..\obj\tm_stm32f4_fonts.o
                0x20000048                TM_Font_7x10
                0x20000050                TM_Font_11x18
                0x20000058                TM_Font_16x26
                0x20000060                . = ALIGN (0x4)
                [!provide]                PROVIDE (__preinit_array_start, .)
 *(.preinit_array)
                [!provide]                PROVIDE (__preinit_array_end, .)
                0x20000060                . = ALIGN (0x4)
                [!provide]                PROVIDE (__init_array_start, .)
 *(SORT(.init_array.*))
 *(.init_array)
                [!provide]                PROVIDE (__init_array_end, .)
                0x20000060                . = ALIGN (0x4)
                [!provide]                PROVIDE (__fini_array_start, .)
 *(SORT(.fini_array.*))
 *(.fini_array)
                [!provide]                PROVIDE (__fini_array_end, .)
 *(.jcr*)
                0x20000060                . = ALIGN (0x4)
                0x20000060                __data_end__ = .
                0x20000060                _edata = __data_end__

.igot.plt       0x20000060        0x0 load address 0x0800420c
 .igot.plt      0x20000060        0x0 ..\obj\stm32f4xx_syscfg.o

.bss            0x20000060       0x60 load address 0x0800420c
                0x20000060                . = ALIGN (0x4)
                0x20000060                __bss_start__ = .
                0x20000060                _sbss = __bss_start__
 *(.bss*)
 .bss           0x20000060       0x3c ..\obj\tm_stm32f4_spi_dma.o
 .bss           0x2000009c       0x16 ..\obj\tm_stm32f4_gpio.o
 *(COMMON)
 *fill*         0x200000b2        0x2 
 COMMON         0x200000b4        0xc ..\obj\tm_stm32f4_ili9341.o
                0x200000b4                ILI9341_x
                0x200000b8                ILI9341_Opts
                0x200000be                ILI9341_y
                0x200000c0                . = ALIGN (0x4)
                0x200000c0                __bss_end__ = .
                0x200000c0                _ebss = __bss_end__

.heap           0x200000c0        0x0
                0x200000c0                __end__ = .
                0x200000c0                _end = __end__
                0x200000c0                end = __end__
 *(.heap*)
                0x200000c0                __HeapLimit = .

.co_stack       0x200000c0      0x800 load address 0x0800426c
                0x200000c0                . = ALIGN (0x8)
 *(.co_stack .co_stack.*)
 .co_stack      0x200000c0      0x800 ..\obj\startup_stm32f4xx.o
                0x200000c0                pulStack
                0x20020000                __StackTop = (ORIGIN (ram) + LENGTH (ram))
                0x2001f800                __StackLimit = (__StackTop - SIZEOF (.co_stack))
                [!provide]                PROVIDE (__stack, __StackTop)
                0x00000001                ASSERT ((__StackLimit >= __HeapLimit), region ram  overflowed with stack)
LOAD ..\obj\stm32f4xx_syscfg.o
LOAD ..\obj\tm_stm32f4_spi_dma.o
LOAD ..\obj\stm32f4xx_dac.o
LOAD ..\obj\startup_stm32f4xx.o
LOAD ..\obj\main.o
LOAD ..\obj\stm32f4xx_rcc.o
LOAD ..\obj\stm32f4xx_adc.o
LOAD ..\obj\tm_stm32f4_dma.o
LOAD ..\obj\tm_stm32f4_spi.o
LOAD ..\obj\stm32f4xx_gpio.o
LOAD ..\obj\system_stm32f4xx.o
LOAD ..\obj\stm32f4xx_dma.o
LOAD ..\obj\stm32f4xx_spi.o
LOAD ..\obj\tm_stm32f4_ili9341.o
LOAD ..\obj\stm32f4xx_exti.o
LOAD ..\obj\misc.o
LOAD ..\obj\tm_stm32f4_gpio.o
LOAD ..\obj\stm32f4_discovery_lis302dl.o
LOAD ..\obj\tm_stm32f4_fonts.o
LOAD ..\obj\stm32f4xx_tim.o
START GROUP
LOAD c:/program files (x86)/gnu tools arm embedded/5.2 2015q4/bin/../lib/gcc/arm-none-eabi/5.2.1/armv7e-m\libgcc.a
LOAD c:/program files (x86)/gnu tools arm embedded/5.2 2015q4/bin/../lib/gcc/arm-none-eabi/5.2.1/../../../../arm-none-eabi/lib/armv7e-m\libg.a
LOAD c:/program files (x86)/gnu tools arm embedded/5.2 2015q4/bin/../lib/gcc/arm-none-eabi/5.2.1/../../../../arm-none-eabi/lib/armv7e-m\libc.a
END GROUP
OUTPUT(test.elf elf32-littlearm)

.debug_info     0x00000000     0x51fb
 .debug_info    0x00000000      0x87e ..\obj\tm_stm32f4_spi_dma.o
 .debug_info    0x0000087e       0xed ..\obj\startup_stm32f4xx.o
 .debug_info    0x0000096b      0x16e ..\obj\main.o
 .debug_info    0x00000ad9      0x925 ..\obj\tm_stm32f4_dma.o
 .debug_info    0x000013fe      0xa95 ..\obj\tm_stm32f4_spi.o
 .debug_info    0x00001e93      0x61a ..\obj\stm32f4xx_gpio.o
 .debug_info    0x000024ad      0x596 ..\obj\system_stm32f4xx.o
 .debug_info    0x00002a43      0x741 ..\obj\stm32f4xx_dma.o
 .debug_info    0x00003184      0xb0f ..\obj\stm32f4xx_spi.o
 .debug_info    0x00003c93      0xaf7 ..\obj\tm_stm32f4_ili9341.o
 .debug_info    0x0000478a      0x82d ..\obj\tm_stm32f4_gpio.o
 .debug_info    0x00004fb7      0x244 ..\obj\tm_stm32f4_fonts.o

.debug_abbrev   0x00000000     0x107e
 .debug_abbrev  0x00000000      0x17e ..\obj\tm_stm32f4_spi_dma.o
 .debug_abbrev  0x0000017e       0xb0 ..\obj\startup_stm32f4xx.o
 .debug_abbrev  0x0000022e       0xd6 ..\obj\main.o
 .debug_abbrev  0x00000304      0x206 ..\obj\tm_stm32f4_dma.o
 .debug_abbrev  0x0000050a      0x1e6 ..\obj\tm_stm32f4_spi.o
 .debug_abbrev  0x000006f0      0x1a7 ..\obj\stm32f4xx_gpio.o
 .debug_abbrev  0x00000897      0x138 ..\obj\system_stm32f4xx.o
 .debug_abbrev  0x000009cf      0x157 ..\obj\stm32f4xx_dma.o
 .debug_abbrev  0x00000b26      0x169 ..\obj\stm32f4xx_spi.o
 .debug_abbrev  0x00000c8f      0x1b7 ..\obj\tm_stm32f4_ili9341.o
 .debug_abbrev  0x00000e46      0x151 ..\obj\tm_stm32f4_gpio.o
 .debug_abbrev  0x00000f97       0xe7 ..\obj\tm_stm32f4_fonts.o

.debug_aranges  0x00000000      0x610
 .debug_aranges
                0x00000000       0x78 ..\obj\tm_stm32f4_spi_dma.o
 .debug_aranges
                0x00000078       0x28 ..\obj\startup_stm32f4xx.o
 .debug_aranges
                0x000000a0       0x20 ..\obj\main.o
 .debug_aranges
                0x000000c0       0xf8 ..\obj\tm_stm32f4_dma.o
 .debug_aranges
                0x000001b8       0x98 ..\obj\tm_stm32f4_spi.o
 .debug_aranges
                0x00000250       0x88 ..\obj\stm32f4xx_gpio.o
 .debug_aranges
                0x000002d8       0x30 ..\obj\system_stm32f4xx.o
 .debug_aranges
                0x00000308       0xb0 ..\obj\stm32f4xx_dma.o
 .debug_aranges
                0x000003b8       0xe0 ..\obj\stm32f4xx_spi.o
 .debug_aranges
                0x00000498       0xc0 ..\obj\tm_stm32f4_ili9341.o
 .debug_aranges
                0x00000558       0x98 ..\obj\tm_stm32f4_gpio.o
 .debug_aranges
                0x000005f0       0x20 ..\obj\tm_stm32f4_fonts.o

.debug_ranges   0x00000000      0x550
 .debug_ranges  0x00000000       0x68 ..\obj\tm_stm32f4_spi_dma.o
 .debug_ranges  0x00000068       0x18 ..\obj\startup_stm32f4xx.o
 .debug_ranges  0x00000080       0x10 ..\obj\main.o
 .debug_ranges  0x00000090       0xe8 ..\obj\tm_stm32f4_dma.o
 .debug_ranges  0x00000178       0x88 ..\obj\tm_stm32f4_spi.o
 .debug_ranges  0x00000200       0x78 ..\obj\stm32f4xx_gpio.o
 .debug_ranges  0x00000278       0x20 ..\obj\system_stm32f4xx.o
 .debug_ranges  0x00000298       0xa0 ..\obj\stm32f4xx_dma.o
 .debug_ranges  0x00000338       0xd0 ..\obj\stm32f4xx_spi.o
 .debug_ranges  0x00000408       0xb0 ..\obj\tm_stm32f4_ili9341.o
 .debug_ranges  0x000004b8       0x88 ..\obj\tm_stm32f4_gpio.o
 .debug_ranges  0x00000540       0x10 ..\obj\tm_stm32f4_fonts.o

.debug_line     0x00000000     0x2afb
 .debug_line    0x00000000      0x393 ..\obj\tm_stm32f4_spi_dma.o
 .debug_line    0x00000393       0xae ..\obj\startup_stm32f4xx.o
 .debug_line    0x00000441      0x1fe ..\obj\main.o
 .debug_line    0x0000063f      0x4a8 ..\obj\tm_stm32f4_dma.o
 .debug_line    0x00000ae7      0x523 ..\obj\tm_stm32f4_spi.o
 .debug_line    0x0000100a      0x3b4 ..\obj\stm32f4xx_gpio.o
 .debug_line    0x000013be      0x21c ..\obj\system_stm32f4xx.o
 .debug_line    0x000015da      0x47e ..\obj\stm32f4xx_dma.o
 .debug_line    0x00001a58      0x4ad ..\obj\stm32f4xx_spi.o
 .debug_line    0x00001f05      0x5f2 ..\obj\tm_stm32f4_ili9341.o
 .debug_line    0x000024f7      0x406 ..\obj\tm_stm32f4_gpio.o
 .debug_line    0x000028fd      0x1fe ..\obj\tm_stm32f4_fonts.o

.debug_str      0x00000000     0x2496
 .debug_str     0x00000000      0x589 ..\obj\tm_stm32f4_spi_dma.o
                                0x600 (size before relaxing)
 .debug_str     0x00000589       0xbd ..\obj\startup_stm32f4xx.o
                                0x154 (size before relaxing)
 .debug_str     0x00000646      0x14a ..\obj\main.o
                                0x2ae (size before relaxing)
 .debug_str     0x00000790      0x946 ..\obj\tm_stm32f4_dma.o
                                0xb01 (size before relaxing)
 .debug_str     0x000010d6      0x4a1 ..\obj\tm_stm32f4_spi.o
                                0x767 (size before relaxing)
 .debug_str     0x00001577      0x272 ..\obj\stm32f4xx_gpio.o
                                0x4b0 (size before relaxing)
 .debug_str     0x000017e9      0x143 ..\obj\system_stm32f4xx.o
                                0x3b7 (size before relaxing)
 .debug_str     0x0000192c      0x249 ..\obj\stm32f4xx_dma.o
                                0x54f (size before relaxing)
 .debug_str     0x00001b75      0x2ed ..\obj\stm32f4xx_spi.o
                                0x697 (size before relaxing)
 .debug_str     0x00001e62      0x364 ..\obj\tm_stm32f4_ili9341.o
                                0x76f (size before relaxing)
 .debug_str     0x000021c6      0x1f8 ..\obj\tm_stm32f4_gpio.o
                                0x5bf (size before relaxing)
 .debug_str     0x000023be       0xd8 ..\obj\tm_stm32f4_fonts.o
                                0x273 (size before relaxing)

.comment        0x00000000       0x6e
 .comment       0x00000000       0x6e ..\obj\tm_stm32f4_spi_dma.o
                                 0x6f (size before relaxing)
 .comment       0x0000006e       0x6f ..\obj\startup_stm32f4xx.o
 .comment       0x0000006e       0x6f ..\obj\main.o
 .comment       0x0000006e       0x6f ..\obj\tm_stm32f4_dma.o
 .comment       0x0000006e       0x6f ..\obj\tm_stm32f4_spi.o
 .comment       0x0000006e       0x6f ..\obj\stm32f4xx_gpio.o
 .comment       0x0000006e       0x6f ..\obj\system_stm32f4xx.o
 .comment       0x0000006e       0x6f ..\obj\stm32f4xx_dma.o
 .comment       0x0000006e       0x6f ..\obj\stm32f4xx_spi.o
 .comment       0x0000006e       0x6f ..\obj\tm_stm32f4_ili9341.o
 .comment       0x0000006e       0x6f ..\obj\tm_stm32f4_gpio.o
 .comment       0x0000006e       0x6f ..\obj\tm_stm32f4_fonts.o

.ARM.attributes
                0x00000000       0x31
 .ARM.attributes
                0x00000000       0x33 ..\obj\tm_stm32f4_spi_dma.o
 .ARM.attributes
                0x00000033       0x33 ..\obj\startup_stm32f4xx.o
 .ARM.attributes
                0x00000066       0x33 ..\obj\main.o
 .ARM.attributes
                0x00000099       0x33 ..\obj\tm_stm32f4_dma.o
 .ARM.attributes
                0x000000cc       0x33 ..\obj\tm_stm32f4_spi.o
 .ARM.attributes
                0x000000ff       0x33 ..\obj\stm32f4xx_gpio.o
 .ARM.attributes
                0x00000132       0x33 ..\obj\system_stm32f4xx.o
 .ARM.attributes
                0x00000165       0x33 ..\obj\stm32f4xx_dma.o
 .ARM.attributes
                0x00000198       0x33 ..\obj\stm32f4xx_spi.o
 .ARM.attributes
                0x000001cb       0x33 ..\obj\tm_stm32f4_ili9341.o
 .ARM.attributes
                0x000001fe       0x33 ..\obj\tm_stm32f4_gpio.o
 .ARM.attributes
                0x00000231       0x33 ..\obj\tm_stm32f4_fonts.o

.debug_frame    0x00000000     0x17c8
 .debug_frame   0x00000000      0x1c4 ..\obj\tm_stm32f4_spi_dma.o
 .debug_frame   0x000001c4       0x4c ..\obj\startup_stm32f4xx.o
 .debug_frame   0x00000210       0x30 ..\obj\main.o
 .debug_frame   0x00000240      0x3a0 ..\obj\tm_stm32f4_dma.o
 .debug_frame   0x000005e0      0x270 ..\obj\tm_stm32f4_spi.o
 .debug_frame   0x00000850      0x23c ..\obj\stm32f4xx_gpio.o
 .debug_frame   0x00000a8c       0x7c ..\obj\system_stm32f4xx.o
 .debug_frame   0x00000b08      0x308 ..\obj\stm32f4xx_dma.o
 .debug_frame   0x00000e10      0x3f4 ..\obj\stm32f4xx_spi.o
 .debug_frame   0x00001204      0x318 ..\obj\tm_stm32f4_ili9341.o
 .debug_frame   0x0000151c      0x274 ..\obj\tm_stm32f4_gpio.o
 .debug_frame   0x00001790       0x38 ..\obj\tm_stm32f4_fonts.o
