Archive member included to satisfy reference by file (symbol)

c:/program files (x86)/gnu tools arm embedded/5.2 2015q4/bin/../lib/gcc/arm-none-eabi/5.2.1/armv7e-m\libgcc.a(_arm_addsubdf3.o)
                              ..\obj\tm_stm32f4_fatfs.o (__aeabi_ui2d)
c:/program files (x86)/gnu tools arm embedded/5.2 2015q4/bin/../lib/gcc/arm-none-eabi/5.2.1/armv7e-m\libgcc.a(_arm_muldivdf3.o)
                              ..\obj\tm_stm32f4_fatfs.o (__aeabi_dmul)
c:/program files (x86)/gnu tools arm embedded/5.2 2015q4/bin/../lib/gcc/arm-none-eabi/5.2.1/armv7e-m\libgcc.a(_arm_cmpdf2.o)
                              ..\obj\tm_stm32f4_timer_properties.o (__aeabi_dcmpeq)
c:/program files (x86)/gnu tools arm embedded/5.2 2015q4/bin/../lib/gcc/arm-none-eabi/5.2.1/armv7e-m\libgcc.a(_arm_fixunsdfsi.o)
                              ..\obj\tm_stm32f4_fatfs.o (__aeabi_d2uiz)
c:/program files (x86)/gnu tools arm embedded/5.2 2015q4/bin/../lib/gcc/arm-none-eabi/5.2.1/../../../../arm-none-eabi/lib/armv7e-m\libc.a(lib_a-itoa.o)
                              ..\obj\main.o (itoa)
c:/program files (x86)/gnu tools arm embedded/5.2 2015q4/bin/../lib/gcc/arm-none-eabi/5.2.1/../../../../arm-none-eabi/lib/armv7e-m\libc.a(lib_a-malloc.o)
                              ..\obj\tm_stm32f4_fatfs.o (malloc)
c:/program files (x86)/gnu tools arm embedded/5.2 2015q4/bin/../lib/gcc/arm-none-eabi/5.2.1/../../../../arm-none-eabi/lib/armv7e-m\libc.a(lib_a-mallocr.o)
                              c:/program files (x86)/gnu tools arm embedded/5.2 2015q4/bin/../lib/gcc/arm-none-eabi/5.2.1/../../../../arm-none-eabi/lib/armv7e-m\libc.a(lib_a-malloc.o) (_malloc_r)
c:/program files (x86)/gnu tools arm embedded/5.2 2015q4/bin/../lib/gcc/arm-none-eabi/5.2.1/../../../../arm-none-eabi/lib/armv7e-m\libc.a(lib_a-mlock.o)
                              c:/program files (x86)/gnu tools arm embedded/5.2 2015q4/bin/../lib/gcc/arm-none-eabi/5.2.1/../../../../arm-none-eabi/lib/armv7e-m\libc.a(lib_a-mallocr.o) (__malloc_lock)
c:/program files (x86)/gnu tools arm embedded/5.2 2015q4/bin/../lib/gcc/arm-none-eabi/5.2.1/../../../../arm-none-eabi/lib/armv7e-m\libc.a(lib_a-sbrkr.o)
                              c:/program files (x86)/gnu tools arm embedded/5.2 2015q4/bin/../lib/gcc/arm-none-eabi/5.2.1/../../../../arm-none-eabi/lib/armv7e-m\libc.a(lib_a-mallocr.o) (_sbrk_r)
c:/program files (x86)/gnu tools arm embedded/5.2 2015q4/bin/../lib/gcc/arm-none-eabi/5.2.1/../../../../arm-none-eabi/lib/armv7e-m\libc.a(lib_a-sprintf.o)
                              ..\obj\tm_stm32f4_fatfs.o (sprintf)
c:/program files (x86)/gnu tools arm embedded/5.2 2015q4/bin/../lib/gcc/arm-none-eabi/5.2.1/../../../../arm-none-eabi/lib/armv7e-m\libc.a(lib_a-strcpy.o)
                              ..\obj\tm_stm32f4_fatfs.o (strcpy)
c:/program files (x86)/gnu tools arm embedded/5.2 2015q4/bin/../lib/gcc/arm-none-eabi/5.2.1/../../../../arm-none-eabi/lib/armv7e-m\libc.a(lib_a-strlen.o)
                              ..\obj\tm_stm32f4_fatfs.o (strlen)
c:/program files (x86)/gnu tools arm embedded/5.2 2015q4/bin/../lib/gcc/arm-none-eabi/5.2.1/../../../../arm-none-eabi/lib/armv7e-m\libc.a(lib_a-svfprintf.o)
                              c:/program files (x86)/gnu tools arm embedded/5.2 2015q4/bin/../lib/gcc/arm-none-eabi/5.2.1/../../../../arm-none-eabi/lib/armv7e-m\libc.a(lib_a-sprintf.o) (_svfprintf_r)
c:/program files (x86)/gnu tools arm embedded/5.2 2015q4/bin/../lib/gcc/arm-none-eabi/5.2.1/../../../../arm-none-eabi/lib/armv7e-m\libc.a(lib_a-utoa.o)
                              c:/program files (x86)/gnu tools arm embedded/5.2 2015q4/bin/../lib/gcc/arm-none-eabi/5.2.1/../../../../arm-none-eabi/lib/armv7e-m\libc.a(lib_a-itoa.o) (__utoa)
c:/program files (x86)/gnu tools arm embedded/5.2 2015q4/bin/../lib/gcc/arm-none-eabi/5.2.1/../../../../arm-none-eabi/lib/armv7e-m\libc.a(lib_a-dtoa.o)
                              c:/program files (x86)/gnu tools arm embedded/5.2 2015q4/bin/../lib/gcc/arm-none-eabi/5.2.1/../../../../arm-none-eabi/lib/armv7e-m\libc.a(lib_a-svfprintf.o) (_dtoa_r)
c:/program files (x86)/gnu tools arm embedded/5.2 2015q4/bin/../lib/gcc/arm-none-eabi/5.2.1/../../../../arm-none-eabi/lib/armv7e-m\libc.a(lib_a-freer.o)
                              c:/program files (x86)/gnu tools arm embedded/5.2 2015q4/bin/../lib/gcc/arm-none-eabi/5.2.1/../../../../arm-none-eabi/lib/armv7e-m\libc.a(lib_a-malloc.o) (_free_r)
c:/program files (x86)/gnu tools arm embedded/5.2 2015q4/bin/../lib/gcc/arm-none-eabi/5.2.1/../../../../arm-none-eabi/lib/armv7e-m\libc.a(lib_a-impure.o)
                              c:/program files (x86)/gnu tools arm embedded/5.2 2015q4/bin/../lib/gcc/arm-none-eabi/5.2.1/../../../../arm-none-eabi/lib/armv7e-m\libc.a(lib_a-malloc.o) (_impure_ptr)
c:/program files (x86)/gnu tools arm embedded/5.2 2015q4/bin/../lib/gcc/arm-none-eabi/5.2.1/../../../../arm-none-eabi/lib/armv7e-m\libc.a(lib_a-locale.o)
[...]
Memory Configuration

Name             Origin             Length             Attributes
rom              0x08000000         0x00100000         xr
ram              0x20000000         0x00020000         xrw
ram1             0x10000000         0x00010000         xrw
*default*        0x00000000         0xffffffff

Linker script and memory map

                0x20020000                _eram = 0x20020000

.text           0x08000000     0x76bc
 *(.isr_vector)
 .isr_vector    0x08000000      0x188 ..\obj\startup_stm32f4xx.o
                0x08000000                g_pfnVectors
 *(.text*)
 .text.TM_SPI_DMA_Init
                0x08000188       0xa4 ..\obj\tm_stm32f4_spi_dma.o
                0x08000188                TM_SPI_DMA_Init
 .text.TM_SPI_DMA_SendHalfWord
                0x0800022c       0xb0 ..\obj\tm_stm32f4_spi_dma.o
                0x0800022c                TM_SPI_DMA_SendHalfWord
 .text.TM_SPI_DMA_Working
                0x080002dc       0x50 ..\obj\tm_stm32f4_spi_dma.o
                0x080002dc                TM_SPI_DMA_Working
 .text.TM_SPI_DMA_INT_GetSettings
                0x0800032c       0x50 ..\obj\tm_stm32f4_spi_dma.o
 .text.disk_initialize
                0x0800037c       0x44 ..\obj\diskio.o
                0x0800037c                disk_initialize
 .text.disk_status
                0x080003c0       0x48 ..\obj\diskio.o
                0x080003c0                disk_status
 .text.disk_read
                0x08000408       0x5c ..\obj\diskio.o
                0x08000408                disk_read
 .text.disk_write
                0x08000464       0x5c ..\obj\diskio.o
                0x08000464                disk_write
 .text.TM_FATFS_USB_disk_initialize
                0x080004c0       0x10 ..\obj\diskio.o
                0x080004c0                TM_FATFS_USB_disk_initialize
 .text.TM_FATFS_SDRAM_disk_initialize
                0x080004d0       0x10 ..\obj\diskio.o
                0x080004d0                TM_FATFS_SDRAM_disk_initialize
 .text.TM_FATFS_SPI_FLASH_disk_initialize
                0x080004e0       0x10 ..\obj\diskio.o
                0x080004e0                TM_FATFS_SPI_FLASH_disk_initialize
 .text.TM_FATFS_USB_disk_status
                0x080004f0       0x10 ..\obj\diskio.o
                0x080004f0                TM_FATFS_USB_disk_status
 .text.TM_FATFS_SDRAM_disk_status
                0x08000500       0x10 ..\obj\diskio.o
                0x08000500                TM_FATFS_SDRAM_disk_status
 .text.TM_FATFS_SPI_FLASH_disk_status
                0x08000510       0x10 ..\obj\diskio.o
                0x08000510                TM_FATFS_SPI_FLASH_disk_status
 .text.TM_FATFS_USB_disk_ioctl
                0x08000520       0x18 ..\obj\diskio.o
                0x08000520                TM_FATFS_USB_disk_ioctl
 .text.TM_FATFS_SDRAM_disk_ioctl
                0x08000538       0x18 ..\obj\diskio.o
                0x08000538                TM_FATFS_SDRAM_disk_ioctl
 .text.TM_FATFS_SPI_FLASH_disk_ioctl
                0x08000550       0x18 ..\obj\diskio.o
                0x08000550                TM_FATFS_SPI_FLASH_disk_ioctl
 .text.TM_FATFS_USB_disk_read
                0x08000568       0x18 ..\obj\diskio.o
                0x08000568                TM_FATFS_USB_disk_read
 .text.TM_FATFS_SDRAM_disk_read
                0x08000580       0x18 ..\obj\diskio.o
                0x08000580                TM_FATFS_SDRAM_disk_read
 .text.TM_FATFS_SPI_FLASH_disk_read
                0x08000598       0x18 ..\obj\diskio.o
                0x08000598                TM_FATFS_SPI_FLASH_disk_read
 .text.TM_FATFS_USB_disk_write
                0x080005b0       0x18 ..\obj\diskio.o
                0x080005b0                TM_FATFS_USB_disk_write
 .text.TM_FATFS_SDRAM_disk_write
                0x080005c8       0x18 ..\obj\diskio.o
                0x080005c8                TM_FATFS_SDRAM_disk_write
 .text.TM_FATFS_SPI_FLASH_disk_write
                0x080005e0       0x18 ..\obj\diskio.o
                0x080005e0                TM_FATFS_SPI_FLASH_disk_write
 .text.Default_Reset_Handler
                0x080005f8       0x5c ..\obj\startup_stm32f4xx.o
                0x080005f8                Default_Reset_Handler
                0x080005f8                Reset_Handler
 .text.Default_Handler
                0x08000654        0x8 ..\obj\startup_stm32f4xx.o
                0x08000654                RTC_Alarm_IRQHandler
                0x08000654                HASH_RNG_IRQHandler
                0x08000654                EXTI2_IRQHandler
                0x08000654                TIM8_CC_IRQHandler
                0x08000654                DebugMon_Handler
                0x08000654                TIM1_CC_IRQHandler
                0x08000654                HardFault_Handler
                0x08000654                SysTick_Handler
                0x08000654                PVD_IRQHandler
                0x08000654                SDIO_IRQHandler
                0x08000654                TAMP_STAMP_IRQHandler
                0x08000654                PendSV_Handler
                0x08000654                NMI_Handler
                0x08000654                CAN2_RX1_IRQHandler
                0x08000654                EXTI3_IRQHandler
                0x08000654                TIM8_TRG_COM_TIM14_IRQHandler
                0x08000654                TIM1_UP_TIM10_IRQHandler
                0x08000654                TIM8_UP_TIM13_IRQHandler
                0x08000654                I2C3_ER_IRQHandler
                0x08000654                EXTI0_IRQHandler
                0x08000654                I2C2_EV_IRQHandler
                0x08000654                CAN1_RX0_IRQHandler
                0x08000654                FPU_IRQHandler
                0x08000654                OTG_HS_WKUP_IRQHandler
                0x08000654                UsageFault_Handler
                0x08000654                CAN2_SCE_IRQHandler
                0x08000654                SPI1_IRQHandler
                0x08000654                TIM6_DAC_IRQHandler
                0x08000654                TIM1_BRK_TIM9_IRQHandler
                0x08000654                DCMI_IRQHandler
                0x08000654                CAN2_RX0_IRQHandler
                0x08000654                USART6_IRQHandler
                0x08000654                USART3_IRQHandler
                0x08000654                CRYP_IRQHandler
                0x08000654                CAN1_RX1_IRQHandler
                0x08000654                UART5_IRQHandler
                0x08000654                I2C1_EV_IRQHandler
                0x08000654                UART4_IRQHandler
                0x08000654                RCC_IRQHandler
                0x08000654                TIM8_BRK_TIM12_IRQHandler
                0x08000654                EXTI15_10_IRQHandler
                0x08000654                ADC_IRQHandler
                0x08000654                TIM7_IRQHandler
                0x08000654                CAN2_TX_IRQHandler
                0x08000654                TIM5_IRQHandler
                0x08000654                I2C3_EV_IRQHandler
                0x08000654                EXTI9_5_IRQHandler
                0x08000654                RTC_WKUP_IRQHandler
                0x08000654                ETH_WKUP_IRQHandler
                0x08000654                SPI2_IRQHandler
                0x08000654                OTG_HS_EP1_IN_IRQHandler
                0x08000654                MemManage_Handler
                0x08000654                CAN1_TX_IRQHandler
                0x08000654                SVC_Handler
                0x08000654                EXTI4_IRQHandler
                0x08000654                FSMC_IRQHandler
                0x08000654                ETH_IRQHandler
                0x08000654                OTG_HS_EP1_OUT_IRQHandler
                0x08000654                WWDG_IRQHandler
                0x08000654                OTG_FS_WKUP_IRQHandler
                0x08000654                TIM1_TRG_COM_TIM11_IRQHandler
                0x08000654                OTG_HS_IRQHandler
                0x08000654                EXTI1_IRQHandler
                0x08000654                USART2_IRQHandler
                0x08000654                I2C2_ER_IRQHandler
                0x08000654                CAN1_SCE_IRQHandler
                0x08000654                FLASH_IRQHandler
                0x08000654                BusFault_Handler
                0x08000654                USART1_IRQHandler
                0x08000654                OTG_FS_IRQHandler
                0x08000654                SPI3_IRQHandler
                0x08000654                I2C1_ER_IRQHandler
 .text.TRIG_GPIO_conf
                0x0800065c       0x38 ..\obj\main.o
                0x0800065c                TRIG_GPIO_conf
 .text.ECHO_GPIO_conf
                0x08000694       0x38 ..\obj\main.o
                0x08000694                ECHO_GPIO_conf
 .text.Timmer2_conf
                0x080006cc       0x34 ..\obj\main.o
                0x080006cc                Timmer2_conf
 .text.Timmer3_conf
                0x08000700       0x34 ..\obj\main.o
                0x08000700                Timmer3_conf
 .text.Przerwania2_conf
                0x08000734       0x44 ..\obj\main.o
                0x08000734                Przerwania2_conf
 .text.Przerwania3_conf
                0x08000778       0x44 ..\obj\main.o
                0x08000778                Przerwania3_conf
 .text.TIM2_IRQHandler
                0x080007bc       0x3c ..\obj\main.o
                0x080007bc                TIM2_IRQHandler
 .text.TIM3_IRQHandler
                0x080007f8       0x30 ..\obj\main.o
                0x080007f8                TIM3_IRQHandler
 .text.display  0x08000828      0x520 ..\obj\main.o
                0x08000828                display
 .text.LED_GPIO_conf
                0x08000d48       0x3c ..\obj\main.o
                0x08000d48                LED_GPIO_conf
 .text.sdcard   0x08000d84       0x4c ..\obj\main.o
                0x08000d84                sdcard
 .text.main     0x08000dd0      0x108 ..\obj\main.o
                0x08000dd0                main
 .text.RCC_GetClocksFreq
                0x08000ed8      0x154 ..\obj\stm32f4xx_rcc.o
                0x08000ed8                RCC_GetClocksFreq
 .text.RCC_AHB1PeriphClockCmd
                0x0800102c       0x3c ..\obj\stm32f4xx_rcc.o
                0x0800102c                RCC_AHB1PeriphClockCmd
 .text.RCC_APB1PeriphClockCmd
                0x08001068       0x3c ..\obj\stm32f4xx_rcc.o
                0x08001068                RCC_APB1PeriphClockCmd
 .text.RCC_APB2PeriphClockCmd
                0x080010a4       0x3c ..\obj\stm32f4xx_rcc.o
                0x080010a4                RCC_APB2PeriphClockCmd
 .text.TM_DMA_ClearFlag
                0x080010e0       0x88 ..\obj\tm_stm32f4_dma.o
                0x080010e0                TM_DMA_ClearFlag
 .text.TM_DMA_GetFlags
                0x08001168       0xa0 ..\obj\tm_stm32f4_dma.o
                0x08001168                TM_DMA_GetFlags
 .text.TM_DMA_TransferCompleteHandler
                0x08001208       0x14 ..\obj\tm_stm32f4_dma.o
                0x08001208                TM_DMA_TransferCompleteHandler
 .text.TM_DMA_HalfTransferCompleteHandler
                0x0800121c       0x14 ..\obj\tm_stm32f4_dma.o
                0x0800121c                TM_DMA_HalfTransferCompleteHandler
 .text.TM_DMA_TransferErrorHandler
                0x08001230       0x14 ..\obj\tm_stm32f4_dma.o
                0x08001230                TM_DMA_TransferErrorHandler
 .text.TM_DMA_DirectModeErrorHandler
                0x08001244       0x14 ..\obj\tm_stm32f4_dma.o
                0x08001244                TM_DMA_DirectModeErrorHandler
 .text.TM_DMA_FIFOErrorHandler
                0x08001258       0x14 ..\obj\tm_stm32f4_dma.o
                0x08001258                TM_DMA_FIFOErrorHandler
 .text.TM_DMA_INT_ProcessInterrupt
                0x0800126c       0xb0 ..\obj\tm_stm32f4_dma.o
 .text.DMA1_Stream0_IRQHandler
                0x0800131c       0x14 ..\obj\tm_stm32f4_dma.o
                0x0800131c                DMA1_Stream0_IRQHandler
 .text.DMA1_Stream1_IRQHandler
                0x08001330       0x14 ..\obj\tm_stm32f4_dma.o
                0x08001330                DMA1_Stream1_IRQHandler
 .text.DMA1_Stream2_IRQHandler
                0x08001344       0x14 ..\obj\tm_stm32f4_dma.o
                0x08001344                DMA1_Stream2_IRQHandler
 .text.DMA1_Stream3_IRQHandler
                0x08001358       0x14 ..\obj\tm_stm32f4_dma.o
                0x08001358                DMA1_Stream3_IRQHandler
 .text.DMA1_Stream4_IRQHandler
                0x0800136c       0x14 ..\obj\tm_stm32f4_dma.o
                0x0800136c                DMA1_Stream4_IRQHandler
 .text.DMA1_Stream5_IRQHandler
                0x08001380       0x14 ..\obj\tm_stm32f4_dma.o
                0x08001380                DMA1_Stream5_IRQHandler
 .text.DMA1_Stream6_IRQHandler
                0x08001394       0x14 ..\obj\tm_stm32f4_dma.o
                0x08001394                DMA1_Stream6_IRQHandler
 .text.DMA1_Stream7_IRQHandler
                0x080013a8       0x14 ..\obj\tm_stm32f4_dma.o
                0x080013a8                DMA1_Stream7_IRQHandler
 .text.DMA2_Stream0_IRQHandler
                0x080013bc       0x14 ..\obj\tm_stm32f4_dma.o
                0x080013bc                DMA2_Stream0_IRQHandler
 .text.DMA2_Stream1_IRQHandler
                0x080013d0       0x14 ..\obj\tm_stm32f4_dma.o
                0x080013d0                DMA2_Stream1_IRQHandler
 .text.DMA2_Stream2_IRQHandler
                0x080013e4       0x14 ..\obj\tm_stm32f4_dma.o
                0x080013e4                DMA2_Stream2_IRQHandler
 .text.DMA2_Stream3_IRQHandler
                0x080013f8       0x14 ..\obj\tm_stm32f4_dma.o
                0x080013f8                DMA2_Stream3_IRQHandler
 .text.DMA2_Stream4_IRQHandler
                0x0800140c       0x14 ..\obj\tm_stm32f4_dma.o
                0x0800140c                DMA2_Stream4_IRQHandler
 .text.DMA2_Stream5_IRQHandler
                0x08001420       0x14 ..\obj\tm_stm32f4_dma.o
                0x08001420                DMA2_Stream5_IRQHandler
 .text.DMA2_Stream6_IRQHandler
                0x08001434       0x14 ..\obj\tm_stm32f4_dma.o
                0x08001434                DMA2_Stream6_IRQHandler
 .text.DMA2_Stream7_IRQHandler
                0x08001448       0x14 ..\obj\tm_stm32f4_dma.o
                0x08001448                DMA2_Stream7_IRQHandler
 .text.TM_SPI_Send
                0x0800145c       0x74 ..\obj\fatfs_sd.o
 .text.Delayms  0x080014d0       0x58 ..\obj\fatfs_sd.o
 .text.init_spi
                0x08001528       0x2c ..\obj\fatfs_sd.o
 .text.rcvr_spi_multi
                0x08001554       0x24 ..\obj\fatfs_sd.o
 .text.xmit_spi_multi
                0x08001578       0x20 ..\obj\fatfs_sd.o
 .text.wait_ready
                0x08001598       0x44 ..\obj\fatfs_sd.o
 .text.deselect
                0x080015dc       0x20 ..\obj\fatfs_sd.o
 .text.select1  0x080015fc       0x38 ..\obj\fatfs_sd.o
 .text.rcvr_datablock
                0x08001634       0x60 ..\obj\fatfs_sd.o
 .text.xmit_datablock
                0x08001694       0x70 ..\obj\fatfs_sd.o
 .text.send_cmd
                0x08001704       0xf4 ..\obj\fatfs_sd.o
 .text.TM_FATFS_InitPins
                0x080017f8       0x28 ..\obj\fatfs_sd.o
                0x080017f8                TM_FATFS_InitPins
 .text.TM_FATFS_Detect
                0x08001820       0x10 ..\obj\fatfs_sd.o
                0x08001820                TM_FATFS_Detect
 .text.TM_FATFS_WriteEnabled
                0x08001830       0x10 ..\obj\fatfs_sd.o
                0x08001830                TM_FATFS_WriteEnabled
 .text.TM_FATFS_SD_disk_initialize
                0x08001840      0x1d0 ..\obj\fatfs_sd.o
                0x08001840                TM_FATFS_SD_disk_initialize
 .text.TM_FATFS_SD_disk_status
                0x08001a10       0x4c ..\obj\fatfs_sd.o
                0x08001a10                TM_FATFS_SD_disk_status
 .text.TM_FATFS_SD_disk_read
                0x08001a5c       0xc4 ..\obj\fatfs_sd.o
                0x08001a5c                TM_FATFS_SD_disk_read
 .text.TM_FATFS_SD_disk_write
                0x08001b20      0x100 ..\obj\fatfs_sd.o
                0x08001b20                TM_FATFS_SD_disk_write
 .text.TM_FATFS_SD_disk_ioctl
                0x08001c20      0x2e4 ..\obj\fatfs_sd.o
                0x08001c20                TM_FATFS_SD_disk_ioctl
 .text.TIM4_IRQHandler
                0x08001f04       0xfc ..\obj\tm_stm32f4_delay.o
                0x08001f04                TIM4_IRQHandler
 .text.TM_DELAY_Init
                0x08002000       0x18 ..\obj\tm_stm32f4_delay.o
                0x08002000                TM_DELAY_Init
 .text.TM_DELAY_INT_InitTIM
                0x08002018       0xbc ..\obj\tm_stm32f4_delay.o
                0x08002018                TM_DELAY_INT_InitTIM
 .text.TM_SPI_Init
                0x080020d4       0x7c ..\obj\tm_stm32f4_spi.o
                0x080020d4                TM_SPI_Init
 .text.TM_SPI_SetDataSize
                0x08002150       0x78 ..\obj\tm_stm32f4_spi.o
                0x08002150                TM_SPI_SetDataSize
 .text.TM_SPI_WriteMulti
                0x080021c8       0x88 ..\obj\tm_stm32f4_spi.o
                0x080021c8                TM_SPI_WriteMulti
 .text.TM_SPI_ReadMulti
                0x08002250       0x94 ..\obj\tm_stm32f4_spi.o
                0x08002250                TM_SPI_ReadMulti
 .text.TM_SPI_InitCustomPinsCallback
                0x080022e4       0x18 ..\obj\tm_stm32f4_spi.o
                0x080022e4                TM_SPI_InitCustomPinsCallback
 .text.TM_SPIx_Init
                0x080022fc      0x11c ..\obj\tm_stm32f4_spi.o
 .text.TM_SPI1_INT_InitPins
                0x08002418       0x60 ..\obj\tm_stm32f4_spi.o
                0x08002418                TM_SPI1_INT_InitPins
 .text.TM_SPI2_INT_InitPins
                0x08002478       0x98 ..\obj\tm_stm32f4_spi.o
                0x08002478                TM_SPI2_INT_InitPins
 .text.TM_SPI3_INT_InitPins
                0x08002510       0x64 ..\obj\tm_stm32f4_spi.o
                0x08002510                TM_SPI3_INT_InitPins
 .text.GPIO_Init
                0x08002574      0x11c ..\obj\stm32f4xx_gpio.o
                0x08002574                GPIO_Init
 .text.GPIO_ReadInputDataBit
                0x08002690       0x34 ..\obj\stm32f4xx_gpio.o
                0x08002690                GPIO_ReadInputDataBit
 .text.GPIO_SetBits
                0x080026c4       0x1c ..\obj\stm32f4xx_gpio.o
                0x080026c4                GPIO_SetBits
 .text.GPIO_ResetBits
                0x080026e0       0x1c ..\obj\stm32f4xx_gpio.o
                0x080026e0                GPIO_ResetBits
 .text.GPIO_WriteBit
                0x080026fc       0x30 ..\obj\stm32f4xx_gpio.o
                0x080026fc                GPIO_WriteBit
 .text.SystemInit
                0x0800272c       0x5c ..\obj\system_stm32f4xx.o
                0x0800272c                SystemInit
 .text.SetSysClock
                0x08002788       0xf4 ..\obj\system_stm32f4xx.o
 .text.DMA_Init
                0x0800287c       0xac ..\obj\stm32f4xx_dma.o
                0x0800287c                DMA_Init
 .text.sync_window
                0x08002928       0x88 ..\obj\ff.o
 .text.move_window
                0x080029b0       0x5c ..\obj\ff.o
 .text.get_ldnumber
                0x08002a0c      0x10c ..\obj\ff.o
 .text.check_fs
                0x08002b18       0xd4 ..\obj\ff.o
 .text.find_volume
                0x08002bec      0x56c ..\obj\ff.o
 .text.f_mount  0x08003158       0x88 ..\obj\ff.o
                0x08003158                f_mount
 .text.SPI_Init
                0x080031e0       0x88 ..\obj\stm32f4xx_spi.o
                0x080031e0                SPI_Init
 .text.SPI_StructInit
                0x08003268       0x48 ..\obj\stm32f4xx_spi.o
                0x08003268                SPI_StructInit
 .text.TM_SPI_Send
                0x080032b0       0x74 ..\obj\tm_stm32f4_ili9341.o
 .text.TM_ILI9341_Init
                0x08003324       0xa0 ..\obj\tm_stm32f4_ili9341.o
                0x08003324                TM_ILI9341_Init
 .text.TM_ILI9341_InitLCD
                0x080033c4      0x274 ..\obj\tm_stm32f4_ili9341.o
                0x080033c4                TM_ILI9341_InitLCD
 .text.TM_ILI9341_SendCommand
                0x08003638       0x3c ..\obj\tm_stm32f4_ili9341.o
                0x08003638                TM_ILI9341_SendCommand
 .text.TM_ILI9341_SendData
                0x08003674       0x3c ..\obj\tm_stm32f4_ili9341.o
                0x08003674                TM_ILI9341_SendData
 .text.TM_ILI9341_DrawPixel
                0x080036b0       0x40 ..\obj\tm_stm32f4_ili9341.o
                0x080036b0                TM_ILI9341_DrawPixel
 .text.TM_ILI9341_SetCursorPosition
                0x080036f0       0x94 ..\obj\tm_stm32f4_ili9341.o
                0x080036f0                TM_ILI9341_SetCursorPosition
 .text.TM_ILI9341_Fill
                0x08003784       0x30 ..\obj\tm_stm32f4_ili9341.o
                0x08003784                TM_ILI9341_Fill
 .text.TM_ILI9341_INT_Fill
                0x080037b4       0xcc ..\obj\tm_stm32f4_ili9341.o
                0x080037b4                TM_ILI9341_INT_Fill
 .text.TM_ILI9341_Delay
                0x08003880       0x20 ..\obj\tm_stm32f4_ili9341.o
                0x08003880                TM_ILI9341_Delay
 .text.TM_ILI9341_Puts
                0x080038a0       0xb0 ..\obj\tm_stm32f4_ili9341.o
                0x080038a0                TM_ILI9341_Puts
 .text.TM_ILI9341_Putc
                0x08003950      0x124 ..\obj\tm_stm32f4_ili9341.o
                0x08003950                TM_ILI9341_Putc
 .text.TM_ILI9341_DrawFilledRectangle
                0x08003a74       0x70 ..\obj\tm_stm32f4_ili9341.o
                0x08003a74                TM_ILI9341_DrawFilledRectangle
 .text.NVIC_PriorityGroupConfig
                0x08003ae4       0x24 ..\obj\misc.o
                0x08003ae4                NVIC_PriorityGroupConfig
 .text.NVIC_Init
                0x08003b08       0xc0 ..\obj\misc.o
                0x08003b08                NVIC_Init
 .text.TM_GPIO_Init
                0x08003bc8       0x48 ..\obj\tm_stm32f4_gpio.o
                0x08003bc8                TM_GPIO_Init
 .text.TM_GPIO_InitAlternate
                0x08003c10       0xa8 ..\obj\tm_stm32f4_gpio.o
                0x08003c10                TM_GPIO_InitAlternate
 .text.TM_GPIO_GetPortSource
                0x08003cb8       0x20 ..\obj\tm_stm32f4_gpio.o
                0x08003cb8                TM_GPIO_GetPortSource
 .text.TM_GPIO_INT_EnableClock
                0x08003cd8       0x30 ..\obj\tm_stm32f4_gpio.o
                0x08003cd8                TM_GPIO_INT_EnableClock
 .text.TM_GPIO_INT_Init
                0x08003d08      0x110 ..\obj\tm_stm32f4_gpio.o
                0x08003d08                TM_GPIO_INT_Init
 .text.TM_TIMER_PROPERTIES_GetTimerProperties
                0x08003e18      0x100 ..\obj\tm_stm32f4_timer_properties.o
                0x08003e18                TM_TIMER_PROPERTIES_GetTimerProperties
 .text.TM_TIMER_PROPERTIES_GenerateDataForWorkingFrequency
                0x08003f18      0x118 ..\obj\tm_stm32f4_timer_properties.o
                0x08003f18                TM_TIMER_PROPERTIES_GenerateDataForWorkingFrequency
 .text.TM_TIMER_PROPERTIES_EnableClock
                0x08004030      0x148 ..\obj\tm_stm32f4_timer_properties.o
                0x08004030                TM_TIMER_PROPERTIES_EnableClock
 .text.TIM_TimeBaseInit
                0x08004178       0xd4 ..\obj\stm32f4xx_tim.o
                0x08004178                TIM_TimeBaseInit
 .text.TIM_Cmd  0x0800424c       0x40 ..\obj\stm32f4xx_tim.o
                0x0800424c                TIM_Cmd
 .text.TIM_ITConfig
                0x0800428c       0x48 ..\obj\stm32f4xx_tim.o
                0x0800428c                TIM_ITConfig
 .text.TIM_GetITStatus
                0x080042d4       0x54 ..\obj\stm32f4xx_tim.o
                0x080042d4                TIM_GetITStatus
 .text.TIM_ClearITPendingBit
                0x08004328       0x20 ..\obj\stm32f4xx_tim.o
                0x08004328                TIM_ClearITPendingBit
 .text          0x08004348      0x370 c:/program files (x86)/gnu tools arm embedded/5.2 2015q4/bin/../lib/gcc/arm-none-eabi/5.2.1/armv7e-m\libgcc.a(_arm_addsubdf3.o)
                0x08004348                __aeabi_drsub
                0x08004350                __aeabi_dsub
                0x08004350                __subdf3
                0x08004354                __aeabi_dadd
                0x08004354                __adddf3
                0x080045cc                __floatunsidf
                0x080045cc                __aeabi_ui2d
                0x080045ec                __floatsidf
                0x080045ec                __aeabi_i2d
                0x08004610                __aeabi_f2d
                0x08004610                __extendsfdf2
                0x0800464c                __floatundidf
                0x0800464c                __aeabi_ul2d
                0x0800465c                __floatdidf
                0x0800465c                __aeabi_l2d
 .text          0x080046b8      0x424 c:/program files (x86)/gnu tools arm embedded/5.2 2015q4/bin/../lib/gcc/arm-none-eabi/5.2.1/armv7e-m\libgcc.a(_arm_muldivdf3.o)
                0x080046b8                __aeabi_dmul
                0x080046b8                __muldf3
                0x0800490c                __divdf3
                0x0800490c                __aeabi_ddiv
 .text          0x08004adc      0x110 c:/program files (x86)/gnu tools arm embedded/5.2 2015q4/bin/../lib/gcc/arm-none-eabi/5.2.1/armv7e-m\libgcc.a(_arm_cmpdf2.o)
                0x08004adc                __gtdf2
                0x08004adc                __gedf2
                0x08004ae4                __ltdf2
                0x08004ae4                __ledf2
                0x08004aec                __nedf2
                0x08004aec                __eqdf2
                0x08004aec                __cmpdf2
                0x08004b68                __aeabi_cdrcmple
                0x08004b78                __aeabi_cdcmpeq
                0x08004b78                __aeabi_cdcmple
                0x08004b88                __aeabi_dcmpeq
                0x08004b9c                __aeabi_dcmplt
                0x08004bb0                __aeabi_dcmple
                0x08004bc4                __aeabi_dcmpge
                0x08004bd8                __aeabi_dcmpgt
 .text          0x08004bec       0x40 c:/program files (x86)/gnu tools arm embedded/5.2 2015q4/bin/../lib/gcc/arm-none-eabi/5.2.1/armv7e-m\libgcc.a(_arm_fixunsdfsi.o)
                0x08004bec                __aeabi_d2uiz
                0x08004bec                __fixunsdfsi
 .text.__itoa   0x08004c2c       0x30 c:/program files (x86)/gnu tools arm embedded/5.2 2015q4/bin/../lib/gcc/arm-none-eabi/5.2.1/../../../../arm-none-eabi/lib/armv7e-m\libc.a(lib_a-itoa.o)
                0x08004c2c                __itoa
 .text.itoa     0x08004c5c        0x4 c:/program files (x86)/gnu tools arm embedded/5.2 2015q4/bin/../lib/gcc/arm-none-eabi/5.2.1/../../../../arm-none-eabi/lib/armv7e-m\libc.a(lib_a-itoa.o)
                0x08004c5c                itoa
 .text.__utoa   0x08004c60       0x80 c:/program files (x86)/gnu tools arm embedded/5.2 2015q4/bin/../lib/gcc/arm-none-eabi/5.2.1/../../../../arm-none-eabi/lib/armv7e-m\libc.a(lib_a-utoa.o)
                0x08004c60                __utoa
 *(.init)
 *(.fini)
 *crtbegin.o(.ctors)
 *crtbegin?.o(.ctors)
 *(EXCLUDE_FILE(*crtend.o *crtend?.o) .ctors)
 *(SORT(.ctors.*))
 *(.ctors)
 *crtbegin.o(.dtors)
 *crtbegin?.o(.dtors)
 *(EXCLUDE_FILE(*crtend.o *crtend?.o) .dtors)
 *(SORT(.dtors.*))
 *(.dtors)
 *(.rodata*)
 .rodata        0x08004ce0        0x9 ..\obj\main.o
 *fill*         0x08004ce9        0x3 
 .rodata        0x08004cec       0x14 ..\obj\tm_stm32f4_dma.o
 .rodata        0x08004d00      0x17e ..\obj\ff.o
 *fill*         0x08004e7e        0x2 
 .rodata        0x08004e80     0x2814 ..\obj\tm_stm32f4_fonts.o
                0x08004e80                TM_Font7x10
                0x080055ec                TM_Font11x18
                0x08006348                TM_Font16x26
 .rodata.str1.4
                0x08007694       0x28 c:/program files (x86)/gnu tools arm embedded/5.2 2015q4/bin/../lib/gcc/arm-none-eabi/5.2.1/../../../../arm-none-eabi/lib/armv7e-m\libc.a(lib_a-utoa.o)
                                 0x25 (size before relaxing)
 *(.eh_fram e*)

.glue_7         0x080076bc        0x0
 .glue_7        0x080076bc        0x0 linker stubs

.glue_7t        0x080076bc        0x0
 .glue_7t       0x080076bc        0x0 linker stubs

.vfp11_veneer   0x080076bc        0x0
 .vfp11_veneer  0x080076bc        0x0 linker stubs

.v4_bx          0x080076bc        0x0
 .v4_bx         0x080076bc        0x0 linker stubs

.iplt           0x080076bc        0x0
 .iplt          0x080076bc        0x0 ..\obj\tm_stm32f4_fatfs.o

.rel.dyn        0x080076bc        0x0
 .rel.iplt      0x080076bc        0x0 ..\obj\tm_stm32f4_fatfs.o

.ARM.extab
 *(.ARM.extab* .gnu.linkonce.armextab.*)
                0x080076bc                __exidx_start = .

.ARM.exidx
 *(.ARM.exidx* .gnu.linkonce.armexidx.*)
                0x080076bc                __exidx_end = .
                0x080076bc                __etext = .
                0x080076bc                _sidata = __etext

.data           0x20000000      0x128 load address 0x080076bc
                0x20000000                __data_start__ = .
                0x20000000                _sdata = __data_start__
 *(vtable)
 *(.data*)
 .data          0x20000000       0x48 ..\obj\tm_stm32f4_spi_dma.o
 .data          0x20000048       0xb4 ..\obj\diskio.o
                0x20000048                FATFS_LowLevelDrivers
 .data          0x200000fc       0x10 ..\obj\stm32f4xx_rcc.o
 .data          0x2000010c        0x1 ..\obj\fatfs_sd.o
 *fill*         0x2000010d        0x3 
 .data          0x20000110       0x18 ..\obj\tm_stm32f4_fonts.o
                0x20000110                TM_Font_7x10
                0x20000118                TM_Font_11x18
                0x20000120                TM_Font_16x26
                0x20000128                . = ALIGN (0x4)
                [!provide]                PROVIDE (__preinit_array_start, .)
 *(.preinit_array)
                [!provide]                PROVIDE (__preinit_array_end, .)
                0x20000128                . = ALIGN (0x4)
                [!provide]                PROVIDE (__init_array_start, .)
 *(SORT(.init_array.*))
 *(.init_array)
                [!provide]                PROVIDE (__init_array_end, .)
                0x20000128                . = ALIGN (0x4)
                [!provide]                PROVIDE (__fini_array_start, .)
 *(SORT(.fini_array.*))
 *(.fini_array)
                [!provide]                PROVIDE (__fini_array_end, .)
 *(.jcr*)
                0x20000128                . = ALIGN (0x4)
                0x20000128                __data_end__ = .
                0x20000128                _edata = __data_end__

.igot.plt       0x20000128        0x0 load address 0x080077e4
 .igot.plt      0x20000128        0x0 ..\obj\tm_stm32f4_fatfs.o

.bss            0x20000128       0xbc load address 0x080077e4
                0x20000128                . = ALIGN (0x4)
                0x20000128                __bss_start__ = .
                0x20000128                _sbss = __bss_start__
 *(.bss*)
 .bss           0x20000128       0x3c ..\obj\tm_stm32f4_spi_dma.o
 .bss           0x20000164        0x4 ..\obj\main.o
                0x20000164                ile
 .bss           0x20000168        0x1 ..\obj\fatfs_sd.o
 *fill*         0x20000169        0x3 
 .bss           0x2000016c       0x28 ..\obj\tm_stm32f4_delay.o
                0x2000016c                TM_TimingDelay
                0x20000170                TM_Time
                0x20000174                TM_Time2
                0x20000178                TM_DELAY_Initialized
 .bss           0x20000194       0x27 ..\obj\ff.o
 *fill*         0x200001bb        0x1 
 .bss           0x200001bc       0x16 ..\obj\tm_stm32f4_gpio.o
 *(COMMON)
 *fill*         0x200001d2        0x2 
 COMMON         0x200001d4        0x4 ..\obj\main.o
                0x200001d4                odleglosc
 COMMON         0x200001d8        0xc ..\obj\tm_stm32f4_ili9341.o
                0x200001d8                ILI9341_x
                0x200001dc                ILI9341_Opts
                0x200001e2                ILI9341_y
                0x200001e4                . = ALIGN (0x4)
                0x200001e4                __bss_end__ = .
                0x200001e4                _ebss = __bss_end__

.heap           0x200001e4        0x0
                0x200001e4                __end__ = .
                0x200001e4                _end = __end__
                0x200001e4                end = __end__
 *(.heap*)
                0x200001e4                __HeapLimit = .

.co_stack       0x200001e4      0x804 load address 0x080078a0
                0x200001e8                . = ALIGN (0x8)
 *fill*         0x200001e4        0x4 
 *(.co_stack .co_stack.*)
 .co_stack      0x200001e8      0x800 ..\obj\startup_stm32f4xx.o
                0x200001e8                pulStack
                0x20020000                __StackTop = (ORIGIN (ram) + LENGTH (ram))
                0x2001f7fc                __StackLimit = (__StackTop - SIZEOF (.co_stack))
                [!provide]                PROVIDE (__stack, __StackTop)
                0x00000001                ASSERT ((__StackLimit >= __HeapLimit), region ram  overflowed with stack)
LOAD ..\obj\tm_stm32f4_fatfs.o
LOAD ..\obj\unicode.o
LOAD ..\obj\stm32f4xx_syscfg.o
LOAD ..\obj\tm_stm32f4_spi_dma.o
LOAD ..\obj\stm32f4xx_dac.o
LOAD ..\obj\diskio.o
LOAD ..\obj\startup_stm32f4xx.o
LOAD ..\obj\main.o
LOAD ..\obj\stm32f4xx_rcc.o
LOAD ..\obj\stm32f4xx_adc.o
LOAD ..\obj\tm_stm32f4_dma.o
LOAD ..\obj\fatfs_sd.o
LOAD ..\obj\tm_stm32f4_delay.o
LOAD ..\obj\syscall.o
LOAD ..\obj\tm_stm32f4_spi.o
LOAD ..\obj\stm32f4xx_gpio.o
LOAD ..\obj\system_stm32f4xx.o
LOAD ..\obj\syscalls.o
LOAD ..\obj\stm32f4xx_dma.o
LOAD ..\obj\ff.o
LOAD ..\obj\stm32f4xx_spi.o
LOAD ..\obj\tm_stm32f4_ili9341.o
LOAD ..\obj\stm32f4xx_exti.o
LOAD ..\obj\misc.o
LOAD ..\obj\tm_stm32f4_gpio.o
LOAD ..\obj\stm32f4_discovery_lis302dl.o
LOAD ..\obj\tm_stm32f4_timer_properties.o
LOAD ..\obj\tm_stm32f4_fonts.o
LOAD ..\obj\stm32f4xx_tim.o
LOAD c:/program files (x86)/gnu tools arm embedded/5.2 2015q4/bin/../lib/gcc/arm-none-eabi/5.2.1/../../../../arm-none-eabi/lib/armv7e-m\libm.a
LOAD c:/program files (x86)/gnu tools arm embedded/5.2 2015q4/bin/../lib/gcc/arm-none-eabi/5.2.1/armv7e-m\libgcc.a
LOAD c:/program files (x86)/gnu tools arm embedded/5.2 2015q4/bin/../lib/gcc/arm-none-eabi/5.2.1/../../../../arm-none-eabi/lib/armv7e-m\libc.a
START GROUP
LOAD c:/program files (x86)/gnu tools arm embedded/5.2 2015q4/bin/../lib/gcc/arm-none-eabi/5.2.1/armv7e-m\libgcc.a
LOAD c:/program files (x86)/gnu tools arm embedded/5.2 2015q4/bin/../lib/gcc/arm-none-eabi/5.2.1/../../../../arm-none-eabi/lib/armv7e-m\libg.a
LOAD c:/program files (x86)/gnu tools arm embedded/5.2 2015q4/bin/../lib/gcc/arm-none-eabi/5.2.1/../../../../arm-none-eabi/lib/armv7e-m\libc.a
END GROUP
OUTPUT(test.elf elf32-littlearm)

.debug_info     0x00000000     0xd03d
 .debug_info    0x00000000      0x87e ..\obj\tm_stm32f4_spi_dma.o
 .debug_info    0x0000087e      0x89f ..\obj\diskio.o
 .debug_info    0x0000111d       0xed ..\obj\startup_stm32f4xx.o
 .debug_info    0x0000120a      0xc5e ..\obj\main.o
 .debug_info    0x00001e68      0xc59 ..\obj\stm32f4xx_rcc.o
 .debug_info    0x00002ac1      0x925 ..\obj\tm_stm32f4_dma.o
 .debug_info    0x000033e6      0x8a7 ..\obj\fatfs_sd.o
 .debug_info    0x00003c8d      0x9e3 ..\obj\tm_stm32f4_delay.o
 .debug_info    0x00004670      0xa95 ..\obj\tm_stm32f4_spi.o
 .debug_info    0x00005105      0x61a ..\obj\stm32f4xx_gpio.o
 .debug_info    0x0000571f      0x596 ..\obj\system_stm32f4xx.o
 .debug_info    0x00005cb5      0x741 ..\obj\stm32f4xx_dma.o
 .debug_info    0x000063f6     0x25a5 ..\obj\ff.o
 .debug_info    0x0000899b      0xb0f ..\obj\stm32f4xx_spi.o
 .debug_info    0x000094aa      0xaf7 ..\obj\tm_stm32f4_ili9341.o
 .debug_info    0x00009fa1      0x541 ..\obj\misc.o
 .debug_info    0x0000a4e2      0x82d ..\obj\tm_stm32f4_gpio.o
 .debug_info    0x0000ad0f      0x481 ..\obj\tm_stm32f4_timer_properties.o
 .debug_info    0x0000b190      0x244 ..\obj\tm_stm32f4_fonts.o
 .debug_info    0x0000b3d4     0x1c69 ..\obj\stm32f4xx_tim.o

.debug_abbrev   0x00000000     0x2056
 .debug_abbrev  0x00000000      0x17e ..\obj\tm_stm32f4_spi_dma.o
 .debug_abbrev  0x0000017e      0x1ab ..\obj\diskio.o
 .debug_abbrev  0x00000329       0xb0 ..\obj\startup_stm32f4xx.o
 .debug_abbrev  0x000003d9      0x25b ..\obj\main.o
 .debug_abbrev  0x00000634      0x1e5 ..\obj\stm32f4xx_rcc.o
 .debug_abbrev  0x00000819      0x206 ..\obj\tm_stm32f4_dma.o
 .debug_abbrev  0x00000a1f      0x28c ..\obj\fatfs_sd.o
 .debug_abbrev  0x00000cab      0x260 ..\obj\tm_stm32f4_delay.o
 .debug_abbrev  0x00000f0b      0x1e6 ..\obj\tm_stm32f4_spi.o
 .debug_abbrev  0x000010f1      0x1a7 ..\obj\stm32f4xx_gpio.o
 .debug_abbrev  0x00001298      0x138 ..\obj\system_stm32f4xx.o
 .debug_abbrev  0x000013d0      0x157 ..\obj\stm32f4xx_dma.o
 .debug_abbrev  0x00001527      0x1fc ..\obj\ff.o
 .debug_abbrev  0x00001723      0x169 ..\obj\stm32f4xx_spi.o
 .debug_abbrev  0x0000188c      0x1b7 ..\obj\tm_stm32f4_ili9341.o
 .debug_abbrev  0x00001a43      0x147 ..\obj\misc.o
 .debug_abbrev  0x00001b8a      0x151 ..\obj\tm_stm32f4_gpio.o
 .debug_abbrev  0x00001cdb      0x10b ..\obj\tm_stm32f4_timer_properties.o
 .debug_abbrev  0x00001de6       0xe7 ..\obj\tm_stm32f4_fonts.o
 .debug_abbrev  0x00001ecd      0x189 ..\obj\stm32f4xx_tim.o

.debug_aranges  0x00000000      0xfb8
 .debug_aranges
                0x00000000       0x78 ..\obj\tm_stm32f4_spi_dma.o
 .debug_aranges
                0x00000078      0x118 ..\obj\diskio.o
 .debug_aranges
                0x00000190       0x28 ..\obj\startup_stm32f4xx.o
 .debug_aranges
                0x000001b8       0x78 ..\obj\main.o
 .debug_aranges
                0x00000230      0x178 ..\obj\stm32f4xx_rcc.o
 .debug_aranges
                0x000003a8       0xf8 ..\obj\tm_stm32f4_dma.o
 .debug_aranges
                0x000004a0       0xb0 ..\obj\fatfs_sd.o
 .debug_aranges
                0x00000550       0x78 ..\obj\tm_stm32f4_delay.o
 .debug_aranges
                0x000005c8       0x98 ..\obj\tm_stm32f4_spi.o
 .debug_aranges
                0x00000660       0x88 ..\obj\stm32f4xx_gpio.o
 .debug_aranges
                0x000006e8       0x30 ..\obj\system_stm32f4xx.o
 .debug_aranges
                0x00000718       0xb0 ..\obj\stm32f4xx_dma.o
 .debug_aranges
                0x000007c8      0x228 ..\obj\ff.o
 .debug_aranges
                0x000009f0       0xe0 ..\obj\stm32f4xx_spi.o
 .debug_aranges
                0x00000ad0       0xc0 ..\obj\tm_stm32f4_ili9341.o
 .debug_aranges
                0x00000b90       0x40 ..\obj\misc.o
 .debug_aranges
                0x00000bd0       0x98 ..\obj\tm_stm32f4_gpio.o
 .debug_aranges
                0x00000c68       0x38 ..\obj\tm_stm32f4_timer_properties.o
 .debug_aranges
                0x00000ca0       0x20 ..\obj\tm_stm32f4_fonts.o
 .debug_aranges
                0x00000cc0      0x2f8 ..\obj\stm32f4xx_tim.o

.debug_ranges   0x00000000      0xe78
 .debug_ranges  0x00000000       0x68 ..\obj\tm_stm32f4_spi_dma.o
 .debug_ranges  0x00000068      0x108 ..\obj\diskio.o
 .debug_ranges  0x00000170       0x18 ..\obj\startup_stm32f4xx.o
 .debug_ranges  0x00000188       0x68 ..\obj\main.o
 .debug_ranges  0x000001f0      0x168 ..\obj\stm32f4xx_rcc.o
 .debug_ranges  0x00000358       0xe8 ..\obj\tm_stm32f4_dma.o
 .debug_ranges  0x00000440       0xa0 ..\obj\fatfs_sd.o
 .debug_ranges  0x000004e0       0x68 ..\obj\tm_stm32f4_delay.o
 .debug_ranges  0x00000548       0x88 ..\obj\tm_stm32f4_spi.o
 .debug_ranges  0x000005d0       0x78 ..\obj\stm32f4xx_gpio.o
 .debug_ranges  0x00000648       0x20 ..\obj\system_stm32f4xx.o
 .debug_ranges  0x00000668       0xa0 ..\obj\stm32f4xx_dma.o
 .debug_ranges  0x00000708      0x218 ..\obj\ff.o
 .debug_ranges  0x00000920       0xd0 ..\obj\stm32f4xx_spi.o
 .debug_ranges  0x000009f0       0xb0 ..\obj\tm_stm32f4_ili9341.o
 .debug_ranges  0x00000aa0       0x30 ..\obj\misc.o
 .debug_ranges  0x00000ad0       0x88 ..\obj\tm_stm32f4_gpio.o
 .debug_ranges  0x00000b58       0x28 ..\obj\tm_stm32f4_timer_properties.o
 .debug_ranges  0x00000b80       0x10 ..\obj\tm_stm32f4_fonts.o
 .debug_ranges  0x00000b90      0x2e8 ..\obj\stm32f4xx_tim.o

.debug_line     0x00000000     0x6a62
 .debug_line    0x00000000      0x393 ..\obj\tm_stm32f4_spi_dma.o
 .debug_line    0x00000393      0x439 ..\obj\diskio.o
 .debug_line    0x000007cc       0xae ..\obj\startup_stm32f4xx.o
 .debug_line    0x0000087a      0x427 ..\obj\main.o
 .debug_line    0x00000ca1      0x5f9 ..\obj\stm32f4xx_rcc.o
 .debug_line    0x0000129a      0x4a8 ..\obj\tm_stm32f4_dma.o
 .debug_line    0x00001742      0x601 ..\obj\fatfs_sd.o
 .debug_line    0x00001d43      0x3f3 ..\obj\tm_stm32f4_delay.o
 .debug_line    0x00002136      0x523 ..\obj\tm_stm32f4_spi.o
 .debug_line    0x00002659      0x3b4 ..\obj\stm32f4xx_gpio.o
 .debug_line    0x00002a0d      0x21c ..\obj\system_stm32f4xx.o
 .debug_line    0x00002c29      0x47e ..\obj\stm32f4xx_dma.o
 .debug_line    0x000030a7     0x1844 ..\obj\ff.o
 .debug_line    0x000048eb      0x4ad ..\obj\stm32f4xx_spi.o
 .debug_line    0x00004d98      0x5f2 ..\obj\tm_stm32f4_ili9341.o
 .debug_line    0x0000538a      0x292 ..\obj\misc.o
 .debug_line    0x0000561c      0x406 ..\obj\tm_stm32f4_gpio.o
 .debug_line    0x00005a22      0x32d ..\obj\tm_stm32f4_timer_properties.o
 .debug_line    0x00005d4f      0x1fe ..\obj\tm_stm32f4_fonts.o
 .debug_line    0x00005f4d      0xb15 ..\obj\stm32f4xx_tim.o

.debug_str      0x00000000     0x46ae
 .debug_str     0x00000000      0x589 ..\obj\tm_stm32f4_spi_dma.o
                                0x600 (size before relaxing)
 .debug_str     0x00000589      0x436 ..\obj\diskio.o
                                0x5e3 (size before relaxing)
 .debug_str     0x000009bf       0xbd ..\obj\startup_stm32f4xx.o
                                0x154 (size before relaxing)
 .debug_str     0x00000a7c      0xa9f ..\obj\main.o
                                0xd6e (size before relaxing)
 .debug_str     0x0000151b      0x5a5 ..\obj\stm32f4xx_rcc.o
                                0x85d (size before relaxing)
 .debug_str     0x00001ac0      0x3b4 ..\obj\tm_stm32f4_dma.o
                                0xb01 (size before relaxing)
 .debug_str     0x00001e74      0x2a9 ..\obj\fatfs_sd.o
                                0x620 (size before relaxing)
 .debug_str     0x0000211d      0x266 ..\obj\tm_stm32f4_delay.o
                                0xb4a (size before relaxing)
 .debug_str     0x00002383      0x319 ..\obj\tm_stm32f4_spi.o
                                0x767 (size before relaxing)
 .debug_str     0x0000269c      0x19a ..\obj\stm32f4xx_gpio.o
                                0x4b0 (size before relaxing)
 .debug_str     0x00002836      0x11a ..\obj\system_stm32f4xx.o
                                0x3b7 (size before relaxing)
 .debug_str     0x00002950      0x239 ..\obj\stm32f4xx_dma.o
                                0x54f (size before relaxing)
 .debug_str     0x00002b89      0x429 ..\obj\ff.o
                                0x7c2 (size before relaxing)
 .debug_str     0x00002fb2      0x2ed ..\obj\stm32f4xx_spi.o
                                0x697 (size before relaxing)
 .debug_str     0x0000329f      0x3a1 ..\obj\tm_stm32f4_ili9341.o
                                0x76f (size before relaxing)
 .debug_str     0x00003640      0x110 ..\obj\misc.o
                                0x3db (size before relaxing)
 .debug_str     0x00003750      0x1f8 ..\obj\tm_stm32f4_gpio.o
                                0x5bf (size before relaxing)
 .debug_str     0x00003948      0x207 ..\obj\tm_stm32f4_timer_properties.o
                                0x4f6 (size before relaxing)
 .debug_str     0x00003b4f       0xd1 ..\obj\tm_stm32f4_fonts.o
                                0x273 (size before relaxing)
 .debug_str     0x00003c20      0xa8e ..\obj\stm32f4xx_tim.o
                                0xddd (size before relaxing)

.comment        0x00000000       0x6e
 .comment       0x00000000       0x6e ..\obj\tm_stm32f4_spi_dma.o
                                 0x6f (size before relaxing)
 .comment       0x0000006e       0x6f ..\obj\diskio.o
 .comment       0x0000006e       0x6f ..\obj\startup_stm32f4xx.o
 .comment       0x0000006e       0x6f ..\obj\main.o
 .comment       0x0000006e       0x6f ..\obj\stm32f4xx_rcc.o
 .comment       0x0000006e       0x6f ..\obj\tm_stm32f4_dma.o
 .comment       0x0000006e       0x6f ..\obj\fatfs_sd.o
 .comment       0x0000006e       0x6f ..\obj\tm_stm32f4_delay.o
 .comment       0x0000006e       0x6f ..\obj\tm_stm32f4_spi.o
 .comment       0x0000006e       0x6f ..\obj\stm32f4xx_gpio.o
 .comment       0x0000006e       0x6f ..\obj\system_stm32f4xx.o
 .comment       0x0000006e       0x6f ..\obj\stm32f4xx_dma.o
 .comment       0x0000006e       0x6f ..\obj\ff.o
 .comment       0x0000006e       0x6f ..\obj\stm32f4xx_spi.o
 .comment       0x0000006e       0x6f ..\obj\tm_stm32f4_ili9341.o
 .comment       0x0000006e       0x6f ..\obj\misc.o
 .comment       0x0000006e       0x6f ..\obj\tm_stm32f4_gpio.o
 .comment       0x0000006e       0x6f ..\obj\tm_stm32f4_timer_properties.o
 .comment       0x0000006e       0x6f ..\obj\tm_stm32f4_fonts.o
 .comment       0x0000006e       0x6f ..\obj\stm32f4xx_tim.o

.ARM.attributes
                0x00000000       0x31
 .ARM.attributes
                0x00000000       0x33 ..\obj\tm_stm32f4_spi_dma.o
 .ARM.attributes
                0x00000033       0x33 ..\obj\diskio.o
 .ARM.attributes
                0x00000066       0x33 ..\obj\startup_stm32f4xx.o
 .ARM.attributes
                0x00000099       0x33 ..\obj\main.o
 .ARM.attributes
                0x000000cc       0x33 ..\obj\stm32f4xx_rcc.o
 .ARM.attributes
                0x000000ff       0x33 ..\obj\tm_stm32f4_dma.o
 .ARM.attributes
                0x00000132       0x33 ..\obj\fatfs_sd.o
 .ARM.attributes
                0x00000165       0x33 ..\obj\tm_stm32f4_delay.o
 .ARM.attributes
                0x00000198       0x33 ..\obj\tm_stm32f4_spi.o
 .ARM.attributes
                0x000001cb       0x33 ..\obj\stm32f4xx_gpio.o
 .ARM.attributes
                0x000001fe       0x33 ..\obj\system_stm32f4xx.o
 .ARM.attributes
                0x00000231       0x33 ..\obj\stm32f4xx_dma.o
 .ARM.attributes
                0x00000264       0x33 ..\obj\ff.o
 .ARM.attributes
                0x00000297       0x33 ..\obj\stm32f4xx_spi.o
 .ARM.attributes
                0x000002ca       0x33 ..\obj\tm_stm32f4_ili9341.o
 .ARM.attributes
                0x000002fd       0x33 ..\obj\misc.o
 .ARM.attributes
                0x00000330       0x33 ..\obj\tm_stm32f4_gpio.o
 .ARM.attributes
                0x00000363       0x33 ..\obj\tm_stm32f4_timer_properties.o
 .ARM.attributes
                0x00000396       0x33 ..\obj\tm_stm32f4_fonts.o
 .ARM.attributes
                0x000003c9       0x33 ..\obj\stm32f4xx_tim.o
 .ARM.attributes
                0x000003fc       0x1e c:/program files (x86)/gnu tools arm embedded/5.2 2015q4/bin/../lib/gcc/arm-none-eabi/5.2.1/armv7e-m\libgcc.a(_arm_addsubdf3.o)
 .ARM.attributes
                0x0000041a       0x1e c:/program files (x86)/gnu tools arm embedded/5.2 2015q4/bin/../lib/gcc/arm-none-eabi/5.2.1/armv7e-m\libgcc.a(_arm_muldivdf3.o)
 .ARM.attributes
                0x00000438       0x1e c:/program files (x86)/gnu tools arm embedded/5.2 2015q4/bin/../lib/gcc/arm-none-eabi/5.2.1/armv7e-m\libgcc.a(_arm_cmpdf2.o)
 .ARM.attributes
                0x00000456       0x1e c:/program files (x86)/gnu tools arm embedded/5.2 2015q4/bin/../lib/gcc/arm-none-eabi/5.2.1/armv7e-m\libgcc.a(_arm_fixunsdfsi.o)
 .ARM.attributes
                0x00000474       0x2e c:/program files (x86)/gnu tools arm embedded/5.2 2015q4/bin/../lib/gcc/arm-none-eabi/5.2.1/../../../../arm-none-eabi/lib/armv7e-m\libc.a(lib_a-itoa.o)
 .ARM.attributes
                0x000004a2       0x2e c:/program files (x86)/gnu tools arm embedded/5.2 2015q4/bin/../lib/gcc/arm-none-eabi/5.2.1/../../../../arm-none-eabi/lib/armv7e-m\libc.a(lib_a-utoa.o)

.debug_frame    0x00000000     0x4368
 .debug_frame   0x00000000      0x1c4 ..\obj\tm_stm32f4_spi_dma.o
 .debug_frame   0x000001c4      0x4a4 ..\obj\diskio.o
 .debug_frame   0x00000668       0x4c ..\obj\startup_stm32f4xx.o
 .debug_frame   0x000006b4      0x1b0 ..\obj\main.o
 .debug_frame   0x00000864      0x6d4 ..\obj\stm32f4xx_rcc.o
 .debug_frame   0x00000f38      0x3a0 ..\obj\tm_stm32f4_dma.o
 .debug_frame   0x000012d8      0x2a4 ..\obj\fatfs_sd.o
 .debug_frame   0x0000157c      0x1c4 ..\obj\tm_stm32f4_delay.o
 .debug_frame   0x00001740      0x270 ..\obj\tm_stm32f4_spi.o
 .debug_frame   0x000019b0      0x23c ..\obj\stm32f4xx_gpio.o
 .debug_frame   0x00001bec       0x7c ..\obj\system_stm32f4xx.o
 .debug_frame   0x00001c68      0x308 ..\obj\stm32f4xx_dma.o
 .debug_frame   0x00001f70      0x9e8 ..\obj\ff.o
 .debug_frame   0x00002958      0x3f4 ..\obj\stm32f4xx_spi.o
 .debug_frame   0x00002d4c      0x318 ..\obj\tm_stm32f4_ili9341.o
 .debug_frame   0x00003064       0xd8 ..\obj\misc.o
 .debug_frame   0x0000313c      0x274 ..\obj\tm_stm32f4_gpio.o
 .debug_frame   0x000033b0       0xa4 ..\obj\tm_stm32f4_timer_properties.o
 .debug_frame   0x00003454       0x38 ..\obj\tm_stm32f4_fonts.o
 .debug_frame   0x0000348c      0xe54 ..\obj\stm32f4xx_tim.o
 .debug_frame   0x000042e0       0x3c c:/program files (x86)/gnu tools arm embedded/5.2 2015q4/bin/../lib/gcc/arm-none-eabi/5.2.1/../../../../arm-none-eabi/lib/armv7e-m\libc.a(lib_a-itoa.o)
 .debug_frame   0x0000431c       0x4c c:/program files (x86)/gnu tools arm embedded/5.2 2015q4/bin/../lib/gcc/arm-none-eabi/5.2.1/../../../../arm-none-eabi/lib/armv7e-m\libc.a(lib_a-utoa.o)
