Archive member included to satisfy reference by file (symbol)

c:/program files (x86)/gnu tools arm embedded/5.2 2015q4/bin/../lib/gcc/arm-none-eabi/5.2.1/armv7e-m\libgcc.a(_arm_addsubsf3.o)
                              ..\obj\utils.o (__aeabi_fsub)
c:/program files (x86)/gnu tools arm embedded/5.2 2015q4/bin/../lib/gcc/arm-none-eabi/5.2.1/armv7e-m\libgcc.a(_arm_muldivsf3.o)
                              ..\obj\utils.o (__aeabi_fmul)
c:/program files (x86)/gnu tools arm embedded/5.2 2015q4/bin/../lib/gcc/arm-none-eabi/5.2.1/armv7e-m\libgcc.a(_arm_cmpsf2.o)
                              ..\obj\utils.o (__aeabi_fcmplt)
c:/program files (x86)/gnu tools arm embedded/5.2 2015q4/bin/../lib/gcc/arm-none-eabi/5.2.1/armv7e-m\libgcc.a(_arm_fixunssfsi.o)
                              ..\obj\utils.o (__aeabi_f2uiz)
c:/program files (x86)/gnu tools arm embedded/5.2 2015q4/bin/../lib/gcc/arm-none-eabi/5.2.1/../../../../arm-none-eabi/lib/armv7e-m\libg.a(lib_a-init.o)
                              ..\obj\startup_stm32f4xx.o (__libc_init_array)
c:/program files (x86)/gnu tools arm embedded/5.2 2015q4/bin/../lib/gcc/arm-none-eabi/5.2.1/../../../../arm-none-eabi/lib/armv7e-m\libg.a(lib_a-memcpy.o)
                              ..\obj\mp3dec.o (memcpy)
c:/program files (x86)/gnu tools arm embedded/5.2 2015q4/bin/../lib/gcc/arm-none-eabi/5.2.1/../../../../arm-none-eabi/lib/armv7e-m\libg.a(lib_a-memmove.o)
                              ..\obj\mp3dec.o (memmove)
c:/program files (x86)/gnu tools arm embedded/5.2 2015q4/bin/../lib/gcc/arm-none-eabi/5.2.1/../../../../arm-none-eabi/lib/armv7e-m\libg.a(lib_a-sprintf.o)
                              ..\obj\utils.o (sprintf)
c:/program files (x86)/gnu tools arm embedded/5.2 2015q4/bin/../lib/gcc/arm-none-eabi/5.2.1/../../../../arm-none-eabi/lib/armv7e-m\libg.a(lib_a-svfprintf.o)
                              c:/program files (x86)/gnu tools arm embedded/5.2 2015q4/bin/../lib/gcc/arm-none-eabi/5.2.1/../../../../arm-none-eabi/lib/armv7e-m\libg.a(lib_a-sprintf.o) (_svfprintf_r)
c:/program files (x86)/gnu tools arm embedded/5.2 2015q4/bin/../lib/gcc/arm-none-eabi/5.2.1/../../../../arm-none-eabi/lib/armv7e-m\libg.a(lib_a-dtoa.o)
                              c:/program files (x86)/gnu tools arm embedded/5.2 2015q4/bin/../lib/gcc/arm-none-eabi/5.2.1/../../../../arm-none-eabi/lib/armv7e-m\libg.a(lib_a-svfprintf.o) (_dtoa_r)
c:/program files (x86)/gnu tools arm embedded/5.2 2015q4/bin/../lib/gcc/arm-none-eabi/5.2.1/../../../../arm-none-eabi/lib/armv7e-m\libg.a(lib_a-impure.o)
                              c:/program files (x86)/gnu tools arm embedded/5.2 2015q4/bin/../lib/gcc/arm-none-eabi/5.2.1/../../../../arm-none-eabi/lib/armv7e-m\libg.a(lib_a-sprintf.o) (_impure_ptr)
c:/program files (x86)/gnu tools arm embedded/5.2 2015q4/bin/../lib/gcc/arm-none-eabi/5.2.1/../../../../arm-none-eabi/lib/armv7e-m\libg.a(lib_a-locale.o)
                              c:/program files (x86)/gnu tools arm embedded/5.2 2015q4/bin/../lib/gcc/arm-none-eabi/5.2.1/../../../../arm-none-eabi/lib/armv7e-m\libg.a(lib_a-svfprintf.o) (_localeconv_r)
c:/program files (x86)/gnu tools arm embedded/5.2 2015q4/bin/../lib/gcc/arm-none-eabi/5.2.1/../../../../arm-none-eabi/lib/armv7e-m\libg.a(lib_a-mallocr.o)
                              c:/program files (x86)/gnu tools arm embedded/5.2 2015q4/bin/../lib/gcc/arm-none-eabi/5.2.1/../../../../arm-none-eabi/lib/armv7e-m\libg.a(lib_a-svfprintf.o) (_malloc_r)
c:/program files (x86)/gnu tools arm embedded/5.2 2015q4/bin/../lib/gcc/arm-none-eabi/5.2.1/../../../../arm-none-eabi/lib/armv7e-m\libg.a(lib_a-memchr.o)
                              c:/program files (x86)/gnu tools arm embedded/5.2 2015q4/bin/../lib/gcc/arm-none-eabi/5.2.1/../../../../arm-none-eabi/lib/armv7e-m\libg.a(lib_a-svfprintf.o) (memchr)
c:/program files (x86)/gnu tools arm embedded/5.2 2015q4/bin/../lib/gcc/arm-none-eabi/5.2.1/../../../../arm-none-eabi/lib/armv7e-m\libg.a(lib_a-mlock.o)
                              c:/program files (x86)/gnu tools arm embedded/5.2 2015q4/bin/../lib/gcc/arm-none-eabi/5.2.1/../../../../arm-none-eabi/lib/armv7e-m\libg.a(lib_a-mallocr.o) (__malloc_lock)
c:/program files (x86)/gnu tools arm embedded/5.2 2015q4/bin/../lib/gcc/arm-none-eabi/5.2.1/../../../../arm-none-eabi/lib/armv7e-m\libg.a(lib_a-mprec.o)
                              c:/program files (x86)/gnu tools arm embedded/5.2 2015q4/bin/../lib/gcc/arm-none-eabi/5.2.1/../../../../arm-none-eabi/lib/armv7e-m\libg.a(lib_a-dtoa.o) (_Balloc)
c:/program files (x86)/gnu tools arm embedded/5.2 2015q4/bin/../lib/gcc/arm-none-eabi/5.2.1/../../../../arm-none-eabi/lib/armv7e-m\libg.a(lib_a-s_fpclassify.o)
                              c:/program files (x86)/gnu tools arm embedded/5.2 2015q4/bin/../lib/gcc/arm-none-eabi/5.2.1/../../../../arm-none-eabi/lib/armv7e-m\libg.a(lib_a-svfprintf.o) (__fpclassifyd)
[...]
Memory Configuration

Name             Origin             Length             Attributes
rom              0x08000000         0x00100000         xr
ram              0x20000000         0x00020000         xrw
ram1             0x10000000         0x00010000         xrw
*default*        0x00000000         0xffffffff

Linker script and memory map

                0x20020000                _eram = 0x20020000

.text           0x08000000    0xb44f8
 *(.isr_vector)
 .isr_vector    0x08000000      0x188 ..\obj\startup_stm32f4xx.o
                0x08000000                g_pfnVectors
 *(.text*)
 .text.__Default_Handler
                0x08000188       0x10 ..\obj\vectors.o
                0x08000188                HASH_RNG_IRQHandler
                0x08000188                EXTI2_IRQHandler
                0x08000188                TIM8_CC_IRQHandler
                0x08000188                TIM1_CC_IRQHandler
                0x08000188                DMA2_Stream5_IRQHandler
                0x08000188                DMA1_Stream5_IRQHandler
                0x08000188                PVD_IRQHandler
                0x08000188                SDIO_IRQHandler
                0x08000188                __Reserved_0x1C_Handler
                0x08000188                CAN2_RX1_IRQHandler
                0x08000188                EXTI3_IRQHandler
                0x08000188                TIM8_TRG_COM_TIM14_IRQHandler
                0x08000188                TIM1_UP_TIM10_IRQHandler
                0x08000188                TIM8_UP_TIM13_IRQHandler
                0x08000188                I2C3_ER_IRQHandler
                0x08000188                __Reserved_0x20_Handler
                0x08000188                EXTI0_IRQHandler
                0x08000188                I2C2_EV_IRQHandler
                0x08000188                DMA1_Stream2_IRQHandler
                0x08000188                CAN1_RX0_IRQHandler
                0x08000188                FPU_IRQHandler
                0x08000188                OTG_HS_WKUP_IRQHandler
                0x08000188                CAN2_SCE_IRQHandler
                0x08000188                DMA2_Stream2_IRQHandler
                0x08000188                SPI1_IRQHandler
                0x08000188                USART5_IRQHandler
                0x08000188                TAMPER_IRQHandler
                0x08000188                TIM6_DAC_IRQHandler
                0x08000188                TIM1_BRK_TIM9_IRQHandler
                0x08000188                DCMI_IRQHandler
                0x08000188                CAN2_RX0_IRQHandler
                0x08000188                DMA2_Stream3_IRQHandler
                0x08000188                USART6_IRQHandler
                0x08000188                USART3_IRQHandler
                0x08000188                CRYP_IRQHandler
                0x08000188                RTC_IRQHandler
                0x08000188                CAN1_RX1_IRQHandler
                0x08000188                DMA2_Stream0_IRQHandler
                0x08000188                TIM4_IRQHandler
                0x08000188                __Reserved_0x34_Handler
                0x08000188                I2C1_EV_IRQHandler
                0x08000188                DMA1_Stream6_IRQHandler
                0x08000188                USART4_IRQHandler
                0x08000188                DMA1_Stream1_IRQHandler
                0x08000188                TIM3_IRQHandler
                0x08000188                RCC_IRQHandler
                0x08000188                TIM8_BRK_TIM12_IRQHandler
                0x08000188                EXTI15_10_IRQHandler
                0x08000188                ADC_IRQHandler
                0x08000188                TIM7_IRQHandler
                0x08000188                CAN2_TX_IRQHandler
                0x08000188                TIM5_IRQHandler
                0x08000188                DMA2_Stream7_IRQHandler
                0x08000188                I2C3_EV_IRQHandler
                0x08000188                __Reserved_0x28_Handler
                0x08000188                EXTI9_5_IRQHandler
                0x08000188                ETH_WKUP_IRQHandler
                0x08000188                SPI2_IRQHandler
                0x08000188                OTG_HS_EP1_IN_IRQHandler
                0x08000188                DMA1_Stream0_IRQHandler
                0x08000188                __Reserved_0x24_Handler
                0x08000188                CAN1_TX_IRQHandler
                0x08000188                EXTI4_IRQHandler
                0x08000188                FSMC_IRQHandler
                0x08000188                ETH_IRQHandler
                0x08000188                OTG_HS_EP1_OUT_IRQHandler
                0x08000188                WWDG_IRQHandler
                0x08000188                TIM2_IRQHandler
                0x08000188                OTG_FS_WKUP_IRQHandler
                0x08000188                TIM1_TRG_COM_TIM11_IRQHandler
                0x08000188                OTG_HS_IRQHandler
                0x08000188                EXTI1_IRQHandler
                0x08000188                RTCAlarm_IRQHandler
                0x08000188                USART2_IRQHandler
                0x08000188                I2C2_ER_IRQHandler
                0x08000188                DMA2_Stream1_IRQHandler
                0x08000188                CAN1_SCE_IRQHandler
                0x08000188                FLASH_IRQHandler
                0x08000188                DMA2_Stream4_IRQHandler
                0x08000188                USART1_IRQHandler
                0x08000188                OTG_FS_IRQHandler
                0x08000188                SPI3_IRQHandler
                0x08000188                DMA1_Stream4_IRQHandler
                0x08000188                I2C1_ER_IRQHandler
                0x08000188                DMA2_Stream6_IRQHandler
                0x08000188                DMA1_Stream3_IRQHandler
 .text.MULSHIFT32
                0x08000198       0x24 ..\obj\dqchan.o
 .text.CLZ      0x080001bc       0x1c ..\obj\dqchan.o
 .text.DequantBlock
                0x080001d8      0x264 ..\obj\dqchan.o
 .text.xmp3fixpt_DequantChannel
                0x0800043c      0x358 ..\obj\dqchan.o
                0x0800043c                xmp3fixpt_DequantChannel
 .text.UnpackSFMPEG1
                0x08000794      0x308 ..\obj\scalfact.o
 .text.UnpackSFMPEG2
                0x08000a9c      0x4a4 ..\obj\scalfact.o
 .text.xmp3fixpt_UnpackScaleFactors
                0x08000f40      0x1b4 ..\obj\scalfact.o
                0x08000f40                xmp3fixpt_UnpackScaleFactors
 .text.xmp3fixpt_SetBitstreamPointer
                0x080010f4       0x30 ..\obj\bitstream.o
                0x080010f4                xmp3fixpt_SetBitstreamPointer
 .text.RefillBitstreamCache
                0x08001124       0xe0 ..\obj\bitstream.o
 .text.xmp3fixpt_GetBits
                0x08001204       0x90 ..\obj\bitstream.o
                0x08001204                xmp3fixpt_GetBits
 .text.xmp3fixpt_CalcBitsUsed
                0x08001294       0x38 ..\obj\bitstream.o
                0x08001294                xmp3fixpt_CalcBitsUsed
 .text.xmp3fixpt_CheckPadBit
                0x080012cc       0x3c ..\obj\bitstream.o
                0x080012cc                xmp3fixpt_CheckPadBit
 .text.xmp3fixpt_UnpackFrameHeader
                0x08001308      0x304 ..\obj\bitstream.o
                0x08001308                xmp3fixpt_UnpackFrameHeader
 .text.xmp3fixpt_UnpackSideInfo
                0x0800160c      0x33c ..\obj\bitstream.o
                0x0800160c                xmp3fixpt_UnpackSideInfo
 .text.CLZ      0x08001948       0x1c ..\obj\dequant.o
 .text.xmp3fixpt_Dequantize
                0x08001964      0x384 ..\obj\dequant.o
                0x08001964                xmp3fixpt_Dequantize
 .text.MULSHIFT32
                0x08001ce8       0x24 ..\obj\imdct.o
 .text.FASTABS  0x08001d0c       0x2c ..\obj\imdct.o
 .text.CLZ      0x08001d38       0x1c ..\obj\imdct.o
 .text.AntiAlias
                0x08001d54      0x360 ..\obj\imdct.o
 .text.WinPrevious
                0x080020b4      0x2cc ..\obj\imdct.o
 .text.FreqInvertRescale
                0x08002380      0x34c ..\obj\imdct.o
 .text.idct9    0x080026cc      0x2dc ..\obj\imdct.o
 .text.IMDCT36  0x080029a8      0x470 ..\obj\imdct.o
 .text.imdct12  0x08002e18      0x198 ..\obj\imdct.o
 .text.IMDCT12x3
                0x08002fb0      0x430 ..\obj\imdct.o
 .text.HybridTransform
                0x080033e0      0x240 ..\obj\imdct.o
 .text.xmp3fixpt_IMDCT
                0x08003620      0x2ac ..\obj\imdct.o
                0x08003620                xmp3fixpt_IMDCT
 .text.USART_Init
                0x080038cc      0x178 ..\obj\stm32f4xx_usart.o
                0x080038cc                USART_Init
 .text.USART_Cmd
                0x08003a44       0x40 ..\obj\stm32f4xx_usart.o
                0x08003a44                USART_Cmd
 .text.xmp3fixpt_Subband
                0x08003a84      0x19c ..\obj\subband.o
                0x08003a84                xmp3fixpt_Subband
 .text.Reset_Handler
                0x08003c20       0x48 ..\obj\startup_stm32f4xx.o
                0x08003c20                Reset_Handler
 .text.Default_Handler
                0x08003c68        0x2 ..\obj\startup_stm32f4xx.o
                0x08003c68                TAMP_STAMP_IRQHandler
                0x08003c68                UART5_IRQHandler
                0x08003c68                UART4_IRQHandler
                0x08003c68                Default_Handler
                0x08003c68                RTC_WKUP_IRQHandler
                0x08003c68                RTC_Alarm_IRQHandler
 *fill*         0x08003c6a        0x2 
 .text.MP3InitDecoder
                0x08003c6c       0x18 ..\obj\mp3dec.o
                0x08003c6c                MP3InitDecoder
 .text.MP3FindSyncWord
                0x08003c84       0x50 ..\obj\mp3dec.o
                0x08003c84                MP3FindSyncWord
 .text.MP3FindFreeSync
                0x08003cd4       0xa0 ..\obj\mp3dec.o
 .text.MP3GetLastFrameInfo
                0x08003d74       0xc0 ..\obj\mp3dec.o
                0x08003d74                MP3GetLastFrameInfo
 .text.MP3ClearBadFrame
                0x08003e34       0x54 ..\obj\mp3dec.o
 .text.MP3Decode
                0x08003e88      0x430 ..\obj\mp3dec.o
                0x08003e88                MP3Decode
 .text.NVIC_SetPriority
                0x080042b8       0x54 ..\obj\main.o
 .text.SysTick_Config
                0x0800430c       0x44 ..\obj\main.o
 .text.main     0x08004350       0x90 ..\obj\main.o
                0x08004350                main
 .text.AudioCallback
                0x080043e0      0x120 ..\obj\main.o
 .text.init     0x08004500       0xd4 ..\obj\main.o
                0x08004500                init
 .text.timing_handler
                0x080045d4       0x30 ..\obj\main.o
                0x080045d4                timing_handler
 .text.Delay    0x08004604       0x28 ..\obj\main.o
                0x08004604                Delay
 .text._init    0x0800462c        0xc ..\obj\main.o
                0x0800462c                _init
 .text.RCC_GetClocksFreq
                0x08004638      0x154 ..\obj\stm32f4xx_rcc.o
                0x08004638                RCC_GetClocksFreq
 .text.RCC_AHB1PeriphClockCmd
                0x0800478c       0x3c ..\obj\stm32f4xx_rcc.o
                0x0800478c                RCC_AHB1PeriphClockCmd
 .text.RCC_APB1PeriphClockCmd
                0x080047c8       0x3c ..\obj\stm32f4xx_rcc.o
                0x080047c8                RCC_APB1PeriphClockCmd
 .text.RCC_APB1PeriphResetCmd
                0x08004804       0x3c ..\obj\stm32f4xx_rcc.o
                0x08004804                RCC_APB1PeriphResetCmd
 .text.RCC_APB2PeriphResetCmd
                0x08004840       0x3c ..\obj\stm32f4xx_rcc.o
                0x08004840                RCC_APB2PeriphResetCmd
 .text.NMI_Handler
                0x0800487c        0xc ..\obj\stm32f4xx_it.o
                0x0800487c                NMI_Handler
 .text.HardFault_Handler
                0x08004888        0x8 ..\obj\stm32f4xx_it.o
                0x08004888                HardFault_Handler
 .text.MemManage_Handler
                0x08004890        0x8 ..\obj\stm32f4xx_it.o
                0x08004890                MemManage_Handler
 .text.BusFault_Handler
                0x08004898        0x8 ..\obj\stm32f4xx_it.o
                0x08004898                BusFault_Handler
 .text.UsageFault_Handler
                0x080048a0        0x8 ..\obj\stm32f4xx_it.o
                0x080048a0                UsageFault_Handler
 .text.SVC_Handler
                0x080048a8        0xc ..\obj\stm32f4xx_it.o
                0x080048a8                SVC_Handler
 .text.DebugMon_Handler
                0x080048b4        0xc ..\obj\stm32f4xx_it.o
                0x080048b4                DebugMon_Handler
 .text.PendSV_Handler
                0x080048c0        0xc ..\obj\stm32f4xx_it.o
                0x080048c0                PendSV_Handler
 .text.SysTick_Handler
                0x080048cc        0xc ..\obj\stm32f4xx_it.o
                0x080048cc                SysTick_Handler
 .text.rcvr_spi
                0x080048d8       0x48 ..\obj\karta_sd.o
 .text.wait_ready
                0x08004920       0x38 ..\obj\karta_sd.o
 .text.xmit_spi
                0x08004958       0x48 ..\obj\karta_sd.o
 .text.send_cmd
                0x080049a0       0xa4 ..\obj\karta_sd.o
 .text.ini_spi  0x08004a44       0xe8 ..\obj\karta_sd.o
                0x08004a44                ini_spi
 .text.ini_karta_sd
                0x08004b2c       0x60 ..\obj\karta_sd.o
                0x08004b2c                ini_karta_sd
 .text.start_sd
                0x08004b8c       0x14 ..\obj\karta_sd.o
                0x08004b8c                start_sd
 .text.GPIO_Init
                0x08004ba0      0x11c ..\obj\stm32f4xx_gpio.o
                0x08004ba0                GPIO_Init
 .text.GPIO_SetBits
                0x08004cbc       0x1c ..\obj\stm32f4xx_gpio.o
                0x08004cbc                GPIO_SetBits
 .text.GPIO_ResetBits
                0x08004cd8       0x1c ..\obj\stm32f4xx_gpio.o
                0x08004cd8                GPIO_ResetBits
 .text.GPIO_PinAFConfig
                0x08004cf4       0x90 ..\obj\stm32f4xx_gpio.o
                0x08004cf4                GPIO_PinAFConfig
 .text.SystemInit
                0x08004d84       0x5c ..\obj\system_stm32f4xx.o
                0x08004d84                SystemInit
 .text.SetSysClock
                0x08004de0       0xf4 ..\obj\system_stm32f4xx.o
 .text.MULSHIFT32
                0x08004ed4       0x24 ..\obj\stproc.o
 .text.FASTABS  0x08004ef8       0x2c ..\obj\stproc.o
 .text.xmp3fixpt_MidSideProc
                0x08004f24       0xb4 ..\obj\stproc.o
                0x08004f24                xmp3fixpt_MidSideProc
 .text.xmp3fixpt_IntensityProcMPEG1
                0x08004fd8      0x428 ..\obj\stproc.o
                0x08004fd8                xmp3fixpt_IntensityProcMPEG1
 .text.xmp3fixpt_IntensityProcMPEG2
                0x08005400      0x4d8 ..\obj\stproc.o
                0x08005400                xmp3fixpt_IntensityProcMPEG2
 .text.DecodeHuffmanPairs
                0x080058d8      0x5d4 ..\obj\huffman.o
 .text.DecodeHuffmanQuads
                0x08005eac      0x278 ..\obj\huffman.o
 .text.xmp3fixpt_DecodeHuffman
                0x08006124      0x2d8 ..\obj\huffman.o
                0x08006124                xmp3fixpt_DecodeHuffman
 .text.ClearBuffer
                0x080063fc       0x38 ..\obj\buffers.o
 .text.xmp3fixpt_AllocateBuffers
                0x08006434       0xf4 ..\obj\buffers.o
                0x08006434                xmp3fixpt_AllocateBuffers
 .text.xmp3fixpt_FreeBuffers
                0x08006528       0x14 ..\obj\buffers.o
                0x08006528                xmp3fixpt_FreeBuffers
 .text.f_mount  0x0800653c       0x54 ..\obj\ff.o
                0x0800653c                f_mount
 .text.SPI_I2S_DeInit
                0x08006590       0x74 ..\obj\stm32f4xx_spi.o
                0x08006590                SPI_I2S_DeInit
 .text.SPI_Init
                0x08006604       0x88 ..\obj\stm32f4xx_spi.o
                0x08006604                SPI_Init
 .text.SPI_Cmd  0x0800668c       0x40 ..\obj\stm32f4xx_spi.o
                0x0800668c                SPI_Cmd
 .text.SPI_I2S_SendData
                0x080066cc       0x1c ..\obj\stm32f4xx_spi.o
                0x080066cc                SPI_I2S_SendData
 .text.SPI_I2S_GetFlagStatus
                0x080066e8       0x38 ..\obj\stm32f4xx_spi.o
                0x080066e8                SPI_I2S_GetFlagStatus
 .text.MULSHIFT32
                0x08006720       0x24 ..\obj\dct32.o
 .text.xmp3fixpt_FDCT32
                0x08006744      0xe6c ..\obj\dct32.o
                0x08006744                xmp3fixpt_FDCT32
 .text.NVIC_EnableIRQ
                0x080075b0       0x30 ..\obj\Audio.o
 .text.NVIC_DisableIRQ
                0x080075e0       0x34 ..\obj\Audio.o
 .text.NVIC_SetPriority
                0x08007614       0x54 ..\obj\Audio.o
 .text.InitializeAudio
                0x08007668      0x2c8 ..\obj\Audio.o
                0x08007668                InitializeAudio
 .text.SetAudioVolume
                0x08007930       0x30 ..\obj\Audio.o
                0x08007930                SetAudioVolume
 .text.PlayAudioWithCallback
                0x08007960       0x70 ..\obj\Audio.o
                0x08007960                PlayAudioWithCallback
 .text.ProvideAudioBuffer
                0x080079d0       0x2c ..\obj\Audio.o
                0x080079d0                ProvideAudioBuffer
 .text.ProvideAudioBufferWithoutBlocking
                0x080079fc       0x58 ..\obj\Audio.o
                0x080079fc                ProvideAudioBufferWithoutBlocking
 .text.WriteRegister
                0x08007a54       0xa8 ..\obj\Audio.o
 .text.StartAudioDMAAndRequestBuffers
                0x08007afc       0x8c ..\obj\Audio.o
 .text.StopAudioDMA
                0x08007b88       0x34 ..\obj\Audio.o
 .text.DMA1_Stream7_IRQHandler
                0x08007bbc       0x34 ..\obj\Audio.o
                0x08007bbc                DMA1_Stream7_IRQHandler
 .text.MADD64   0x08007bf0       0x38 ..\obj\polyphase.o
 .text.SAR64    0x08007c28       0x40 ..\obj\polyphase.o
 .text.ClipToShort
                0x08007c68       0x40 ..\obj\polyphase.o
 .text.xmp3fixpt_PolyphaseMono
                0x08007ca8      0x784 ..\obj\polyphase.o
                0x08007ca8                xmp3fixpt_PolyphaseMono
 .text.xmp3fixpt_PolyphaseStereo
                0x0800842c      0xd0c ..\obj\polyphase.o
                0x0800842c                xmp3fixpt_PolyphaseStereo
 .text.__libc_init_array
                0x08009138       0x50 c:/program files (x86)/gnu tools arm embedded/5.2 2015q4/bin/../lib/gcc/arm-none-eabi/5.2.1/../../../../arm-none-eabi/lib/armv7e-m\libg.a(lib_a-init.o)
                0x08009138                __libc_init_array
 .text          0x08009188      0x134 c:/program files (x86)/gnu tools arm embedded/5.2 2015q4/bin/../lib/gcc/arm-none-eabi/5.2.1/../../../../arm-none-eabi/lib/armv7e-m\libg.a(lib_a-memcpy.o)
                0x08009188                memcpy
 .text.memmove  0x080092bc       0xc8 c:/program files (x86)/gnu tools arm embedded/5.2 2015q4/bin/../lib/gcc/arm-none-eabi/5.2.1/../../../../arm-none-eabi/lib/armv7e-m\libg.a(lib_a-memmove.o)
                0x080092bc                memmove
 *(.init)
 *(.fini)
 *crtbegin.o(.ctors)
 *crtbegin?.o(.ctors)
 *(EXCLUDE_FILE(*crtend.o *crtend?.o) .ctors)
 *(SORT(.ctors.*))
 *(.ctors)
 *crtbegin.o(.dtors)
 *crtbegin?.o(.dtors)
 *(EXCLUDE_FILE(*crtend.o *crtend?.o) .dtors)
 *(SORT(.dtors.*))
 *(.dtors)
 *(.rodata*)
 .rodata        0x08009384      0x250 ..\obj\dqchan.o
 .rodata        0x080095d4       0x68 ..\obj\scalfact.o
 .rodata        0x0800963c    0xa7cf4 ..\obj\mp3_data.o
                0x0800963c                mp3_data
 .rodata        0x080b1330     0x2304 ..\obj\hufftabs.o
                0x080b1330                xmp3fixpt_huffTable
                0x080b3454                xmp3fixpt_huffTabOffset
                0x080b34d4                xmp3fixpt_huffTabLookup
                0x080b35d4                xmp3fixpt_quadTable
                0x080b3624                xmp3fixpt_quadTabOffset
                0x080b362c                xmp3fixpt_quadTabMaxBits
 .rodata        0x080b3634       0x90 ..\obj\imdct.o
 .rodata        0x080b36c4      0x506 ..\obj\mp3tabs.o
                0x080b36c4                xmp3fixpt_samplerateTab
                0x080b36e8                xmp3fixpt_bitrateTab
                0x080b37f8                xmp3fixpt_samplesPerFrameTab
                0x080b380c                xmp3fixpt_bitsPerSlotTab
                0x080b3814                xmp3fixpt_sideBytesTab
                0x080b3820                xmp3fixpt_slotTab
                0x080b3930                xmp3fixpt_sfBandTable
 *fill*         0x080b3bca        0x2 
 .rodata        0x080b3bcc      0x86c ..\obj\trigtabs_fixpt.o
                0x080b3bcc                xmp3fixpt_imdctWin
                0x080b3e0c                xmp3fixpt_ISFMpeg1
                0x080b3e44                xmp3fixpt_ISFMpeg2
                0x080b3f44                xmp3fixpt_ISFIIP
                0x080b3f54                xmp3fixpt_uniqueIDTab
                0x080b3f5c                xmp3fixpt_csa
                0x080b3f9c                xmp3fixpt_coef32
                0x080b4018                xmp3fixpt_polyCoef
 .rodata        0x080b4438       0xc0 ..\obj\dct32.o
 *(.eh_fram e*)

.glue_7         0x080b44f8        0x0
 .glue_7        0x080b44f8        0x0 linker stubs

.glue_7t        0x080b44f8        0x0
 .glue_7t       0x080b44f8        0x0 linker stubs

.vfp11_veneer   0x080b44f8        0x0
 .vfp11_veneer  0x080b44f8        0x0 linker stubs

.v4_bx          0x080b44f8        0x0
 .v4_bx         0x080b44f8        0x0 linker stubs

.iplt           0x080b44f8        0x0
 .iplt          0x080b44f8        0x0 ..\obj\vectors.o

.rel.dyn        0x080b44f8        0x0
 .rel.iplt      0x080b44f8        0x0 ..\obj\vectors.o

.ARM.extab
 *(.ARM.extab* .gnu.linkonce.armextab.*)
                0x080b44f8                __exidx_start = .

.ARM.exidx
 *(.ARM.exidx* .gnu.linkonce.armexidx.*)
                0x080b44f8                __exidx_end = .
                0x080b44f8                __etext = .
                0x080b44f8                _sidata = __etext

.data           0x20000000       0x2c load address 0x080b44f8
                0x20000000                __data_start__ = .
                0x20000000                _sdata = __data_start__
 *(vtable)
 *(.data*)
 .data          0x20000000        0x8 ..\obj\main.o
 .data          0x20000008       0x10 ..\obj\stm32f4xx_rcc.o
 .data          0x20000018       0x14 ..\obj\system_stm32f4xx.o
                0x20000018                SystemCoreClock
                0x2000001c                AHBPrescTable
                0x2000002c                . = ALIGN (0x4)
                0x2000002c                PROVIDE (__preinit_array_start, .)
 *(.preinit_array)
                0x2000002c                PROVIDE (__preinit_array_end, .)
                0x2000002c                . = ALIGN (0x4)
                0x2000002c                PROVIDE (__init_array_start, .)
 *(SORT(.init_array.*))
 *(.init_array)
                0x2000002c                PROVIDE (__init_array_end, .)
                0x2000002c                . = ALIGN (0x4)
                [!provide]                PROVIDE (__fini_array_start, .)
 *(SORT(.fini_array.*))
 *(.fini_array)
                [!provide]                PROVIDE (__fini_array_end, .)
 *(.jcr*)
                0x2000002c                . = ALIGN (0x4)
                0x2000002c                __data_end__ = .
                0x2000002c                _edata = __data_end__

.igot.plt       0x2000002c        0x0 load address 0x080b4524
 .igot.plt      0x2000002c        0x0 ..\obj\vectors.o

.bss            0x2000002c    0x28ac8 load address 0x080b4524
                0x2000002c                . = ALIGN (0x4)
                0x2000002c                __bss_start__ = .
                0x2000002c                _sbss = __bss_start__
 *(.bss*)
 .bss           0x2000002c     0x4000 ..\obj\main.o
 .bss           0x2000402c        0x2 ..\obj\karta_sd.o
 *fill*         0x2000402e        0x2 
 .bss           0x20004030     0x5d08 ..\obj\buffers.o
 .bss           0x20009d38        0x6 ..\obj\ff.o
 *fill*         0x20009d3e        0x2 
 .bss           0x20009d40       0x15 ..\obj\Audio.o
 *(COMMON)
 *fill*         0x20009d55        0x3 
 COMMON         0x20009d58       0x28 ..\obj\main.o
                0x20009d58                time_var1
                0x20009d5c                hMP3Decoder
                0x20009d60                time_var2
                0x20009d64                mp3FrameInfo
 COMMON         0x20009d80    0x1ed74 ..\obj\karta_sd.o
                0x20009d80                plik2
                0x20009fa4                petla
                0x20009fa8                f
                0x20009fac                wym_tab
                0x20009fb0                i
                0x20009fb4                buffer
                0x2000afb4                d
                0x2000afb8                usta
                0x2000b1dc                fresult
                0x2000b1e0                g_sFatFs
                0x2000b410                plik
                0x2000b634                tab1
                0x20028af4                . = ALIGN (0x4)
                0x20028af4                __bss_end__ = .
                0x20028af4                _ebss = __bss_end__

.heap           0x20028af4        0x0
                0x20028af4                __end__ = .
                0x20028af4                _end = __end__
                0x20028af4                end = __end__
 *(.heap*)
                0x20028af4                __HeapLimit = .

.co_stack       0x20028af4        0x4 load address 0x080dcfec
                0x20028af8                . = ALIGN (0x8)
 *fill*         0x20028af4        0x4 
 *(.co_stack .co_stack.*)
                0x20020000                __StackTop = (ORIGIN (ram) + LENGTH (ram))
                0x2001fffc                __StackLimit = (__StackTop - SIZEOF (.co_stack))
                [!provide]                PROVIDE (__stack, __StackTop)
                0x00000000                ASSERT ((__StackLimit >= __HeapLimit), region ram  overflowed with stack)
LOAD ..\obj\vectors.o
LOAD ..\obj\stm32f4xx_syscfg.o
LOAD ..\obj\dqchan.o
LOAD ..\obj\scalfact.o
LOAD ..\obj\delay.o
LOAD ..\obj\stm32f4xx_sdio.o
LOAD ..\obj\mp3_data.o
LOAD ..\obj\bitstream.o
LOAD ..\obj\dequant.o
LOAD ..\obj\hufftabs.o
LOAD ..\obj\stm32f4xx_hash.o
LOAD ..\obj\stm32f4xx_cryp_aes.o
LOAD ..\obj\imdct.o
LOAD ..\obj\stm32f4xx_hash_sha1.o
LOAD ..\obj\stm32f4xx_usart.o
LOAD ..\obj\stm32f4xx_pwr.o
LOAD ..\obj\stm32f4xx_can.o
LOAD ..\obj\mp3tabs.o
LOAD ..\obj\stm32f4xx_wwdg.o
LOAD ..\obj\stm32f4xx_hash_md5.o
LOAD ..\obj\stm32f4xx_dac.o
LOAD ..\obj\subband.o
LOAD ..\obj\startup_stm32f4xx.o
LOAD ..\obj\fpu.o
LOAD ..\obj\stm32f4xx_crc.o
LOAD ..\obj\stm32f4xx_iwdg.o
LOAD ..\obj\mp3dec.o
LOAD ..\obj\main.o
LOAD ..\obj\stm32f4xx_rcc.o
LOAD ..\obj\utils.o
LOAD ..\obj\stm32f4xx_it.o
LOAD ..\obj\karta_sd.o
LOAD ..\obj\stm32f4xx_adc.o
LOAD ..\obj\stm32f4xx_dcmi.o
LOAD ..\obj\stm32f4xx_cryp_des.o
LOAD ..\obj\stm32f4xx_cryp.o
LOAD ..\obj\stm32f4xx_fsmc.o
LOAD ..\obj\spi_sd.o
LOAD ..\obj\stm32f4xx_gpio.o
LOAD ..\obj\stm32f4xx_flash.o
LOAD ..\obj\system_stm32f4xx.o
LOAD ..\obj\syscalls.o
LOAD ..\obj\stm32f4xx_dma.o
LOAD ..\obj\stproc.o
LOAD ..\obj\huffman.o
LOAD ..\obj\trigtabs_fixpt.o
LOAD ..\obj\buffers.o
LOAD ..\obj\ff.o
LOAD ..\obj\stm32f4xx_spi.o
LOAD ..\obj\dct32.o
LOAD ..\obj\stm32f4xx_i2c.o
LOAD ..\obj\stm32f4xx_rng.o
LOAD ..\obj\stm32f4xx_exti.o
LOAD ..\obj\misc.o
LOAD ..\obj\Audio.o
LOAD ..\obj\polyphase.o
LOAD ..\obj\stm32f4xx_rtc.o
LOAD ..\obj\stm32f4xx_cryp_tdes.o
LOAD ..\obj\stm32f4xx_tim.o
LOAD ..\obj\stm32f4xx_dbgmcu.o
START GROUP
LOAD c:/program files (x86)/gnu tools arm embedded/5.2 2015q4/bin/../lib/gcc/arm-none-eabi/5.2.1/armv7e-m\libgcc.a
LOAD c:/program files (x86)/gnu tools arm embedded/5.2 2015q4/bin/../lib/gcc/arm-none-eabi/5.2.1/../../../../arm-none-eabi/lib/armv7e-m\libg.a
LOAD c:/program files (x86)/gnu tools arm embedded/5.2 2015q4/bin/../lib/gcc/arm-none-eabi/5.2.1/../../../../arm-none-eabi/lib/armv7e-m\libc.a
END GROUP
OUTPUT(mp33.elf elf32-littlearm)

.debug_info     0x00000000     0xceb1
 .debug_info    0x00000000       0x80 ..\obj\vectors.o
 .debug_info    0x00000080      0x74f ..\obj\dqchan.o
 .debug_info    0x000007cf      0x8be ..\obj\scalfact.o
 .debug_info    0x0000108d       0xbe ..\obj\mp3_data.o
 .debug_info    0x0000114b      0x80e ..\obj\bitstream.o
 .debug_info    0x00001959      0x774 ..\obj\dequant.o
 .debug_info    0x000020cd      0x1be ..\obj\hufftabs.o
 .debug_info    0x0000228b     0x1271 ..\obj\imdct.o
 .debug_info    0x000034fc      0x9ca ..\obj\stm32f4xx_usart.o
 .debug_info    0x00003ec6      0x1d1 ..\obj\mp3tabs.o
 .debug_info    0x00004097      0x3d6 ..\obj\subband.o
 .debug_info    0x0000446d       0xc0 ..\obj\startup_stm32f4xx.o
 .debug_info    0x0000452d      0x60e ..\obj\mp3dec.o
 .debug_info    0x00004b3b      0xc61 ..\obj\main.o
 .debug_info    0x0000579c      0xc59 ..\obj\stm32f4xx_rcc.o
 .debug_info    0x000063f5      0x12f ..\obj\stm32f4xx_it.o
 .debug_info    0x00006524      0x9d1 ..\obj\karta_sd.o
 .debug_info    0x00006ef5      0x61d ..\obj\stm32f4xx_gpio.o
 .debug_info    0x00007512      0x596 ..\obj\system_stm32f4xx.o
 .debug_info    0x00007aa8      0x7f9 ..\obj\stproc.o
 .debug_info    0x000082a1      0xa9e ..\obj\huffman.o
 .debug_info    0x00008d3f      0x1c4 ..\obj\trigtabs_fixpt.o
 .debug_info    0x00008f03      0x8e8 ..\obj\buffers.o
 .debug_info    0x000097eb     0x161e ..\obj\ff.o
 .debug_info    0x0000ae09      0xb0f ..\obj\stm32f4xx_spi.o
 .debug_info    0x0000b918      0x2cd ..\obj\dct32.o
 .debug_info    0x0000bbe5      0xf65 ..\obj\Audio.o
 .debug_info    0x0000cb4a      0x367 ..\obj\polyphase.o

.debug_abbrev   0x00000000     0x25d8
 .debug_abbrev  0x00000000       0x7e ..\obj\vectors.o
 .debug_abbrev  0x0000007e      0x16d ..\obj\dqchan.o
 .debug_abbrev  0x000001eb      0x176 ..\obj\scalfact.o
 .debug_abbrev  0x00000361       0x73 ..\obj\mp3_data.o
 .debug_abbrev  0x000003d4      0x1d9 ..\obj\bitstream.o
 .debug_abbrev  0x000005ad      0x176 ..\obj\dequant.o
 .debug_abbrev  0x00000723       0xad ..\obj\hufftabs.o
 .debug_abbrev  0x000007d0      0x22a ..\obj\imdct.o
 .debug_abbrev  0x000009fa      0x157 ..\obj\stm32f4xx_usart.o
 .debug_abbrev  0x00000b51       0x79 ..\obj\mp3tabs.o
 .debug_abbrev  0x00000bca      0x113 ..\obj\subband.o
 .debug_abbrev  0x00000cdd       0x12 ..\obj\startup_stm32f4xx.o
 .debug_abbrev  0x00000cef      0x1f8 ..\obj\mp3dec.o
 .debug_abbrev  0x00000ee7      0x279 ..\obj\main.o
 .debug_abbrev  0x00001160      0x1e5 ..\obj\stm32f4xx_rcc.o
 .debug_abbrev  0x00001345       0x7d ..\obj\stm32f4xx_it.o
 .debug_abbrev  0x000013c2      0x25b ..\obj\karta_sd.o
 .debug_abbrev  0x0000161d      0x1a7 ..\obj\stm32f4xx_gpio.o
 .debug_abbrev  0x000017c4      0x138 ..\obj\system_stm32f4xx.o
 .debug_abbrev  0x000018fc      0x151 ..\obj\stproc.o
 .debug_abbrev  0x00001a4d      0x1c8 ..\obj\huffman.o
 .debug_abbrev  0x00001c15       0x68 ..\obj\trigtabs_fixpt.o
 .debug_abbrev  0x00001c7d      0x17b ..\obj\buffers.o
 .debug_abbrev  0x00001df8      0x1ca ..\obj\ff.o
 .debug_abbrev  0x00001fc2      0x169 ..\obj\stm32f4xx_spi.o
 .debug_abbrev  0x0000212b       0xec ..\obj\dct32.o
 .debug_abbrev  0x00002217      0x268 ..\obj\Audio.o
 .debug_abbrev  0x0000247f      0x159 ..\obj\polyphase.o

.debug_aranges  0x00000000      0xaa8
 .debug_aranges
                0x00000000       0x20 ..\obj\vectors.o
 .debug_aranges
                0x00000020       0x38 ..\obj\dqchan.o
 .debug_aranges
                0x00000058       0x30 ..\obj\scalfact.o
 .debug_aranges
                0x00000088       0x18 ..\obj\mp3_data.o
 .debug_aranges
                0x000000a0       0x50 ..\obj\bitstream.o
 .debug_aranges
                0x000000f0       0x28 ..\obj\dequant.o
 .debug_aranges
                0x00000118       0x18 ..\obj\hufftabs.o
 .debug_aranges
                0x00000130       0x78 ..\obj\imdct.o
 .debug_aranges
                0x000001a8      0x100 ..\obj\stm32f4xx_usart.o
 .debug_aranges
                0x000002a8       0x18 ..\obj\mp3tabs.o
 .debug_aranges
                0x000002c0       0x20 ..\obj\subband.o
 .debug_aranges
                0x000002e0       0x28 ..\obj\startup_stm32f4xx.o
 .debug_aranges
                0x00000308       0x58 ..\obj\mp3dec.o
 .debug_aranges
                0x00000360       0x58 ..\obj\main.o
 .debug_aranges
                0x000003b8      0x178 ..\obj\stm32f4xx_rcc.o
 .debug_aranges
                0x00000530       0x60 ..\obj\stm32f4xx_it.o
 .debug_aranges
                0x00000590       0x68 ..\obj\karta_sd.o
 .debug_aranges
                0x000005f8       0x88 ..\obj\stm32f4xx_gpio.o
 .debug_aranges
                0x00000680       0x30 ..\obj\system_stm32f4xx.o
 .debug_aranges
                0x000006b0       0x40 ..\obj\stproc.o
 .debug_aranges
                0x000006f0       0x30 ..\obj\huffman.o
 .debug_aranges
                0x00000720       0x18 ..\obj\trigtabs_fixpt.o
 .debug_aranges
                0x00000738       0x30 ..\obj\buffers.o
 .debug_aranges
                0x00000768      0x158 ..\obj\ff.o
 .debug_aranges
                0x000008c0       0xe0 ..\obj\stm32f4xx_spi.o
 .debug_aranges
                0x000009a0       0x28 ..\obj\dct32.o
 .debug_aranges
                0x000009c8       0xa0 ..\obj\Audio.o
 .debug_aranges
                0x00000a68       0x40 ..\obj\polyphase.o

.debug_ranges   0x00000000      0x8d0
 .debug_ranges  0x00000000       0x10 ..\obj\vectors.o
 .debug_ranges  0x00000010       0x28 ..\obj\dqchan.o
 .debug_ranges  0x00000038       0x20 ..\obj\scalfact.o
 .debug_ranges  0x00000058       0x40 ..\obj\bitstream.o
 .debug_ranges  0x00000098       0x18 ..\obj\dequant.o
 .debug_ranges  0x000000b0       0x68 ..\obj\imdct.o
 .debug_ranges  0x00000118       0xf0 ..\obj\stm32f4xx_usart.o
 .debug_ranges  0x00000208       0x10 ..\obj\subband.o
 .debug_ranges  0x00000218       0x20 ..\obj\startup_stm32f4xx.o
 .debug_ranges  0x00000238       0x48 ..\obj\mp3dec.o
 .debug_ranges  0x00000280       0x48 ..\obj\main.o
 .debug_ranges  0x000002c8      0x168 ..\obj\stm32f4xx_rcc.o
 .debug_ranges  0x00000430       0x50 ..\obj\stm32f4xx_it.o
 .debug_ranges  0x00000480       0x58 ..\obj\karta_sd.o
 .debug_ranges  0x000004d8       0x78 ..\obj\stm32f4xx_gpio.o
 .debug_ranges  0x00000550       0x20 ..\obj\system_stm32f4xx.o
 .debug_ranges  0x00000570       0x30 ..\obj\stproc.o
 .debug_ranges  0x000005a0       0x20 ..\obj\huffman.o
 .debug_ranges  0x000005c0       0x20 ..\obj\buffers.o
 .debug_ranges  0x000005e0      0x148 ..\obj\ff.o
 .debug_ranges  0x00000728       0xd0 ..\obj\stm32f4xx_spi.o
 .debug_ranges  0x000007f8       0x18 ..\obj\dct32.o
 .debug_ranges  0x00000810       0x90 ..\obj\Audio.o
 .debug_ranges  0x000008a0       0x30 ..\obj\polyphase.o

.debug_line     0x00000000     0x56f2
 .debug_line    0x00000000       0x80 ..\obj\vectors.o
 .debug_line    0x00000080      0x2b1 ..\obj\dqchan.o
 .debug_line    0x00000331      0x313 ..\obj\scalfact.o
 .debug_line    0x00000644      0x184 ..\obj\mp3_data.o
 .debug_line    0x000007c8      0x373 ..\obj\bitstream.o
 .debug_line    0x00000b3b      0x1bb ..\obj\dequant.o
 .debug_line    0x00000cf6       0x7b ..\obj\hufftabs.o
 .debug_line    0x00000d71      0x687 ..\obj\imdct.o
 .debug_line    0x000013f8      0x525 ..\obj\stm32f4xx_usart.o
 .debug_line    0x0000191d       0xbd ..\obj\mp3tabs.o
 .debug_line    0x000019da      0x14f ..\obj\subband.o
 .debug_line    0x00001b29       0xae ..\obj\startup_stm32f4xx.o
 .debug_line    0x00001bd7      0x261 ..\obj\mp3dec.o
 .debug_line    0x00001e38      0x3b2 ..\obj\main.o
 .debug_line    0x000021ea      0x611 ..\obj\stm32f4xx_rcc.o
 .debug_line    0x000027fb      0x22d ..\obj\stm32f4xx_it.o
 .debug_line    0x00002a28      0x426 ..\obj\karta_sd.o
 .debug_line    0x00002e4e      0x3cc ..\obj\stm32f4xx_gpio.o
 .debug_line    0x0000321a      0x263 ..\obj\system_stm32f4xx.o
 .debug_line    0x0000347d      0x333 ..\obj\stproc.o
 .debug_line    0x000037b0      0x2fe ..\obj\huffman.o
 .debug_line    0x00003aae       0x76 ..\obj\trigtabs_fixpt.o
 .debug_line    0x00003b24      0x161 ..\obj\buffers.o
 .debug_line    0x00003c85      0xba6 ..\obj\ff.o
 .debug_line    0x0000482b      0x4c5 ..\obj\stm32f4xx_spi.o
 .debug_line    0x00004cf0      0x2f9 ..\obj\dct32.o
 .debug_line    0x00004fe9      0x495 ..\obj\Audio.o
 .debug_line    0x0000547e      0x274 ..\obj\polyphase.o

.debug_str      0x00000000     0x3847
 .debug_str     0x00000000       0xfc ..\obj\vectors.o
                                0x101 (size before relaxing)
 .debug_str     0x000000fc      0x350 ..\obj\dqchan.o
                                0x46f (size before relaxing)
 .debug_str     0x0000044c      0x26b ..\obj\scalfact.o
                                0x583 (size before relaxing)
 .debug_str     0x000006b7       0x69 ..\obj\mp3_data.o
                                0x17f (size before relaxing)
 .debug_str     0x00000720      0x19c ..\obj\bitstream.o
                                0x5cc (size before relaxing)
 .debug_str     0x000008bc       0x8e ..\obj\dequant.o
                                0x545 (size before relaxing)
 .debug_str     0x0000094a      0x145 ..\obj\hufftabs.o
                                0x26d (size before relaxing)
 .debug_str     0x00000a8f      0x21d ..\obj\imdct.o
                                0x650 (size before relaxing)
 .debug_str     0x00000cac      0x53d ..\obj\stm32f4xx_usart.o
                                0x6a4 (size before relaxing)
 .debug_str     0x000011e9       0x63 ..\obj\mp3tabs.o
                                0x20e (size before relaxing)
 .debug_str     0x0000124c       0x94 ..\obj\subband.o
                                0x35a (size before relaxing)
 .debug_str     0x000012e0      0x2e7 ..\obj\mp3dec.o
                                0x570 (size before relaxing)
 .debug_str     0x000015c7      0x8cf ..\obj\main.o
                                0xd17 (size before relaxing)
 .debug_str     0x00001e96      0x5f2 ..\obj\stm32f4xx_rcc.o
                                0x865 (size before relaxing)
 .debug_str     0x00002488       0xdd ..\obj\stm32f4xx_it.o
                                0x205 (size before relaxing)
 .debug_str     0x00002565      0x392 ..\obj\karta_sd.o
                                0x718 (size before relaxing)
 .debug_str     0x000028f7      0x1b8 ..\obj\stm32f4xx_gpio.o
                                0x4b8 (size before relaxing)
 .debug_str     0x00002aaf       0xbf ..\obj\system_stm32f4xx.o
                                0x3b5 (size before relaxing)
 .debug_str     0x00002b6e      0x10c ..\obj\stproc.o
                                0x3ba (size before relaxing)
 .debug_str     0x00002c7a       0xeb ..\obj\huffman.o
                                0x6b0 (size before relaxing)
 .debug_str     0x00002d65       0x7d ..\obj\trigtabs_fixpt.o
                                0x1f6 (size before relaxing)
 .debug_str     0x00002de2       0xc2 ..\obj\buffers.o
                                0x60e (size before relaxing)
 .debug_str     0x00002ea4      0x2be ..\obj\ff.o
                                0x5bd (size before relaxing)
 .debug_str     0x00003162      0x312 ..\obj\stm32f4xx_spi.o
                                0x69f (size before relaxing)
 .debug_str     0x00003474       0x78 ..\obj\dct32.o
                                0x1a2 (size before relaxing)
 .debug_str     0x000034ec      0x272 ..\obj\Audio.o
                                0xccd (size before relaxing)
 .debug_str     0x0000375e       0xe9 ..\obj\polyphase.o
                                0x206 (size before relaxing)

.comment        0x00000000       0x6e
 .comment       0x00000000       0x6e ..\obj\vectors.o
                                 0x6f (size before relaxing)
 .comment       0x0000006e       0x6f ..\obj\dqchan.o
 .comment       0x0000006e       0x6f ..\obj\scalfact.o
 .comment       0x0000006e       0x6f ..\obj\mp3_data.o
 .comment       0x0000006e       0x6f ..\obj\bitstream.o
 .comment       0x0000006e       0x6f ..\obj\dequant.o
 .comment       0x0000006e       0x6f ..\obj\hufftabs.o
 .comment       0x0000006e       0x6f ..\obj\imdct.o
 .comment       0x0000006e       0x6f ..\obj\stm32f4xx_usart.o
 .comment       0x0000006e       0x6f ..\obj\mp3tabs.o
 .comment       0x0000006e       0x6f ..\obj\subband.o
 .comment       0x0000006e       0x6f ..\obj\mp3dec.o
 .comment       0x0000006e       0x6f ..\obj\main.o
 .comment       0x0000006e       0x6f ..\obj\stm32f4xx_rcc.o
 .comment       0x0000006e       0x6f ..\obj\stm32f4xx_it.o
 .comment       0x0000006e       0x6f ..\obj\karta_sd.o
 .comment       0x0000006e       0x6f ..\obj\stm32f4xx_gpio.o
 .comment       0x0000006e       0x6f ..\obj\system_stm32f4xx.o
 .comment       0x0000006e       0x6f ..\obj\stproc.o
 .comment       0x0000006e       0x6f ..\obj\huffman.o
 .comment       0x0000006e       0x6f ..\obj\trigtabs_fixpt.o
 .comment       0x0000006e       0x6f ..\obj\buffers.o
 .comment       0x0000006e       0x6f ..\obj\ff.o
 .comment       0x0000006e       0x6f ..\obj\stm32f4xx_spi.o
 .comment       0x0000006e       0x6f ..\obj\dct32.o
 .comment       0x0000006e       0x6f ..\obj\Audio.o
 .comment       0x0000006e       0x6f ..\obj\polyphase.o

.ARM.attributes
                0x00000000       0x31
 .ARM.attributes
                0x00000000       0x33 ..\obj\vectors.o
 .ARM.attributes
                0x00000033       0x33 ..\obj\dqchan.o
 .ARM.attributes
                0x00000066       0x33 ..\obj\scalfact.o
 .ARM.attributes
                0x00000099       0x33 ..\obj\mp3_data.o
 .ARM.attributes
                0x000000cc       0x33 ..\obj\bitstream.o
 .ARM.attributes
                0x000000ff       0x33 ..\obj\dequant.o
 .ARM.attributes
                0x00000132       0x33 ..\obj\hufftabs.o
 .ARM.attributes
                0x00000165       0x33 ..\obj\imdct.o
 .ARM.attributes
                0x00000198       0x33 ..\obj\stm32f4xx_usart.o
 .ARM.attributes
                0x000001cb       0x33 ..\obj\mp3tabs.o
 .ARM.attributes
                0x000001fe       0x33 ..\obj\subband.o
 .ARM.attributes
                0x00000231       0x21 ..\obj\startup_stm32f4xx.o
 .ARM.attributes
                0x00000252       0x33 ..\obj\mp3dec.o
 .ARM.attributes
                0x00000285       0x33 ..\obj\main.o
 .ARM.attributes
                0x000002b8       0x33 ..\obj\stm32f4xx_rcc.o
 .ARM.attributes
                0x000002eb       0x33 ..\obj\stm32f4xx_it.o
 .ARM.attributes
                0x0000031e       0x33 ..\obj\karta_sd.o
 .ARM.attributes
                0x00000351       0x33 ..\obj\stm32f4xx_gpio.o
 .ARM.attributes
                0x00000384       0x33 ..\obj\system_stm32f4xx.o
 .ARM.attributes
                0x000003b7       0x33 ..\obj\stproc.o
 .ARM.attributes
                0x000003ea       0x33 ..\obj\huffman.o
 .ARM.attributes
                0x0000041d       0x33 ..\obj\trigtabs_fixpt.o
 .ARM.attributes
                0x00000450       0x33 ..\obj\buffers.o
 .ARM.attributes
                0x00000483       0x33 ..\obj\ff.o
 .ARM.attributes
                0x000004b6       0x33 ..\obj\stm32f4xx_spi.o
 .ARM.attributes
                0x000004e9       0x33 ..\obj\dct32.o
 .ARM.attributes
                0x0000051c       0x33 ..\obj\Audio.o
 .ARM.attributes
                0x0000054f       0x33 ..\obj\polyphase.o
 .ARM.attributes
                0x00000582       0x2e c:/program files (x86)/gnu tools arm embedded/5.2 2015q4/bin/../lib/gcc/arm-none-eabi/5.2.1/../../../../arm-none-eabi/lib/armv7e-m\libg.a(lib_a-init.o)
 .ARM.attributes
                0x000005b0       0x1c c:/program files (x86)/gnu tools arm embedded/5.2 2015q4/bin/../lib/gcc/arm-none-eabi/5.2.1/../../../../arm-none-eabi/lib/armv7e-m\libg.a(lib_a-memcpy.o)
 .ARM.attributes
                0x000005cc       0x2e c:/program files (x86)/gnu tools arm embedded/5.2 2015q4/bin/../lib/gcc/arm-none-eabi/5.2.1/../../../../arm-none-eabi/lib/armv7e-m\libg.a(lib_a-memmove.o)

.debug_frame    0x00000000     0x2800
 .debug_frame   0x00000000       0x30 ..\obj\vectors.o
 .debug_frame   0x00000030       0xb0 ..\obj\dqchan.o
 .debug_frame   0x000000e0       0x88 ..\obj\scalfact.o
 .debug_frame   0x00000168      0x128 ..\obj\bitstream.o
 .debug_frame   0x00000290       0x64 ..\obj\dequant.o
 .debug_frame   0x000002f4      0x1fc ..\obj\imdct.o
 .debug_frame   0x000004f0      0x490 ..\obj\stm32f4xx_usart.o
 .debug_frame   0x00000980       0x38 ..\obj\subband.o
 .debug_frame   0x000009b8      0x144 ..\obj\mp3dec.o
 .debug_frame   0x00000afc      0x130 ..\obj\main.o
 .debug_frame   0x00000c2c      0x6d4 ..\obj\stm32f4xx_rcc.o
 .debug_frame   0x00001300      0x10c ..\obj\stm32f4xx_it.o
 .debug_frame   0x0000140c      0x180 ..\obj\karta_sd.o
 .debug_frame   0x0000158c      0x23c ..\obj\stm32f4xx_gpio.o
 .debug_frame   0x000017c8       0x7c ..\obj\system_stm32f4xx.o
 .debug_frame   0x00001844       0xd4 ..\obj\stproc.o
 .debug_frame   0x00001918       0x88 ..\obj\huffman.o
 .debug_frame   0x000019a0       0x84 ..\obj\buffers.o
 .debug_frame   0x00001a24      0x5e8 ..\obj\ff.o
 .debug_frame   0x0000200c      0x3f4 ..\obj\stm32f4xx_spi.o
 .debug_frame   0x00002400       0x60 ..\obj\dct32.o
 .debug_frame   0x00002460      0x264 ..\obj\Audio.o
 .debug_frame   0x000026c4       0xe0 ..\obj\polyphase.o
 .debug_frame   0x000027a4       0x2c c:/program files (x86)/gnu tools arm embedded/5.2 2015q4/bin/../lib/gcc/arm-none-eabi/5.2.1/../../../../arm-none-eabi/lib/armv7e-m\libg.a(lib_a-init.o)
 .debug_frame   0x000027d0       0x30 c:/program files (x86)/gnu tools arm embedded/5.2 2015q4/bin/../lib/gcc/arm-none-eabi/5.2.1/../../../../arm-none-eabi/lib/armv7e-m\libg.a(lib_a-memmove.o)
