Archive member included to satisfy reference by file (symbol)

c:/program files (x86)/gnu tools arm embedded/5.2 2015q4/bin/../lib/gcc/arm-none-eabi/5.2.1/armv7e-m\libgcc.a(_arm_addsubsf3.o)
                              ..\obj\main.o (__aeabi_fsub)
c:/program files (x86)/gnu tools arm embedded/5.2 2015q4/bin/../lib/gcc/arm-none-eabi/5.2.1/armv7e-m\libgcc.a(_arm_muldivsf3.o)
                              ..\obj\main.o (__aeabi_fdiv)
c:/program files (x86)/gnu tools arm embedded/5.2 2015q4/bin/../lib/gcc/arm-none-eabi/5.2.1/armv7e-m\libgcc.a(_arm_fixunssfsi.o)
                              ..\obj\main.o (__aeabi_f2uiz)
c:/program files (x86)/gnu tools arm embedded/5.2 2015q4/bin/../lib/gcc/arm-none-eabi/5.2.1/../../../../arm-none-eabi/lib/armv7e-m\libg.a(lib_a-itoa.o)
                              ..\obj\disp.o (itoa)
c:/program files (x86)/gnu tools arm embedded/5.2 2015q4/bin/../lib/gcc/arm-none-eabi/5.2.1/../../../../arm-none-eabi/lib/armv7e-m\libg.a(lib_a-memcpy.o)
                              ..\obj\mp3.o (memcpy)
c:/program files (x86)/gnu tools arm embedded/5.2 2015q4/bin/../lib/gcc/arm-none-eabi/5.2.1/../../../../arm-none-eabi/lib/armv7e-m\libg.a(lib_a-memmove.o)
                              ..\obj\mp3dec.o (memmove)
c:/program files (x86)/gnu tools arm embedded/5.2 2015q4/bin/../lib/gcc/arm-none-eabi/5.2.1/../../../../arm-none-eabi/lib/armv7e-m\libg.a(lib_a-strcmp.o)
                              ..\obj\mp3.o (strcmp)
c:/program files (x86)/gnu tools arm embedded/5.2 2015q4/bin/../lib/gcc/arm-none-eabi/5.2.1/../../../../arm-none-eabi/lib/armv7e-m\libg.a(lib_a-strlen.o)
                              ..\obj\tm_stm32f4_fonts.o (strlen)
c:/program files (x86)/gnu tools arm embedded/5.2 2015q4/bin/../lib/gcc/arm-none-eabi/5.2.1/../../../../arm-none-eabi/lib/armv7e-m\libg.a(lib_a-strncmp.o)
                              ..\obj\mp3.o (strncmp)
c:/program files (x86)/gnu tools arm embedded/5.2 2015q4/bin/../lib/gcc/arm-none-eabi/5.2.1/../../../../arm-none-eabi/lib/armv7e-m\libg.a(lib_a-utoa.o)
                              c:/program files (x86)/gnu tools arm embedded/5.2 2015q4/bin/../lib/gcc/arm-none-eabi/5.2.1/../../../../arm-none-eabi/lib/armv7e-m\libg.a(lib_a-itoa.o) (__utoa)

Allocating common symbols
Common symbol       size              file

plik2               0x224             ..\obj\mp3.o
petla               0x4               ..\obj\karta_sd.o
odleglosc           0x4               ..\obj\main.o
f                   0x4               ..\obj\mp3.o
ILI9341_x           0x2               ..\obj\tm_stm32f4_ili9341.o
wym_tab             0x4               ..\obj\karta_sd.o
file                0x224             ..\obj\mp3.o
hMP3Decoder         0x4               ..\obj\mp3.o
i                   0x4               ..\obj\main.o
buffer              0x1000            ..\obj\mp3.o
ILI9341_Opts        0x6               ..\obj\tm_stm32f4_ili9341.o
d                   0x4               ..\obj\mp3.o
usta                0x224             ..\obj\mp3.o
ILI9341_y           0x2               ..\obj\tm_stm32f4_ili9341.o
fresult             0x1               ..\obj\mp3.o
g_sFatFs            0x230             ..\obj\mp3.o
file_read_buffer    0x2000            ..\obj\mp3.o
plik                0x224             ..\obj\mp3.o
bytes_left          0x4               ..\obj\mp3.o
read_ptr            0x4               ..\obj\mp3.o
mp3FrameInfo        0x1c              ..\obj\mp3.o

Discarded input sections

 .text          0x00000000        0x0 ..\obj\stm32f4xx_syscfg.o
 .data          0x00000000        0x0 ..\obj\stm32f4xx_syscfg.o
 .bss           0x00000000        0x0 ..\obj\stm32f4xx_syscfg.o
 .text.SYSCFG_DeInit
                0x00000000       0x1c ..\obj\stm32f4xx_syscfg.o
 .text.SYSCFG_MemoryRemapConfig
                0x00000000       0x20 ..\obj\stm32f4xx_syscfg.o
 .text.SYSCFG_EXTILineConfig
                0x00000000       0x84 ..\obj\stm32f4xx_syscfg.o
 .text.SYSCFG_ETH_MediaInterfaceConfig
                0x00000000       0x1c ..\obj\stm32f4xx_syscfg.o
 .text.SYSCFG_CompensationCellCmd
                0x00000000       0x20 ..\obj\stm32f4xx_syscfg.o
 .text.SYSCFG_GetCompensationCellStatus
                0x00000000       0x30 ..\obj\stm32f4xx_syscfg.o
 .debug_info    0x00000000      0x274 ..\obj\stm32f4xx_syscfg.o
 .debug_abbrev  0x00000000      0x133 ..\obj\stm32f4xx_syscfg.o
 .debug_aranges
                0x00000000       0x48 ..\obj\stm32f4xx_syscfg.o
 .debug_ranges  0x00000000       0x38 ..\obj\stm32f4xx_syscfg.o
 .debug_line    0x00000000      0x276 ..\obj\stm32f4xx_syscfg.o
 .debug_str     0x00000000      0x30d ..\obj\stm32f4xx_syscfg.o
 .comment       0x00000000       0x6f ..\obj\stm32f4xx_syscfg.o
 .debug_frame   0x00000000       0xf4 ..\obj\stm32f4xx_syscfg.o
 .ARM.attributes
                0x00000000       0x33 ..\obj\stm32f4xx_syscfg.o
 .text          0x00000000        0x0 ..\obj\tm_stm32f4_spi_dma.o
 .text.TM_SPI_DMA_InitWithStreamAndChannel
[...]
Memory Configuration

Name             Origin             Length             Attributes
rom              0x08000000         0x00100000         xr
ram              0x20000000         0x00020000         xrw
ram1             0x10000000         0x00010000         xrw
*default*        0x00000000         0xffffffff

Linker script and memory map

                0x20020000                _eram = 0x20020000

.text           0x08000000    0x1430c
 *(.isr_vector)
 .isr_vector    0x08000000      0x188 ..\obj\startup_stm32f4xx.o
                0x08000000                g_pfnVectors
 *(.text*)
 .text.TM_SPI_DMA_Init
                0x08000188       0xa4 ..\obj\tm_stm32f4_spi_dma.o
                0x08000188                TM_SPI_DMA_Init
 .text.TM_SPI_DMA_SendHalfWord
                0x0800022c       0xb0 ..\obj\tm_stm32f4_spi_dma.o
                0x0800022c                TM_SPI_DMA_SendHalfWord
 .text.TM_SPI_DMA_Working
                0x080002dc       0x50 ..\obj\tm_stm32f4_spi_dma.o
                0x080002dc                TM_SPI_DMA_Working
 .text.TM_SPI_DMA_INT_GetSettings
                0x0800032c       0x50 ..\obj\tm_stm32f4_spi_dma.o
 .text.MULSHIFT32
                0x0800037c       0x24 ..\obj\dqchan.o
 .text.CLZ      0x080003a0       0x1c ..\obj\dqchan.o
 .text.DequantBlock
                0x080003bc      0x264 ..\obj\dqchan.o
 .text.xmp3fixpt_DequantChannel
                0x08000620      0x358 ..\obj\dqchan.o
                0x08000620                xmp3fixpt_DequantChannel
 .text.UnpackSFMPEG1
                0x08000978      0x308 ..\obj\scalfact.o
 .text.UnpackSFMPEG2
                0x08000c80      0x4a4 ..\obj\scalfact.o
 .text.xmp3fixpt_UnpackScaleFactors
                0x08001124      0x1b4 ..\obj\scalfact.o
                0x08001124                xmp3fixpt_UnpackScaleFactors
 .text.Mp3ReadId3V2Text
                0x080012d8      0x100 ..\obj\mp3.o
                0x080012d8                Mp3ReadId3V2Text
 .text.Mp3ReadId3V2Tag
                0x080013d8      0x27c ..\obj\mp3.o
                0x080013d8                Mp3ReadId3V2Tag
 .text.play_mp3
                0x08001654      0x12c ..\obj\mp3.o
                0x08001654                play_mp3
 .text.AudioCallback
                0x08001780      0x140 ..\obj\mp3.o
                0x08001780                AudioCallback
 .text.xmp3fixpt_SetBitstreamPointer
                0x080018c0       0x30 ..\obj\bitstream.o
                0x080018c0                xmp3fixpt_SetBitstreamPointer
 .text.RefillBitstreamCache
                0x080018f0       0xe0 ..\obj\bitstream.o
 .text.xmp3fixpt_GetBits
                0x080019d0       0x90 ..\obj\bitstream.o
                0x080019d0                xmp3fixpt_GetBits
 .text.xmp3fixpt_CalcBitsUsed
                0x08001a60       0x38 ..\obj\bitstream.o
                0x08001a60                xmp3fixpt_CalcBitsUsed
 .text.xmp3fixpt_CheckPadBit
                0x08001a98       0x3c ..\obj\bitstream.o
                0x08001a98                xmp3fixpt_CheckPadBit
 .text.xmp3fixpt_UnpackFrameHeader
                0x08001ad4      0x304 ..\obj\bitstream.o
                0x08001ad4                xmp3fixpt_UnpackFrameHeader
 .text.xmp3fixpt_UnpackSideInfo
                0x08001dd8      0x33c ..\obj\bitstream.o
                0x08001dd8                xmp3fixpt_UnpackSideInfo
 .text.CLZ      0x08002114       0x1c ..\obj\dequant.o
 .text.xmp3fixpt_Dequantize
                0x08002130      0x384 ..\obj\dequant.o
                0x08002130                xmp3fixpt_Dequantize
 .text.MULSHIFT32
                0x080024b4       0x24 ..\obj\imdct.o
 .text.FASTABS  0x080024d8       0x2c ..\obj\imdct.o
 .text.CLZ      0x08002504       0x1c ..\obj\imdct.o
 .text.AntiAlias
                0x08002520      0x360 ..\obj\imdct.o
 .text.WinPrevious
                0x08002880      0x2cc ..\obj\imdct.o
 .text.FreqInvertRescale
                0x08002b4c      0x34c ..\obj\imdct.o
 .text.idct9    0x08002e98      0x2dc ..\obj\imdct.o
 .text.IMDCT36  0x08003174      0x470 ..\obj\imdct.o
 .text.imdct12  0x080035e4      0x198 ..\obj\imdct.o
 .text.IMDCT12x3
                0x0800377c      0x430 ..\obj\imdct.o
 .text.HybridTransform
                0x08003bac      0x240 ..\obj\imdct.o
 .text.xmp3fixpt_IMDCT
                0x08003dec      0x2ac ..\obj\imdct.o
                0x08003dec                xmp3fixpt_IMDCT
 .text.xmp3fixpt_Subband
                0x08004098      0x19c ..\obj\subband.o
                0x08004098                xmp3fixpt_Subband
 .text.Default_Reset_Handler
                0x08004234       0x5c ..\obj\startup_stm32f4xx.o
                0x08004234                Default_Reset_Handler
                0x08004234                Reset_Handler
 .text.Default_Handler
                0x08004290        0x8 ..\obj\startup_stm32f4xx.o
                0x08004290                RTC_Alarm_IRQHandler
                0x08004290                HASH_RNG_IRQHandler
                0x08004290                EXTI2_IRQHandler
                0x08004290                TIM8_CC_IRQHandler
                0x08004290                DebugMon_Handler
                0x08004290                TIM1_CC_IRQHandler
                0x08004290                HardFault_Handler
                0x08004290                SysTick_Handler
                0x08004290                PVD_IRQHandler
                0x08004290                SDIO_IRQHandler
                0x08004290                TAMP_STAMP_IRQHandler
                0x08004290                PendSV_Handler
                0x08004290                NMI_Handler
                0x08004290                CAN2_RX1_IRQHandler
                0x08004290                EXTI3_IRQHandler
                0x08004290                TIM8_TRG_COM_TIM14_IRQHandler
                0x08004290                TIM1_UP_TIM10_IRQHandler
                0x08004290                TIM8_UP_TIM13_IRQHandler
                0x08004290                I2C3_ER_IRQHandler
                0x08004290                EXTI0_IRQHandler
                0x08004290                I2C2_EV_IRQHandler
                0x08004290                CAN1_RX0_IRQHandler
                0x08004290                FPU_IRQHandler
                0x08004290                OTG_HS_WKUP_IRQHandler
                0x08004290                UsageFault_Handler
                0x08004290                CAN2_SCE_IRQHandler
                0x08004290                SPI1_IRQHandler
                0x08004290                TIM6_DAC_IRQHandler
                0x08004290                TIM1_BRK_TIM9_IRQHandler
                0x08004290                DCMI_IRQHandler
                0x08004290                CAN2_RX0_IRQHandler
                0x08004290                USART6_IRQHandler
                0x08004290                USART3_IRQHandler
                0x08004290                CRYP_IRQHandler
                0x08004290                CAN1_RX1_IRQHandler
                0x08004290                UART5_IRQHandler
                0x08004290                I2C1_EV_IRQHandler
                0x08004290                UART4_IRQHandler
                0x08004290                RCC_IRQHandler
                0x08004290                TIM8_BRK_TIM12_IRQHandler
                0x08004290                EXTI15_10_IRQHandler
                0x08004290                ADC_IRQHandler
                0x08004290                TIM7_IRQHandler
                0x08004290                CAN2_TX_IRQHandler
                0x08004290                TIM5_IRQHandler
                0x08004290                I2C3_EV_IRQHandler
                0x08004290                EXTI9_5_IRQHandler
                0x08004290                RTC_WKUP_IRQHandler
                0x08004290                ETH_WKUP_IRQHandler
                0x08004290                SPI2_IRQHandler
                0x08004290                OTG_HS_EP1_IN_IRQHandler
                0x08004290                MemManage_Handler
                0x08004290                CAN1_TX_IRQHandler
                0x08004290                SVC_Handler
                0x08004290                EXTI4_IRQHandler
                0x08004290                FSMC_IRQHandler
                0x08004290                ETH_IRQHandler
                0x08004290                OTG_HS_EP1_OUT_IRQHandler
                0x08004290                WWDG_IRQHandler
                0x08004290                OTG_FS_WKUP_IRQHandler
                0x08004290                TIM1_TRG_COM_TIM11_IRQHandler
                0x08004290                OTG_HS_IRQHandler
                0x08004290                EXTI1_IRQHandler
                0x08004290                USART2_IRQHandler
                0x08004290                I2C2_ER_IRQHandler
                0x08004290                CAN1_SCE_IRQHandler
                0x08004290                FLASH_IRQHandler
                0x08004290                BusFault_Handler
                0x08004290                USART1_IRQHandler
                0x08004290                OTG_FS_IRQHandler
                0x08004290                SPI3_IRQHandler
                0x08004290                I2C1_ER_IRQHandler
 .text.MP3InitDecoder
                0x08004298       0x18 ..\obj\mp3dec.o
                0x08004298                MP3InitDecoder
 .text.MP3FindSyncWord
                0x080042b0       0x50 ..\obj\mp3dec.o
                0x080042b0                MP3FindSyncWord
 .text.MP3FindFreeSync
                0x08004300       0xa0 ..\obj\mp3dec.o
 .text.MP3GetLastFrameInfo
                0x080043a0       0xc0 ..\obj\mp3dec.o
                0x080043a0                MP3GetLastFrameInfo
 .text.MP3ClearBadFrame
                0x08004460       0x54 ..\obj\mp3dec.o
 .text.MP3Decode
                0x080044b4      0x430 ..\obj\mp3dec.o
                0x080044b4                MP3Decode
 .text.Timmer4_conf
                0x080048e4       0x70 ..\obj\main.o
                0x080048e4                Timmer4_conf
 .text.Przerwania4_conf
                0x08004954       0x44 ..\obj\main.o
                0x08004954                Przerwania4_conf
 .text.TIM4_IRQHandler
                0x08004998       0x2c ..\obj\main.o
                0x08004998                TIM4_IRQHandler
 .text.LED_GPIO_conf
                0x080049c4       0x3c ..\obj\main.o
                0x080049c4                LED_GPIO_conf
 .text.parking_assistant
                0x08004a00       0x58 ..\obj\main.o
                0x08004a00                parking_assistant
 .text.main     0x08004a58       0x7c ..\obj\main.o
                0x08004a58                main
 .text.RCC_AHB1PeriphClockCmd
                0x08004ad4       0x3c ..\obj\stm32f4xx_rcc.o
                0x08004ad4                RCC_AHB1PeriphClockCmd
 .text.RCC_APB1PeriphClockCmd
                0x08004b10       0x3c ..\obj\stm32f4xx_rcc.o
                0x08004b10                RCC_APB1PeriphClockCmd
 .text.RCC_APB1PeriphResetCmd
                0x08004b4c       0x3c ..\obj\stm32f4xx_rcc.o
                0x08004b4c                RCC_APB1PeriphResetCmd
 .text.RCC_APB2PeriphResetCmd
                0x08004b88       0x3c ..\obj\stm32f4xx_rcc.o
                0x08004b88                RCC_APB2PeriphResetCmd
 .text.TRIG_GPIO_conf
                0x08004bc4       0x38 ..\obj\sensor.o
                0x08004bc4                TRIG_GPIO_conf
 .text.ECHO_GPIO_conf
                0x08004bfc       0x38 ..\obj\sensor.o
                0x08004bfc                ECHO_GPIO_conf
 .text.Timmer2_conf
                0x08004c34       0x34 ..\obj\sensor.o
                0x08004c34                Timmer2_conf
 .text.Timmer3_conf
                0x08004c68       0x34 ..\obj\sensor.o
                0x08004c68                Timmer3_conf
 .text.Przerwania2_conf
                0x08004c9c       0x44 ..\obj\sensor.o
                0x08004c9c                Przerwania2_conf
 .text.Przerwania3_conf
                0x08004ce0       0x44 ..\obj\sensor.o
                0x08004ce0                Przerwania3_conf
 .text.TIM2_IRQHandler
                0x08004d24       0x3c ..\obj\sensor.o
                0x08004d24                TIM2_IRQHandler
 .text.TIM3_IRQHandler
                0x08004d60       0x30 ..\obj\sensor.o
                0x08004d60                TIM3_IRQHandler
 .text.start_sensor
                0x08004d90       0x30 ..\obj\sensor.o
                0x08004d90                start_sensor
 .text.sensor_pomiar
                0x08004dc0       0x80 ..\obj\sensor.o
                0x08004dc0                sensor_pomiar
 .text.rcvr_spi
                0x08004e40       0x48 ..\obj\karta_sd.o
 .text.wait_ready
                0x08004e88       0x38 ..\obj\karta_sd.o
 .text.xmit_spi
                0x08004ec0       0x48 ..\obj\karta_sd.o
 .text.send_cmd
                0x08004f08       0xa4 ..\obj\karta_sd.o
 .text.ini_spi  0x08004fac       0xe8 ..\obj\karta_sd.o
                0x08004fac                ini_spi
 .text.ini_karta_sd
                0x08005094       0x60 ..\obj\karta_sd.o
                0x08005094                ini_karta_sd
 .text.start_sd
                0x080050f4       0x14 ..\obj\karta_sd.o
                0x080050f4                start_sd
 .text.otwarcie_pliku
                0x08005108       0x84 ..\obj\karta_sd.o
                0x08005108                otwarcie_pliku
 .text.TM_DMA_ClearFlag
                0x0800518c       0x88 ..\obj\tm_stm32f4_dma.o
                0x0800518c                TM_DMA_ClearFlag
 .text.TM_DMA_GetFlags
                0x08005214       0xa0 ..\obj\tm_stm32f4_dma.o
                0x08005214                TM_DMA_GetFlags
 .text.TM_DMA_TransferCompleteHandler
                0x080052b4       0x14 ..\obj\tm_stm32f4_dma.o
                0x080052b4                TM_DMA_TransferCompleteHandler
 .text.TM_DMA_HalfTransferCompleteHandler
                0x080052c8       0x14 ..\obj\tm_stm32f4_dma.o
                0x080052c8                TM_DMA_HalfTransferCompleteHandler
 .text.TM_DMA_TransferErrorHandler
                0x080052dc       0x14 ..\obj\tm_stm32f4_dma.o
                0x080052dc                TM_DMA_TransferErrorHandler
 .text.TM_DMA_DirectModeErrorHandler
                0x080052f0       0x14 ..\obj\tm_stm32f4_dma.o
                0x080052f0                TM_DMA_DirectModeErrorHandler
 .text.TM_DMA_FIFOErrorHandler
                0x08005304       0x14 ..\obj\tm_stm32f4_dma.o
                0x08005304                TM_DMA_FIFOErrorHandler
 .text.TM_DMA_INT_ProcessInterrupt
                0x08005318       0xb0 ..\obj\tm_stm32f4_dma.o
 .text.DMA1_Stream0_IRQHandler
                0x080053c8       0x14 ..\obj\tm_stm32f4_dma.o
                0x080053c8                DMA1_Stream0_IRQHandler
 .text.DMA1_Stream1_IRQHandler
                0x080053dc       0x14 ..\obj\tm_stm32f4_dma.o
                0x080053dc                DMA1_Stream1_IRQHandler
 .text.DMA1_Stream2_IRQHandler
                0x080053f0       0x14 ..\obj\tm_stm32f4_dma.o
                0x080053f0                DMA1_Stream2_IRQHandler
 .text.DMA1_Stream3_IRQHandler
                0x08005404       0x14 ..\obj\tm_stm32f4_dma.o
                0x08005404                DMA1_Stream3_IRQHandler
 .text.DMA1_Stream4_IRQHandler
                0x08005418       0x14 ..\obj\tm_stm32f4_dma.o
                0x08005418                DMA1_Stream4_IRQHandler
 .text.DMA1_Stream5_IRQHandler
                0x0800542c       0x14 ..\obj\tm_stm32f4_dma.o
                0x0800542c                DMA1_Stream5_IRQHandler
 .text.DMA1_Stream6_IRQHandler
                0x08005440       0x14 ..\obj\tm_stm32f4_dma.o
                0x08005440                DMA1_Stream6_IRQHandler
 .text.DMA2_Stream0_IRQHandler
                0x08005454       0x14 ..\obj\tm_stm32f4_dma.o
                0x08005454                DMA2_Stream0_IRQHandler
 .text.DMA2_Stream1_IRQHandler
                0x08005468       0x14 ..\obj\tm_stm32f4_dma.o
                0x08005468                DMA2_Stream1_IRQHandler
 .text.DMA2_Stream2_IRQHandler
                0x0800547c       0x14 ..\obj\tm_stm32f4_dma.o
                0x0800547c                DMA2_Stream2_IRQHandler
 .text.DMA2_Stream3_IRQHandler
                0x08005490       0x14 ..\obj\tm_stm32f4_dma.o
                0x08005490                DMA2_Stream3_IRQHandler
 .text.DMA2_Stream4_IRQHandler
                0x080054a4       0x14 ..\obj\tm_stm32f4_dma.o
                0x080054a4                DMA2_Stream4_IRQHandler
 .text.DMA2_Stream5_IRQHandler
                0x080054b8       0x14 ..\obj\tm_stm32f4_dma.o
                0x080054b8                DMA2_Stream5_IRQHandler
 .text.DMA2_Stream6_IRQHandler
                0x080054cc       0x14 ..\obj\tm_stm32f4_dma.o
                0x080054cc                DMA2_Stream6_IRQHandler
 .text.DMA2_Stream7_IRQHandler
                0x080054e0       0x14 ..\obj\tm_stm32f4_dma.o
                0x080054e0                DMA2_Stream7_IRQHandler
 .text.TM_SPI_Init
                0x080054f4       0x7c ..\obj\tm_stm32f4_spi.o
                0x080054f4                TM_SPI_Init
 .text.TM_SPI_SetDataSize
                0x08005570       0x78 ..\obj\tm_stm32f4_spi.o
                0x08005570                TM_SPI_SetDataSize
 .text.TM_SPI_InitCustomPinsCallback
                0x080055e8       0x18 ..\obj\tm_stm32f4_spi.o
                0x080055e8                TM_SPI_InitCustomPinsCallback
 .text.TM_SPIx_Init
                0x08005600      0x11c ..\obj\tm_stm32f4_spi.o
 .text.TM_SPI1_INT_InitPins
                0x0800571c       0x60 ..\obj\tm_stm32f4_spi.o
                0x0800571c                TM_SPI1_INT_InitPins
 .text.TM_SPI2_INT_InitPins
                0x0800577c       0x98 ..\obj\tm_stm32f4_spi.o
                0x0800577c                TM_SPI2_INT_InitPins
 .text.TM_SPI3_INT_InitPins
                0x08005814       0x64 ..\obj\tm_stm32f4_spi.o
                0x08005814                TM_SPI3_INT_InitPins
 .text.SELECT   0x08005878       0x20 ..\obj\spi_sd.o
 .text.DESELECT
                0x08005898       0x20 ..\obj\spi_sd.o
 .text.xmit_spi
                0x080058b8       0x30 ..\obj\spi_sd.o
 .text.rcvr_spi
                0x080058e8       0x48 ..\obj\spi_sd.o
 .text.rcvr_spi_m
                0x08005930       0x1c ..\obj\spi_sd.o
 .text.wait_ready
                0x0800594c       0x38 ..\obj\spi_sd.o
 .text.power_on
                0x08005984       0x34 ..\obj\spi_sd.o
 .text.power_off
                0x080059b8       0x18 ..\obj\spi_sd.o
 .text.chk_power
                0x080059d0       0x14 ..\obj\spi_sd.o
 .text.rcvr_datablock
                0x080059e4       0x6c ..\obj\spi_sd.o
 .text.xmit_datablock
                0x08005a50       0xa8 ..\obj\spi_sd.o
 .text.send_cmd
                0x08005af8       0xa4 ..\obj\spi_sd.o
 .text.disk_initialize
                0x08005b9c      0x1d4 ..\obj\spi_sd.o
                0x08005b9c                disk_initialize
 .text.disk_status
                0x08005d70       0x28 ..\obj\spi_sd.o
                0x08005d70                disk_status
 .text.disk_read
                0x08005d98       0xd8 ..\obj\spi_sd.o
                0x08005d98                disk_read
 .text.disk_write
                0x08005e70      0x110 ..\obj\spi_sd.o
                0x08005e70                disk_write
 .text.disk_ioctl
                0x08005f80      0x260 ..\obj\spi_sd.o
                0x08005f80                disk_ioctl
 .text.get_fattime
                0x080061e0       0x14 ..\obj\spi_sd.o
                0x080061e0                get_fattime
 .text.GPIO_Init
                0x080061f4      0x11c ..\obj\stm32f4xx_gpio.o
                0x080061f4                GPIO_Init
 .text.GPIO_ReadInputDataBit
                0x08006310       0x34 ..\obj\stm32f4xx_gpio.o
                0x08006310                GPIO_ReadInputDataBit
 .text.GPIO_SetBits
                0x08006344       0x1c ..\obj\stm32f4xx_gpio.o
                0x08006344                GPIO_SetBits
 .text.GPIO_ResetBits
                0x08006360       0x1c ..\obj\stm32f4xx_gpio.o
                0x08006360                GPIO_ResetBits
 .text.GPIO_WriteBit
                0x0800637c       0x30 ..\obj\stm32f4xx_gpio.o
                0x0800637c                GPIO_WriteBit
 .text.GPIO_PinAFConfig
                0x080063ac       0x90 ..\obj\stm32f4xx_gpio.o
                0x080063ac                GPIO_PinAFConfig
 .text.SystemInit
                0x0800643c       0x5c ..\obj\system_stm32f4xx.o
                0x0800643c                SystemInit
 .text.SetSysClock
                0x08006498       0xf4 ..\obj\system_stm32f4xx.o
 .text.DMA_Init
                0x0800658c       0xac ..\obj\stm32f4xx_dma.o
                0x0800658c                DMA_Init
 .text.start_disp
                0x08006638       0x28 ..\obj\disp.o
                0x08006638                start_disp
 .text.display  0x08006660      0x540 ..\obj\disp.o
                0x08006660                display
 .text.MULSHIFT32
                0x08006ba0       0x24 ..\obj\stproc.o
 .text.FASTABS  0x08006bc4       0x2c ..\obj\stproc.o
 .text.xmp3fixpt_MidSideProc
                0x08006bf0       0xb4 ..\obj\stproc.o
                0x08006bf0                xmp3fixpt_MidSideProc
 .text.xmp3fixpt_IntensityProcMPEG1
                0x08006ca4      0x428 ..\obj\stproc.o
                0x08006ca4                xmp3fixpt_IntensityProcMPEG1
 .text.xmp3fixpt_IntensityProcMPEG2
                0x080070cc      0x4d8 ..\obj\stproc.o
                0x080070cc                xmp3fixpt_IntensityProcMPEG2
 .text.DecodeHuffmanPairs
                0x080075a4      0x5d4 ..\obj\huffman.o
 .text.DecodeHuffmanQuads
                0x08007b78      0x278 ..\obj\huffman.o
 .text.xmp3fixpt_DecodeHuffman
                0x08007df0      0x2d8 ..\obj\huffman.o
                0x08007df0                xmp3fixpt_DecodeHuffman
 .text.ClearBuffer
                0x080080c8       0x38 ..\obj\buffers.o
 .text.xmp3fixpt_AllocateBuffers
                0x08008100       0xf4 ..\obj\buffers.o
                0x08008100                xmp3fixpt_AllocateBuffers
 .text.xmp3fixpt_FreeBuffers
                0x080081f4       0x14 ..\obj\buffers.o
                0x080081f4                xmp3fixpt_FreeBuffers
 .text.mem_cpy  0x08008208       0x3c ..\obj\ff.o
 .text.mem_set  0x08008244       0x34 ..\obj\ff.o
 .text.mem_cmp  0x08008278       0x4c ..\obj\ff.o
 .text.chk_chr  0x080082c4       0x34 ..\obj\ff.o
 .text.move_window
                0x080082f8       0xb4 ..\obj\ff.o
 .text.sync     0x080083ac      0x13c ..\obj\ff.o
 .text.clust2sect
                0x080084e8       0x3c ..\obj\ff.o
                0x080084e8                clust2sect
 .text.get_fat  0x08008524      0x160 ..\obj\ff.o
                0x08008524                get_fat
 .text.put_fat  0x08008684      0x1fc ..\obj\ff.o
                0x08008684                put_fat
 .text.remove_chain
                0x08008880       0xa0 ..\obj\ff.o
 .text.create_chain
                0x08008920      0x114 ..\obj\ff.o
 .text.dir_sdi  0x08008a34      0x104 ..\obj\ff.o
 .text.dir_next
                0x08008b38      0x1a8 ..\obj\ff.o
 .text.dir_find
                0x08008ce0       0x98 ..\obj\ff.o
 .text.dir_register
                0x08008d78       0xb0 ..\obj\ff.o
 .text.create_name
                0x08008e28      0x168 ..\obj\ff.o
 .text.follow_path
                0x08008f90       0xfc ..\obj\ff.o
 .text.check_fs
                0x0800908c       0xd0 ..\obj\ff.o
 .text.chk_mounted
                0x0800915c      0x524 ..\obj\ff.o
 .text.validate
                0x08009680       0x4c ..\obj\ff.o
 .text.f_mount  0x080096cc       0x54 ..\obj\ff.o
                0x080096cc                f_mount
 .text.f_open   0x08009720      0x2d8 ..\obj\ff.o
                0x08009720                f_open
 .text.f_read   0x080099f8      0x2b4 ..\obj\ff.o
                0x080099f8                f_read
 .text.f_sync   0x08009cac      0x170 ..\obj\ff.o
                0x08009cac                f_sync
 .text.f_close  0x08009e1c       0x28 ..\obj\ff.o
                0x08009e1c                f_close
 .text.f_lseek  0x08009e44      0x2ac ..\obj\ff.o
                0x08009e44                f_lseek
 .text.SPI_I2S_DeInit
                0x0800a0f0       0x74 ..\obj\stm32f4xx_spi.o
                0x0800a0f0                SPI_I2S_DeInit
 .text.SPI_Init
                0x0800a164       0x88 ..\obj\stm32f4xx_spi.o
                0x0800a164                SPI_Init
 .text.SPI_StructInit
                0x0800a1ec       0x48 ..\obj\stm32f4xx_spi.o
                0x0800a1ec                SPI_StructInit
 .text.SPI_Cmd  0x0800a234       0x40 ..\obj\stm32f4xx_spi.o
                0x0800a234                SPI_Cmd
 .text.SPI_I2S_SendData
                0x0800a274       0x1c ..\obj\stm32f4xx_spi.o
                0x0800a274                SPI_I2S_SendData
 .text.SPI_I2S_GetFlagStatus
                0x0800a290       0x38 ..\obj\stm32f4xx_spi.o
                0x0800a290                SPI_I2S_GetFlagStatus
 .text.MULSHIFT32
                0x0800a2c8       0x24 ..\obj\dct32.o
 .text.xmp3fixpt_FDCT32
                0x0800a2ec      0xe6c ..\obj\dct32.o
                0x0800a2ec                xmp3fixpt_FDCT32
 .text.TM_SPI_Send
                0x0800b158       0x74 ..\obj\tm_stm32f4_ili9341.o
 .text.TM_ILI9341_Init
                0x0800b1cc       0xa0 ..\obj\tm_stm32f4_ili9341.o
                0x0800b1cc                TM_ILI9341_Init
 .text.TM_ILI9341_InitLCD
                0x0800b26c      0x274 ..\obj\tm_stm32f4_ili9341.o
                0x0800b26c                TM_ILI9341_InitLCD
 .text.TM_ILI9341_SendCommand
                0x0800b4e0       0x3c ..\obj\tm_stm32f4_ili9341.o
                0x0800b4e0                TM_ILI9341_SendCommand
 .text.TM_ILI9341_SendData
                0x0800b51c       0x3c ..\obj\tm_stm32f4_ili9341.o
                0x0800b51c                TM_ILI9341_SendData
 .text.TM_ILI9341_DrawPixel
                0x0800b558       0x40 ..\obj\tm_stm32f4_ili9341.o
                0x0800b558                TM_ILI9341_DrawPixel
 .text.TM_ILI9341_SetCursorPosition
                0x0800b598       0x94 ..\obj\tm_stm32f4_ili9341.o
                0x0800b598                TM_ILI9341_SetCursorPosition
 .text.TM_ILI9341_Fill
                0x0800b62c       0x30 ..\obj\tm_stm32f4_ili9341.o
                0x0800b62c                TM_ILI9341_Fill
 .text.TM_ILI9341_INT_Fill
                0x0800b65c       0xcc ..\obj\tm_stm32f4_ili9341.o
                0x0800b65c                TM_ILI9341_INT_Fill
 .text.TM_ILI9341_Delay
                0x0800b728       0x20 ..\obj\tm_stm32f4_ili9341.o
                0x0800b728                TM_ILI9341_Delay
 .text.TM_ILI9341_Puts
                0x0800b748       0xb0 ..\obj\tm_stm32f4_ili9341.o
                0x0800b748                TM_ILI9341_Puts
 .text.TM_ILI9341_Putc
                0x0800b7f8      0x124 ..\obj\tm_stm32f4_ili9341.o
                0x0800b7f8                TM_ILI9341_Putc
 .text.TM_ILI9341_DrawFilledRectangle
                0x0800b91c       0x70 ..\obj\tm_stm32f4_ili9341.o
                0x0800b91c                TM_ILI9341_DrawFilledRectangle
 .text.NVIC_PriorityGroupConfig
                0x0800b98c       0x24 ..\obj\misc.o
                0x0800b98c                NVIC_PriorityGroupConfig
 .text.NVIC_Init
                0x0800b9b0       0xc0 ..\obj\misc.o
                0x0800b9b0                NVIC_Init
 .text.NVIC_EnableIRQ
                0x0800ba70       0x30 ..\obj\Audio.o
 .text.NVIC_DisableIRQ
                0x0800baa0       0x34 ..\obj\Audio.o
 .text.NVIC_SetPriority
                0x0800bad4       0x54 ..\obj\Audio.o
 .text.InitializeAudio
                0x0800bb28      0x2c8 ..\obj\Audio.o
                0x0800bb28                InitializeAudio
 .text.SetAudioVolume
                0x0800bdf0       0x30 ..\obj\Audio.o
                0x0800bdf0                SetAudioVolume
 .text.PlayAudioWithCallback
                0x0800be20       0x70 ..\obj\Audio.o
                0x0800be20                PlayAudioWithCallback
 .text.StopAudio
                0x0800be90       0x30 ..\obj\Audio.o
                0x0800be90                StopAudio
 .text.ProvideAudioBuffer
                0x0800bec0       0x2c ..\obj\Audio.o
                0x0800bec0                ProvideAudioBuffer
 .text.ProvideAudioBufferWithoutBlocking
                0x0800beec       0x58 ..\obj\Audio.o
                0x0800beec                ProvideAudioBufferWithoutBlocking
 .text.WriteRegister
                0x0800bf44       0xa8 ..\obj\Audio.o
 .text.StartAudioDMAAndRequestBuffers
                0x0800bfec       0x8c ..\obj\Audio.o
 .text.StopAudioDMA
                0x0800c078       0x34 ..\obj\Audio.o
 .text.DMA1_Stream7_IRQHandler
                0x0800c0ac       0x34 ..\obj\Audio.o
                0x0800c0ac                DMA1_Stream7_IRQHandler
 .text.TM_GPIO_Init
                0x0800c0e0       0x48 ..\obj\tm_stm32f4_gpio.o
                0x0800c0e0                TM_GPIO_Init
 .text.TM_GPIO_InitAlternate
                0x0800c128       0xa8 ..\obj\tm_stm32f4_gpio.o
                0x0800c128                TM_GPIO_InitAlternate
 .text.TM_GPIO_GetPortSource
                0x0800c1d0       0x20 ..\obj\tm_stm32f4_gpio.o
                0x0800c1d0                TM_GPIO_GetPortSource
 .text.TM_GPIO_INT_EnableClock
                0x0800c1f0       0x30 ..\obj\tm_stm32f4_gpio.o
                0x0800c1f0                TM_GPIO_INT_EnableClock
 .text.TM_GPIO_INT_Init
                0x0800c220      0x110 ..\obj\tm_stm32f4_gpio.o
                0x0800c220                TM_GPIO_INT_Init
 .text.MADD64   0x0800c330       0x38 ..\obj\polyphase.o
 .text.SAR64    0x0800c368       0x40 ..\obj\polyphase.o
 .text.ClipToShort
                0x0800c3a8       0x40 ..\obj\polyphase.o
 .text.xmp3fixpt_PolyphaseMono
                0x0800c3e8      0x784 ..\obj\polyphase.o
                0x0800c3e8                xmp3fixpt_PolyphaseMono
 .text.xmp3fixpt_PolyphaseStereo
                0x0800cb6c      0xd0c ..\obj\polyphase.o
                0x0800cb6c                xmp3fixpt_PolyphaseStereo
 .text.TIM_TimeBaseInit
                0x0800d878       0xd4 ..\obj\stm32f4xx_tim.o
                0x0800d878                TIM_TimeBaseInit
 .text.TIM_Cmd  0x0800d94c       0x40 ..\obj\stm32f4xx_tim.o
                0x0800d94c                TIM_Cmd
 .text.TIM_ITConfig
                0x0800d98c       0x48 ..\obj\stm32f4xx_tim.o
                0x0800d98c                TIM_ITConfig
 .text.TIM_GetITStatus
                0x0800d9d4       0x54 ..\obj\stm32f4xx_tim.o
                0x0800d9d4                TIM_GetITStatus
 .text.TIM_ClearITPendingBit
                0x0800da28       0x20 ..\obj\stm32f4xx_tim.o
                0x0800da28                TIM_ClearITPendingBit
 .text          0x0800da48      0x21c c:/program files (x86)/gnu tools arm embedded/5.2 2015q4/bin/../lib/gcc/arm-none-eabi/5.2.1/armv7e-m\libgcc.a(_arm_addsubsf3.o)
                0x0800da48                __aeabi_frsub
                0x0800da50                __subsf3
                0x0800da50                __aeabi_fsub
                0x0800da54                __aeabi_fadd
                0x0800da54                __addsf3
                0x0800dbb4                __aeabi_ui2f
                0x0800dbb4                __floatunsisf
                0x0800dbbc                __aeabi_i2f
                0x0800dbbc                __floatsisf
                0x0800dbd8                __aeabi_ul2f
                0x0800dbd8                __floatundisf
                0x0800dbe8                __aeabi_l2f
                0x0800dbe8                __floatdisf
 .text          0x0800dc64      0x2a0 c:/program files (x86)/gnu tools arm embedded/5.2 2015q4/bin/../lib/gcc/arm-none-eabi/5.2.1/armv7e-m\libgcc.a(_arm_muldivsf3.o)
                0x0800dc64                __mulsf3
                0x0800dc64                __aeabi_fmul
                0x0800ddcc                __aeabi_fdiv
                0x0800ddcc                __divsf3
 .text          0x0800df04       0x40 c:/program files (x86)/gnu tools arm embedded/5.2 2015q4/bin/../lib/gcc/arm-none-eabi/5.2.1/armv7e-m\libgcc.a(_arm_fixunssfsi.o)
                0x0800df04                __fixunssfsi
                0x0800df04                __aeabi_f2uiz
 .text.__itoa   0x0800df44       0x30 c:/program files (x86)/gnu tools arm embedded/5.2 2015q4/bin/../lib/gcc/arm-none-eabi/5.2.1/../../../../arm-none-eabi/lib/armv7e-m\libg.a(lib_a-itoa.o)
                0x0800df44                __itoa
 .text.itoa     0x0800df74        0x4 c:/program files (x86)/gnu tools arm embedded/5.2 2015q4/bin/../lib/gcc/arm-none-eabi/5.2.1/../../../../arm-none-eabi/lib/armv7e-m\libg.a(lib_a-itoa.o)
                0x0800df74                itoa
 .text          0x0800df78      0x134 c:/program files (x86)/gnu tools arm embedded/5.2 2015q4/bin/../lib/gcc/arm-none-eabi/5.2.1/../../../../arm-none-eabi/lib/armv7e-m\libg.a(lib_a-memcpy.o)
                0x0800df78                memcpy
 .text.memmove  0x0800e0ac       0xc8 c:/program files (x86)/gnu tools arm embedded/5.2 2015q4/bin/../lib/gcc/arm-none-eabi/5.2.1/../../../../arm-none-eabi/lib/armv7e-m\libg.a(lib_a-memmove.o)
                0x0800e0ac                memmove
 *fill*         0x0800e174        0xc 
 .text          0x0800e180      0x2dc c:/program files (x86)/gnu tools arm embedded/5.2 2015q4/bin/../lib/gcc/arm-none-eabi/5.2.1/../../../../arm-none-eabi/lib/armv7e-m\libg.a(lib_a-strcmp.o)
                0x0800e188                strcmp
 .text.strncmp  0x0800e45c       0xa0 c:/program files (x86)/gnu tools arm embedded/5.2 2015q4/bin/../lib/gcc/arm-none-eabi/5.2.1/../../../../arm-none-eabi/lib/armv7e-m\libg.a(lib_a-strncmp.o)
                0x0800e45c                strncmp
 .text.__utoa   0x0800e4fc       0x80 c:/program files (x86)/gnu tools arm embedded/5.2 2015q4/bin/../lib/gcc/arm-none-eabi/5.2.1/../../../../arm-none-eabi/lib/armv7e-m\libg.a(lib_a-utoa.o)
                0x0800e4fc                __utoa
 *(.init)
 *(.fini)
 *crtbegin.o(.ctors)
 *crtbegin?.o(.ctors)
 *(EXCLUDE_FILE(*crtend.o *crtend?.o) .ctors)
 *(SORT(.ctors.*))
 *(.ctors)
 *crtbegin.o(.dtors)
 *crtbegin?.o(.dtors)
 *(EXCLUDE_FILE(*crtend.o *crtend?.o) .dtors)
 *(SORT(.dtors.*))
 *(.dtors)
 *(.rodata*)
 .rodata        0x0800e57c      0x250 ..\obj\dqchan.o
 .rodata        0x0800e7cc       0x68 ..\obj\scalfact.o
 .rodata        0x0800e834       0x11 ..\obj\mp3.o
 *fill*         0x0800e845        0x3 
 .rodata        0x0800e848     0x2304 ..\obj\hufftabs.o
                0x0800e848                xmp3fixpt_huffTable
                0x0801096c                xmp3fixpt_huffTabOffset
                0x080109ec                xmp3fixpt_huffTabLookup
                0x08010aec                xmp3fixpt_quadTable
                0x08010b3c                xmp3fixpt_quadTabOffset
                0x08010b44                xmp3fixpt_quadTabMaxBits
 .rodata        0x08010b4c       0x90 ..\obj\imdct.o
 .rodata        0x08010bdc      0x506 ..\obj\mp3tabs.o
                0x08010bdc                xmp3fixpt_samplerateTab
                0x08010c00                xmp3fixpt_bitrateTab
                0x08010d10                xmp3fixpt_samplesPerFrameTab
                0x08010d24                xmp3fixpt_bitsPerSlotTab
                0x08010d2c                xmp3fixpt_sideBytesTab
                0x08010d38                xmp3fixpt_slotTab
                0x08010e48                xmp3fixpt_sfBandTable
 *fill*         0x080110e2        0x2 
 .rodata        0x080110e4        0x8 ..\obj\main.o
 .rodata        0x080110ec        0xb ..\obj\karta_sd.o
 *fill*         0x080110f7        0x1 
 .rodata        0x080110f8       0x14 ..\obj\tm_stm32f4_dma.o
 .rodata        0x0801110c        0x5 ..\obj\disp.o
 *fill*         0x08011111        0x3 
 .rodata        0x08011114      0x86c ..\obj\trigtabs_fixpt.o
                0x08011114                xmp3fixpt_imdctWin
                0x08011354                xmp3fixpt_ISFMpeg1
                0x0801138c                xmp3fixpt_ISFMpeg2
                0x0801148c                xmp3fixpt_ISFIIP
                0x0801149c                xmp3fixpt_uniqueIDTab
                0x080114a4                xmp3fixpt_csa
                0x080114e4                xmp3fixpt_coef32
                0x08011560                xmp3fixpt_polyCoef
 .rodata        0x08011980       0x90 ..\obj\ff.o
 .rodata        0x08011a10       0xc0 ..\obj\dct32.o
 .rodata        0x08011ad0     0x2814 ..\obj\tm_stm32f4_fonts.o
                0x08011ad0                TM_Font7x10
                0x0801223c                TM_Font11x18
                0x08012f98                TM_Font16x26
 .rodata.str1.4
                0x080142e4       0x28 c:/program files (x86)/gnu tools arm embedded/5.2 2015q4/bin/../lib/gcc/arm-none-eabi/5.2.1/../../../../arm-none-eabi/lib/armv7e-m\libg.a(lib_a-utoa.o)
                                 0x25 (size before relaxing)
 *(.eh_fram e*)

.glue_7         0x0801430c        0x0
 .glue_7        0x0801430c        0x0 linker stubs

.glue_7t        0x0801430c        0x0
 .glue_7t       0x0801430c        0x0 linker stubs

.vfp11_veneer   0x0801430c        0x0
 .vfp11_veneer  0x0801430c        0x0 linker stubs

.v4_bx          0x0801430c        0x0
 .v4_bx         0x0801430c        0x0 linker stubs

.iplt           0x0801430c        0x0
 .iplt          0x0801430c        0x0 ..\obj\stm32f4xx_syscfg.o

.rel.dyn        0x0801430c        0x0
 .rel.iplt      0x0801430c        0x0 ..\obj\stm32f4xx_syscfg.o

.ARM.extab
 *(.ARM.extab* .gnu.linkonce.armextab.*)
                0x0801430c                __exidx_start = .

.ARM.exidx
 *(.ARM.exidx* .gnu.linkonce.armexidx.*)
                0x0801430c                __exidx_end = .
                0x0801430c                __etext = .
                0x0801430c                _sidata = __etext

.data           0x20000000       0x64 load address 0x0801430c
                0x20000000                __data_start__ = .
                0x20000000                _sdata = __data_start__
 *(vtable)
 *(.data*)
 .data          0x20000000       0x48 ..\obj\tm_stm32f4_spi_dma.o
 .data          0x20000048        0x1 ..\obj\spi_sd.o
 *fill*         0x20000049        0x3 
 .data          0x2000004c       0x18 ..\obj\tm_stm32f4_fonts.o
                0x2000004c                TM_Font_7x10
                0x20000054                TM_Font_11x18
                0x2000005c                TM_Font_16x26
                0x20000064                . = ALIGN (0x4)
                [!provide]                PROVIDE (__preinit_array_start, .)
 *(.preinit_array)
                [!provide]                PROVIDE (__preinit_array_end, .)
                0x20000064                . = ALIGN (0x4)
                [!provide]                PROVIDE (__init_array_start, .)
 *(SORT(.init_array.*))
 *(.init_array)
                [!provide]                PROVIDE (__init_array_end, .)
                0x20000064                . = ALIGN (0x4)
                [!provide]                PROVIDE (__fini_array_start, .)
 *(SORT(.fini_array.*))
 *(.fini_array)
                [!provide]                PROVIDE (__fini_array_end, .)
 *(.jcr*)
                0x20000064                . = ALIGN (0x4)
                0x20000064                __data_end__ = .
                0x20000064                _edata = __data_end__

.igot.plt       0x20000064        0x0 load address 0x08014370
 .igot.plt      0x20000064        0x0 ..\obj\stm32f4xx_syscfg.o

.bss            0x20000064     0xd894 load address 0x08014370
                0x20000064                . = ALIGN (0x4)
                0x20000064                __bss_start__ = .
                0x20000064                _sbss = __bss_start__
 *(.bss*)
 .bss           0x20000064       0x3c ..\obj\tm_stm32f4_spi_dma.o
 .bss           0x200000a0     0x4004 ..\obj\mp3.o
 .bss           0x200040a4        0x4 ..\obj\sensor.o
                0x200040a4                ile
 .bss           0x200040a8        0x2 ..\obj\karta_sd.o
 .bss           0x200040aa        0x4 ..\obj\spi_sd.o
 *fill*         0x200040ae        0x2 
 .bss           0x200040b0     0x5d08 ..\obj\buffers.o
 .bss           0x20009db8        0x6 ..\obj\ff.o
 *fill*         0x20009dbe        0x2 
 .bss           0x20009dc0       0x15 ..\obj\Audio.o
 *fill*         0x20009dd5        0x3 
 .bss           0x20009dd8       0x16 ..\obj\tm_stm32f4_gpio.o
 *(COMMON)
 *fill*         0x20009dee        0x2 
 COMMON         0x20009df0     0x3af4 ..\obj\mp3.o
                0x20009df0                plik2
                0x2000a014                f
                0x2000a018                file
                0x2000a23c                hMP3Decoder
                0x2000a240                buffer
                0x2000b240                d
                0x2000b244                usta
                0x2000b468                fresult
                0x2000b46c                g_sFatFs
                0x2000b69c                file_read_buffer
                0x2000d69c                plik
                0x2000d8c0                bytes_left
                0x2000d8c4                read_ptr
                0x2000d8c8                mp3FrameInfo
 COMMON         0x2000d8e4        0x8 ..\obj\main.o
                0x2000d8e4                odleglosc
                0x2000d8e8                i
 COMMON         0x2000d8ec        0xc ..\obj\tm_stm32f4_ili9341.o
                0x2000d8ec                ILI9341_x
                0x2000d8f0                ILI9341_Opts
                0x2000d8f6                ILI9341_y
                0x2000d8f8                . = ALIGN (0x4)
                0x2000d8f8                __bss_end__ = .
                0x2000d8f8                _ebss = __bss_end__

.heap           0x2000d8f8        0x0
                0x2000d8f8                __end__ = .
                0x2000d8f8                _end = __end__
                0x2000d8f8                end = __end__
 *(.heap*)
                0x2000d8f8                __HeapLimit = .

.co_stack       0x2000d8f8      0x800 load address 0x08021c04
                0x2000d8f8                . = ALIGN (0x8)
 *(.co_stack .co_stack.*)
 .co_stack      0x2000d8f8      0x800 ..\obj\startup_stm32f4xx.o
                0x2000d8f8                pulStack
                0x20020000                __StackTop = (ORIGIN (ram) + LENGTH (ram))
                0x2001f800                __StackLimit = (__StackTop - SIZEOF (.co_stack))
                [!provide]                PROVIDE (__stack, __StackTop)
                0x00000001                ASSERT ((__StackLimit >= __HeapLimit), region ram  overflowed with stack)
LOAD ..\obj\stm32f4xx_syscfg.o
LOAD ..\obj\tm_stm32f4_spi_dma.o
LOAD ..\obj\dqchan.o
LOAD ..\obj\scalfact.o
LOAD ..\obj\stm32f4xx_sdio.o
LOAD ..\obj\mp3.o
LOAD ..\obj\bitstream.o
LOAD ..\obj\dequant.o
LOAD ..\obj\hufftabs.o
LOAD ..\obj\imdct.o
LOAD ..\obj\mp3tabs.o
LOAD ..\obj\stm32f4xx_dac.o
LOAD ..\obj\subband.o
LOAD ..\obj\startup_stm32f4xx.o
LOAD ..\obj\mp3dec.o
LOAD ..\obj\main.o
LOAD ..\obj\stm32f4xx_rcc.o
LOAD ..\obj\sensor.o
LOAD ..\obj\karta_sd.o
LOAD ..\obj\stm32f4xx_adc.o
LOAD ..\obj\tm_stm32f4_dma.o
LOAD ..\obj\tm_stm32f4_spi.o
LOAD ..\obj\spi_sd.o
LOAD ..\obj\stm32f4xx_gpio.o
LOAD ..\obj\system_stm32f4xx.o
LOAD ..\obj\stm32f4xx_dma.o
LOAD ..\obj\disp.o
LOAD ..\obj\stproc.o
LOAD ..\obj\huffman.o
LOAD ..\obj\trigtabs_fixpt.o
LOAD ..\obj\buffers.o
LOAD ..\obj\ff.o
LOAD ..\obj\stm32f4xx_spi.o
LOAD ..\obj\dct32.o
LOAD ..\obj\stm32f4xx_i2c.o
LOAD ..\obj\tm_stm32f4_ili9341.o
LOAD ..\obj\stm32f4xx_exti.o
LOAD ..\obj\misc.o
LOAD ..\obj\Audio.o
LOAD ..\obj\tm_stm32f4_gpio.o
LOAD ..\obj\polyphase.o
LOAD ..\obj\tm_stm32f4_fonts.o
LOAD ..\obj\stm32f4xx_tim.o
START GROUP
LOAD c:/program files (x86)/gnu tools arm embedded/5.2 2015q4/bin/../lib/gcc/arm-none-eabi/5.2.1/armv7e-m\libgcc.a
LOAD c:/program files (x86)/gnu tools arm embedded/5.2 2015q4/bin/../lib/gcc/arm-none-eabi/5.2.1/../../../../arm-none-eabi/lib/armv7e-m\libg.a
LOAD c:/program files (x86)/gnu tools arm embedded/5.2 2015q4/bin/../lib/gcc/arm-none-eabi/5.2.1/../../../../arm-none-eabi/lib/armv7e-m\libc.a
END GROUP
OUTPUT(sdcardv2.elf elf32-littlearm)

.debug_info     0x00000000    0x1395b
 .debug_info    0x00000000      0x87e ..\obj\tm_stm32f4_spi_dma.o
 .debug_info    0x0000087e      0x74f ..\obj\dqchan.o
 .debug_info    0x00000fcd      0x8be ..\obj\scalfact.o
 .debug_info    0x0000188b      0x990 ..\obj\mp3.o
 .debug_info    0x0000221b      0x80e ..\obj\bitstream.o
 .debug_info    0x00002a29      0x774 ..\obj\dequant.o
 .debug_info    0x0000319d      0x1be ..\obj\hufftabs.o
 .debug_info    0x0000335b     0x1271 ..\obj\imdct.o
 .debug_info    0x000045cc      0x1d1 ..\obj\mp3tabs.o
 .debug_info    0x0000479d      0x3d6 ..\obj\subband.o
 .debug_info    0x00004b73       0xed ..\obj\startup_stm32f4xx.o
 .debug_info    0x00004c60      0x60e ..\obj\mp3dec.o
 .debug_info    0x0000526e      0xba4 ..\obj\main.o
 .debug_info    0x00005e12      0xc59 ..\obj\stm32f4xx_rcc.o
 .debug_info    0x00006a6b      0x8b8 ..\obj\sensor.o
 .debug_info    0x00007323      0x9af ..\obj\karta_sd.o
 .debug_info    0x00007cd2      0x913 ..\obj\tm_stm32f4_dma.o
 .debug_info    0x000085e5      0xa95 ..\obj\tm_stm32f4_spi.o
 .debug_info    0x0000907a      0x964 ..\obj\spi_sd.o
 .debug_info    0x000099de      0x61a ..\obj\stm32f4xx_gpio.o
 .debug_info    0x00009ff8      0x596 ..\obj\system_stm32f4xx.o
 .debug_info    0x0000a58e      0x741 ..\obj\stm32f4xx_dma.o
 .debug_info    0x0000accf      0x171 ..\obj\disp.o
 .debug_info    0x0000ae40      0x7f9 ..\obj\stproc.o
 .debug_info    0x0000b639      0xa9e ..\obj\huffman.o
 .debug_info    0x0000c0d7      0x1c4 ..\obj\trigtabs_fixpt.o
 .debug_info    0x0000c29b      0x8e8 ..\obj\buffers.o
 .debug_info    0x0000cb83     0x161e ..\obj\ff.o
 .debug_info    0x0000e1a1      0xb0f ..\obj\stm32f4xx_spi.o
 .debug_info    0x0000ecb0      0x2cd ..\obj\dct32.o
 .debug_info    0x0000ef7d      0xaf7 ..\obj\tm_stm32f4_ili9341.o
 .debug_info    0x0000fa74      0x541 ..\obj\misc.o
 .debug_info    0x0000ffb5      0xf65 ..\obj\Audio.o
 .debug_info    0x00010f1a      0x82d ..\obj\tm_stm32f4_gpio.o
 .debug_info    0x00011747      0x367 ..\obj\polyphase.o
 .debug_info    0x00011aae      0x244 ..\obj\tm_stm32f4_fonts.o
 .debug_info    0x00011cf2     0x1c69 ..\obj\stm32f4xx_tim.o

.debug_abbrev   0x00000000     0x373b
 .debug_abbrev  0x00000000      0x17e ..\obj\tm_stm32f4_spi_dma.o
 .debug_abbrev  0x0000017e      0x16d ..\obj\dqchan.o
 .debug_abbrev  0x000002eb      0x176 ..\obj\scalfact.o
 .debug_abbrev  0x00000461      0x1d6 ..\obj\mp3.o
 .debug_abbrev  0x00000637      0x1d9 ..\obj\bitstream.o
 .debug_abbrev  0x00000810      0x176 ..\obj\dequant.o
 .debug_abbrev  0x00000986       0xad ..\obj\hufftabs.o
 .debug_abbrev  0x00000a33      0x22a ..\obj\imdct.o
 .debug_abbrev  0x00000c5d       0x79 ..\obj\mp3tabs.o
 .debug_abbrev  0x00000cd6      0x113 ..\obj\subband.o
 .debug_abbrev  0x00000de9       0xb0 ..\obj\startup_stm32f4xx.o
 .debug_abbrev  0x00000e99      0x1f8 ..\obj\mp3dec.o
 .debug_abbrev  0x00001091      0x1f4 ..\obj\main.o
 .debug_abbrev  0x00001285      0x1e5 ..\obj\stm32f4xx_rcc.o
 .debug_abbrev  0x0000146a      0x18c ..\obj\sensor.o
 .debug_abbrev  0x000015f6      0x23d ..\obj\karta_sd.o
 .debug_abbrev  0x00001833      0x206 ..\obj\tm_stm32f4_dma.o
 .debug_abbrev  0x00001a39      0x1e6 ..\obj\tm_stm32f4_spi.o
 .debug_abbrev  0x00001c1f      0x261 ..\obj\spi_sd.o
 .debug_abbrev  0x00001e80      0x1a7 ..\obj\stm32f4xx_gpio.o
 .debug_abbrev  0x00002027      0x138 ..\obj\system_stm32f4xx.o
 .debug_abbrev  0x0000215f      0x157 ..\obj\stm32f4xx_dma.o
 .debug_abbrev  0x000022b6       0xea ..\obj\disp.o
 .debug_abbrev  0x000023a0      0x151 ..\obj\stproc.o
 .debug_abbrev  0x000024f1      0x1c8 ..\obj\huffman.o
 .debug_abbrev  0x000026b9       0x68 ..\obj\trigtabs_fixpt.o
 .debug_abbrev  0x00002721      0x17b ..\obj\buffers.o
 .debug_abbrev  0x0000289c      0x1ca ..\obj\ff.o
 .debug_abbrev  0x00002a66      0x169 ..\obj\stm32f4xx_spi.o
 .debug_abbrev  0x00002bcf       0xec ..\obj\dct32.o
 .debug_abbrev  0x00002cbb      0x1b7 ..\obj\tm_stm32f4_ili9341.o
 .debug_abbrev  0x00002e72      0x147 ..\obj\misc.o
 .debug_abbrev  0x00002fb9      0x268 ..\obj\Audio.o
 .debug_abbrev  0x00003221      0x151 ..\obj\tm_stm32f4_gpio.o
 .debug_abbrev  0x00003372      0x159 ..\obj\polyphase.o
 .debug_abbrev  0x000034cb       0xe7 ..\obj\tm_stm32f4_fonts.o
 .debug_abbrev  0x000035b2      0x189 ..\obj\stm32f4xx_tim.o

.debug_aranges  0x00000000     0x11e0
 .debug_aranges
                0x00000000       0x78 ..\obj\tm_stm32f4_spi_dma.o
 .debug_aranges
                0x00000078       0x38 ..\obj\dqchan.o
 .debug_aranges
                0x000000b0       0x30 ..\obj\scalfact.o
 .debug_aranges
                0x000000e0       0x38 ..\obj\mp3.o
 .debug_aranges
                0x00000118       0x50 ..\obj\bitstream.o
 .debug_aranges
                0x00000168       0x28 ..\obj\dequant.o
 .debug_aranges
                0x00000190       0x18 ..\obj\hufftabs.o
 .debug_aranges
                0x000001a8       0x78 ..\obj\imdct.o
 .debug_aranges
                0x00000220       0x18 ..\obj\mp3tabs.o
 .debug_aranges
                0x00000238       0x20 ..\obj\subband.o
 .debug_aranges
                0x00000258       0x28 ..\obj\startup_stm32f4xx.o
 .debug_aranges
                0x00000280       0x58 ..\obj\mp3dec.o
 .debug_aranges
                0x000002d8       0x48 ..\obj\main.o
 .debug_aranges
                0x00000320      0x178 ..\obj\stm32f4xx_rcc.o
 .debug_aranges
                0x00000498       0x68 ..\obj\sensor.o
 .debug_aranges
                0x00000500       0x68 ..\obj\karta_sd.o
 .debug_aranges
                0x00000568       0xf0 ..\obj\tm_stm32f4_dma.o
 .debug_aranges
                0x00000658       0x98 ..\obj\tm_stm32f4_spi.o
 .debug_aranges
                0x000006f0       0xb8 ..\obj\spi_sd.o
 .debug_aranges
                0x000007a8       0x88 ..\obj\stm32f4xx_gpio.o
 .debug_aranges
                0x00000830       0x30 ..\obj\system_stm32f4xx.o
 .debug_aranges
                0x00000860       0xb0 ..\obj\stm32f4xx_dma.o
 .debug_aranges
                0x00000910       0x28 ..\obj\disp.o
 .debug_aranges
                0x00000938       0x40 ..\obj\stproc.o
 .debug_aranges
                0x00000978       0x30 ..\obj\huffman.o
 .debug_aranges
                0x000009a8       0x18 ..\obj\trigtabs_fixpt.o
 .debug_aranges
                0x000009c0       0x30 ..\obj\buffers.o
 .debug_aranges
                0x000009f0      0x158 ..\obj\ff.o
 .debug_aranges
                0x00000b48       0xe0 ..\obj\stm32f4xx_spi.o
 .debug_aranges
                0x00000c28       0x28 ..\obj\dct32.o
 .debug_aranges
                0x00000c50       0xc0 ..\obj\tm_stm32f4_ili9341.o
 .debug_aranges
                0x00000d10       0x40 ..\obj\misc.o
 .debug_aranges
                0x00000d50       0xa0 ..\obj\Audio.o
 .debug_aranges
                0x00000df0       0x98 ..\obj\tm_stm32f4_gpio.o
 .debug_aranges
                0x00000e88       0x40 ..\obj\polyphase.o
 .debug_aranges
                0x00000ec8       0x20 ..\obj\tm_stm32f4_fonts.o
 .debug_aranges
                0x00000ee8      0x2f8 ..\obj\stm32f4xx_tim.o

.debug_ranges   0x00000000      0xf90
 .debug_ranges  0x00000000       0x68 ..\obj\tm_stm32f4_spi_dma.o
 .debug_ranges  0x00000068       0x28 ..\obj\dqchan.o
 .debug_ranges  0x00000090       0x20 ..\obj\scalfact.o
 .debug_ranges  0x000000b0       0x40 ..\obj\mp3.o
 .debug_ranges  0x000000f0       0x40 ..\obj\bitstream.o
 .debug_ranges  0x00000130       0x18 ..\obj\dequant.o
 .debug_ranges  0x00000148       0x68 ..\obj\imdct.o
 .debug_ranges  0x000001b0       0x10 ..\obj\subband.o
 .debug_ranges  0x000001c0       0x18 ..\obj\startup_stm32f4xx.o
 .debug_ranges  0x000001d8       0x48 ..\obj\mp3dec.o
 .debug_ranges  0x00000220       0x38 ..\obj\main.o
 .debug_ranges  0x00000258      0x168 ..\obj\stm32f4xx_rcc.o
 .debug_ranges  0x000003c0       0x58 ..\obj\sensor.o
 .debug_ranges  0x00000418       0x58 ..\obj\karta_sd.o
 .debug_ranges  0x00000470       0xe0 ..\obj\tm_stm32f4_dma.o
 .debug_ranges  0x00000550       0x88 ..\obj\tm_stm32f4_spi.o
 .debug_ranges  0x000005d8       0xa8 ..\obj\spi_sd.o
 .debug_ranges  0x00000680       0x78 ..\obj\stm32f4xx_gpio.o
 .debug_ranges  0x000006f8       0x20 ..\obj\system_stm32f4xx.o
 .debug_ranges  0x00000718       0xa0 ..\obj\stm32f4xx_dma.o
 .debug_ranges  0x000007b8       0x18 ..\obj\disp.o
 .debug_ranges  0x000007d0       0x30 ..\obj\stproc.o
 .debug_ranges  0x00000800       0x20 ..\obj\huffman.o
 .debug_ranges  0x00000820       0x20 ..\obj\buffers.o
 .debug_ranges  0x00000840      0x148 ..\obj\ff.o
 .debug_ranges  0x00000988       0xd0 ..\obj\stm32f4xx_spi.o
 .debug_ranges  0x00000a58       0x18 ..\obj\dct32.o
 .debug_ranges  0x00000a70       0xb0 ..\obj\tm_stm32f4_ili9341.o
 .debug_ranges  0x00000b20       0x30 ..\obj\misc.o
 .debug_ranges  0x00000b50       0x90 ..\obj\Audio.o
 .debug_ranges  0x00000be0       0x88 ..\obj\tm_stm32f4_gpio.o
 .debug_ranges  0x00000c68       0x30 ..\obj\polyphase.o
 .debug_ranges  0x00000c98       0x10 ..\obj\tm_stm32f4_fonts.o
 .debug_ranges  0x00000ca8      0x2e8 ..\obj\stm32f4xx_tim.o

.debug_line     0x00000000     0x89c7
 .debug_line    0x00000000      0x3b5 ..\obj\tm_stm32f4_spi_dma.o
 .debug_line    0x000003b5      0x2bf ..\obj\dqchan.o
 .debug_line    0x00000674      0x321 ..\obj\scalfact.o
 .debug_line    0x00000995      0x3ff ..\obj\mp3.o
 .debug_line    0x00000d94      0x381 ..\obj\bitstream.o
 .debug_line    0x00001115      0x1c9 ..\obj\dequant.o
 .debug_line    0x000012de       0x82 ..\obj\hufftabs.o
 .debug_line    0x00001360      0x695 ..\obj\imdct.o
 .debug_line    0x000019f5       0xcb ..\obj\mp3tabs.o
 .debug_line    0x00001ac0      0x15d ..\obj\subband.o
 .debug_line    0x00001c1d       0xba ..\obj\startup_stm32f4xx.o
 .debug_line    0x00001cd7      0x26f ..\obj\mp3dec.o
 .debug_line    0x00001f46      0x377 ..\obj\main.o
 .debug_line    0x000022bd      0x629 ..\obj\stm32f4xx_rcc.o
 .debug_line    0x000028e6      0x35c ..\obj\sensor.o
 .debug_line    0x00002c42      0x467 ..\obj\karta_sd.o
 .debug_line    0x000030a9      0x4b6 ..\obj\tm_stm32f4_dma.o
 .debug_line    0x0000355f      0x545 ..\obj\tm_stm32f4_spi.o
 .debug_line    0x00003aa4      0x5bc ..\obj\spi_sd.o
 .debug_line    0x00004060      0x3e4 ..\obj\stm32f4xx_gpio.o
 .debug_line    0x00004444      0x234 ..\obj\system_stm32f4xx.o
 .debug_line    0x00004678      0x4ae ..\obj\stm32f4xx_dma.o
 .debug_line    0x00004b26      0x290 ..\obj\disp.o
 .debug_line    0x00004db6      0x341 ..\obj\stproc.o
 .debug_line    0x000050f7      0x30c ..\obj\huffman.o
 .debug_line    0x00005403       0x7d ..\obj\trigtabs_fixpt.o
 .debug_line    0x00005480      0x16f ..\obj\buffers.o
 .debug_line    0x000055ef      0xbad ..\obj\ff.o
 .debug_line    0x0000619c      0x4dd ..\obj\stm32f4xx_spi.o
 .debug_line    0x00006679      0x300 ..\obj\dct32.o
 .debug_line    0x00006979      0x5c1 ..\obj\tm_stm32f4_ili9341.o
 .debug_line    0x00006f3a      0x2c2 ..\obj\misc.o
 .debug_line    0x000071fc      0x46e ..\obj\Audio.o
 .debug_line    0x0000766a      0x3d5 ..\obj\tm_stm32f4_gpio.o
 .debug_line    0x00007a3f      0x282 ..\obj\polyphase.o
 .debug_line    0x00007cc1      0x1c1 ..\obj\tm_stm32f4_fonts.o
 .debug_line    0x00007e82      0xb45 ..\obj\stm32f4xx_tim.o

.debug_str      0x00000000     0x567b
 .debug_str     0x00000000      0x580 ..\obj\tm_stm32f4_spi_dma.o
                                0x5fe (size before relaxing)
 .debug_str     0x00000580      0x307 ..\obj\dqchan.o
                                0x476 (size before relaxing)
 .debug_str     0x00000887      0x272 ..\obj\scalfact.o
                                0x58a (size before relaxing)
 .debug_str     0x00000af9      0x578 ..\obj\mp3.o
                                0x755 (size before relaxing)
 .debug_str     0x00001071      0x1a3 ..\obj\bitstream.o
                                0x5d3 (size before relaxing)
 .debug_str     0x00001214       0x95 ..\obj\dequant.o
                                0x54c (size before relaxing)
 .debug_str     0x000012a9      0x14c ..\obj\hufftabs.o
                                0x274 (size before relaxing)
 .debug_str     0x000013f5      0x224 ..\obj\imdct.o
                                0x657 (size before relaxing)
 .debug_str     0x00001619       0x6a ..\obj\mp3tabs.o
                                0x215 (size before relaxing)
 .debug_str     0x00001683       0x9b ..\obj\subband.o
                                0x361 (size before relaxing)
 .debug_str     0x0000171e       0xc9 ..\obj\startup_stm32f4xx.o
                                0x160 (size before relaxing)
 .debug_str     0x000017e7      0x14a ..\obj\mp3dec.o
                                0x577 (size before relaxing)
 .debug_str     0x00001931      0x81a ..\obj\main.o
                                0xcc4 (size before relaxing)
 .debug_str     0x0000214b      0x5b1 ..\obj\stm32f4xx_rcc.o
                                0x869 (size before relaxing)
 .debug_str     0x000026fc       0xef ..\obj\sensor.o
                                0xadf (size before relaxing)
 .debug_str     0x000027eb      0x162 ..\obj\karta_sd.o
                                0x725 (size before relaxing)
 .debug_str     0x0000294d      0x39a ..\obj\tm_stm32f4_dma.o
                                0xae7 (size before relaxing)
 .debug_str     0x00002ce7      0x386 ..\obj\tm_stm32f4_spi.o
                                0x765 (size before relaxing)
 .debug_str     0x0000306d      0x17b ..\obj\spi_sd.o
                                0x4c6 (size before relaxing)
 .debug_str     0x000031e8      0x1a6 ..\obj\stm32f4xx_gpio.o
                                0x4bc (size before relaxing)
 .debug_str     0x0000338e      0x131 ..\obj\system_stm32f4xx.o
                                0x3c3 (size before relaxing)
 .debug_str     0x000034bf      0x245 ..\obj\stm32f4xx_dma.o
                                0x55b (size before relaxing)
 .debug_str     0x00003704       0x8b ..\obj\disp.o
                                0x1f9 (size before relaxing)
 .debug_str     0x0000378f      0x113 ..\obj\stproc.o
                                0x3c1 (size before relaxing)
 .debug_str     0x000038a2       0xf2 ..\obj\huffman.o
                                0x6b7 (size before relaxing)
 .debug_str     0x00003994       0x84 ..\obj\trigtabs_fixpt.o
                                0x1fd (size before relaxing)
 .debug_str     0x00003a18       0xc9 ..\obj\buffers.o
                                0x615 (size before relaxing)
 .debug_str     0x00003ae1      0x281 ..\obj\ff.o
                                0x5c4 (size before relaxing)
 .debug_str     0x00003d62      0x2f9 ..\obj\stm32f4xx_spi.o
                                0x6a3 (size before relaxing)
 .debug_str     0x0000405b       0x7f ..\obj\dct32.o
                                0x1a9 (size before relaxing)
 .debug_str     0x000040da      0x3e2 ..\obj\tm_stm32f4_ili9341.o
                                0x76d (size before relaxing)
 .debug_str     0x000044bc      0x132 ..\obj\misc.o
                                0x3e7 (size before relaxing)
 .debug_str     0x000045ee      0x239 ..\obj\Audio.o
                                0xcd0 (size before relaxing)
 .debug_str     0x00004827      0x1f6 ..\obj\tm_stm32f4_gpio.o
                                0x5bd (size before relaxing)
 .debug_str     0x00004a1d       0xf0 ..\obj\polyphase.o
                                0x20d (size before relaxing)
 .debug_str     0x00004b0d       0xcf ..\obj\tm_stm32f4_fonts.o
                                0x271 (size before relaxing)
 .debug_str     0x00004bdc      0xa9f ..\obj\stm32f4xx_tim.o
                                0xde9 (size before relaxing)

.comment        0x00000000       0x6e
 .comment       0x00000000       0x6e ..\obj\tm_stm32f4_spi_dma.o
                                 0x6f (size before relaxing)
 .comment       0x0000006e       0x6f ..\obj\dqchan.o
 .comment       0x0000006e       0x6f ..\obj\scalfact.o
 .comment       0x0000006e       0x6f ..\obj\mp3.o
 .comment       0x0000006e       0x6f ..\obj\bitstream.o
 .comment       0x0000006e       0x6f ..\obj\dequant.o
 .comment       0x0000006e       0x6f ..\obj\hufftabs.o
 .comment       0x0000006e       0x6f ..\obj\imdct.o
 .comment       0x0000006e       0x6f ..\obj\mp3tabs.o
 .comment       0x0000006e       0x6f ..\obj\subband.o
 .comment       0x0000006e       0x6f ..\obj\startup_stm32f4xx.o
 .comment       0x0000006e       0x6f ..\obj\mp3dec.o
 .comment       0x0000006e       0x6f ..\obj\main.o
 .comment       0x0000006e       0x6f ..\obj\stm32f4xx_rcc.o
 .comment       0x0000006e       0x6f ..\obj\sensor.o
 .comment       0x0000006e       0x6f ..\obj\karta_sd.o
 .comment       0x0000006e       0x6f ..\obj\tm_stm32f4_dma.o
 .comment       0x0000006e       0x6f ..\obj\tm_stm32f4_spi.o
 .comment       0x0000006e       0x6f ..\obj\spi_sd.o
 .comment       0x0000006e       0x6f ..\obj\stm32f4xx_gpio.o
 .comment       0x0000006e       0x6f ..\obj\system_stm32f4xx.o
 .comment       0x0000006e       0x6f ..\obj\stm32f4xx_dma.o
 .comment       0x0000006e       0x6f ..\obj\disp.o
 .comment       0x0000006e       0x6f ..\obj\stproc.o
 .comment       0x0000006e       0x6f ..\obj\huffman.o
 .comment       0x0000006e       0x6f ..\obj\trigtabs_fixpt.o
 .comment       0x0000006e       0x6f ..\obj\buffers.o
 .comment       0x0000006e       0x6f ..\obj\ff.o
 .comment       0x0000006e       0x6f ..\obj\stm32f4xx_spi.o
 .comment       0x0000006e       0x6f ..\obj\dct32.o
 .comment       0x0000006e       0x6f ..\obj\tm_stm32f4_ili9341.o
 .comment       0x0000006e       0x6f ..\obj\misc.o
 .comment       0x0000006e       0x6f ..\obj\Audio.o
 .comment       0x0000006e       0x6f ..\obj\tm_stm32f4_gpio.o
 .comment       0x0000006e       0x6f ..\obj\polyphase.o
 .comment       0x0000006e       0x6f ..\obj\tm_stm32f4_fonts.o
 .comment       0x0000006e       0x6f ..\obj\stm32f4xx_tim.o

.ARM.attributes
                0x00000000       0x31
 .ARM.attributes
                0x00000000       0x33 ..\obj\tm_stm32f4_spi_dma.o
 .ARM.attributes
                0x00000033       0x33 ..\obj\dqchan.o
 .ARM.attributes
                0x00000066       0x33 ..\obj\scalfact.o
 .ARM.attributes
                0x00000099       0x33 ..\obj\mp3.o
 .ARM.attributes
                0x000000cc       0x33 ..\obj\bitstream.o
 .ARM.attributes
                0x000000ff       0x33 ..\obj\dequant.o
 .ARM.attributes
                0x00000132       0x33 ..\obj\hufftabs.o
 .ARM.attributes
                0x00000165       0x33 ..\obj\imdct.o
 .ARM.attributes
                0x00000198       0x33 ..\obj\mp3tabs.o
 .ARM.attributes
                0x000001cb       0x33 ..\obj\subband.o
 .ARM.attributes
                0x000001fe       0x33 ..\obj\startup_stm32f4xx.o
 .ARM.attributes
                0x00000231       0x33 ..\obj\mp3dec.o
 .ARM.attributes
                0x00000264       0x33 ..\obj\main.o
 .ARM.attributes
                0x00000297       0x33 ..\obj\stm32f4xx_rcc.o
 .ARM.attributes
                0x000002ca       0x33 ..\obj\sensor.o
 .ARM.attributes
                0x000002fd       0x33 ..\obj\karta_sd.o
 .ARM.attributes
                0x00000330       0x33 ..\obj\tm_stm32f4_dma.o
 .ARM.attributes
                0x00000363       0x33 ..\obj\tm_stm32f4_spi.o
 .ARM.attributes
                0x00000396       0x33 ..\obj\spi_sd.o
 .ARM.attributes
                0x000003c9       0x33 ..\obj\stm32f4xx_gpio.o
 .ARM.attributes
                0x000003fc       0x33 ..\obj\system_stm32f4xx.o
 .ARM.attributes
                0x0000042f       0x33 ..\obj\stm32f4xx_dma.o
 .ARM.attributes
                0x00000462       0x33 ..\obj\disp.o
 .ARM.attributes
                0x00000495       0x33 ..\obj\stproc.o
 .ARM.attributes
                0x000004c8       0x33 ..\obj\huffman.o
 .ARM.attributes
                0x000004fb       0x33 ..\obj\trigtabs_fixpt.o
 .ARM.attributes
                0x0000052e       0x33 ..\obj\buffers.o
 .ARM.attributes
                0x00000561       0x33 ..\obj\ff.o
 .ARM.attributes
                0x00000594       0x33 ..\obj\stm32f4xx_spi.o
 .ARM.attributes
                0x000005c7       0x33 ..\obj\dct32.o
 .ARM.attributes
                0x000005fa       0x33 ..\obj\tm_stm32f4_ili9341.o
 .ARM.attributes
                0x0000062d       0x33 ..\obj\misc.o
 .ARM.attributes
                0x00000660       0x33 ..\obj\Audio.o
 .ARM.attributes
                0x00000693       0x33 ..\obj\tm_stm32f4_gpio.o
 .ARM.attributes
                0x000006c6       0x33 ..\obj\polyphase.o
 .ARM.attributes
                0x000006f9       0x33 ..\obj\tm_stm32f4_fonts.o
 .ARM.attributes
                0x0000072c       0x33 ..\obj\stm32f4xx_tim.o
 .ARM.attributes
                0x0000075f       0x1e c:/program files (x86)/gnu tools arm embedded/5.2 2015q4/bin/../lib/gcc/arm-none-eabi/5.2.1/armv7e-m\libgcc.a(_arm_addsubsf3.o)
 .ARM.attributes
                0x0000077d       0x1e c:/program files (x86)/gnu tools arm embedded/5.2 2015q4/bin/../lib/gcc/arm-none-eabi/5.2.1/armv7e-m\libgcc.a(_arm_muldivsf3.o)
 .ARM.attributes
                0x0000079b       0x1e c:/program files (x86)/gnu tools arm embedded/5.2 2015q4/bin/../lib/gcc/arm-none-eabi/5.2.1/armv7e-m\libgcc.a(_arm_fixunssfsi.o)
 .ARM.attributes
                0x000007b9       0x2e c:/program files (x86)/gnu tools arm embedded/5.2 2015q4/bin/../lib/gcc/arm-none-eabi/5.2.1/../../../../arm-none-eabi/lib/armv7e-m\libg.a(lib_a-itoa.o)
 .ARM.attributes
                0x000007e7       0x1c c:/program files (x86)/gnu tools arm embedded/5.2 2015q4/bin/../lib/gcc/arm-none-eabi/5.2.1/../../../../arm-none-eabi/lib/armv7e-m\libg.a(lib_a-memcpy.o)
 .ARM.attributes
                0x00000803       0x2e c:/program files (x86)/gnu tools arm embedded/5.2 2015q4/bin/../lib/gcc/arm-none-eabi/5.2.1/../../../../arm-none-eabi/lib/armv7e-m\libg.a(lib_a-memmove.o)
 .ARM.attributes
                0x00000831       0x1c c:/program files (x86)/gnu tools arm embedded/5.2 2015q4/bin/../lib/gcc/arm-none-eabi/5.2.1/../../../../arm-none-eabi/lib/armv7e-m\libg.a(lib_a-strcmp.o)
 .ARM.attributes
                0x0000084d       0x2e c:/program files (x86)/gnu tools arm embedded/5.2 2015q4/bin/../lib/gcc/arm-none-eabi/5.2.1/../../../../arm-none-eabi/lib/armv7e-m\libg.a(lib_a-strncmp.o)
 .ARM.attributes
                0x0000087b       0x2e c:/program files (x86)/gnu tools arm embedded/5.2 2015q4/bin/../lib/gcc/arm-none-eabi/5.2.1/../../../../arm-none-eabi/lib/armv7e-m\libg.a(lib_a-utoa.o)

.debug_frame    0x00000000     0x4828
 .debug_frame   0x00000000      0x1c4 ..\obj\tm_stm32f4_spi_dma.o
 .debug_frame   0x000001c4       0xb0 ..\obj\dqchan.o
 .debug_frame   0x00000274       0x88 ..\obj\scalfact.o
 .debug_frame   0x000002fc       0xac ..\obj\mp3.o
 .debug_frame   0x000003a8      0x128 ..\obj\bitstream.o
 .debug_frame   0x000004d0       0x64 ..\obj\dequant.o
 .debug_frame   0x00000534      0x1fc ..\obj\imdct.o
 .debug_frame   0x00000730       0x38 ..\obj\subband.o
 .debug_frame   0x00000768       0x4c ..\obj\startup_stm32f4xx.o
 .debug_frame   0x000007b4      0x144 ..\obj\mp3dec.o
 .debug_frame   0x000008f8       0xd4 ..\obj\main.o
 .debug_frame   0x000009cc      0x6d4 ..\obj\stm32f4xx_rcc.o
 .debug_frame   0x000010a0      0x158 ..\obj\sensor.o
 .debug_frame   0x000011f8      0x180 ..\obj\karta_sd.o
 .debug_frame   0x00001378      0x384 ..\obj\tm_stm32f4_dma.o
 .debug_frame   0x000016fc      0x270 ..\obj\tm_stm32f4_spi.o
 .debug_frame   0x0000196c      0x2dc ..\obj\spi_sd.o
 .debug_frame   0x00001c48      0x23c ..\obj\stm32f4xx_gpio.o
 .debug_frame   0x00001e84       0x7c ..\obj\system_stm32f4xx.o
 .debug_frame   0x00001f00      0x308 ..\obj\stm32f4xx_dma.o
 .debug_frame   0x00002208       0x5c ..\obj\disp.o
 .debug_frame   0x00002264       0xd4 ..\obj\stproc.o
 .debug_frame   0x00002338       0x88 ..\obj\huffman.o
 .debug_frame   0x000023c0       0x84 ..\obj\buffers.o
 .debug_frame   0x00002444      0x5e8 ..\obj\ff.o
 .debug_frame   0x00002a2c      0x3f4 ..\obj\stm32f4xx_spi.o
 .debug_frame   0x00002e20       0x60 ..\obj\dct32.o
 .debug_frame   0x00002e80      0x318 ..\obj\tm_stm32f4_ili9341.o
 .debug_frame   0x00003198       0xd8 ..\obj\misc.o
 .debug_frame   0x00003270      0x264 ..\obj\Audio.o
 .debug_frame   0x000034d4      0x274 ..\obj\tm_stm32f4_gpio.o
 .debug_frame   0x00003748       0xe0 ..\obj\polyphase.o
 .debug_frame   0x00003828       0x38 ..\obj\tm_stm32f4_fonts.o
 .debug_frame   0x00003860      0xe54 ..\obj\stm32f4xx_tim.o
 .debug_frame   0x000046b4       0x3c c:/program files (x86)/gnu tools arm embedded/5.2 2015q4/bin/../lib/gcc/arm-none-eabi/5.2.1/../../../../arm-none-eabi/lib/armv7e-m\libg.a(lib_a-itoa.o)
 .debug_frame   0x000046f0       0x30 c:/program files (x86)/gnu tools arm embedded/5.2 2015q4/bin/../lib/gcc/arm-none-eabi/5.2.1/../../../../arm-none-eabi/lib/armv7e-m\libg.a(lib_a-memmove.o)
 .debug_frame   0x00004720       0x68 c:/program files (x86)/gnu tools arm embedded/5.2 2015q4/bin/../lib/gcc/arm-none-eabi/5.2.1/../../../../arm-none-eabi/lib/armv7e-m\libg.a(lib_a-strcmp.o)
 .debug_frame   0x00004788       0x54 c:/program files (x86)/gnu tools arm embedded/5.2 2015q4/bin/../lib/gcc/arm-none-eabi/5.2.1/../../../../arm-none-eabi/lib/armv7e-m\libg.a(lib_a-strncmp.o)
 .debug_frame   0x000047dc       0x4c c:/program files (x86)/gnu tools arm embedded/5.2 2015q4/bin/../lib/gcc/arm-none-eabi/5.2.1/../../../../arm-none-eabi/lib/armv7e-m\libg.a(lib_a-utoa.o)
