Archive member included to satisfy reference by file (symbol)

c:/program files (x86)/gnu tools arm embedded/5.2 2015q4/bin/../lib/gcc/arm-none-eabi/5.2.1/../../../../arm-none-eabi/lib/armv7e-m\libg.a(lib_a-memcpy.o)
                              ..\obj\mp3dec.o (memcpy)
c:/program files (x86)/gnu tools arm embedded/5.2 2015q4/bin/../lib/gcc/arm-none-eabi/5.2.1/../../../../arm-none-eabi/lib/armv7e-m\libg.a(lib_a-memmove.o)
                              ..\obj\mp3dec.o (memmove)

Allocating common symbols
Common symbol       size              file

plik2               0x224             ..\obj\karta_sd.o
petla               0x4               ..\obj\karta_sd.o
f                   0x4               ..\obj\karta_sd.o
wym_tab             0x4               ..\obj\karta_sd.o
file                0x224             ..\obj\karta_sd.o
hMP3Decoder         0x4               ..\obj\karta_sd.o
i                   0x4               ..\obj\karta_sd.o
buffer              0x1000            ..\obj\karta_sd.o
d                   0x4               ..\obj\karta_sd.o
usta                0x224             ..\obj\karta_sd.o
fresult             0x1               ..\obj\karta_sd.o
g_sFatFs            0x230             ..\obj\karta_sd.o
file_read_buffer    0x2000            ..\obj\karta_sd.o
plik                0x224             ..\obj\karta_sd.o
bytes_left          0x4               ..\obj\karta_sd.o
read_ptr            0x4               ..\obj\karta_sd.o
mp3FrameInfo        0x1c              ..\obj\karta_sd.o
tab1                0x1d4c0           ..\obj\karta_sd.o

Discarded input sections

 .text          0x00000000        0x0 ..\obj\stm32f4xx_syscfg.o
 .data          0x00000000        0x0 ..\obj\stm32f4xx_syscfg.o
 .bss           0x00000000        0x0 ..\obj\stm32f4xx_syscfg.o
 .text.SYSCFG_DeInit
                0x00000000       0x1c ..\obj\stm32f4xx_syscfg.o
 .text.SYSCFG_MemoryRemapConfig
                0x00000000       0x20 ..\obj\stm32f4xx_syscfg.o
 .text.SYSCFG_EXTILineConfig
                0x00000000       0x84 ..\obj\stm32f4xx_syscfg.o
 .text.SYSCFG_ETH_MediaInterfaceConfig
                0x00000000       0x1c ..\obj\stm32f4xx_syscfg.o
 .text.SYSCFG_CompensationCellCmd
                0x00000000       0x20 ..\obj\stm32f4xx_syscfg.o
 .text.SYSCFG_GetCompensationCellStatus
                0x00000000       0x30 ..\obj\stm32f4xx_syscfg.o
 .debug_info    0x00000000      0x274 ..\obj\stm32f4xx_syscfg.o
 .debug_abbrev  0x00000000      0x133 ..\obj\stm32f4xx_syscfg.o
 .debug_aranges
                0x00000000       0x48 ..\obj\stm32f4xx_syscfg.o
 .debug_ranges  0x00000000       0x38 ..\obj\stm32f4xx_syscfg.o
 .debug_line    0x00000000      0x204 ..\obj\stm32f4xx_syscfg.o
 .debug_str     0x00000000      0x2e7 ..\obj\stm32f4xx_syscfg.o
 .comment       0x00000000       0x6f ..\obj\stm32f4xx_syscfg.o
 .debug_frame   0x00000000       0xf4 ..\obj\stm32f4xx_syscfg.o
 .ARM.attributes
                0x00000000       0x33 ..\obj\stm32f4xx_syscfg.o
 .text          0x00000000        0x0 ..\obj\dqchan.o
 .data          0x00000000        0x0 ..\obj\dqchan.o
 .bss           0x00000000        0x0 ..\obj\dqchan.o
 .text.MULSHIFT32
                0x00000000       0x24 ..\obj\dqchan.o
 .text.CLZ      0x00000000       0x1c ..\obj\dqchan.o
 .rodata        0x00000000      0x250 ..\obj\dqchan.o
 .text.DequantBlock
                0x00000000      0x264 ..\obj\dqchan.o
 .text.xmp3fixpt_DequantChannel
                0x00000000      0x358 ..\obj\dqchan.o
 .debug_info    0x00000000      0x74f ..\obj\dqchan.o
 .debug_abbrev  0x00000000      0x16d ..\obj\dqchan.o
 .debug_aranges
                0x00000000       0x38 ..\obj\dqchan.o
 .debug_ranges  0x00000000       0x28 ..\obj\dqchan.o
 .debug_line    0x00000000      0x273 ..\obj\dqchan.o
 .debug_str     0x00000000      0x450 ..\obj\dqchan.o
 .comment       0x00000000       0x6f ..\obj\dqchan.o
 .debug_frame   0x00000000       0xb0 ..\obj\dqchan.o
 .ARM.attributes
                0x00000000       0x33 ..\obj\dqchan.o
 .text          0x00000000        0x0 ..\obj\scalfact.o
 .data          0x00000000        0x0 ..\obj\scalfact.o
 .bss           0x00000000        0x0 ..\obj\scalfact.o
 .rodata        0x00000000       0x68 ..\obj\scalfact.o
 .text.UnpackSFMPEG1
                0x00000000      0x308 ..\obj\scalfact.o
 .text.UnpackSFMPEG2
                0x00000000      0x4a4 ..\obj\scalfact.o
 .text.xmp3fixpt_UnpackScaleFactors
                0x00000000      0x1b4 ..\obj\scalfact.o
 .debug_info    0x00000000      0x8be ..\obj\scalfact.o
 .debug_abbrev  0x00000000      0x176 ..\obj\scalfact.o
 .debug_aranges
                0x00000000       0x30 ..\obj\scalfact.o
 .debug_ranges  0x00000000       0x20 ..\obj\scalfact.o
 .debug_line    0x00000000      0x2d5 ..\obj\scalfact.o
 .debug_str     0x00000000      0x564 ..\obj\scalfact.o
 .comment       0x00000000       0x6f ..\obj\scalfact.o
 .debug_frame   0x00000000       0x88 ..\obj\scalfact.o
 .ARM.attributes
                0x00000000       0x33 ..\obj\scalfact.o
 .text          0x00000000        0x0 ..\obj\stm32f4xx_sdio.o
 .data          0x00000000        0x0 ..\obj\stm32f4xx_sdio.o
 .bss           0x00000000        0x0 ..\obj\stm32f4xx_sdio.o
 .text.SDIO_DeInit
                0x00000000       0x1c ..\obj\stm32f4xx_sdio.o
 .text.SDIO_Init
                0x00000000       0x5c ..\obj\stm32f4xx_sdio.o
 .text.SDIO_StructInit
                0x00000000       0x38 ..\obj\stm32f4xx_sdio.o
 .text.SDIO_ClockCmd
                0x00000000       0x20 ..\obj\stm32f4xx_sdio.o
 .text.SDIO_SetPowerState
                0x00000000       0x1c ..\obj\stm32f4xx_sdio.o
 .text.SDIO_GetPowerState
                0x00000000       0x18 ..\obj\stm32f4xx_sdio.o
 .text.SDIO_SendCommand
                0x00000000       0x58 ..\obj\stm32f4xx_sdio.o
 .text.SDIO_CmdStructInit
                0x00000000       0x30 ..\obj\stm32f4xx_sdio.o
 .text.SDIO_GetCommandResponse
                0x00000000       0x18 ..\obj\stm32f4xx_sdio.o
 .text.SDIO_GetResponse
                0x00000000       0x28 ..\obj\stm32f4xx_sdio.o
 .text.SDIO_DataConfig
                0x00000000       0x5c ..\obj\stm32f4xx_sdio.o
 .text.SDIO_DataStructInit
                0x00000000       0x38 ..\obj\stm32f4xx_sdio.o
 .text.SDIO_GetDataCounter
                0x00000000       0x14 ..\obj\stm32f4xx_sdio.o
 .text.SDIO_ReadData
                0x00000000       0x18 ..\obj\stm32f4xx_sdio.o
 .text.SDIO_WriteData
                0x00000000       0x20 ..\obj\stm32f4xx_sdio.o
 .text.SDIO_GetFIFOCount
                0x00000000       0x14 ..\obj\stm32f4xx_sdio.o
 .text.SDIO_StartSDIOReadWait
                0x00000000       0x20 ..\obj\stm32f4xx_sdio.o
 .text.SDIO_StopSDIOReadWait
                0x00000000       0x20 ..\obj\stm32f4xx_sdio.o
 .text.SDIO_SetSDIOReadWaitMode
                0x00000000       0x1c ..\obj\stm32f4xx_sdio.o
 .text.SDIO_SetSDIOOperation
                0x00000000       0x20 ..\obj\stm32f4xx_sdio.o
 .text.SDIO_SendSDIOSuspendCmd
                0x00000000       0x20 ..\obj\stm32f4xx_sdio.o
 .text.SDIO_CommandCompletionCmd
                0x00000000       0x20 ..\obj\stm32f4xx_sdio.o
 .text.SDIO_CEATAITCmd
                0x00000000       0x2c ..\obj\stm32f4xx_sdio.o
 .text.SDIO_SendCEATACmd
                0x00000000       0x20 ..\obj\stm32f4xx_sdio.o
 .text.SDIO_DMACmd
                0x00000000       0x20 ..\obj\stm32f4xx_sdio.o
 .text.SDIO_ITConfig
                0x00000000       0x3c ..\obj\stm32f4xx_sdio.o
 .text.SDIO_GetFlagStatus
                0x00000000       0x34 ..\obj\stm32f4xx_sdio.o
 .text.SDIO_ClearFlag
                0x00000000       0x1c ..\obj\stm32f4xx_sdio.o
 .text.SDIO_GetITStatus
                0x00000000       0x34 ..\obj\stm32f4xx_sdio.o
 .text.SDIO_ClearITPendingBit
                0x00000000       0x1c ..\obj\stm32f4xx_sdio.o
 .debug_info    0x00000000      0x7fd ..\obj\stm32f4xx_sdio.o
 .debug_abbrev  0x00000000      0x179 ..\obj\stm32f4xx_sdio.o
 .debug_aranges
                0x00000000      0x108 ..\obj\stm32f4xx_sdio.o
 .debug_ranges  0x00000000       0xf8 ..\obj\stm32f4xx_sdio.o
 .debug_line    0x00000000      0x425 ..\obj\stm32f4xx_sdio.o
 .debug_str     0x00000000      0x633 ..\obj\stm32f4xx_sdio.o
 .comment       0x00000000       0x6f ..\obj\stm32f4xx_sdio.o
 .debug_frame   0x00000000      0x48c ..\obj\stm32f4xx_sdio.o
 .ARM.attributes
                0x00000000       0x33 ..\obj\stm32f4xx_sdio.o
 .text          0x00000000        0x0 ..\obj\bitstream.o
 .data          0x00000000        0x0 ..\obj\bitstream.o
 .bss           0x00000000        0x0 ..\obj\bitstream.o
 .text.xmp3fixpt_SetBitstreamPointer
                0x00000000       0x30 ..\obj\bitstream.o
 .text.RefillBitstreamCache
                0x00000000       0xe0 ..\obj\bitstream.o
 .text.xmp3fixpt_GetBits
                0x00000000       0x90 ..\obj\bitstream.o
 .text.xmp3fixpt_CalcBitsUsed
                0x00000000       0x38 ..\obj\bitstream.o
 .text.xmp3fixpt_CheckPadBit
                0x00000000       0x3c ..\obj\bitstream.o
 .text.xmp3fixpt_UnpackFrameHeader
                0x00000000      0x304 ..\obj\bitstream.o
 .text.xmp3fixpt_UnpackSideInfo
                0x00000000      0x33c ..\obj\bitstream.o
 .debug_info    0x00000000      0x80e ..\obj\bitstream.o
 .debug_abbrev  0x00000000      0x1d9 ..\obj\bitstream.o
 .debug_aranges
                0x00000000       0x50 ..\obj\bitstream.o
 .debug_ranges  0x00000000       0x40 ..\obj\bitstream.o
 .debug_line    0x00000000      0x335 ..\obj\bitstream.o
 .debug_str     0x00000000      0x5ad ..\obj\bitstream.o
 .comment       0x00000000       0x6f ..\obj\bitstream.o
 .debug_frame   0x00000000      0x128 ..\obj\bitstream.o
 .ARM.attributes
                0x00000000       0x33 ..\obj\bitstream.o
 .text          0x00000000        0x0 ..\obj\dequant.o
 .data          0x00000000        0x0 ..\obj\dequant.o
 .bss           0x00000000        0x0 ..\obj\dequant.o
 .text.CLZ      0x00000000       0x1c ..\obj\dequant.o
 .text.xmp3fixpt_Dequantize
                0x00000000      0x384 ..\obj\dequant.o
 .debug_info    0x00000000      0x774 ..\obj\dequant.o
 .debug_abbrev  0x00000000      0x176 ..\obj\dequant.o
 .debug_aranges
                0x00000000       0x28 ..\obj\dequant.o
 .debug_ranges  0x00000000       0x18 ..\obj\dequant.o
 .debug_line    0x00000000      0x17d ..\obj\dequant.o
 .debug_str     0x00000000      0x526 ..\obj\dequant.o
 .comment       0x00000000       0x6f ..\obj\dequant.o
 .debug_frame   0x00000000       0x64 ..\obj\dequant.o
 .ARM.attributes
                0x00000000       0x33 ..\obj\dequant.o
 .text          0x00000000        0x0 ..\obj\hufftabs.o
 .data          0x00000000        0x0 ..\obj\hufftabs.o
 .bss           0x00000000        0x0 ..\obj\hufftabs.o
 .rodata        0x00000000     0x2304 ..\obj\hufftabs.o
 .debug_info    0x00000000      0x1be ..\obj\hufftabs.o
 .debug_abbrev  0x00000000       0xad ..\obj\hufftabs.o
 .debug_aranges
                0x00000000       0x18 ..\obj\hufftabs.o
 .debug_line    0x00000000       0x5c ..\obj\hufftabs.o
 .debug_str     0x00000000      0x24e ..\obj\hufftabs.o
 .comment       0x00000000       0x6f ..\obj\hufftabs.o
 .ARM.attributes
                0x00000000       0x33 ..\obj\hufftabs.o
 .text          0x00000000        0x0 ..\obj\imdct.o
 .data          0x00000000        0x0 ..\obj\imdct.o
 .bss           0x00000000        0x0 ..\obj\imdct.o
 .text.MULSHIFT32
                0x00000000       0x24 ..\obj\imdct.o
 .text.FASTABS  0x00000000       0x2c ..\obj\imdct.o
 .text.CLZ      0x00000000       0x1c ..\obj\imdct.o
 .text.AntiAlias
                0x00000000      0x360 ..\obj\imdct.o
 .text.WinPrevious
                0x00000000      0x2cc ..\obj\imdct.o
 .text.FreqInvertRescale
                0x00000000      0x34c ..\obj\imdct.o
 .rodata        0x00000000       0x90 ..\obj\imdct.o
 .text.idct9    0x00000000      0x2dc ..\obj\imdct.o
 .text.IMDCT36  0x00000000      0x470 ..\obj\imdct.o
 .text.imdct12  0x00000000      0x198 ..\obj\imdct.o
 .text.IMDCT12x3
                0x00000000      0x430 ..\obj\imdct.o
 .text.HybridTransform
                0x00000000      0x240 ..\obj\imdct.o
 .text.xmp3fixpt_IMDCT
                0x00000000      0x2ac ..\obj\imdct.o
 .debug_info    0x00000000     0x1271 ..\obj\imdct.o
 .debug_abbrev  0x00000000      0x22a ..\obj\imdct.o
 .debug_aranges
                0x00000000       0x78 ..\obj\imdct.o
 .debug_ranges  0x00000000       0x68 ..\obj\imdct.o
 .debug_line    0x00000000      0x649 ..\obj\imdct.o
 .debug_str     0x00000000      0x631 ..\obj\imdct.o
 .comment       0x00000000       0x6f ..\obj\imdct.o
 .debug_frame   0x00000000      0x1fc ..\obj\imdct.o
 .ARM.attributes
                0x00000000       0x33 ..\obj\imdct.o
 .text          0x00000000        0x0 ..\obj\mp3tabs.o
 .data          0x00000000        0x0 ..\obj\mp3tabs.o
 .bss           0x00000000        0x0 ..\obj\mp3tabs.o
 .rodata        0x00000000      0x506 ..\obj\mp3tabs.o
 .debug_info    0x00000000      0x1d1 ..\obj\mp3tabs.o
 .debug_abbrev  0x00000000       0x79 ..\obj\mp3tabs.o
 .debug_aranges
                0x00000000       0x18 ..\obj\mp3tabs.o
 .debug_line    0x00000000       0x7f ..\obj\mp3tabs.o
 .debug_str     0x00000000      0x1ef ..\obj\mp3tabs.o
 .comment       0x00000000       0x6f ..\obj\mp3tabs.o
 .ARM.attributes
                0x00000000       0x33 ..\obj\mp3tabs.o
 .text          0x00000000        0x0 ..\obj\stm32f4xx_dac.o
 .data          0x00000000        0x0 ..\obj\stm32f4xx_dac.o
 .bss           0x00000000        0x0 ..\obj\stm32f4xx_dac.o
 .text.DAC_DeInit
                0x00000000       0x1c ..\obj\stm32f4xx_dac.o
 .text.DAC_Init
                0x00000000       0x64 ..\obj\stm32f4xx_dac.o
 .text.DAC_StructInit
                0x00000000       0x2c ..\obj\stm32f4xx_dac.o
 .text.DAC_Cmd  0x00000000       0x48 ..\obj\stm32f4xx_dac.o
 .text.DAC_SoftwareTriggerCmd
                0x00000000       0x4c ..\obj\stm32f4xx_dac.o
 .text.DAC_DualSoftwareTriggerCmd
                0x00000000       0x38 ..\obj\stm32f4xx_dac.o
 .text.DAC_WaveGenerationCmd
                0x00000000       0x4c ..\obj\stm32f4xx_dac.o
 .text.DAC_SetChannel1Data
                0x00000000       0x34 ..\obj\stm32f4xx_dac.o
 .text.DAC_SetChannel2Data
                0x00000000       0x34 ..\obj\stm32f4xx_dac.o
 .text.DAC_SetDualChannelData
                0x00000000       0x58 ..\obj\stm32f4xx_dac.o
 .text.DAC_GetDataOutputValue
                0x00000000       0x30 ..\obj\stm32f4xx_dac.o
 .text.DAC_DMACmd
                0x00000000       0x4c ..\obj\stm32f4xx_dac.o
 .text.DAC_ITConfig
                0x00000000       0x4c ..\obj\stm32f4xx_dac.o
 .text.DAC_GetFlagStatus
                0x00000000       0x3c ..\obj\stm32f4xx_dac.o
 .text.DAC_ClearFlag
                0x00000000       0x24 ..\obj\stm32f4xx_dac.o
 .text.DAC_GetITStatus
                0x00000000       0x54 ..\obj\stm32f4xx_dac.o
 .text.DAC_ClearITPendingBit
                0x00000000       0x24 ..\obj\stm32f4xx_dac.o
 .debug_info    0x00000000      0x642 ..\obj\stm32f4xx_dac.o
 .debug_abbrev  0x00000000      0x17e ..\obj\stm32f4xx_dac.o
 .debug_aranges
                0x00000000       0xa0 ..\obj\stm32f4xx_dac.o
 .debug_ranges  0x00000000       0x90 ..\obj\stm32f4xx_dac.o
 .debug_line    0x00000000      0x33e ..\obj\stm32f4xx_dac.o
 .debug_str     0x00000000      0x446 ..\obj\stm32f4xx_dac.o
 .comment       0x00000000       0x6f ..\obj\stm32f4xx_dac.o
 .debug_frame   0x00000000      0x2ac ..\obj\stm32f4xx_dac.o
 .ARM.attributes
                0x00000000       0x33 ..\obj\stm32f4xx_dac.o
 .text          0x00000000        0x0 ..\obj\subband.o
 .data          0x00000000        0x0 ..\obj\subband.o
 .bss           0x00000000        0x0 ..\obj\subband.o
 .text.xmp3fixpt_Subband
                0x00000000      0x19c ..\obj\subband.o
 .debug_info    0x00000000      0x3d6 ..\obj\subband.o
 .debug_abbrev  0x00000000      0x113 ..\obj\subband.o
 .debug_aranges
                0x00000000       0x20 ..\obj\subband.o
 .debug_ranges  0x00000000       0x10 ..\obj\subband.o
 .debug_line    0x00000000      0x111 ..\obj\subband.o
 .debug_str     0x00000000      0x33b ..\obj\subband.o
 .comment       0x00000000       0x6f ..\obj\subband.o
 .debug_frame   0x00000000       0x38 ..\obj\subband.o
 .ARM.attributes
                0x00000000       0x33 ..\obj\subband.o
 .text          0x00000000        0x0 ..\obj\startup_stm32f4xx.o
 .data          0x00000000        0x0 ..\obj\startup_stm32f4xx.o
 .bss           0x00000000        0x0 ..\obj\startup_stm32f4xx.o
 .text          0x00000000        0x0 ..\obj\mp3dec.o
 .data          0x00000000        0x0 ..\obj\mp3dec.o
 .bss           0x00000000        0x0 ..\obj\mp3dec.o
 .text.MP3InitDecoder
                0x00000000       0x18 ..\obj\mp3dec.o
 .text.MP3FreeDecoder
                0x00000000       0x24 ..\obj\mp3dec.o
 .text.MP3FindSyncWord
                0x00000000       0x50 ..\obj\mp3dec.o
 .text.MP3FindFreeSync
                0x00000000       0xa0 ..\obj\mp3dec.o
 .text.MP3GetLastFrameInfo
                0x00000000       0xc0 ..\obj\mp3dec.o
 .text.MP3GetNextFrameInfo
                0x00000000       0x50 ..\obj\mp3dec.o
 .text.MP3ClearBadFrame
                0x00000000       0x54 ..\obj\mp3dec.o
 .text.MP3Decode
                0x00000000      0x430 ..\obj\mp3dec.o
 .debug_info    0x00000000      0x60e ..\obj\mp3dec.o
 .debug_abbrev  0x00000000      0x1f8 ..\obj\mp3dec.o
 .debug_aranges
                0x00000000       0x58 ..\obj\mp3dec.o
 .debug_ranges  0x00000000       0x48 ..\obj\mp3dec.o
 .debug_line    0x00000000      0x223 ..\obj\mp3dec.o
 .debug_str     0x00000000      0x551 ..\obj\mp3dec.o
 .comment       0x00000000       0x6f ..\obj\mp3dec.o
 .debug_frame   0x00000000      0x144 ..\obj\mp3dec.o
 .ARM.attributes
                0x00000000       0x33 ..\obj\mp3dec.o
 .text          0x00000000        0x0 ..\obj\main.o
 .data          0x00000000        0x0 ..\obj\main.o
 .bss           0x00000000        0x0 ..\obj\main.o
 .text          0x00000000        0x0 ..\obj\stm32f4xx_rcc.o
 .data          0x00000000       0x10 ..\obj\stm32f4xx_rcc.o
 .bss           0x00000000        0x0 ..\obj\stm32f4xx_rcc.o
 .text.RCC_DeInit
                0x00000000       0x50 ..\obj\stm32f4xx_rcc.o
 .text.RCC_HSEConfig
                0x00000000       0x24 ..\obj\stm32f4xx_rcc.o
 .text.RCC_WaitForHSEStartUp
                0x00000000       0x50 ..\obj\stm32f4xx_rcc.o
 .text.RCC_AdjustHSICalibrationValue
                0x00000000       0x3c ..\obj\stm32f4xx_rcc.o
 .text.RCC_HSICmd
                0x00000000       0x20 ..\obj\stm32f4xx_rcc.o
 .text.RCC_LSEConfig
                0x00000000       0x40 ..\obj\stm32f4xx_rcc.o
 .text.RCC_LSICmd
                0x00000000       0x20 ..\obj\stm32f4xx_rcc.o
 .text.RCC_PLLConfig
                0x00000000       0x3c ..\obj\stm32f4xx_rcc.o
 .text.RCC_PLLCmd
                0x00000000       0x20 ..\obj\stm32f4xx_rcc.o
 .text.RCC_PLLI2SConfig
                0x00000000       0x28 ..\obj\stm32f4xx_rcc.o
 .text.RCC_PLLI2SCmd
                0x00000000       0x20 ..\obj\stm32f4xx_rcc.o
 .text.RCC_ClockSecuritySystemCmd
                0x00000000       0x20 ..\obj\stm32f4xx_rcc.o
 .text.RCC_MCO1Config
                0x00000000       0x3c ..\obj\stm32f4xx_rcc.o
 .text.RCC_MCO2Config
                0x00000000       0x3c ..\obj\stm32f4xx_rcc.o
 .text.RCC_SYSCLKConfig
                0x00000000       0x38 ..\obj\stm32f4xx_rcc.o
 .text.RCC_GetSYSCLKSource
                0x00000000       0x1c ..\obj\stm32f4xx_rcc.o
 .text.RCC_HCLKConfig
                0x00000000       0x38 ..\obj\stm32f4xx_rcc.o
 .text.RCC_PCLK1Config
                0x00000000       0x38 ..\obj\stm32f4xx_rcc.o
 .text.RCC_PCLK2Config
                0x00000000       0x38 ..\obj\stm32f4xx_rcc.o
 .text.RCC_GetClocksFreq
                0x00000000      0x154 ..\obj\stm32f4xx_rcc.o
 .text.RCC_RTCCLKConfig
                0x00000000       0x5c ..\obj\stm32f4xx_rcc.o
 .text.RCC_RTCCLKCmd
                0x00000000       0x20 ..\obj\stm32f4xx_rcc.o
 .text.RCC_BackupResetCmd
                0x00000000       0x20 ..\obj\stm32f4xx_rcc.o
 .text.RCC_I2SCLKConfig
                0x00000000       0x1c ..\obj\stm32f4xx_rcc.o
 .text.RCC_AHB2PeriphClockCmd
                0x00000000       0x3c ..\obj\stm32f4xx_rcc.o
 .text.RCC_AHB3PeriphClockCmd
                0x00000000       0x3c ..\obj\stm32f4xx_rcc.o
 .text.RCC_APB2PeriphClockCmd
                0x00000000       0x3c ..\obj\stm32f4xx_rcc.o
 .text.RCC_AHB1PeriphResetCmd
                0x00000000       0x3c ..\obj\stm32f4xx_rcc.o
 .text.RCC_AHB2PeriphResetCmd
                0x00000000       0x3c ..\obj\stm32f4xx_rcc.o
 .text.RCC_AHB3PeriphResetCmd
                0x00000000       0x3c ..\obj\stm32f4xx_rcc.o
 .text.RCC_AHB1PeriphClockLPModeCmd
                0x00000000       0x3c ..\obj\stm32f4xx_rcc.o
 .text.RCC_AHB2PeriphClockLPModeCmd
                0x00000000       0x3c ..\obj\stm32f4xx_rcc.o
 .text.RCC_AHB3PeriphClockLPModeCmd
                0x00000000       0x3c ..\obj\stm32f4xx_rcc.o
 .text.RCC_APB1PeriphClockLPModeCmd
                0x00000000       0x3c ..\obj\stm32f4xx_rcc.o
 .text.RCC_APB2PeriphClockLPModeCmd
                0x00000000       0x3c ..\obj\stm32f4xx_rcc.o
 .text.RCC_ITConfig
                0x00000000       0x4c ..\obj\stm32f4xx_rcc.o
 .text.RCC_GetFlagStatus
                0x00000000       0x74 ..\obj\stm32f4xx_rcc.o
 .text.RCC_ClearFlag
                0x00000000       0x1c ..\obj\stm32f4xx_rcc.o
 .text.RCC_GetITStatus
                0x00000000       0x34 ..\obj\stm32f4xx_rcc.o
 .text.RCC_ClearITPendingBit
                0x00000000       0x20 ..\obj\stm32f4xx_rcc.o
 .text          0x00000000        0x0 ..\obj\karta_sd.o
 .data          0x00000000        0x0 ..\obj\karta_sd.o
 .text.play_mp3
                0x00000000      0x138 ..\obj\karta_sd.o
 .text.AudioCallback
                0x00000000      0x140 ..\obj\karta_sd.o
 .text.intToStr
                0x00000000      0x128 ..\obj\karta_sd.o
 .text.min      0x00000000       0x24 ..\obj\karta_sd.o
 .text          0x00000000        0x0 ..\obj\stm32f4xx_adc.o
 .data          0x00000000        0x0 ..\obj\stm32f4xx_adc.o
 .bss           0x00000000        0x0 ..\obj\stm32f4xx_adc.o
 .text.ADC_DeInit
                0x00000000       0x1c ..\obj\stm32f4xx_adc.o
 .text.ADC_Init
                0x00000000       0xa8 ..\obj\stm32f4xx_adc.o
 .text.ADC_StructInit
                0x00000000       0x3c ..\obj\stm32f4xx_adc.o
 .text.ADC_CommonInit
                0x00000000       0x50 ..\obj\stm32f4xx_adc.o
 .text.ADC_CommonStructInit
                0x00000000       0x2c ..\obj\stm32f4xx_adc.o
 .text.ADC_Cmd  0x00000000       0x38 ..\obj\stm32f4xx_adc.o
 .text.ADC_AnalogWatchdogCmd
                0x00000000       0x38 ..\obj\stm32f4xx_adc.o
 .text.ADC_AnalogWatchdogThresholdsConfig
                0x00000000       0x28 ..\obj\stm32f4xx_adc.o
 .text.ADC_AnalogWatchdogSingleChannelConfig
                0x00000000       0x38 ..\obj\stm32f4xx_adc.o
 .text.ADC_TempSensorVrefintCmd
                0x00000000       0x38 ..\obj\stm32f4xx_adc.o
 .text.ADC_VBATCmd
                0x00000000       0x38 ..\obj\stm32f4xx_adc.o
 .text.ADC_RegularChannelConfig
                0x00000000      0x194 ..\obj\stm32f4xx_adc.o
 .text.ADC_SoftwareStartConv
                0x00000000       0x20 ..\obj\stm32f4xx_adc.o
 .text.ADC_GetSoftwareStartConvStatus
                0x00000000       0x30 ..\obj\stm32f4xx_adc.o
 .text.ADC_EOCOnEachRegularChannelCmd
                0x00000000       0x38 ..\obj\stm32f4xx_adc.o
 .text.ADC_ContinuousModeCmd
                0x00000000       0x38 ..\obj\stm32f4xx_adc.o
 .text.ADC_DiscModeChannelCountConfig
                0x00000000       0x44 ..\obj\stm32f4xx_adc.o
 .text.ADC_DiscModeCmd
                0x00000000       0x38 ..\obj\stm32f4xx_adc.o
 .text.ADC_GetConversionValue
                0x00000000       0x18 ..\obj\stm32f4xx_adc.o
 .text.ADC_GetMultiModeConversionValue
                0x00000000       0x14 ..\obj\stm32f4xx_adc.o
 .text.ADC_DMACmd
                0x00000000       0x38 ..\obj\stm32f4xx_adc.o
 .text.ADC_DMARequestAfterLastTransferCmd
                0x00000000       0x38 ..\obj\stm32f4xx_adc.o
 .text.ADC_MultiModeDMARequestAfterLastTransferCmd
                0x00000000       0x38 ..\obj\stm32f4xx_adc.o
 .text.ADC_InjectedChannelConfig
                0x00000000      0x120 ..\obj\stm32f4xx_adc.o
 .text.ADC_InjectedSequencerLengthConfig
                0x00000000       0x44 ..\obj\stm32f4xx_adc.o
 .text.ADC_SetInjectedOffset
                0x00000000       0x34 ..\obj\stm32f4xx_adc.o
 .text.ADC_ExternalTrigInjectedConvConfig
                0x00000000       0x34 ..\obj\stm32f4xx_adc.o
 .text.ADC_ExternalTrigInjectedConvEdgeConfig
                0x00000000       0x34 ..\obj\stm32f4xx_adc.o
 .text.ADC_SoftwareStartInjectedConv
                0x00000000       0x20 ..\obj\stm32f4xx_adc.o
 .text.ADC_GetSoftwareStartInjectedConvCmdStatus
                0x00000000       0x30 ..\obj\stm32f4xx_adc.o
 .text.ADC_AutoInjectedConvCmd
                0x00000000       0x38 ..\obj\stm32f4xx_adc.o
 .text.ADC_InjectedDiscModeCmd
                0x00000000       0x38 ..\obj\stm32f4xx_adc.o
 .text.ADC_GetInjectedConversionValue
                0x00000000       0x30 ..\obj\stm32f4xx_adc.o
 .text.ADC_ITConfig
                0x00000000       0x50 ..\obj\stm32f4xx_adc.o
 .text.ADC_GetFlagStatus
                0x00000000       0x34 ..\obj\stm32f4xx_adc.o
 .text.ADC_ClearFlag
                0x00000000       0x20 ..\obj\stm32f4xx_adc.o
 .text.ADC_GetITStatus
                0x00000000       0x5c ..\obj\stm32f4xx_adc.o
 .text.ADC_ClearITPendingBit
                0x00000000       0x2c ..\obj\stm32f4xx_adc.o
 .debug_info    0x00000000      0xc40 ..\obj\stm32f4xx_adc.o
 .debug_abbrev  0x00000000      0x198 ..\obj\stm32f4xx_adc.o
 .debug_aranges
                0x00000000      0x148 ..\obj\stm32f4xx_adc.o
 .debug_ranges  0x00000000      0x138 ..\obj\stm32f4xx_adc.o
 .debug_line    0x00000000      0x549 ..\obj\stm32f4xx_adc.o
 .debug_str     0x00000000      0x7f7 ..\obj\stm32f4xx_adc.o
 .comment       0x00000000       0x6f ..\obj\stm32f4xx_adc.o
 .debug_frame   0x00000000      0x5ec ..\obj\stm32f4xx_adc.o
 .ARM.attributes
                0x00000000       0x33 ..\obj\stm32f4xx_adc.o
 .text          0x00000000        0x0 ..\obj\spi_sd.o
 .text.SPI_SD_Init
                0x00000000       0xac ..\obj\spi_sd.o
 .text.disk_timerproc
                0x00000000       0x48 ..\obj\spi_sd.o
 .text          0x00000000        0x0 ..\obj\stm32f4xx_gpio.o
 .data          0x00000000        0x0 ..\obj\stm32f4xx_gpio.o
 .bss           0x00000000        0x0 ..\obj\stm32f4xx_gpio.o
 .text.GPIO_DeInit
                0x00000000      0x120 ..\obj\stm32f4xx_gpio.o
 .text.GPIO_StructInit
                0x00000000       0x34 ..\obj\stm32f4xx_gpio.o
 .text.GPIO_PinLockConfig
                0x00000000       0x44 ..\obj\stm32f4xx_gpio.o
 .text.GPIO_ReadInputDataBit
                0x00000000       0x34 ..\obj\stm32f4xx_gpio.o
 .text.GPIO_ReadInputData
                0x00000000       0x18 ..\obj\stm32f4xx_gpio.o
 .text.GPIO_ReadOutputDataBit
                0x00000000       0x34 ..\obj\stm32f4xx_gpio.o
 .text.GPIO_ReadOutputData
                0x00000000       0x18 ..\obj\stm32f4xx_gpio.o
 .text.GPIO_WriteBit
                0x00000000       0x30 ..\obj\stm32f4xx_gpio.o
 .text.GPIO_Write
                0x00000000       0x1c ..\obj\stm32f4xx_gpio.o
 .text.GPIO_ToggleBits
                0x00000000       0x24 ..\obj\stm32f4xx_gpio.o
 .text          0x00000000        0x0 ..\obj\system_stm32f4xx.o
 .data          0x00000000       0x14 ..\obj\system_stm32f4xx.o
 .bss           0x00000000        0x0 ..\obj\system_stm32f4xx.o
 .text.SystemCoreClockUpdate
                0x00000000       0xf8 ..\obj\system_stm32f4xx.o
 .text          0x00000000        0x0 ..\obj\stm32f4xx_dma.o
 .data          0x00000000        0x0 ..\obj\stm32f4xx_dma.o
 .bss           0x00000000        0x0 ..\obj\stm32f4xx_dma.o
 .text.DMA_DeInit
                0x00000000      0x1a4 ..\obj\stm32f4xx_dma.o
 .text.DMA_Init
                0x00000000       0xac ..\obj\stm32f4xx_dma.o
 .text.DMA_StructInit
                0x00000000       0x6c ..\obj\stm32f4xx_dma.o
 .text.DMA_Cmd  0x00000000       0x38 ..\obj\stm32f4xx_dma.o
 .text.DMA_PeriphIncOffsetSizeConfig
                0x00000000       0x34 ..\obj\stm32f4xx_dma.o
 .text.DMA_FlowControllerConfig
                0x00000000       0x34 ..\obj\stm32f4xx_dma.o
 .text.DMA_SetCurrDataCounter
                0x00000000       0x1c ..\obj\stm32f4xx_dma.o
 .text.DMA_GetCurrDataCounter
                0x00000000       0x18 ..\obj\stm32f4xx_dma.o
 .text.DMA_DoubleBufferModeConfig
                0x00000000       0x3c ..\obj\stm32f4xx_dma.o
 .text.DMA_DoubleBufferModeCmd
                0x00000000       0x38 ..\obj\stm32f4xx_dma.o
 .text.DMA_MemoryTargetConfig
                0x00000000       0x2c ..\obj\stm32f4xx_dma.o
 .text.DMA_GetCurrentMemoryTarget
                0x00000000       0x30 ..\obj\stm32f4xx_dma.o
 .text.DMA_GetCmdStatus
                0x00000000       0x30 ..\obj\stm32f4xx_dma.o
 .text.DMA_GetFIFOStatus
                0x00000000       0x24 ..\obj\stm32f4xx_dma.o
 .text.DMA_GetFlagStatus
                0x00000000       0x74 ..\obj\stm32f4xx_dma.o
 .text.DMA_ClearFlag
                0x00000000       0x5c ..\obj\stm32f4xx_dma.o
 .text.DMA_ITConfig
                0x00000000       0x74 ..\obj\stm32f4xx_dma.o
 .text.DMA_GetITStatus
                0x00000000       0xac ..\obj\stm32f4xx_dma.o
 .text.DMA_ClearITPendingBit
                0x00000000       0x5c ..\obj\stm32f4xx_dma.o
 .debug_info    0x00000000      0x741 ..\obj\stm32f4xx_dma.o
 .debug_abbrev  0x00000000      0x157 ..\obj\stm32f4xx_dma.o
 .debug_aranges
                0x00000000       0xb0 ..\obj\stm32f4xx_dma.o
 .debug_ranges  0x00000000       0xa0 ..\obj\stm32f4xx_dma.o
 .debug_line    0x00000000      0x416 ..\obj\stm32f4xx_dma.o
 .debug_str     0x00000000      0x535 ..\obj\stm32f4xx_dma.o
 .comment       0x00000000       0x6f ..\obj\stm32f4xx_dma.o
 .debug_frame   0x00000000      0x308 ..\obj\stm32f4xx_dma.o
 .ARM.attributes
                0x00000000       0x33 ..\obj\stm32f4xx_dma.o
 .text          0x00000000        0x0 ..\obj\stproc.o
 .data          0x00000000        0x0 ..\obj\stproc.o
 .bss           0x00000000        0x0 ..\obj\stproc.o
 .text.MULSHIFT32
                0x00000000       0x24 ..\obj\stproc.o
 .text.FASTABS  0x00000000       0x2c ..\obj\stproc.o
 .text.xmp3fixpt_MidSideProc
                0x00000000       0xb4 ..\obj\stproc.o
 .text.xmp3fixpt_IntensityProcMPEG1
                0x00000000      0x428 ..\obj\stproc.o
 .text.xmp3fixpt_IntensityProcMPEG2
                0x00000000      0x4d8 ..\obj\stproc.o
 .debug_info    0x00000000      0x7f9 ..\obj\stproc.o
 .debug_abbrev  0x00000000      0x151 ..\obj\stproc.o
 .debug_aranges
                0x00000000       0x40 ..\obj\stproc.o
 .debug_ranges  0x00000000       0x30 ..\obj\stproc.o
 .debug_line    0x00000000      0x2f5 ..\obj\stproc.o
 .debug_str     0x00000000      0x39b ..\obj\stproc.o
 .comment       0x00000000       0x6f ..\obj\stproc.o
 .debug_frame   0x00000000       0xd4 ..\obj\stproc.o
 .ARM.attributes
                0x00000000       0x33 ..\obj\stproc.o
 .text          0x00000000        0x0 ..\obj\huffman.o
 .data          0x00000000        0x0 ..\obj\huffman.o
 .bss           0x00000000        0x0 ..\obj\huffman.o
 .text.DecodeHuffmanPairs
                0x00000000      0x5d4 ..\obj\huffman.o
 .text.DecodeHuffmanQuads
                0x00000000      0x278 ..\obj\huffman.o
 .text.xmp3fixpt_DecodeHuffman
                0x00000000      0x2d8 ..\obj\huffman.o
 .debug_info    0x00000000      0xa9e ..\obj\huffman.o
 .debug_abbrev  0x00000000      0x1c8 ..\obj\huffman.o
 .debug_aranges
                0x00000000       0x30 ..\obj\huffman.o
 .debug_ranges  0x00000000       0x20 ..\obj\huffman.o
 .debug_line    0x00000000      0x2c0 ..\obj\huffman.o
 .debug_str     0x00000000      0x691 ..\obj\huffman.o
 .comment       0x00000000       0x6f ..\obj\huffman.o
 .debug_frame   0x00000000       0x88 ..\obj\huffman.o
 .ARM.attributes
                0x00000000       0x33 ..\obj\huffman.o
 .text          0x00000000        0x0 ..\obj\trigtabs_fixpt.o
 .data          0x00000000        0x0 ..\obj\trigtabs_fixpt.o
 .bss           0x00000000        0x0 ..\obj\trigtabs_fixpt.o
 .rodata        0x00000000      0x86c ..\obj\trigtabs_fixpt.o
 .debug_info    0x00000000      0x1c4 ..\obj\trigtabs_fixpt.o
 .debug_abbrev  0x00000000       0x68 ..\obj\trigtabs_fixpt.o
 .debug_aranges
                0x00000000       0x18 ..\obj\trigtabs_fixpt.o
 .debug_line    0x00000000       0x57 ..\obj\trigtabs_fixpt.o
 .debug_str     0x00000000      0x1d7 ..\obj\trigtabs_fixpt.o
 .comment       0x00000000       0x6f ..\obj\trigtabs_fixpt.o
 .ARM.attributes
                0x00000000       0x33 ..\obj\trigtabs_fixpt.o
 .text          0x00000000        0x0 ..\obj\buffers.o
 .data          0x00000000        0x0 ..\obj\buffers.o
 .bss           0x00000000     0x5d08 ..\obj\buffers.o
 .text.ClearBuffer
                0x00000000       0x38 ..\obj\buffers.o
 .text.xmp3fixpt_AllocateBuffers
                0x00000000       0xf4 ..\obj\buffers.o
 .text.xmp3fixpt_FreeBuffers
                0x00000000       0x14 ..\obj\buffers.o
 .debug_info    0x00000000      0x8e8 ..\obj\buffers.o
 .debug_abbrev  0x00000000      0x17b ..\obj\buffers.o
 .debug_aranges
                0x00000000       0x30 ..\obj\buffers.o
 .debug_ranges  0x00000000       0x20 ..\obj\buffers.o
 .debug_line    0x00000000      0x123 ..\obj\buffers.o
 .debug_str     0x00000000      0x5ef ..\obj\buffers.o
 .comment       0x00000000       0x6f ..\obj\buffers.o
 .debug_frame   0x00000000       0x84 ..\obj\buffers.o
 .ARM.attributes
                0x00000000       0x33 ..\obj\buffers.o
 .text          0x00000000        0x0 ..\obj\ff.o
 .data          0x00000000        0x0 ..\obj\ff.o
 .text.dir_read
                0x00000000       0x98 ..\obj\ff.o
 .text.dir_remove
                0x00000000       0x54 ..\obj\ff.o
 .text.get_fileinfo
                0x00000000      0x11c ..\obj\ff.o
 .text.f_write  0x00000000      0x310 ..\obj\ff.o
 .text.f_lseek  0x00000000      0x2ac ..\obj\ff.o
 .text.f_opendir
                0x00000000       0xcc ..\obj\ff.o
 .text.f_readdir
                0x00000000       0x90 ..\obj\ff.o
 .text.f_stat   0x00000000       0x70 ..\obj\ff.o
 .text.f_getfree
                0x00000000      0x19c ..\obj\ff.o
 .text.f_truncate
                0x00000000      0x118 ..\obj\ff.o
 .text.f_unlink
                0x00000000      0x17c ..\obj\ff.o
 .text.f_mkdir  0x00000000      0x2b8 ..\obj\ff.o
 .text.f_chmod  0x00000000       0xac ..\obj\ff.o
 .text.f_utime  0x00000000       0xb4 ..\obj\ff.o
 .text.f_rename
                0x00000000      0x208 ..\obj\ff.o
 .text          0x00000000        0x0 ..\obj\stm32f4xx_spi.o
 .data          0x00000000        0x0 ..\obj\stm32f4xx_spi.o
 .bss           0x00000000        0x0 ..\obj\stm32f4xx_spi.o
 .text.I2S_Init
                0x00000000      0x1b4 ..\obj\stm32f4xx_spi.o
 .text.SPI_StructInit
                0x00000000       0x48 ..\obj\stm32f4xx_spi.o
 .text.I2S_StructInit
                0x00000000       0x38 ..\obj\stm32f4xx_spi.o
 .text.I2S_Cmd  0x00000000       0x40 ..\obj\stm32f4xx_spi.o
 .text.SPI_DataSizeConfig
                0x00000000       0x38 ..\obj\stm32f4xx_spi.o
 .text.SPI_BiDirectionalLineConfig
                0x00000000       0x40 ..\obj\stm32f4xx_spi.o
 .text.SPI_NSSInternalSoftwareConfig
                0x00000000       0x44 ..\obj\stm32f4xx_spi.o
 .text.SPI_SSOutputCmd
                0x00000000       0x40 ..\obj\stm32f4xx_spi.o
 .text.SPI_TIModeCmd
                0x00000000       0x40 ..\obj\stm32f4xx_spi.o
 .text.I2S_FullDuplexConfig
                0x00000000       0x9c ..\obj\stm32f4xx_spi.o
 .text.SPI_I2S_ReceiveData
                0x00000000       0x18 ..\obj\stm32f4xx_spi.o
 .text.SPI_CalculateCRC
                0x00000000       0x40 ..\obj\stm32f4xx_spi.o
 .text.SPI_TransmitCRC
                0x00000000       0x24 ..\obj\stm32f4xx_spi.o
 .text.SPI_GetCRC
                0x00000000       0x30 ..\obj\stm32f4xx_spi.o
 .text.SPI_GetCRCPolynomial
                0x00000000       0x18 ..\obj\stm32f4xx_spi.o
 .text.SPI_I2S_DMACmd
                0x00000000       0x48 ..\obj\stm32f4xx_spi.o
 .text.SPI_I2S_ITConfig
                0x00000000       0x60 ..\obj\stm32f4xx_spi.o
 .text.SPI_I2S_ClearFlag
                0x00000000       0x20 ..\obj\stm32f4xx_spi.o
 .text.SPI_I2S_GetITStatus
                0x00000000       0x74 ..\obj\stm32f4xx_spi.o
 .text.SPI_I2S_ClearITPendingBit
                0x00000000       0x34 ..\obj\stm32f4xx_spi.o
 .text          0x00000000        0x0 ..\obj\dct32.o
 .data          0x00000000        0x0 ..\obj\dct32.o
 .bss           0x00000000        0x0 ..\obj\dct32.o
 .text.MULSHIFT32
                0x00000000       0x24 ..\obj\dct32.o
 .rodata        0x00000000       0xc0 ..\obj\dct32.o
 .text.xmp3fixpt_FDCT32
                0x00000000      0xe6c ..\obj\dct32.o
 .debug_info    0x00000000      0x2cd ..\obj\dct32.o
 .debug_abbrev  0x00000000       0xec ..\obj\dct32.o
 .debug_aranges
                0x00000000       0x28 ..\obj\dct32.o
 .debug_ranges  0x00000000       0x18 ..\obj\dct32.o
 .debug_line    0x00000000      0x2da ..\obj\dct32.o
 .debug_str     0x00000000      0x183 ..\obj\dct32.o
 .comment       0x00000000       0x6f ..\obj\dct32.o
 .debug_frame   0x00000000       0x60 ..\obj\dct32.o
 .ARM.attributes
                0x00000000       0x33 ..\obj\dct32.o
 .text          0x00000000        0x0 ..\obj\stm32f4xx_i2c.o
 .data          0x00000000        0x0 ..\obj\stm32f4xx_i2c.o
 .bss           0x00000000        0x0 ..\obj\stm32f4xx_i2c.o
 .text.I2C_DeInit
                0x00000000       0x74 ..\obj\stm32f4xx_i2c.o
 .text.I2C_Init
                0x00000000      0x184 ..\obj\stm32f4xx_i2c.o
 .text.I2C_StructInit
                0x00000000       0x3c ..\obj\stm32f4xx_i2c.o
 .text.I2C_Cmd  0x00000000       0x40 ..\obj\stm32f4xx_i2c.o
 .text.I2C_GenerateSTART
                0x00000000       0x40 ..\obj\stm32f4xx_i2c.o
 .text.I2C_GenerateSTOP
                0x00000000       0x40 ..\obj\stm32f4xx_i2c.o
 .text.I2C_Send7bitAddress
                0x00000000       0x3c ..\obj\stm32f4xx_i2c.o
 .text.I2C_AcknowledgeConfig
                0x00000000       0x40 ..\obj\stm32f4xx_i2c.o
 .text.I2C_OwnAddress2Config
                0x00000000       0x40 ..\obj\stm32f4xx_i2c.o
 .text.I2C_DualAddressCmd
                0x00000000       0x40 ..\obj\stm32f4xx_i2c.o
 .text.I2C_GeneralCallCmd
                0x00000000       0x40 ..\obj\stm32f4xx_i2c.o
 .text.I2C_SoftwareResetCmd
                0x00000000       0x44 ..\obj\stm32f4xx_i2c.o
 .text.I2C_StretchClockCmd
                0x00000000       0x40 ..\obj\stm32f4xx_i2c.o
 .text.I2C_FastModeDutyCycleConfig
                0x00000000       0x40 ..\obj\stm32f4xx_i2c.o
 .text.I2C_NACKPositionConfig
                0x00000000       0x40 ..\obj\stm32f4xx_i2c.o
 .text.I2C_SMBusAlertConfig
                0x00000000       0x40 ..\obj\stm32f4xx_i2c.o
 .text.I2C_ARPCmd
                0x00000000       0x40 ..\obj\stm32f4xx_i2c.o
 .text.I2C_SendData
                0x00000000       0x20 ..\obj\stm32f4xx_i2c.o
 .text.I2C_ReceiveData
                0x00000000       0x1c ..\obj\stm32f4xx_i2c.o
 .text.I2C_TransmitPEC
                0x00000000       0x40 ..\obj\stm32f4xx_i2c.o
 .text.I2C_PECPositionConfig
                0x00000000       0x40 ..\obj\stm32f4xx_i2c.o
 .text.I2C_CalculatePEC
                0x00000000       0x40 ..\obj\stm32f4xx_i2c.o
 .text.I2C_GetPEC
                0x00000000       0x20 ..\obj\stm32f4xx_i2c.o
 .text.I2C_DMACmd
                0x00000000       0x40 ..\obj\stm32f4xx_i2c.o
 .text.I2C_DMALastTransferCmd
                0x00000000       0x40 ..\obj\stm32f4xx_i2c.o
 .text.I2C_ReadRegister
                0x00000000       0x2c ..\obj\stm32f4xx_i2c.o
 .text.I2C_ITConfig
                0x00000000       0x48 ..\obj\stm32f4xx_i2c.o
 .text.I2C_CheckEvent
                0x00000000       0x60 ..\obj\stm32f4xx_i2c.o
 .text.I2C_GetLastEvent
                0x00000000       0x44 ..\obj\stm32f4xx_i2c.o
 .text.I2C_GetFlagStatus
                0x00000000       0x64 ..\obj\stm32f4xx_i2c.o
 .text.I2C_ClearFlag
                0x00000000       0x2c ..\obj\stm32f4xx_i2c.o
 .text.I2C_GetITStatus
                0x00000000       0x58 ..\obj\stm32f4xx_i2c.o
 .text.I2C_ClearITPendingBit
                0x00000000       0x2c ..\obj\stm32f4xx_i2c.o
 .debug_info    0x00000000      0xb00 ..\obj\stm32f4xx_i2c.o
 .debug_abbrev  0x00000000      0x166 ..\obj\stm32f4xx_i2c.o
 .debug_aranges
                0x00000000      0x120 ..\obj\stm32f4xx_i2c.o
 .debug_ranges  0x00000000      0x110 ..\obj\stm32f4xx_i2c.o
 .debug_line    0x00000000      0x4d7 ..\obj\stm32f4xx_i2c.o
 .debug_str     0x00000000      0x658 ..\obj\stm32f4xx_i2c.o
 .comment       0x00000000       0x6f ..\obj\stm32f4xx_i2c.o
 .debug_frame   0x00000000      0x530 ..\obj\stm32f4xx_i2c.o
 .ARM.attributes
                0x00000000       0x33 ..\obj\stm32f4xx_i2c.o
 .text          0x00000000        0x0 ..\obj\stm32f4xx_exti.o
 .data          0x00000000        0x0 ..\obj\stm32f4xx_exti.o
 .bss           0x00000000        0x0 ..\obj\stm32f4xx_exti.o
 .text.EXTI_DeInit
                0x00000000       0x34 ..\obj\stm32f4xx_exti.o
 .text.EXTI_Init
                0x00000000       0xe4 ..\obj\stm32f4xx_exti.o
 .text.EXTI_StructInit
                0x00000000       0x2c ..\obj\stm32f4xx_exti.o
 .text.EXTI_GenerateSWInterrupt
                0x00000000       0x24 ..\obj\stm32f4xx_exti.o
 .text.EXTI_GetFlagStatus
                0x00000000       0x34 ..\obj\stm32f4xx_exti.o
 .text.EXTI_ClearFlag
                0x00000000       0x1c ..\obj\stm32f4xx_exti.o
 .text.EXTI_GetITStatus
                0x00000000       0x48 ..\obj\stm32f4xx_exti.o
 .text.EXTI_ClearITPendingBit
                0x00000000       0x1c ..\obj\stm32f4xx_exti.o
 .debug_info    0x00000000      0x357 ..\obj\stm32f4xx_exti.o
 .debug_abbrev  0x00000000      0x1a9 ..\obj\stm32f4xx_exti.o
 .debug_aranges
                0x00000000       0x58 ..\obj\stm32f4xx_exti.o
 .debug_ranges  0x00000000       0x48 ..\obj\stm32f4xx_exti.o
 .debug_line    0x00000000      0x28d ..\obj\stm32f4xx_exti.o
 .debug_str     0x00000000      0x34c ..\obj\stm32f4xx_exti.o
 .comment       0x00000000       0x6f ..\obj\stm32f4xx_exti.o
 .debug_frame   0x00000000      0x148 ..\obj\stm32f4xx_exti.o
 .ARM.attributes
                0x00000000       0x33 ..\obj\stm32f4xx_exti.o
 .text          0x00000000        0x0 ..\obj\misc.o
 .data          0x00000000        0x0 ..\obj\misc.o
 .bss           0x00000000        0x0 ..\obj\misc.o
 .text.NVIC_PriorityGroupConfig
                0x00000000       0x24 ..\obj\misc.o
 .text.NVIC_Init
                0x00000000       0xc0 ..\obj\misc.o
 .text.NVIC_SetVectorTable
                0x00000000       0x2c ..\obj\misc.o
 .text.NVIC_SystemLPConfig
                0x00000000       0x40 ..\obj\misc.o
 .text.SysTick_CLKSourceConfig
                0x00000000       0x38 ..\obj\misc.o
 .debug_info    0x00000000      0x541 ..\obj\misc.o
 .debug_abbrev  0x00000000      0x147 ..\obj\misc.o
 .debug_aranges
                0x00000000       0x40 ..\obj\misc.o
 .debug_ranges  0x00000000       0x30 ..\obj\misc.o
 .debug_line    0x00000000      0x22a ..\obj\misc.o
 .debug_str     0x00000000      0x3c1 ..\obj\misc.o
 .comment       0x00000000       0x6f ..\obj\misc.o
 .debug_frame   0x00000000       0xd8 ..\obj\misc.o
 .ARM.attributes
                0x00000000       0x33 ..\obj\misc.o
 .text          0x00000000        0x0 ..\obj\Audio.o
 .data          0x00000000        0x0 ..\obj\Audio.o
 .text.NVIC_EnableIRQ
                0x00000000       0x30 ..\obj\Audio.o
 .text.NVIC_DisableIRQ
                0x00000000       0x34 ..\obj\Audio.o
 .text.NVIC_SetPriority
                0x00000000       0x54 ..\obj\Audio.o
 .text.InitializeAudio
                0x00000000      0x2c8 ..\obj\Audio.o
 .text.AudioOn  0x00000000       0x1c ..\obj\Audio.o
 .text.AudioOff
                0x00000000       0x1c ..\obj\Audio.o
 .text.SetAudioVolume
                0x00000000       0x30 ..\obj\Audio.o
 .text.OutputAudioSample
                0x00000000       0x30 ..\obj\Audio.o
 .text.OutputAudioSampleWithoutBlocking
                0x00000000       0x20 ..\obj\Audio.o
 .text.PlayAudioWithCallback
                0x00000000       0x70 ..\obj\Audio.o
 .text.StopAudio
                0x00000000       0x30 ..\obj\Audio.o
 .text.ProvideAudioBuffer
                0x00000000       0x2c ..\obj\Audio.o
 .text.ProvideAudioBufferWithoutBlocking
                0x00000000       0x58 ..\obj\Audio.o
 .text.WriteRegister
                0x00000000       0xa8 ..\obj\Audio.o
 .text.StopAudioDMA
                0x00000000       0x34 ..\obj\Audio.o
 .text          0x00000000        0x0 ..\obj\polyphase.o
 .data          0x00000000        0x0 ..\obj\polyphase.o
 .bss           0x00000000        0x0 ..\obj\polyphase.o
 .text.MADD64   0x00000000       0x38 ..\obj\polyphase.o
 .text.SAR64    0x00000000       0x40 ..\obj\polyphase.o
 .text.ClipToShort
                0x00000000       0x40 ..\obj\polyphase.o
 .text.xmp3fixpt_PolyphaseMono
                0x00000000      0x784 ..\obj\polyphase.o
 .text.xmp3fixpt_PolyphaseStereo
                0x00000000      0xd0c ..\obj\polyphase.o
 .debug_info    0x00000000      0x367 ..\obj\polyphase.o
 .debug_abbrev  0x00000000      0x159 ..\obj\polyphase.o
 .debug_aranges
                0x00000000       0x40 ..\obj\polyphase.o
 .debug_ranges  0x00000000       0x30 ..\obj\polyphase.o
 .debug_line    0x00000000      0x236 ..\obj\polyphase.o
 .debug_str     0x00000000      0x1e7 ..\obj\polyphase.o
 .comment       0x00000000       0x6f ..\obj\polyphase.o
 .debug_frame   0x00000000       0xe0 ..\obj\polyphase.o
 .ARM.attributes
                0x00000000       0x33 ..\obj\polyphase.o
 .text          0x00000000        0x0 ..\obj\stm32f4xx_tim.o
 .data          0x00000000        0x0 ..\obj\stm32f4xx_tim.o
 .bss           0x00000000        0x0 ..\obj\stm32f4xx_tim.o
 .text.TIM_DeInit
                0x00000000      0x1c0 ..\obj\stm32f4xx_tim.o
 .text.TIM_TimeBaseInit
                0x00000000       0xd4 ..\obj\stm32f4xx_tim.o
 .text.TIM_TimeBaseStructInit
                0x00000000       0x34 ..\obj\stm32f4xx_tim.o
 .text.TIM_PrescalerConfig
                0x00000000       0x28 ..\obj\stm32f4xx_tim.o
 .text.TIM_CounterModeConfig
                0x00000000       0x38 ..\obj\stm32f4xx_tim.o
 .text.TIM_SetCounter
                0x00000000       0x1c ..\obj\stm32f4xx_tim.o
 .text.TIM_SetAutoreload
                0x00000000       0x1c ..\obj\stm32f4xx_tim.o
 .text.TIM_GetCounter
                0x00000000       0x18 ..\obj\stm32f4xx_tim.o
 .text.TIM_GetPrescaler
                0x00000000       0x18 ..\obj\stm32f4xx_tim.o
 .text.TIM_UpdateDisableConfig
                0x00000000       0x40 ..\obj\stm32f4xx_tim.o
 .text.TIM_UpdateRequestConfig
                0x00000000       0x40 ..\obj\stm32f4xx_tim.o
 .text.TIM_ARRPreloadConfig
                0x00000000       0x40 ..\obj\stm32f4xx_tim.o
 .text.TIM_SelectOnePulseMode
                0x00000000       0x38 ..\obj\stm32f4xx_tim.o
 .text.TIM_SetClockDivision
                0x00000000       0x38 ..\obj\stm32f4xx_tim.o
 .text.TIM_Cmd  0x00000000       0x40 ..\obj\stm32f4xx_tim.o
 .text.TIM_OC1Init
                0x00000000       0xf4 ..\obj\stm32f4xx_tim.o
 .text.TIM_OC2Init
                0x00000000      0x110 ..\obj\stm32f4xx_tim.o
 .text.TIM_OC3Init
                0x00000000      0x10c ..\obj\stm32f4xx_tim.o
 .text.TIM_OC4Init
                0x00000000       0xcc ..\obj\stm32f4xx_tim.o
 .text.TIM_OCStructInit
                0x00000000       0x44 ..\obj\stm32f4xx_tim.o
 .text.TIM_SelectOCxM
                0x00000000       0xb0 ..\obj\stm32f4xx_tim.o
 .text.TIM_SetCompare1
                0x00000000       0x1c ..\obj\stm32f4xx_tim.o
 .text.TIM_SetCompare2
                0x00000000       0x1c ..\obj\stm32f4xx_tim.o
 .text.TIM_SetCompare3
                0x00000000       0x1c ..\obj\stm32f4xx_tim.o
 .text.TIM_SetCompare4
                0x00000000       0x1c ..\obj\stm32f4xx_tim.o
 .text.TIM_ForcedOC1Config
                0x00000000       0x38 ..\obj\stm32f4xx_tim.o
 .text.TIM_ForcedOC2Config
                0x00000000       0x3c ..\obj\stm32f4xx_tim.o
 .text.TIM_ForcedOC3Config
                0x00000000       0x38 ..\obj\stm32f4xx_tim.o
 .text.TIM_ForcedOC4Config
                0x00000000       0x3c ..\obj\stm32f4xx_tim.o
 .text.TIM_OC1PreloadConfig
                0x00000000       0x38 ..\obj\stm32f4xx_tim.o
 .text.TIM_OC2PreloadConfig
                0x00000000       0x3c ..\obj\stm32f4xx_tim.o
 .text.TIM_OC3PreloadConfig
                0x00000000       0x38 ..\obj\stm32f4xx_tim.o
 .text.TIM_OC4PreloadConfig
                0x00000000       0x3c ..\obj\stm32f4xx_tim.o
 .text.TIM_OC1FastConfig
                0x00000000       0x38 ..\obj\stm32f4xx_tim.o
 .text.TIM_OC2FastConfig
                0x00000000       0x3c ..\obj\stm32f4xx_tim.o
 .text.TIM_OC3FastConfig
                0x00000000       0x38 ..\obj\stm32f4xx_tim.o
 .text.TIM_OC4FastConfig
                0x00000000       0x3c ..\obj\stm32f4xx_tim.o
 .text.TIM_ClearOC1Ref
                0x00000000       0x38 ..\obj\stm32f4xx_tim.o
 .text.TIM_ClearOC2Ref
                0x00000000       0x3c ..\obj\stm32f4xx_tim.o
 .text.TIM_ClearOC3Ref
                0x00000000       0x38 ..\obj\stm32f4xx_tim.o
 .text.TIM_ClearOC4Ref
                0x00000000       0x3c ..\obj\stm32f4xx_tim.o
 .text.TIM_OC1PolarityConfig
                0x00000000       0x38 ..\obj\stm32f4xx_tim.o
 .text.TIM_OC1NPolarityConfig
                0x00000000       0x38 ..\obj\stm32f4xx_tim.o
 .text.TIM_OC2PolarityConfig
                0x00000000       0x3c ..\obj\stm32f4xx_tim.o
 .text.TIM_OC2NPolarityConfig
                0x00000000       0x3c ..\obj\stm32f4xx_tim.o
 .text.TIM_OC3PolarityConfig
                0x00000000       0x3c ..\obj\stm32f4xx_tim.o
 .text.TIM_OC3NPolarityConfig
                0x00000000       0x3c ..\obj\stm32f4xx_tim.o
 .text.TIM_OC4PolarityConfig
                0x00000000       0x3c ..\obj\stm32f4xx_tim.o
 .text.TIM_CCxCmd
                0x00000000       0x5c ..\obj\stm32f4xx_tim.o
 .text.TIM_CCxNCmd
                0x00000000       0x5c ..\obj\stm32f4xx_tim.o
 .text.TIM_ICInit
                0x00000000       0xa8 ..\obj\stm32f4xx_tim.o
 .text.TIM_ICStructInit
                0x00000000       0x30 ..\obj\stm32f4xx_tim.o
 .text.TIM_PWMIConfig
                0x00000000       0xb8 ..\obj\stm32f4xx_tim.o
 .text.TIM_GetCapture1
                0x00000000       0x18 ..\obj\stm32f4xx_tim.o
 .text.TIM_GetCapture2
                0x00000000       0x18 ..\obj\stm32f4xx_tim.o
 .text.TIM_GetCapture3
                0x00000000       0x18 ..\obj\stm32f4xx_tim.o
 .text.TIM_GetCapture4
                0x00000000       0x18 ..\obj\stm32f4xx_tim.o
 .text.TIM_SetIC1Prescaler
                0x00000000       0x38 ..\obj\stm32f4xx_tim.o
 .text.TIM_SetIC2Prescaler
                0x00000000       0x3c ..\obj\stm32f4xx_tim.o
 .text.TIM_SetIC3Prescaler
                0x00000000       0x38 ..\obj\stm32f4xx_tim.o
 .text.TIM_SetIC4Prescaler
                0x00000000       0x3c ..\obj\stm32f4xx_tim.o
 .text.TIM_BDTRConfig
                0x00000000       0x50 ..\obj\stm32f4xx_tim.o
 .text.TIM_BDTRStructInit
                0x00000000       0x3c ..\obj\stm32f4xx_tim.o
 .text.TIM_CtrlPWMOutputs
                0x00000000       0x4c ..\obj\stm32f4xx_tim.o
 .text.TIM_SelectCOM
                0x00000000       0x40 ..\obj\stm32f4xx_tim.o
 .text.TIM_CCPreloadControl
                0x00000000       0x40 ..\obj\stm32f4xx_tim.o
 .text.TIM_ITConfig
                0x00000000       0x48 ..\obj\stm32f4xx_tim.o
 .text.TIM_GenerateEvent
                0x00000000       0x1c ..\obj\stm32f4xx_tim.o
 .text.TIM_GetFlagStatus
                0x00000000       0x38 ..\obj\stm32f4xx_tim.o
 .text.TIM_ClearFlag
                0x00000000       0x20 ..\obj\stm32f4xx_tim.o
 .text.TIM_GetITStatus
                0x00000000       0x54 ..\obj\stm32f4xx_tim.o
 .text.TIM_ClearITPendingBit
                0x00000000       0x20 ..\obj\stm32f4xx_tim.o
 .text.TIM_DMAConfig
                0x00000000       0x28 ..\obj\stm32f4xx_tim.o
 .text.TIM_DMACmd
                0x00000000       0x48 ..\obj\stm32f4xx_tim.o
 .text.TIM_SelectCCDMA
                0x00000000       0x40 ..\obj\stm32f4xx_tim.o
 .text.TIM_InternalClockConfig
                0x00000000       0x24 ..\obj\stm32f4xx_tim.o
 .text.TIM_ITRxExternalClockConfig
                0x00000000       0x30 ..\obj\stm32f4xx_tim.o
 .text.TIM_TIxExternalClockConfig
                0x00000000       0x5c ..\obj\stm32f4xx_tim.o
 .text.TIM_ETRClockMode1Config
                0x00000000       0x60 ..\obj\stm32f4xx_tim.o
 .text.TIM_ETRClockMode2Config
                0x00000000       0x40 ..\obj\stm32f4xx_tim.o
 .text.TIM_SelectInputTrigger
                0x00000000       0x38 ..\obj\stm32f4xx_tim.o
 .text.TIM_SelectOutputTrigger
                0x00000000       0x38 ..\obj\stm32f4xx_tim.o
 .text.TIM_SelectSlaveMode
                0x00000000       0x38 ..\obj\stm32f4xx_tim.o
 .text.TIM_SelectMasterSlaveMode
                0x00000000       0x38 ..\obj\stm32f4xx_tim.o
 .text.TIM_ETRConfig
                0x00000000       0x54 ..\obj\stm32f4xx_tim.o
 .text.TIM_EncoderInterfaceConfig
                0x00000000       0x98 ..\obj\stm32f4xx_tim.o
 .text.TIM_SelectHallSensor
                0x00000000       0x40 ..\obj\stm32f4xx_tim.o
 .text.TIM_RemapConfig
                0x00000000       0x20 ..\obj\stm32f4xx_tim.o
 .text.TI1_Config
                0x00000000       0x84 ..\obj\stm32f4xx_tim.o
 .text.TI2_Config
                0x00000000       0x98 ..\obj\stm32f4xx_tim.o
 .text.TI3_Config
                0x00000000       0x90 ..\obj\stm32f4xx_tim.o
 .text.TI4_Config
                0x00000000       0x9c ..\obj\stm32f4xx_tim.o
 .debug_info    0x00000000     0x1c69 ..\obj\stm32f4xx_tim.o
 .debug_abbrev  0x00000000      0x189 ..\obj\stm32f4xx_tim.o
 .debug_aranges
                0x00000000      0x2f8 ..\obj\stm32f4xx_tim.o
 .debug_ranges  0x00000000      0x2e8 ..\obj\stm32f4xx_tim.o
 .debug_line    0x00000000      0xaad ..\obj\stm32f4xx_tim.o
 .debug_str     0x00000000      0xdc3 ..\obj\stm32f4xx_tim.o
 .comment       0x00000000       0x6f ..\obj\stm32f4xx_tim.o
 .debug_frame   0x00000000      0xe54 ..\obj\stm32f4xx_tim.o
 .ARM.attributes
                0x00000000       0x33 ..\obj\stm32f4xx_tim.o
 .text          0x00000000      0x134 c:/program files (x86)/gnu tools arm embedded/5.2 2015q4/bin/../lib/gcc/arm-none-eabi/5.2.1/../../../../arm-none-eabi/lib/armv7e-m\libg.a(lib_a-memcpy.o)
 .data          0x00000000        0x0 c:/program files (x86)/gnu tools arm embedded/5.2 2015q4/bin/../lib/gcc/arm-none-eabi/5.2.1/../../../../arm-none-eabi/lib/armv7e-m\libg.a(lib_a-memcpy.o)
 .bss           0x00000000        0x0 c:/program files (x86)/gnu tools arm embedded/5.2 2015q4/bin/../lib/gcc/arm-none-eabi/5.2.1/../../../../arm-none-eabi/lib/armv7e-m\libg.a(lib_a-memcpy.o)
 .ARM.attributes
                0x00000000       0x1c c:/program files (x86)/gnu tools arm embedded/5.2 2015q4/bin/../lib/gcc/arm-none-eabi/5.2.1/../../../../arm-none-eabi/lib/armv7e-m\libg.a(lib_a-memcpy.o)
 .text          0x00000000        0x0 c:/program files (x86)/gnu tools arm embedded/5.2 2015q4/bin/../lib/gcc/arm-none-eabi/5.2.1/../../../../arm-none-eabi/lib/armv7e-m\libg.a(lib_a-memmove.o)
 .data          0x00000000        0x0 c:/program files (x86)/gnu tools arm embedded/5.2 2015q4/bin/../lib/gcc/arm-none-eabi/5.2.1/../../../../arm-none-eabi/lib/armv7e-m\libg.a(lib_a-memmove.o)
 .bss           0x00000000        0x0 c:/program files (x86)/gnu tools arm embedded/5.2 2015q4/bin/../lib/gcc/arm-none-eabi/5.2.1/../../../../arm-none-eabi/lib/armv7e-m\libg.a(lib_a-memmove.o)
 .text.memmove  0x00000000       0xc8 c:/program files (x86)/gnu tools arm embedded/5.2 2015q4/bin/../lib/gcc/arm-none-eabi/5.2.1/../../../../arm-none-eabi/lib/armv7e-m\libg.a(lib_a-memmove.o)
 .debug_frame   0x00000000       0x30 c:/program files (x86)/gnu tools arm embedded/5.2 2015q4/bin/../lib/gcc/arm-none-eabi/5.2.1/../../../../arm-none-eabi/lib/armv7e-m\libg.a(lib_a-memmove.o)
 .ARM.attributes
                0x00000000       0x2e c:/program files (x86)/gnu tools arm embedded/5.2 2015q4/bin/../lib/gcc/arm-none-eabi/5.2.1/../../../../arm-none-eabi/lib/armv7e-m\libg.a(lib_a-memmove.o)

Memory Configuration

Name             Origin             Length             Attributes
rom              0x08000000         0x00100000         xr
ram              0x20000000         0x00020000         xrw
ram1             0x10000000         0x00010000         xrw
*default*        0x00000000         0xffffffff

Linker script and memory map

                0x20020000                _eram = 0x20020000

.text           0x08000000     0x32c0
 *(.isr_vector)
 .isr_vector    0x08000000      0x188 ..\obj\startup_stm32f4xx.o
                0x08000000                g_pfnVectors
 *(.text*)
 .text.Default_Reset_Handler
                0x08000188       0x5c ..\obj\startup_stm32f4xx.o
                0x08000188                Default_Reset_Handler
                0x08000188                Reset_Handler
 .text.Default_Handler
                0x080001e4        0x8 ..\obj\startup_stm32f4xx.o
                0x080001e4                RTC_Alarm_IRQHandler
                0x080001e4                HASH_RNG_IRQHandler
                0x080001e4                EXTI2_IRQHandler
                0x080001e4                TIM8_CC_IRQHandler
                0x080001e4                DebugMon_Handler
                0x080001e4                TIM1_CC_IRQHandler
                0x080001e4                DMA2_Stream5_IRQHandler
                0x080001e4                HardFault_Handler
                0x080001e4                DMA1_Stream5_IRQHandler
                0x080001e4                SysTick_Handler
                0x080001e4                PVD_IRQHandler
                0x080001e4                SDIO_IRQHandler
                0x080001e4                TAMP_STAMP_IRQHandler
                0x080001e4                PendSV_Handler
                0x080001e4                NMI_Handler
                0x080001e4                CAN2_RX1_IRQHandler
                0x080001e4                EXTI3_IRQHandler
                0x080001e4                TIM8_TRG_COM_TIM14_IRQHandler
                0x080001e4                TIM1_UP_TIM10_IRQHandler
                0x080001e4                TIM8_UP_TIM13_IRQHandler
                0x080001e4                I2C3_ER_IRQHandler
                0x080001e4                EXTI0_IRQHandler
                0x080001e4                I2C2_EV_IRQHandler
                0x080001e4                DMA1_Stream2_IRQHandler
                0x080001e4                CAN1_RX0_IRQHandler
                0x080001e4                FPU_IRQHandler
                0x080001e4                OTG_HS_WKUP_IRQHandler
                0x080001e4                UsageFault_Handler
                0x080001e4                CAN2_SCE_IRQHandler
                0x080001e4                DMA2_Stream2_IRQHandler
                0x080001e4                SPI1_IRQHandler
                0x080001e4                TIM6_DAC_IRQHandler
                0x080001e4                TIM1_BRK_TIM9_IRQHandler
                0x080001e4                DCMI_IRQHandler
                0x080001e4                CAN2_RX0_IRQHandler
                0x080001e4                DMA2_Stream3_IRQHandler
                0x080001e4                USART6_IRQHandler
                0x080001e4                USART3_IRQHandler
                0x080001e4                CRYP_IRQHandler
                0x080001e4                CAN1_RX1_IRQHandler
                0x080001e4                UART5_IRQHandler
                0x080001e4                DMA2_Stream0_IRQHandler
                0x080001e4                TIM4_IRQHandler
                0x080001e4                I2C1_EV_IRQHandler
                0x080001e4                DMA1_Stream6_IRQHandler
                0x080001e4                DMA1_Stream1_IRQHandler
                0x080001e4                UART4_IRQHandler
                0x080001e4                TIM3_IRQHandler
                0x080001e4                RCC_IRQHandler
                0x080001e4                TIM8_BRK_TIM12_IRQHandler
                0x080001e4                EXTI15_10_IRQHandler
                0x080001e4                ADC_IRQHandler
                0x080001e4                TIM7_IRQHandler
                0x080001e4                CAN2_TX_IRQHandler
                0x080001e4                TIM5_IRQHandler
                0x080001e4                DMA2_Stream7_IRQHandler
                0x080001e4                I2C3_EV_IRQHandler
                0x080001e4                EXTI9_5_IRQHandler
                0x080001e4                RTC_WKUP_IRQHandler
                0x080001e4                ETH_WKUP_IRQHandler
                0x080001e4                SPI2_IRQHandler
                0x080001e4                OTG_HS_EP1_IN_IRQHandler
                0x080001e4                MemManage_Handler
                0x080001e4                DMA1_Stream0_IRQHandler
                0x080001e4                CAN1_TX_IRQHandler
                0x080001e4                SVC_Handler
                0x080001e4                EXTI4_IRQHandler
                0x080001e4                FSMC_IRQHandler
                0x080001e4                ETH_IRQHandler
                0x080001e4                OTG_HS_EP1_OUT_IRQHandler
                0x080001e4                WWDG_IRQHandler
                0x080001e4                TIM2_IRQHandler
                0x080001e4                OTG_FS_WKUP_IRQHandler
                0x080001e4                TIM1_TRG_COM_TIM11_IRQHandler
                0x080001e4                OTG_HS_IRQHandler
                0x080001e4                EXTI1_IRQHandler
                0x080001e4                USART2_IRQHandler
                0x080001e4                I2C2_ER_IRQHandler
                0x080001e4                DMA2_Stream1_IRQHandler
                0x080001e4                CAN1_SCE_IRQHandler
                0x080001e4                FLASH_IRQHandler
                0x080001e4                DMA2_Stream4_IRQHandler
                0x080001e4                BusFault_Handler
                0x080001e4                USART1_IRQHandler
                0x080001e4                OTG_FS_IRQHandler
                0x080001e4                SPI3_IRQHandler
                0x080001e4                DMA1_Stream4_IRQHandler
                0x080001e4                I2C1_ER_IRQHandler
                0x080001e4                DMA2_Stream6_IRQHandler
                0x080001e4                DMA1_Stream3_IRQHandler
 .text.LED_GPIO_conf
                0x080001ec       0x3c ..\obj\main.o
                0x080001ec                LED_GPIO_conf
 .text.main     0x08000228       0x78 ..\obj\main.o
                0x08000228                main
 .text.RCC_AHB1PeriphClockCmd
                0x080002a0       0x3c ..\obj\stm32f4xx_rcc.o
                0x080002a0                RCC_AHB1PeriphClockCmd
 .text.RCC_APB1PeriphClockCmd
                0x080002dc       0x3c ..\obj\stm32f4xx_rcc.o
                0x080002dc                RCC_APB1PeriphClockCmd
 .text.RCC_APB1PeriphResetCmd
                0x08000318       0x3c ..\obj\stm32f4xx_rcc.o
                0x08000318                RCC_APB1PeriphResetCmd
 .text.RCC_APB2PeriphResetCmd
                0x08000354       0x3c ..\obj\stm32f4xx_rcc.o
                0x08000354                RCC_APB2PeriphResetCmd
 .text.rcvr_spi
                0x08000390       0x48 ..\obj\karta_sd.o
 .text.wait_ready
                0x080003d8       0x38 ..\obj\karta_sd.o
 .text.xmit_spi
                0x08000410       0x48 ..\obj\karta_sd.o
 .text.send_cmd
                0x08000458       0xa4 ..\obj\karta_sd.o
 .text.ini_spi  0x080004fc       0xe8 ..\obj\karta_sd.o
                0x080004fc                ini_spi
 .text.ini_karta_sd
                0x080005e4       0x60 ..\obj\karta_sd.o
                0x080005e4                ini_karta_sd
 .text.start_sd
                0x08000644       0x14 ..\obj\karta_sd.o
                0x08000644                start_sd
 .text.otwarcie_pliku
                0x08000658       0x84 ..\obj\karta_sd.o
                0x08000658                otwarcie_pliku
 .text.SELECT   0x080006dc       0x20 ..\obj\spi_sd.o
 .text.DESELECT
                0x080006fc       0x20 ..\obj\spi_sd.o
 .text.xmit_spi
                0x0800071c       0x30 ..\obj\spi_sd.o
 .text.rcvr_spi
                0x0800074c       0x48 ..\obj\spi_sd.o
 .text.rcvr_spi_m
                0x08000794       0x1c ..\obj\spi_sd.o
 .text.wait_ready
                0x080007b0       0x38 ..\obj\spi_sd.o
 .text.power_on
                0x080007e8       0x34 ..\obj\spi_sd.o
 .text.power_off
                0x0800081c       0x18 ..\obj\spi_sd.o
 .text.chk_power
                0x08000834       0x14 ..\obj\spi_sd.o
 .text.rcvr_datablock
                0x08000848       0x6c ..\obj\spi_sd.o
 .text.xmit_datablock
                0x080008b4       0xa8 ..\obj\spi_sd.o
 .text.send_cmd
                0x0800095c       0xa4 ..\obj\spi_sd.o
 .text.disk_initialize
                0x08000a00      0x1d4 ..\obj\spi_sd.o
                0x08000a00                disk_initialize
 .text.disk_status
                0x08000bd4       0x28 ..\obj\spi_sd.o
                0x08000bd4                disk_status
 .text.disk_read
                0x08000bfc       0xd8 ..\obj\spi_sd.o
                0x08000bfc                disk_read
 .text.disk_write
                0x08000cd4      0x110 ..\obj\spi_sd.o
                0x08000cd4                disk_write
 .text.disk_ioctl
                0x08000de4      0x260 ..\obj\spi_sd.o
                0x08000de4                disk_ioctl
 .text.get_fattime
                0x08001044       0x14 ..\obj\spi_sd.o
                0x08001044                get_fattime
 .text.GPIO_Init
                0x08001058      0x11c ..\obj\stm32f4xx_gpio.o
                0x08001058                GPIO_Init
 .text.GPIO_SetBits
                0x08001174       0x1c ..\obj\stm32f4xx_gpio.o
                0x08001174                GPIO_SetBits
 .text.GPIO_ResetBits
                0x08001190       0x1c ..\obj\stm32f4xx_gpio.o
                0x08001190                GPIO_ResetBits
 .text.GPIO_PinAFConfig
                0x080011ac       0x90 ..\obj\stm32f4xx_gpio.o
                0x080011ac                GPIO_PinAFConfig
 .text.SystemInit
                0x0800123c       0x5c ..\obj\system_stm32f4xx.o
                0x0800123c                SystemInit
 .text.SetSysClock
                0x08001298       0xf4 ..\obj\system_stm32f4xx.o
 .text.mem_cpy  0x0800138c       0x3c ..\obj\ff.o
 .text.mem_set  0x080013c8       0x34 ..\obj\ff.o
 .text.mem_cmp  0x080013fc       0x4c ..\obj\ff.o
 .text.chk_chr  0x08001448       0x34 ..\obj\ff.o
 .text.move_window
                0x0800147c       0xb4 ..\obj\ff.o
 .text.sync     0x08001530      0x13c ..\obj\ff.o
 .text.clust2sect
                0x0800166c       0x3c ..\obj\ff.o
                0x0800166c                clust2sect
 .text.get_fat  0x080016a8      0x160 ..\obj\ff.o
                0x080016a8                get_fat
 .text.put_fat  0x08001808      0x1fc ..\obj\ff.o
                0x08001808                put_fat
 .text.remove_chain
                0x08001a04       0xa0 ..\obj\ff.o
 .text.create_chain
                0x08001aa4      0x114 ..\obj\ff.o
 .text.dir_sdi  0x08001bb8      0x104 ..\obj\ff.o
 .text.dir_next
                0x08001cbc      0x1a8 ..\obj\ff.o
 .text.dir_find
                0x08001e64       0x98 ..\obj\ff.o
 .text.dir_register
                0x08001efc       0xb0 ..\obj\ff.o
 .text.create_name
                0x08001fac      0x168 ..\obj\ff.o
 .text.follow_path
                0x08002114       0xfc ..\obj\ff.o
 .text.check_fs
                0x08002210       0xd0 ..\obj\ff.o
 .text.chk_mounted
                0x080022e0      0x524 ..\obj\ff.o
 .text.validate
                0x08002804       0x4c ..\obj\ff.o
 .text.f_mount  0x08002850       0x54 ..\obj\ff.o
                0x08002850                f_mount
 .text.f_open   0x080028a4      0x2d8 ..\obj\ff.o
                0x080028a4                f_open
 .text.f_read   0x08002b7c      0x2b4 ..\obj\ff.o
                0x08002b7c                f_read
 .text.f_sync   0x08002e30      0x170 ..\obj\ff.o
                0x08002e30                f_sync
 .text.f_close  0x08002fa0       0x28 ..\obj\ff.o
                0x08002fa0                f_close
 .text.SPI_I2S_DeInit
                0x08002fc8       0x74 ..\obj\stm32f4xx_spi.o
                0x08002fc8                SPI_I2S_DeInit
 .text.SPI_Init
                0x0800303c       0x88 ..\obj\stm32f4xx_spi.o
                0x0800303c                SPI_Init
 .text.SPI_Cmd  0x080030c4       0x40 ..\obj\stm32f4xx_spi.o
                0x080030c4                SPI_Cmd
 .text.SPI_I2S_SendData
                0x08003104       0x1c ..\obj\stm32f4xx_spi.o
                0x08003104                SPI_I2S_SendData
 .text.SPI_I2S_GetFlagStatus
                0x08003120       0x38 ..\obj\stm32f4xx_spi.o
                0x08003120                SPI_I2S_GetFlagStatus
 .text.StartAudioDMAAndRequestBuffers
                0x08003158       0x8c ..\obj\Audio.o
 .text.DMA1_Stream7_IRQHandler
                0x080031e4       0x34 ..\obj\Audio.o
                0x080031e4                DMA1_Stream7_IRQHandler
 *(.init)
 *(.fini)
 *crtbegin.o(.ctors)
 *crtbegin?.o(.ctors)
 *(EXCLUDE_FILE(*crtend.o *crtend?.o) .ctors)
 *(SORT(.ctors.*))
 *(.ctors)
 *crtbegin.o(.dtors)
 *crtbegin?.o(.dtors)
 *(EXCLUDE_FILE(*crtend.o *crtend?.o) .dtors)
 *(SORT(.dtors.*))
 *(.dtors)
 *(.rodata*)
 .rodata        0x08003218        0xb ..\obj\main.o
 *fill*         0x08003223        0x1 
 .rodata        0x08003224        0xb ..\obj\karta_sd.o
 *fill*         0x0800322f        0x1 
 .rodata        0x08003230       0x90 ..\obj\ff.o
 *(.eh_fram e*)

.glue_7         0x080032c0        0x0
 .glue_7        0x080032c0        0x0 linker stubs

.glue_7t        0x080032c0        0x0
 .glue_7t       0x080032c0        0x0 linker stubs

.vfp11_veneer   0x080032c0        0x0
 .vfp11_veneer  0x080032c0        0x0 linker stubs

.v4_bx          0x080032c0        0x0
 .v4_bx         0x080032c0        0x0 linker stubs

.iplt           0x080032c0        0x0
 .iplt          0x080032c0        0x0 ..\obj\stm32f4xx_syscfg.o

.rel.dyn        0x080032c0        0x0
 .rel.iplt      0x080032c0        0x0 ..\obj\stm32f4xx_syscfg.o

.ARM.extab
 *(.ARM.extab* .gnu.linkonce.armextab.*)
                0x080032c0                __exidx_start = .

.ARM.exidx
 *(.ARM.exidx* .gnu.linkonce.armexidx.*)
                0x080032c0                __exidx_end = .
                0x080032c0                __etext = .
                0x080032c0                _sidata = __etext

.data           0x20000000        0x4 load address 0x080032c0
                0x20000000                __data_start__ = .
                0x20000000                _sdata = __data_start__
 *(vtable)
 *(.data*)
 .data          0x20000000        0x1 ..\obj\spi_sd.o
                0x20000004                . = ALIGN (0x4)
 *fill*         0x20000001        0x3 
                [!provide]                PROVIDE (__preinit_array_start, .)
 *(.preinit_array)
                [!provide]                PROVIDE (__preinit_array_end, .)
                0x20000004                . = ALIGN (0x4)
                [!provide]                PROVIDE (__init_array_start, .)
 *(SORT(.init_array.*))
 *(.init_array)
                [!provide]                PROVIDE (__init_array_end, .)
                0x20000004                . = ALIGN (0x4)
                [!provide]                PROVIDE (__fini_array_start, .)
 *(SORT(.fini_array.*))
 *(.fini_array)
                [!provide]                PROVIDE (__fini_array_end, .)
 *(.jcr*)
                0x20000004                . = ALIGN (0x4)
                0x20000004                __data_end__ = .
                0x20000004                _edata = __data_end__

.igot.plt       0x20000004        0x0 load address 0x080032c4
 .igot.plt      0x20000004        0x0 ..\obj\stm32f4xx_syscfg.o

.bss            0x20000004    0x24fe8 load address 0x080032c4
                0x20000004                . = ALIGN (0x4)
                0x20000004                __bss_start__ = .
                0x20000004                _sbss = __bss_start__
 *(.bss*)
 .bss           0x20000004     0x4004 ..\obj\karta_sd.o
 .bss           0x20004008        0x4 ..\obj\spi_sd.o
 .bss           0x2000400c        0x6 ..\obj\ff.o
 *fill*         0x20004012        0x2 
 .bss           0x20004014       0x15 ..\obj\Audio.o
 *(COMMON)
 *fill*         0x20004029        0x3 
 COMMON         0x2000402c    0x20fc0 ..\obj\karta_sd.o
                0x2000402c                plik2
                0x20004250                petla
                0x20004254                f
                0x20004258                wym_tab
                0x2000425c                file
                0x20004480                hMP3Decoder
                0x20004484                i
                0x20004488                buffer
                0x20005488                d
                0x2000548c                usta
                0x200056b0                fresult
                0x200056b4                g_sFatFs
                0x200058e4                file_read_buffer
                0x200078e4                plik
                0x20007b08                bytes_left
                0x20007b0c                read_ptr
                0x20007b10                mp3FrameInfo
                0x20007b2c                tab1
                0x20024fec                . = ALIGN (0x4)
                0x20024fec                __bss_end__ = .
                0x20024fec                _ebss = __bss_end__

.heap           0x20024fec        0x0
                0x20024fec                __end__ = .
                0x20024fec                _end = __end__
                0x20024fec                end = __end__
 *(.heap*)
                0x20024fec                __HeapLimit = .

.co_stack       0x20024fec      0x804 load address 0x080282ac
                0x20024ff0                . = ALIGN (0x8)
 *fill*         0x20024fec        0x4 
 *(.co_stack .co_stack.*)
 .co_stack      0x20024ff0      0x800 ..\obj\startup_stm32f4xx.o
                0x20024ff0                pulStack
                0x20020000                __StackTop = (ORIGIN (ram) + LENGTH (ram))
                0x2001f7fc                __StackLimit = (__StackTop - SIZEOF (.co_stack))
                [!provide]                PROVIDE (__stack, __StackTop)
                0x00000000                ASSERT ((__StackLimit >= __HeapLimit), region ram  overflowed with stack)
LOAD ..\obj\stm32f4xx_syscfg.o
LOAD ..\obj\dqchan.o
LOAD ..\obj\scalfact.o
LOAD ..\obj\stm32f4xx_sdio.o
LOAD ..\obj\bitstream.o
LOAD ..\obj\dequant.o
LOAD ..\obj\hufftabs.o
LOAD ..\obj\imdct.o
LOAD ..\obj\mp3tabs.o
LOAD ..\obj\stm32f4xx_dac.o
LOAD ..\obj\subband.o
LOAD ..\obj\startup_stm32f4xx.o
LOAD ..\obj\mp3dec.o
LOAD ..\obj\main.o
LOAD ..\obj\stm32f4xx_rcc.o
LOAD ..\obj\karta_sd.o
LOAD ..\obj\stm32f4xx_adc.o
LOAD ..\obj\spi_sd.o
LOAD ..\obj\stm32f4xx_gpio.o
LOAD ..\obj\system_stm32f4xx.o
LOAD ..\obj\stm32f4xx_dma.o
LOAD ..\obj\stproc.o
LOAD ..\obj\huffman.o
LOAD ..\obj\trigtabs_fixpt.o
LOAD ..\obj\buffers.o
LOAD ..\obj\ff.o
LOAD ..\obj\stm32f4xx_spi.o
LOAD ..\obj\dct32.o
LOAD ..\obj\stm32f4xx_i2c.o
LOAD ..\obj\stm32f4xx_exti.o
LOAD ..\obj\misc.o
LOAD ..\obj\Audio.o
LOAD ..\obj\polyphase.o
LOAD ..\obj\stm32f4xx_tim.o
START GROUP
LOAD c:/program files (x86)/gnu tools arm embedded/5.2 2015q4/bin/../lib/gcc/arm-none-eabi/5.2.1/armv7e-m\libgcc.a
LOAD c:/program files (x86)/gnu tools arm embedded/5.2 2015q4/bin/../lib/gcc/arm-none-eabi/5.2.1/../../../../arm-none-eabi/lib/armv7e-m\libg.a
LOAD c:/program files (x86)/gnu tools arm embedded/5.2 2015q4/bin/../lib/gcc/arm-none-eabi/5.2.1/../../../../arm-none-eabi/lib/armv7e-m\libc.a
END GROUP
OUTPUT(sdcardv2.elf elf32-littlearm)

.debug_info     0x00000000     0x62bf
 .debug_info    0x00000000       0xed ..\obj\startup_stm32f4xx.o
 .debug_info    0x000000ed      0x31b ..\obj\main.o
 .debug_info    0x00000408      0xc59 ..\obj\stm32f4xx_rcc.o
 .debug_info    0x00001061      0xcb8 ..\obj\karta_sd.o
 .debug_info    0x00001d19      0x964 ..\obj\spi_sd.o
 .debug_info    0x0000267d      0x61a ..\obj\stm32f4xx_gpio.o
 .debug_info    0x00002c97      0x596 ..\obj\system_stm32f4xx.o
 .debug_info    0x0000322d     0x161e ..\obj\ff.o
 .debug_info    0x0000484b      0xb0f ..\obj\stm32f4xx_spi.o
 .debug_info    0x0000535a      0xf65 ..\obj\Audio.o

.debug_abbrev   0x00000000     0x11c0
 .debug_abbrev  0x00000000       0xb0 ..\obj\startup_stm32f4xx.o
 .debug_abbrev  0x000000b0      0x15e ..\obj\main.o
 .debug_abbrev  0x0000020e      0x1e5 ..\obj\stm32f4xx_rcc.o
 .debug_abbrev  0x000003f3      0x2f2 ..\obj\karta_sd.o
 .debug_abbrev  0x000006e5      0x261 ..\obj\spi_sd.o
 .debug_abbrev  0x00000946      0x1a7 ..\obj\stm32f4xx_gpio.o
 .debug_abbrev  0x00000aed      0x138 ..\obj\system_stm32f4xx.o
 .debug_abbrev  0x00000c25      0x1ca ..\obj\ff.o
 .debug_abbrev  0x00000def      0x169 ..\obj\stm32f4xx_spi.o
 .debug_abbrev  0x00000f58      0x268 ..\obj\Audio.o

.debug_aranges  0x00000000      0x688
 .debug_aranges
                0x00000000       0x28 ..\obj\startup_stm32f4xx.o
 .debug_aranges
                0x00000028       0x28 ..\obj\main.o
 .debug_aranges
                0x00000050      0x178 ..\obj\stm32f4xx_rcc.o
 .debug_aranges
                0x000001c8       0x78 ..\obj\karta_sd.o
 .debug_aranges
                0x00000240       0xb8 ..\obj\spi_sd.o
 .debug_aranges
                0x000002f8       0x88 ..\obj\stm32f4xx_gpio.o
 .debug_aranges
                0x00000380       0x30 ..\obj\system_stm32f4xx.o
 .debug_aranges
                0x000003b0      0x158 ..\obj\ff.o
 .debug_aranges
                0x00000508       0xe0 ..\obj\stm32f4xx_spi.o
 .debug_aranges
                0x000005e8       0xa0 ..\obj\Audio.o

.debug_ranges   0x00000000      0x5e8
 .debug_ranges  0x00000000       0x18 ..\obj\startup_stm32f4xx.o
 .debug_ranges  0x00000018       0x18 ..\obj\main.o
 .debug_ranges  0x00000030      0x168 ..\obj\stm32f4xx_rcc.o
 .debug_ranges  0x00000198       0x68 ..\obj\karta_sd.o
 .debug_ranges  0x00000200       0xa8 ..\obj\spi_sd.o
 .debug_ranges  0x000002a8       0x78 ..\obj\stm32f4xx_gpio.o
 .debug_ranges  0x00000320       0x20 ..\obj\system_stm32f4xx.o
 .debug_ranges  0x00000340      0x148 ..\obj\ff.o
 .debug_ranges  0x00000488       0xd0 ..\obj\stm32f4xx_spi.o
 .debug_ranges  0x00000558       0x90 ..\obj\Audio.o

.debug_line     0x00000000     0x2a9c
 .debug_line    0x00000000       0x94 ..\obj\startup_stm32f4xx.o
 .debug_line    0x00000094      0x1ef ..\obj\main.o
 .debug_line    0x00000283      0x591 ..\obj\stm32f4xx_rcc.o
 .debug_line    0x00000814      0x468 ..\obj\karta_sd.o
 .debug_line    0x00000c7c      0x54a ..\obj\spi_sd.o
 .debug_line    0x000011c6      0x34c ..\obj\stm32f4xx_gpio.o
 .debug_line    0x00001512      0x1e8 ..\obj\system_stm32f4xx.o
 .debug_line    0x000016fa      0xb87 ..\obj\ff.o
 .debug_line    0x00002281      0x445 ..\obj\stm32f4xx_spi.o
 .debug_line    0x000026c6      0x3d6 ..\obj\Audio.o

.debug_str      0x00000000     0x2132
 .debug_str     0x00000000      0x128 ..\obj\startup_stm32f4xx.o
                                0x13a (size before relaxing)
 .debug_str     0x00000128      0x275 ..\obj\main.o
                                0x352 (size before relaxing)
 .debug_str     0x0000039d      0x69c ..\obj\stm32f4xx_rcc.o
                                0x843 (size before relaxing)
 .debug_str     0x00000a39      0x5e0 ..\obj\karta_sd.o
                                0x99b (size before relaxing)
 .debug_str     0x00001019      0x160 ..\obj\spi_sd.o
                                0x4a0 (size before relaxing)
 .debug_str     0x00001179      0x196 ..\obj\stm32f4xx_gpio.o
                                0x496 (size before relaxing)
 .debug_str     0x0000130f      0x10b ..\obj\system_stm32f4xx.o
                                0x39d (size before relaxing)
 .debug_str     0x0000141a      0x267 ..\obj\ff.o
                                0x59e (size before relaxing)
 .debug_str     0x00001681      0x2fd ..\obj\stm32f4xx_spi.o
                                0x67d (size before relaxing)
 .debug_str     0x0000197e      0x7b4 ..\obj\Audio.o
                                0xcaa (size before relaxing)

.comment        0x00000000       0x6e
 .comment       0x00000000       0x6e ..\obj\startup_stm32f4xx.o
                                 0x6f (size before relaxing)
 .comment       0x0000006e       0x6f ..\obj\main.o
 .comment       0x0000006e       0x6f ..\obj\stm32f4xx_rcc.o
 .comment       0x0000006e       0x6f ..\obj\karta_sd.o
 .comment       0x0000006e       0x6f ..\obj\spi_sd.o
 .comment       0x0000006e       0x6f ..\obj\stm32f4xx_gpio.o
 .comment       0x0000006e       0x6f ..\obj\system_stm32f4xx.o
 .comment       0x0000006e       0x6f ..\obj\ff.o
 .comment       0x0000006e       0x6f ..\obj\stm32f4xx_spi.o
 .comment       0x0000006e       0x6f ..\obj\Audio.o

.ARM.attributes
                0x00000000       0x31
 .ARM.attributes
                0x00000000       0x33 ..\obj\startup_stm32f4xx.o
 .ARM.attributes
                0x00000033       0x33 ..\obj\main.o
 .ARM.attributes
                0x00000066       0x33 ..\obj\stm32f4xx_rcc.o
 .ARM.attributes
                0x00000099       0x33 ..\obj\karta_sd.o
 .ARM.attributes
                0x000000cc       0x33 ..\obj\spi_sd.o
 .ARM.attributes
                0x000000ff       0x33 ..\obj\stm32f4xx_gpio.o
 .ARM.attributes
                0x00000132       0x33 ..\obj\system_stm32f4xx.o
 .ARM.attributes
                0x00000165       0x33 ..\obj\ff.o
 .ARM.attributes
                0x00000198       0x33 ..\obj\stm32f4xx_spi.o
 .ARM.attributes
                0x000001cb       0x33 ..\obj\Audio.o

.debug_frame    0x00000000     0x1b18
 .debug_frame   0x00000000       0x4c ..\obj\startup_stm32f4xx.o
 .debug_frame   0x0000004c       0x54 ..\obj\main.o
 .debug_frame   0x000000a0      0x6d4 ..\obj\stm32f4xx_rcc.o
 .debug_frame   0x00000774      0x1d0 ..\obj\karta_sd.o
 .debug_frame   0x00000944      0x2dc ..\obj\spi_sd.o
 .debug_frame   0x00000c20      0x23c ..\obj\stm32f4xx_gpio.o
 .debug_frame   0x00000e5c       0x7c ..\obj\system_stm32f4xx.o
 .debug_frame   0x00000ed8      0x5e8 ..\obj\ff.o
 .debug_frame   0x000014c0      0x3f4 ..\obj\stm32f4xx_spi.o
 .debug_frame   0x000018b4      0x264 ..\obj\Audio.o
