Archive member included to satisfy reference by file (symbol)

c:/program files (x86)/gnu tools arm embedded/5.2 2015q4/bin/../lib/gcc/arm-none-eabi/5.2.1/armv7e-m\libgcc.a(_arm_addsubsf3.o)
                              ..\obj\main.o (__aeabi_fsub)
c:/program files (x86)/gnu tools arm embedded/5.2 2015q4/bin/../lib/gcc/arm-none-eabi/5.2.1/armv7e-m\libgcc.a(_arm_muldivsf3.o)
                              ..\obj\main.o (__aeabi_fdiv)
c:/program files (x86)/gnu tools arm embedded/5.2 2015q4/bin/../lib/gcc/arm-none-eabi/5.2.1/armv7e-m\libgcc.a(_arm_fixunssfsi.o)
                              ..\obj\main.o (__aeabi_f2uiz)
c:/program files (x86)/gnu tools arm embedded/5.2 2015q4/bin/../lib/gcc/arm-none-eabi/5.2.1/../../../../arm-none-eabi/lib/armv7e-m\libg.a(lib_a-itoa.o)
                              ..\obj\disp.o (itoa)
c:/program files (x86)/gnu tools arm embedded/5.2 2015q4/bin/../lib/gcc/arm-none-eabi/5.2.1/../../../../arm-none-eabi/lib/armv7e-m\libg.a(lib_a-memcpy.o)
                              ..\obj\mp3.o (memcpy)
c:/program files (x86)/gnu tools arm embedded/5.2 2015q4/bin/../lib/gcc/arm-none-eabi/5.2.1/../../../../arm-none-eabi/lib/armv7e-m\libg.a(lib_a-memmove.o)
                              ..\obj\mp3dec.o (memmove)
c:/program files (x86)/gnu tools arm embedded/5.2 2015q4/bin/../lib/gcc/arm-none-eabi/5.2.1/../../../../arm-none-eabi/lib/armv7e-m\libg.a(lib_a-strcmp.o)
                              ..\obj\mp3.o (strcmp)
c:/program files (x86)/gnu tools arm embedded/5.2 2015q4/bin/../lib/gcc/arm-none-eabi/5.2.1/../../../../arm-none-eabi/lib/armv7e-m\libg.a(lib_a-strlen.o)
                              ..\obj\tm_stm32f4_fonts.o (strlen)
c:/program files (x86)/gnu tools arm embedded/5.2 2015q4/bin/../lib/gcc/arm-none-eabi/5.2.1/../../../../arm-none-eabi/lib/armv7e-m\libg.a(lib_a-strncmp.o)
                              ..\obj\mp3.o (strncmp)
c:/program files (x86)/gnu tools arm embedded/5.2 2015q4/bin/../lib/gcc/arm-none-eabi/5.2.1/../../../../arm-none-eabi/lib/armv7e-m\libg.a(lib_a-utoa.o)
                              c:/program files (x86)/gnu tools arm embedded/5.2 2015q4/bin/../lib/gcc/arm-none-eabi/5.2.1/../../../../arm-none-eabi/lib/armv7e-m\libg.a(lib_a-itoa.o) (__utoa)

Allocating common symbols
Common symbol       size              file

plik2               0x224             ..\obj\mp3.o
petla               0x4               ..\obj\karta_sd.o
odleglosc           0x4               ..\obj\main.o
f                   0x4               ..\obj\mp3.o
ILI9341_x           0x2               ..\obj\tm_stm32f4_ili9341.o
wym_tab             0x4               ..\obj\karta_sd.o
file                0x224             ..\obj\mp3.o
hMP3Decoder         0x4               ..\obj\mp3.o
i                   0x4               ..\obj\main.o
buffer              0x1000            ..\obj\mp3.o
ILI9341_Opts        0x6               ..\obj\tm_stm32f4_ili9341.o
d                   0x4               ..\obj\mp3.o
usta                0x224             ..\obj\mp3.o
ILI9341_y           0x2               ..\obj\tm_stm32f4_ili9341.o
fresult             0x1               ..\obj\mp3.o
g_sFatFs            0x230             ..\obj\mp3.o
file_read_buffer    0x8000            ..\obj\mp3.o
plik                0x224             ..\obj\mp3.o
bytes_left          0x4               ..\obj\mp3.o
read_ptr            0x4               ..\obj\mp3.o
mp3FrameInfo        0x1c              ..\obj\mp3.o

Discarded input sections

 .text          0x00000000        0x0 ..\obj\stm32f4xx_syscfg.o
 .data          0x00000000        0x0 ..\obj\stm32f4xx_syscfg.o
 .bss           0x00000000        0x0 ..\obj\stm32f4xx_syscfg.o
 .text.SYSCFG_DeInit
                0x00000000       0x1c ..\obj\stm32f4xx_syscfg.o
 .text.SYSCFG_MemoryRemapConfig
                0x00000000       0x20 ..\obj\stm32f4xx_syscfg.o
 .text.SYSCFG_EXTILineConfig
                0x00000000       0x84 ..\obj\stm32f4xx_syscfg.o
 .text.SYSCFG_ETH_MediaInterfaceConfig
                0x00000000       0x1c ..\obj\stm32f4xx_syscfg.o
 .text.SYSCFG_CompensationCellCmd
                0x00000000       0x20 ..\obj\stm32f4xx_syscfg.o
 .text.SYSCFG_GetCompensationCellStatus
                0x00000000       0x30 ..\obj\stm32f4xx_syscfg.o
 .debug_info    0x00000000      0x274 ..\obj\stm32f4xx_syscfg.o
 .debug_abbrev  0x00000000      0x133 ..\obj\stm32f4xx_syscfg.o
 .debug_aranges
                0x00000000       0x48 ..\obj\stm32f4xx_syscfg.o
 .debug_ranges  0x00000000       0x38 ..\obj\stm32f4xx_syscfg.o
 .debug_line    0x00000000      0x204 ..\obj\stm32f4xx_syscfg.o
 .debug_str     0x00000000      0x2e7 ..\obj\stm32f4xx_syscfg.o
 .comment       0x00000000       0x6f ..\obj\stm32f4xx_syscfg.o
 .debug_frame   0x00000000       0xf4 ..\obj\stm32f4xx_syscfg.o
 .ARM.attributes
                0x00000000       0x33 ..\obj\stm32f4xx_syscfg.o
 .text          0x00000000        0x0 ..\obj\tm_stm32f4_spi_dma.o
 .text.TM_SPI_DMA_InitWithStreamAndChannel
[...]
Memory Configuration

Name             Origin             Length             Attributes
rom              0x08000000         0x00100000         xr
ram              0x20000000         0x00020000         xrw
ram1             0x10000000         0x00010000         xrw
*default*        0x00000000         0xffffffff

Linker script and memory map

                0x20020000                _eram = 0x20020000

.text           0x08000000    0x13db0
 *(.isr_vector)
 .isr_vector    0x08000000      0x188 ..\obj\startup_stm32f4xx.o
                0x08000000                g_pfnVectors
 *(.text*)
 .text.TM_SPI_DMA_Init
                0x08000188       0xa4 ..\obj\tm_stm32f4_spi_dma.o
                0x08000188                TM_SPI_DMA_Init
 .text.TM_SPI_DMA_SendHalfWord
                0x0800022c       0xb0 ..\obj\tm_stm32f4_spi_dma.o
                0x0800022c                TM_SPI_DMA_SendHalfWord
 .text.TM_SPI_DMA_Working
                0x080002dc       0x50 ..\obj\tm_stm32f4_spi_dma.o
                0x080002dc                TM_SPI_DMA_Working
 .text.TM_SPI_DMA_INT_GetSettings
                0x0800032c       0x50 ..\obj\tm_stm32f4_spi_dma.o
 .text.MULSHIFT32
                0x0800037c       0x24 ..\obj\dqchan.o
 .text.CLZ      0x080003a0       0x1c ..\obj\dqchan.o
 .text.DequantBlock
                0x080003bc      0x264 ..\obj\dqchan.o
 .text.xmp3fixpt_DequantChannel
                0x08000620      0x358 ..\obj\dqchan.o
                0x08000620                xmp3fixpt_DequantChannel
 .text.UnpackSFMPEG1
                0x08000978      0x308 ..\obj\scalfact.o
 .text.UnpackSFMPEG2
                0x08000c80      0x4a4 ..\obj\scalfact.o
 .text.xmp3fixpt_UnpackScaleFactors
                0x08001124      0x1b4 ..\obj\scalfact.o
                0x08001124                xmp3fixpt_UnpackScaleFactors
 .text.Mp3ReadId3V2Text
                0x080012d8      0x100 ..\obj\mp3.o
                0x080012d8                Mp3ReadId3V2Text
 .text.Mp3ReadId3V2Tag
                0x080013d8      0x27c ..\obj\mp3.o
                0x080013d8                Mp3ReadId3V2Tag
 .text.play_mp3
                0x08001654      0x12c ..\obj\mp3.o
                0x08001654                play_mp3
 .text.AudioCallback
                0x08001780      0x140 ..\obj\mp3.o
                0x08001780                AudioCallback
 .text.xmp3fixpt_SetBitstreamPointer
                0x080018c0       0x30 ..\obj\bitstream.o
                0x080018c0                xmp3fixpt_SetBitstreamPointer
 .text.RefillBitstreamCache
                0x080018f0       0xe0 ..\obj\bitstream.o
 .text.xmp3fixpt_GetBits
                0x080019d0       0x90 ..\obj\bitstream.o
                0x080019d0                xmp3fixpt_GetBits
 .text.xmp3fixpt_CalcBitsUsed
                0x08001a60       0x38 ..\obj\bitstream.o
                0x08001a60                xmp3fixpt_CalcBitsUsed
 .text.xmp3fixpt_CheckPadBit
                0x08001a98       0x3c ..\obj\bitstream.o
                0x08001a98                xmp3fixpt_CheckPadBit
 .text.xmp3fixpt_UnpackFrameHeader
                0x08001ad4      0x304 ..\obj\bitstream.o
                0x08001ad4                xmp3fixpt_UnpackFrameHeader
 .text.xmp3fixpt_UnpackSideInfo
                0x08001dd8      0x33c ..\obj\bitstream.o
                0x08001dd8                xmp3fixpt_UnpackSideInfo
 .text.CLZ      0x08002114       0x1c ..\obj\dequant.o
 .text.xmp3fixpt_Dequantize
                0x08002130      0x384 ..\obj\dequant.o
                0x08002130                xmp3fixpt_Dequantize
 .text.MULSHIFT32
                0x080024b4       0x24 ..\obj\imdct.o
 .text.FASTABS  0x080024d8       0x2c ..\obj\imdct.o
 .text.CLZ      0x08002504       0x1c ..\obj\imdct.o
 .text.AntiAlias
                0x08002520      0x360 ..\obj\imdct.o
 .text.WinPrevious
                0x08002880      0x2cc ..\obj\imdct.o
 .text.FreqInvertRescale
                0x08002b4c      0x34c ..\obj\imdct.o
 .text.idct9    0x08002e98      0x2dc ..\obj\imdct.o
 .text.IMDCT36  0x08003174      0x470 ..\obj\imdct.o
 .text.imdct12  0x080035e4      0x198 ..\obj\imdct.o
 .text.IMDCT12x3
                0x0800377c      0x430 ..\obj\imdct.o
 .text.HybridTransform
                0x08003bac      0x240 ..\obj\imdct.o
 .text.xmp3fixpt_IMDCT
                0x08003dec      0x2ac ..\obj\imdct.o
                0x08003dec                xmp3fixpt_IMDCT
 .text.xmp3fixpt_Subband
                0x08004098      0x19c ..\obj\subband.o
                0x08004098                xmp3fixpt_Subband
 .text.Default_Reset_Handler
                0x08004234       0x5c ..\obj\startup_stm32f4xx.o
                0x08004234                Default_Reset_Handler
                0x08004234                Reset_Handler
 .text.Default_Handler
                0x08004290        0x8 ..\obj\startup_stm32f4xx.o
                0x08004290                RTC_Alarm_IRQHandler
                0x08004290                HASH_RNG_IRQHandler
                0x08004290                EXTI2_IRQHandler
                0x08004290                TIM8_CC_IRQHandler
                0x08004290                DebugMon_Handler
                0x08004290                TIM1_CC_IRQHandler
                0x08004290                HardFault_Handler
                0x08004290                SysTick_Handler
                0x08004290                PVD_IRQHandler
                0x08004290                SDIO_IRQHandler
                0x08004290                TAMP_STAMP_IRQHandler
                0x08004290                PendSV_Handler
                0x08004290                NMI_Handler
                0x08004290                CAN2_RX1_IRQHandler
                0x08004290                EXTI3_IRQHandler
                0x08004290                TIM8_TRG_COM_TIM14_IRQHandler
                0x08004290                TIM1_UP_TIM10_IRQHandler
                0x08004290                TIM8_UP_TIM13_IRQHandler
                0x08004290                I2C3_ER_IRQHandler
                0x08004290                EXTI0_IRQHandler
                0x08004290                I2C2_EV_IRQHandler
                0x08004290                CAN1_RX0_IRQHandler
                0x08004290                FPU_IRQHandler
                0x08004290                OTG_HS_WKUP_IRQHandler
                0x08004290                UsageFault_Handler
                0x08004290                CAN2_SCE_IRQHandler
                0x08004290                SPI1_IRQHandler
                0x08004290                TIM6_DAC_IRQHandler
                0x08004290                TIM1_BRK_TIM9_IRQHandler
                0x08004290                DCMI_IRQHandler
                0x08004290                CAN2_RX0_IRQHandler
                0x08004290                USART6_IRQHandler
                0x08004290                USART3_IRQHandler
                0x08004290                CRYP_IRQHandler
                0x08004290                CAN1_RX1_IRQHandler
                0x08004290                UART5_IRQHandler
                0x08004290                TIM4_IRQHandler
                0x08004290                I2C1_EV_IRQHandler
                0x08004290                UART4_IRQHandler
                0x08004290                RCC_IRQHandler
                0x08004290                TIM8_BRK_TIM12_IRQHandler
                0x08004290                EXTI15_10_IRQHandler
                0x08004290                ADC_IRQHandler
                0x08004290                CAN2_TX_IRQHandler
                0x08004290                TIM5_IRQHandler
                0x08004290                I2C3_EV_IRQHandler
                0x08004290                EXTI9_5_IRQHandler
                0x08004290                RTC_WKUP_IRQHandler
                0x08004290                ETH_WKUP_IRQHandler
                0x08004290                SPI2_IRQHandler
                0x08004290                OTG_HS_EP1_IN_IRQHandler
                0x08004290                MemManage_Handler
                0x08004290                CAN1_TX_IRQHandler
                0x08004290                SVC_Handler
                0x08004290                EXTI4_IRQHandler
                0x08004290                FSMC_IRQHandler
                0x08004290                ETH_IRQHandler
                0x08004290                OTG_HS_EP1_OUT_IRQHandler
                0x08004290                WWDG_IRQHandler
                0x08004290                OTG_FS_WKUP_IRQHandler
                0x08004290                TIM1_TRG_COM_TIM11_IRQHandler
                0x08004290                OTG_HS_IRQHandler
                0x08004290                EXTI1_IRQHandler
                0x08004290                USART2_IRQHandler
                0x08004290                I2C2_ER_IRQHandler
                0x08004290                CAN1_SCE_IRQHandler
                0x08004290                FLASH_IRQHandler
                0x08004290                BusFault_Handler
                0x08004290                USART1_IRQHandler
                0x08004290                OTG_FS_IRQHandler
                0x08004290                SPI3_IRQHandler
                0x08004290                I2C1_ER_IRQHandler
 .text.MP3InitDecoder
                0x08004298       0x18 ..\obj\mp3dec.o
                0x08004298                MP3InitDecoder
 .text.MP3FindSyncWord
                0x080042b0       0x50 ..\obj\mp3dec.o
                0x080042b0                MP3FindSyncWord
 .text.MP3FindFreeSync
                0x08004300       0xa0 ..\obj\mp3dec.o
 .text.MP3GetLastFrameInfo
                0x080043a0       0xc0 ..\obj\mp3dec.o
                0x080043a0                MP3GetLastFrameInfo
 .text.MP3ClearBadFrame
                0x08004460       0x54 ..\obj\mp3dec.o
 .text.MP3Decode
                0x080044b4      0x430 ..\obj\mp3dec.o
                0x080044b4                MP3Decode
 .text.TIM7_IRQHandler
                0x080048e4       0x2c ..\obj\main.o
                0x080048e4                TIM7_IRQHandler
 .text.LED_GPIO_conf
                0x08004910       0x3c ..\obj\main.o
                0x08004910                LED_GPIO_conf
 .text.parking_assistant
                0x0800494c       0x9c ..\obj\main.o
                0x0800494c                parking_assistant
 .text.main     0x080049e8       0x7c ..\obj\main.o
                0x080049e8                main
 .text.RCC_AHB1PeriphClockCmd
                0x08004a64       0x3c ..\obj\stm32f4xx_rcc.o
                0x08004a64                RCC_AHB1PeriphClockCmd
 .text.RCC_APB1PeriphClockCmd
                0x08004aa0       0x3c ..\obj\stm32f4xx_rcc.o
                0x08004aa0                RCC_APB1PeriphClockCmd
 .text.RCC_APB1PeriphResetCmd
                0x08004adc       0x3c ..\obj\stm32f4xx_rcc.o
                0x08004adc                RCC_APB1PeriphResetCmd
 .text.RCC_APB2PeriphResetCmd
                0x08004b18       0x3c ..\obj\stm32f4xx_rcc.o
                0x08004b18                RCC_APB2PeriphResetCmd
 .text.TRIG_GPIO_conf
                0x08004b54       0x38 ..\obj\sensor.o
                0x08004b54                TRIG_GPIO_conf
 .text.ECHO_GPIO_conf
                0x08004b8c       0x38 ..\obj\sensor.o
                0x08004b8c                ECHO_GPIO_conf
 .text.Timmer2_conf
                0x08004bc4       0x34 ..\obj\sensor.o
                0x08004bc4                Timmer2_conf
 .text.Timmer3_conf
                0x08004bf8       0x34 ..\obj\sensor.o
                0x08004bf8                Timmer3_conf
 .text.Przerwania2_conf
                0x08004c2c       0x44 ..\obj\sensor.o
                0x08004c2c                Przerwania2_conf
 .text.Przerwania3_conf
                0x08004c70       0x44 ..\obj\sensor.o
                0x08004c70                Przerwania3_conf
 .text.TIM2_IRQHandler
                0x08004cb4       0x3c ..\obj\sensor.o
                0x08004cb4                TIM2_IRQHandler
 .text.TIM3_IRQHandler
                0x08004cf0       0x30 ..\obj\sensor.o
                0x08004cf0                TIM3_IRQHandler
 .text.start_sensor
                0x08004d20       0x30 ..\obj\sensor.o
                0x08004d20                start_sensor
 .text.sensor_pomiar
                0x08004d50       0x80 ..\obj\sensor.o
                0x08004d50                sensor_pomiar
 .text.rcvr_spi
                0x08004dd0       0x48 ..\obj\karta_sd.o
 .text.wait_ready
                0x08004e18       0x38 ..\obj\karta_sd.o
 .text.xmit_spi
                0x08004e50       0x48 ..\obj\karta_sd.o
 .text.send_cmd
                0x08004e98       0xa4 ..\obj\karta_sd.o
 .text.ini_spi  0x08004f3c       0xe8 ..\obj\karta_sd.o
                0x08004f3c                ini_spi
 .text.ini_karta_sd
                0x08005024       0x60 ..\obj\karta_sd.o
                0x08005024                ini_karta_sd
 .text.start_sd
                0x08005084       0x14 ..\obj\karta_sd.o
                0x08005084                start_sd
 .text.otwarcie_pliku
                0x08005098       0x84 ..\obj\karta_sd.o
                0x08005098                otwarcie_pliku
 .text.TM_DMA_ClearFlag
                0x0800511c       0x88 ..\obj\tm_stm32f4_dma.o
                0x0800511c                TM_DMA_ClearFlag
 .text.TM_DMA_GetFlags
                0x080051a4       0xa0 ..\obj\tm_stm32f4_dma.o
                0x080051a4                TM_DMA_GetFlags
 .text.TM_DMA_TransferCompleteHandler
                0x08005244       0x14 ..\obj\tm_stm32f4_dma.o
                0x08005244                TM_DMA_TransferCompleteHandler
 .text.TM_DMA_HalfTransferCompleteHandler
                0x08005258       0x14 ..\obj\tm_stm32f4_dma.o
                0x08005258                TM_DMA_HalfTransferCompleteHandler
 .text.TM_DMA_TransferErrorHandler
                0x0800526c       0x14 ..\obj\tm_stm32f4_dma.o
                0x0800526c                TM_DMA_TransferErrorHandler
 .text.TM_DMA_DirectModeErrorHandler
                0x08005280       0x14 ..\obj\tm_stm32f4_dma.o
                0x08005280                TM_DMA_DirectModeErrorHandler
 .text.TM_DMA_FIFOErrorHandler
                0x08005294       0x14 ..\obj\tm_stm32f4_dma.o
                0x08005294                TM_DMA_FIFOErrorHandler
 .text.TM_DMA_INT_ProcessInterrupt
                0x080052a8       0xb0 ..\obj\tm_stm32f4_dma.o
 .text.DMA1_Stream0_IRQHandler
                0x08005358       0x14 ..\obj\tm_stm32f4_dma.o
                0x08005358                DMA1_Stream0_IRQHandler
 .text.DMA1_Stream1_IRQHandler
                0x0800536c       0x14 ..\obj\tm_stm32f4_dma.o
                0x0800536c                DMA1_Stream1_IRQHandler
 .text.DMA1_Stream2_IRQHandler
                0x08005380       0x14 ..\obj\tm_stm32f4_dma.o
                0x08005380                DMA1_Stream2_IRQHandler
 .text.DMA1_Stream3_IRQHandler
                0x08005394       0x14 ..\obj\tm_stm32f4_dma.o
                0x08005394                DMA1_Stream3_IRQHandler
 .text.DMA1_Stream4_IRQHandler
                0x080053a8       0x14 ..\obj\tm_stm32f4_dma.o
                0x080053a8                DMA1_Stream4_IRQHandler
 .text.DMA1_Stream5_IRQHandler
                0x080053bc       0x14 ..\obj\tm_stm32f4_dma.o
                0x080053bc                DMA1_Stream5_IRQHandler
 .text.DMA1_Stream6_IRQHandler
                0x080053d0       0x14 ..\obj\tm_stm32f4_dma.o
                0x080053d0                DMA1_Stream6_IRQHandler
 .text.DMA2_Stream0_IRQHandler
                0x080053e4       0x14 ..\obj\tm_stm32f4_dma.o
                0x080053e4                DMA2_Stream0_IRQHandler
 .text.DMA2_Stream1_IRQHandler
                0x080053f8       0x14 ..\obj\tm_stm32f4_dma.o
                0x080053f8                DMA2_Stream1_IRQHandler
 .text.DMA2_Stream2_IRQHandler
                0x0800540c       0x14 ..\obj\tm_stm32f4_dma.o
                0x0800540c                DMA2_Stream2_IRQHandler
 .text.DMA2_Stream3_IRQHandler
                0x08005420       0x14 ..\obj\tm_stm32f4_dma.o
                0x08005420                DMA2_Stream3_IRQHandler
 .text.DMA2_Stream4_IRQHandler
                0x08005434       0x14 ..\obj\tm_stm32f4_dma.o
                0x08005434                DMA2_Stream4_IRQHandler
 .text.DMA2_Stream5_IRQHandler
                0x08005448       0x14 ..\obj\tm_stm32f4_dma.o
                0x08005448                DMA2_Stream5_IRQHandler
 .text.DMA2_Stream6_IRQHandler
                0x0800545c       0x14 ..\obj\tm_stm32f4_dma.o
                0x0800545c                DMA2_Stream6_IRQHandler
 .text.DMA2_Stream7_IRQHandler
                0x08005470       0x14 ..\obj\tm_stm32f4_dma.o
                0x08005470                DMA2_Stream7_IRQHandler
 .text.TM_SPI_Init
                0x08005484       0x7c ..\obj\tm_stm32f4_spi.o
                0x08005484                TM_SPI_Init
 .text.TM_SPI_SetDataSize
                0x08005500       0x78 ..\obj\tm_stm32f4_spi.o
                0x08005500                TM_SPI_SetDataSize
 .text.TM_SPI_InitCustomPinsCallback
                0x08005578       0x18 ..\obj\tm_stm32f4_spi.o
                0x08005578                TM_SPI_InitCustomPinsCallback
 .text.TM_SPIx_Init
                0x08005590      0x11c ..\obj\tm_stm32f4_spi.o
 .text.TM_SPI1_INT_InitPins
                0x080056ac       0x60 ..\obj\tm_stm32f4_spi.o
                0x080056ac                TM_SPI1_INT_InitPins
 .text.TM_SPI2_INT_InitPins
                0x0800570c       0x98 ..\obj\tm_stm32f4_spi.o
                0x0800570c                TM_SPI2_INT_InitPins
 .text.TM_SPI3_INT_InitPins
                0x080057a4       0x64 ..\obj\tm_stm32f4_spi.o
                0x080057a4                TM_SPI3_INT_InitPins
 .text.SELECT   0x08005808       0x20 ..\obj\spi_sd.o
 .text.DESELECT
                0x08005828       0x20 ..\obj\spi_sd.o
 .text.xmit_spi
                0x08005848       0x30 ..\obj\spi_sd.o
 .text.rcvr_spi
                0x08005878       0x48 ..\obj\spi_sd.o
 .text.rcvr_spi_m
                0x080058c0       0x1c ..\obj\spi_sd.o
 .text.wait_ready
                0x080058dc       0x38 ..\obj\spi_sd.o
 .text.power_on
                0x08005914       0x34 ..\obj\spi_sd.o
 .text.power_off
                0x08005948       0x18 ..\obj\spi_sd.o
 .text.chk_power
                0x08005960       0x14 ..\obj\spi_sd.o
 .text.rcvr_datablock
                0x08005974       0x6c ..\obj\spi_sd.o
 .text.xmit_datablock
                0x080059e0       0xa8 ..\obj\spi_sd.o
 .text.send_cmd
                0x08005a88       0xa4 ..\obj\spi_sd.o
 .text.disk_initialize
                0x08005b2c      0x1d4 ..\obj\spi_sd.o
                0x08005b2c                disk_initialize
 .text.disk_status
                0x08005d00       0x28 ..\obj\spi_sd.o
                0x08005d00                disk_status
 .text.disk_read
                0x08005d28       0xd8 ..\obj\spi_sd.o
                0x08005d28                disk_read
 .text.disk_write
                0x08005e00      0x110 ..\obj\spi_sd.o
                0x08005e00                disk_write
 .text.disk_ioctl
                0x08005f10      0x260 ..\obj\spi_sd.o
                0x08005f10                disk_ioctl
 .text.get_fattime
                0x08006170       0x14 ..\obj\spi_sd.o
                0x08006170                get_fattime
 .text.GPIO_Init
                0x08006184      0x11c ..\obj\stm32f4xx_gpio.o
                0x08006184                GPIO_Init
 .text.GPIO_ReadInputDataBit
                0x080062a0       0x34 ..\obj\stm32f4xx_gpio.o
                0x080062a0                GPIO_ReadInputDataBit
 .text.GPIO_SetBits
                0x080062d4       0x1c ..\obj\stm32f4xx_gpio.o
                0x080062d4                GPIO_SetBits
 .text.GPIO_ResetBits
                0x080062f0       0x1c ..\obj\stm32f4xx_gpio.o
                0x080062f0                GPIO_ResetBits
 .text.GPIO_WriteBit
                0x0800630c       0x30 ..\obj\stm32f4xx_gpio.o
                0x0800630c                GPIO_WriteBit
 .text.GPIO_PinAFConfig
                0x0800633c       0x90 ..\obj\stm32f4xx_gpio.o
                0x0800633c                GPIO_PinAFConfig
 .text.SystemInit
                0x080063cc       0x5c ..\obj\system_stm32f4xx.o
                0x080063cc                SystemInit
 .text.SetSysClock
                0x08006428       0xf4 ..\obj\system_stm32f4xx.o
 .text.DMA_Init
                0x0800651c       0xac ..\obj\stm32f4xx_dma.o
                0x0800651c                DMA_Init
 .text.start_disp
                0x080065c8       0x14 ..\obj\disp.o
                0x080065c8                start_disp
 .text.display  0x080065dc      0x540 ..\obj\disp.o
                0x080065dc                display
 .text.MULSHIFT32
                0x08006b1c       0x24 ..\obj\stproc.o
 .text.FASTABS  0x08006b40       0x2c ..\obj\stproc.o
 .text.xmp3fixpt_MidSideProc
                0x08006b6c       0xb4 ..\obj\stproc.o
                0x08006b6c                xmp3fixpt_MidSideProc
 .text.xmp3fixpt_IntensityProcMPEG1
                0x08006c20      0x428 ..\obj\stproc.o
                0x08006c20                xmp3fixpt_IntensityProcMPEG1
 .text.xmp3fixpt_IntensityProcMPEG2
                0x08007048      0x4d8 ..\obj\stproc.o
                0x08007048                xmp3fixpt_IntensityProcMPEG2
 .text.DecodeHuffmanPairs
                0x08007520      0x5d4 ..\obj\huffman.o
 .text.DecodeHuffmanQuads
                0x08007af4      0x278 ..\obj\huffman.o
 .text.xmp3fixpt_DecodeHuffman
                0x08007d6c      0x2d8 ..\obj\huffman.o
                0x08007d6c                xmp3fixpt_DecodeHuffman
 .text.ClearBuffer
                0x08008044       0x38 ..\obj\buffers.o
 .text.xmp3fixpt_AllocateBuffers
                0x0800807c       0xf4 ..\obj\buffers.o
                0x0800807c                xmp3fixpt_AllocateBuffers
 .text.xmp3fixpt_FreeBuffers
                0x08008170       0x14 ..\obj\buffers.o
                0x08008170                xmp3fixpt_FreeBuffers
 .text.mem_cpy  0x08008184       0x3c ..\obj\ff.o
 .text.mem_set  0x080081c0       0x34 ..\obj\ff.o
 .text.mem_cmp  0x080081f4       0x4c ..\obj\ff.o
 .text.chk_chr  0x08008240       0x34 ..\obj\ff.o
 .text.move_window
                0x08008274       0xb4 ..\obj\ff.o
 .text.sync     0x08008328      0x13c ..\obj\ff.o
 .text.clust2sect
                0x08008464       0x3c ..\obj\ff.o
                0x08008464                clust2sect
 .text.get_fat  0x080084a0      0x160 ..\obj\ff.o
                0x080084a0                get_fat
 .text.put_fat  0x08008600      0x1fc ..\obj\ff.o
                0x08008600                put_fat
 .text.remove_chain
                0x080087fc       0xa0 ..\obj\ff.o
 .text.create_chain
                0x0800889c      0x114 ..\obj\ff.o
 .text.dir_sdi  0x080089b0      0x104 ..\obj\ff.o
 .text.dir_next
                0x08008ab4      0x1a8 ..\obj\ff.o
 .text.dir_find
                0x08008c5c       0x98 ..\obj\ff.o
 .text.dir_register
                0x08008cf4       0xb0 ..\obj\ff.o
 .text.create_name
                0x08008da4      0x168 ..\obj\ff.o
 .text.follow_path
                0x08008f0c       0xfc ..\obj\ff.o
 .text.check_fs
                0x08009008       0xd0 ..\obj\ff.o
 .text.chk_mounted
                0x080090d8      0x524 ..\obj\ff.o
 .text.validate
                0x080095fc       0x4c ..\obj\ff.o
 .text.f_mount  0x08009648       0x54 ..\obj\ff.o
                0x08009648                f_mount
 .text.f_open   0x0800969c      0x2d8 ..\obj\ff.o
                0x0800969c                f_open
 .text.f_read   0x08009974      0x2b4 ..\obj\ff.o
                0x08009974                f_read
 .text.f_sync   0x08009c28      0x170 ..\obj\ff.o
                0x08009c28                f_sync
 .text.f_close  0x08009d98       0x28 ..\obj\ff.o
                0x08009d98                f_close
 .text.f_lseek  0x08009dc0      0x2ac ..\obj\ff.o
                0x08009dc0                f_lseek
 .text.SPI_I2S_DeInit
                0x0800a06c       0x74 ..\obj\stm32f4xx_spi.o
                0x0800a06c                SPI_I2S_DeInit
 .text.SPI_Init
                0x0800a0e0       0x88 ..\obj\stm32f4xx_spi.o
                0x0800a0e0                SPI_Init
 .text.SPI_StructInit
                0x0800a168       0x48 ..\obj\stm32f4xx_spi.o
                0x0800a168                SPI_StructInit
 .text.SPI_Cmd  0x0800a1b0       0x40 ..\obj\stm32f4xx_spi.o
                0x0800a1b0                SPI_Cmd
 .text.SPI_I2S_SendData
                0x0800a1f0       0x1c ..\obj\stm32f4xx_spi.o
                0x0800a1f0                SPI_I2S_SendData
 .text.SPI_I2S_GetFlagStatus
                0x0800a20c       0x38 ..\obj\stm32f4xx_spi.o
                0x0800a20c                SPI_I2S_GetFlagStatus
 .text.MULSHIFT32
                0x0800a244       0x24 ..\obj\dct32.o
 .text.xmp3fixpt_FDCT32
                0x0800a268      0xe6c ..\obj\dct32.o
                0x0800a268                xmp3fixpt_FDCT32
 .text.TM_SPI_Send
                0x0800b0d4       0x74 ..\obj\tm_stm32f4_ili9341.o
 .text.TM_ILI9341_Init
                0x0800b148       0xa0 ..\obj\tm_stm32f4_ili9341.o
                0x0800b148                TM_ILI9341_Init
 .text.TM_ILI9341_InitLCD
                0x0800b1e8      0x274 ..\obj\tm_stm32f4_ili9341.o
                0x0800b1e8                TM_ILI9341_InitLCD
 .text.TM_ILI9341_SendCommand
                0x0800b45c       0x3c ..\obj\tm_stm32f4_ili9341.o
                0x0800b45c                TM_ILI9341_SendCommand
 .text.TM_ILI9341_SendData
                0x0800b498       0x3c ..\obj\tm_stm32f4_ili9341.o
                0x0800b498                TM_ILI9341_SendData
 .text.TM_ILI9341_DrawPixel
                0x0800b4d4       0x40 ..\obj\tm_stm32f4_ili9341.o
                0x0800b4d4                TM_ILI9341_DrawPixel
 .text.TM_ILI9341_SetCursorPosition
                0x0800b514       0x94 ..\obj\tm_stm32f4_ili9341.o
                0x0800b514                TM_ILI9341_SetCursorPosition
 .text.TM_ILI9341_Fill
                0x0800b5a8       0x30 ..\obj\tm_stm32f4_ili9341.o
                0x0800b5a8                TM_ILI9341_Fill
 .text.TM_ILI9341_INT_Fill
                0x0800b5d8       0xcc ..\obj\tm_stm32f4_ili9341.o
                0x0800b5d8                TM_ILI9341_INT_Fill
 .text.TM_ILI9341_Delay
                0x0800b6a4       0x20 ..\obj\tm_stm32f4_ili9341.o
                0x0800b6a4                TM_ILI9341_Delay
 .text.TM_ILI9341_Puts
                0x0800b6c4       0xb0 ..\obj\tm_stm32f4_ili9341.o
                0x0800b6c4                TM_ILI9341_Puts
 .text.TM_ILI9341_Putc
                0x0800b774      0x124 ..\obj\tm_stm32f4_ili9341.o
                0x0800b774                TM_ILI9341_Putc
 .text.TM_ILI9341_DrawFilledRectangle
                0x0800b898       0x70 ..\obj\tm_stm32f4_ili9341.o
                0x0800b898                TM_ILI9341_DrawFilledRectangle
 .text.NVIC_PriorityGroupConfig
                0x0800b908       0x24 ..\obj\misc.o
                0x0800b908                NVIC_PriorityGroupConfig
 .text.NVIC_Init
                0x0800b92c       0xc0 ..\obj\misc.o
                0x0800b92c                NVIC_Init
 .text.NVIC_EnableIRQ
                0x0800b9ec       0x30 ..\obj\Audio.o
 .text.NVIC_DisableIRQ
                0x0800ba1c       0x34 ..\obj\Audio.o
 .text.NVIC_SetPriority
                0x0800ba50       0x54 ..\obj\Audio.o
 .text.InitializeAudio
                0x0800baa4      0x2c8 ..\obj\Audio.o
                0x0800baa4                InitializeAudio
 .text.SetAudioVolume
                0x0800bd6c       0x30 ..\obj\Audio.o
                0x0800bd6c                SetAudioVolume
 .text.PlayAudioWithCallback
                0x0800bd9c       0x70 ..\obj\Audio.o
                0x0800bd9c                PlayAudioWithCallback
 .text.StopAudio
                0x0800be0c       0x30 ..\obj\Audio.o
                0x0800be0c                StopAudio
 .text.ProvideAudioBuffer
                0x0800be3c       0x2c ..\obj\Audio.o
                0x0800be3c                ProvideAudioBuffer
 .text.ProvideAudioBufferWithoutBlocking
                0x0800be68       0x58 ..\obj\Audio.o
                0x0800be68                ProvideAudioBufferWithoutBlocking
 .text.WriteRegister
                0x0800bec0       0xa8 ..\obj\Audio.o
 .text.StartAudioDMAAndRequestBuffers
                0x0800bf68       0x8c ..\obj\Audio.o
 .text.StopAudioDMA
                0x0800bff4       0x34 ..\obj\Audio.o
 .text.DMA1_Stream7_IRQHandler
                0x0800c028       0x34 ..\obj\Audio.o
                0x0800c028                DMA1_Stream7_IRQHandler
 .text.TM_GPIO_Init
                0x0800c05c       0x48 ..\obj\tm_stm32f4_gpio.o
                0x0800c05c                TM_GPIO_Init
 .text.TM_GPIO_InitAlternate
                0x0800c0a4       0xa8 ..\obj\tm_stm32f4_gpio.o
                0x0800c0a4                TM_GPIO_InitAlternate
 .text.TM_GPIO_GetPortSource
                0x0800c14c       0x20 ..\obj\tm_stm32f4_gpio.o
                0x0800c14c                TM_GPIO_GetPortSource
 .text.TM_GPIO_INT_EnableClock
                0x0800c16c       0x30 ..\obj\tm_stm32f4_gpio.o
                0x0800c16c                TM_GPIO_INT_EnableClock
 .text.TM_GPIO_INT_Init
                0x0800c19c      0x110 ..\obj\tm_stm32f4_gpio.o
                0x0800c19c                TM_GPIO_INT_Init
 .text.MADD64   0x0800c2ac       0x38 ..\obj\polyphase.o
 .text.SAR64    0x0800c2e4       0x40 ..\obj\polyphase.o
 .text.ClipToShort
                0x0800c324       0x40 ..\obj\polyphase.o
 .text.xmp3fixpt_PolyphaseMono
                0x0800c364      0x784 ..\obj\polyphase.o
                0x0800c364                xmp3fixpt_PolyphaseMono
 .text.xmp3fixpt_PolyphaseStereo
                0x0800cae8      0xd0c ..\obj\polyphase.o
                0x0800cae8                xmp3fixpt_PolyphaseStereo
 .text.TIM_TimeBaseInit
                0x0800d7f4       0xd4 ..\obj\stm32f4xx_tim.o
                0x0800d7f4                TIM_TimeBaseInit
 .text.TIM_Cmd  0x0800d8c8       0x40 ..\obj\stm32f4xx_tim.o
                0x0800d8c8                TIM_Cmd
 .text.TIM_ITConfig
                0x0800d908       0x48 ..\obj\stm32f4xx_tim.o
                0x0800d908                TIM_ITConfig
 .text.TIM_GetITStatus
                0x0800d950       0x54 ..\obj\stm32f4xx_tim.o
                0x0800d950                TIM_GetITStatus
 .text.TIM_ClearITPendingBit
                0x0800d9a4       0x20 ..\obj\stm32f4xx_tim.o
                0x0800d9a4                TIM_ClearITPendingBit
 .text.__itoa   0x0800d9c4       0x30 c:/program files (x86)/gnu tools arm embedded/5.2 2015q4/bin/../lib/gcc/arm-none-eabi/5.2.1/../../../../arm-none-eabi/lib/armv7e-m\libg.a(lib_a-itoa.o)
                0x0800d9c4                __itoa
 .text.itoa     0x0800d9f4        0x4 c:/program files (x86)/gnu tools arm embedded/5.2 2015q4/bin/../lib/gcc/arm-none-eabi/5.2.1/../../../../arm-none-eabi/lib/armv7e-m\libg.a(lib_a-itoa.o)
                0x0800d9f4                itoa
 .text          0x0800d9f8      0x134 c:/program files (x86)/gnu tools arm embedded/5.2 2015q4/bin/../lib/gcc/arm-none-eabi/5.2.1/../../../../arm-none-eabi/lib/armv7e-m\libg.a(lib_a-memcpy.o)
                0x0800d9f8                memcpy
 .text.memmove  0x0800db2c       0xc8 c:/program files (x86)/gnu tools arm embedded/5.2 2015q4/bin/../lib/gcc/arm-none-eabi/5.2.1/../../../../arm-none-eabi/lib/armv7e-m\libg.a(lib_a-memmove.o)
                0x0800db2c                memmove
 *fill*         0x0800dbf4        0xc 
 .text          0x0800dc00      0x2dc c:/program files (x86)/gnu tools arm embedded/5.2 2015q4/bin/../lib/gcc/arm-none-eabi/5.2.1/../../../../arm-none-eabi/lib/armv7e-m\libg.a(lib_a-strcmp.o)
                0x0800dc08                strcmp
 .text.strncmp  0x0800dedc       0xa0 c:/program files (x86)/gnu tools arm embedded/5.2 2015q4/bin/../lib/gcc/arm-none-eabi/5.2.1/../../../../arm-none-eabi/lib/armv7e-m\libg.a(lib_a-strncmp.o)
                0x0800dedc                strncmp
 .text.__utoa   0x0800df7c       0x80 c:/program files (x86)/gnu tools arm embedded/5.2 2015q4/bin/../lib/gcc/arm-none-eabi/5.2.1/../../../../arm-none-eabi/lib/armv7e-m\libg.a(lib_a-utoa.o)
                0x0800df7c                __utoa
 *(.init)
 *(.fini)
 *crtbegin.o(.ctors)
 *crtbegin?.o(.ctors)
 *(EXCLUDE_FILE(*crtend.o *crtend?.o) .ctors)
 *(SORT(.ctors.*))
 *(.ctors)
 *crtbegin.o(.dtors)
 *crtbegin?.o(.dtors)
 *(EXCLUDE_FILE(*crtend.o *crtend?.o) .dtors)
 *(SORT(.dtors.*))
 *(.dtors)
 *(.rodata*)
 .rodata        0x0800dffc      0x250 ..\obj\dqchan.o
 .rodata        0x0800e24c       0x68 ..\obj\scalfact.o
 .rodata        0x0800e2b4       0x11 ..\obj\mp3.o
 *fill*         0x0800e2c5        0x3 
 .rodata        0x0800e2c8     0x2304 ..\obj\hufftabs.o
                0x0800e2c8                xmp3fixpt_huffTable
                0x080103ec                xmp3fixpt_huffTabOffset
                0x0801046c                xmp3fixpt_huffTabLookup
                0x0801056c                xmp3fixpt_quadTable
                0x080105bc                xmp3fixpt_quadTabOffset
                0x080105c4                xmp3fixpt_quadTabMaxBits
 .rodata        0x080105cc       0x90 ..\obj\imdct.o
 .rodata        0x0801065c      0x506 ..\obj\mp3tabs.o
                0x0801065c                xmp3fixpt_samplerateTab
                0x08010680                xmp3fixpt_bitrateTab
                0x08010790                xmp3fixpt_samplesPerFrameTab
                0x080107a4                xmp3fixpt_bitsPerSlotTab
                0x080107ac                xmp3fixpt_sideBytesTab
                0x080107b8                xmp3fixpt_slotTab
                0x080108c8                xmp3fixpt_sfBandTable
 *fill*         0x08010b62        0x2 
 .rodata        0x08010b64       0x2a ..\obj\main.o
 *fill*         0x08010b8e        0x2 
 .rodata        0x08010b90        0xb ..\obj\karta_sd.o
 *fill*         0x08010b9b        0x1 
 .rodata        0x08010b9c       0x14 ..\obj\tm_stm32f4_dma.o
 .rodata        0x08010bb0        0x5 ..\obj\disp.o
 *fill*         0x08010bb5        0x3 
 .rodata        0x08010bb8      0x86c ..\obj\trigtabs_fixpt.o
                0x08010bb8                xmp3fixpt_imdctWin
                0x08010df8                xmp3fixpt_ISFMpeg1
                0x08010e30                xmp3fixpt_ISFMpeg2
                0x08010f30                xmp3fixpt_ISFIIP
                0x08010f40                xmp3fixpt_uniqueIDTab
                0x08010f48                xmp3fixpt_csa
                0x08010f88                xmp3fixpt_coef32
                0x08011004                xmp3fixpt_polyCoef
 .rodata        0x08011424       0x90 ..\obj\ff.o
 .rodata        0x080114b4       0xc0 ..\obj\dct32.o
 .rodata        0x08011574     0x2814 ..\obj\tm_stm32f4_fonts.o
                0x08011574                TM_Font7x10
                0x08011ce0                TM_Font11x18
                0x08012a3c                TM_Font16x26
 .rodata.str1.4
                0x08013d88       0x28 c:/program files (x86)/gnu tools arm embedded/5.2 2015q4/bin/../lib/gcc/arm-none-eabi/5.2.1/../../../../arm-none-eabi/lib/armv7e-m\libg.a(lib_a-utoa.o)
                                 0x25 (size before relaxing)
 *(.eh_fram e*)

.glue_7         0x08013db0        0x0
 .glue_7        0x08013db0        0x0 linker stubs

.glue_7t        0x08013db0        0x0
 .glue_7t       0x08013db0        0x0 linker stubs

.vfp11_veneer   0x08013db0        0x0
 .vfp11_veneer  0x08013db0        0x0 linker stubs

.v4_bx          0x08013db0        0x0
 .v4_bx         0x08013db0        0x0 linker stubs

.iplt           0x08013db0        0x0
 .iplt          0x08013db0        0x0 ..\obj\stm32f4xx_syscfg.o

.rel.dyn        0x08013db0        0x0
 .rel.iplt      0x08013db0        0x0 ..\obj\stm32f4xx_syscfg.o

.ARM.extab
 *(.ARM.extab* .gnu.linkonce.armextab.*)
                0x08013db0                __exidx_start = .

.ARM.exidx
 *(.ARM.exidx* .gnu.linkonce.armexidx.*)
                0x08013db0                __exidx_end = .
                0x08013db0                __etext = .
                0x08013db0                _sidata = __etext

.data           0x20000000       0x64 load address 0x08013db0
                0x20000000                __data_start__ = .
                0x20000000                _sdata = __data_start__
 *(vtable)
 *(.data*)
 .data          0x20000000       0x48 ..\obj\tm_stm32f4_spi_dma.o
 .data          0x20000048        0x1 ..\obj\spi_sd.o
 *fill*         0x20000049        0x3 
 .data          0x2000004c       0x18 ..\obj\tm_stm32f4_fonts.o
                0x2000004c                TM_Font_7x10
                0x20000054                TM_Font_11x18
                0x2000005c                TM_Font_16x26
                0x20000064                . = ALIGN (0x4)
                [!provide]                PROVIDE (__preinit_array_start, .)
 *(.preinit_array)
                [!provide]                PROVIDE (__preinit_array_end, .)
                0x20000064                . = ALIGN (0x4)
                [!provide]                PROVIDE (__init_array_start, .)
 *(SORT(.init_array.*))
 *(.init_array)
                [!provide]                PROVIDE (__init_array_end, .)
                0x20000064                . = ALIGN (0x4)
                [!provide]                PROVIDE (__fini_array_start, .)
 *(SORT(.fini_array.*))
 *(.fini_array)
                [!provide]                PROVIDE (__fini_array_end, .)
 *(.jcr*)
                0x20000064                . = ALIGN (0x4)
                0x20000064                __data_end__ = .
                0x20000064                _edata = __data_end__

.igot.plt       0x20000064        0x0 load address 0x08013e14
 .igot.plt      0x20000064        0x0 ..\obj\stm32f4xx_syscfg.o

.bss            0x20000064    0x13894 load address 0x08013e14
                0x20000064                . = ALIGN (0x4)
                0x20000064                __bss_start__ = .
                0x20000064                _sbss = __bss_start__
 *(.bss*)
 .bss           0x20000064       0x3c ..\obj\tm_stm32f4_spi_dma.o
 .bss           0x200000a0     0x4004 ..\obj\mp3.o
 .bss           0x200040a4        0x4 ..\obj\sensor.o
                0x200040a4                ile
 .bss           0x200040a8        0x2 ..\obj\karta_sd.o
 .bss           0x200040aa        0x4 ..\obj\spi_sd.o
 *fill*         0x200040ae        0x2 
 .bss           0x200040b0     0x5d08 ..\obj\buffers.o
 .bss           0x20009db8        0x6 ..\obj\ff.o
 *fill*         0x20009dbe        0x2 
 .bss           0x20009dc0       0x15 ..\obj\Audio.o
 *fill*         0x20009dd5        0x3 
 .bss           0x20009dd8       0x16 ..\obj\tm_stm32f4_gpio.o
 *(COMMON)
 *fill*         0x20009dee        0x2 
 COMMON         0x20009df0     0x9af4 ..\obj\mp3.o
                0x20009df0                plik2
                0x2000a014                f
                0x2000a018                file
                0x2000a23c                hMP3Decoder
                0x2000a240                buffer
                0x2000b240                d
                0x2000b244                usta
                0x2000b468                fresult
                0x2000b46c                g_sFatFs
                0x2000b69c                file_read_buffer
                0x2001369c                plik
                0x200138c0                bytes_left
                0x200138c4                read_ptr
                0x200138c8                mp3FrameInfo
 COMMON         0x200138e4        0x8 ..\obj\main.o
                0x200138e4                odleglosc
                0x200138e8                i
 COMMON         0x200138ec        0xc ..\obj\tm_stm32f4_ili9341.o
                0x200138ec                ILI9341_x
                0x200138f0                ILI9341_Opts
                0x200138f6                ILI9341_y
                0x200138f8                . = ALIGN (0x4)
                0x200138f8                __bss_end__ = .
                0x200138f8                _ebss = __bss_end__

.heap           0x200138f8        0x0
                0x200138f8                __end__ = .
                0x200138f8                _end = __end__
                0x200138f8                end = __end__
 *(.heap*)
                0x200138f8                __HeapLimit = .

.co_stack       0x200138f8      0x800 load address 0x080276a8
                0x200138f8                . = ALIGN (0x8)
 *(.co_stack .co_stack.*)
 .co_stack      0x200138f8      0x800 ..\obj\startup_stm32f4xx.o
                0x200138f8                pulStack
                0x20020000                __StackTop = (ORIGIN (ram) + LENGTH (ram))
                0x2001f800                __StackLimit = (__StackTop - SIZEOF (.co_stack))
                [!provide]                PROVIDE (__stack, __StackTop)
                0x00000001                ASSERT ((__StackLimit >= __HeapLimit), region ram  overflowed with stack)
LOAD ..\obj\stm32f4xx_syscfg.o
LOAD ..\obj\tm_stm32f4_spi_dma.o
LOAD ..\obj\dqchan.o
LOAD ..\obj\scalfact.o
LOAD ..\obj\stm32f4xx_sdio.o
LOAD ..\obj\mp3.o
LOAD ..\obj\bitstream.o
LOAD ..\obj\dequant.o
LOAD ..\obj\hufftabs.o
LOAD ..\obj\imdct.o
LOAD ..\obj\mp3tabs.o
LOAD ..\obj\stm32f4xx_dac.o
LOAD ..\obj\subband.o
LOAD ..\obj\startup_stm32f4xx.o
LOAD ..\obj\mp3dec.o
LOAD ..\obj\main.o
LOAD ..\obj\stm32f4xx_rcc.o
LOAD ..\obj\sensor.o
LOAD ..\obj\karta_sd.o
LOAD ..\obj\stm32f4xx_adc.o
LOAD ..\obj\tm_stm32f4_dma.o
LOAD ..\obj\tm_stm32f4_spi.o
LOAD ..\obj\spi_sd.o
LOAD ..\obj\stm32f4xx_gpio.o
LOAD ..\obj\system_stm32f4xx.o
LOAD ..\obj\stm32f4xx_dma.o
LOAD ..\obj\disp.o
LOAD ..\obj\stproc.o
LOAD ..\obj\huffman.o
LOAD ..\obj\trigtabs_fixpt.o
LOAD ..\obj\buffers.o
LOAD ..\obj\ff.o
LOAD ..\obj\stm32f4xx_spi.o
LOAD ..\obj\dct32.o
LOAD ..\obj\stm32f4xx_i2c.o
LOAD ..\obj\tm_stm32f4_ili9341.o
LOAD ..\obj\stm32f4xx_exti.o
LOAD ..\obj\misc.o
LOAD ..\obj\Audio.o
LOAD ..\obj\tm_stm32f4_gpio.o
LOAD ..\obj\polyphase.o
LOAD ..\obj\tm_stm32f4_fonts.o
LOAD ..\obj\stm32f4xx_tim.o
START GROUP
LOAD c:/program files (x86)/gnu tools arm embedded/5.2 2015q4/bin/../lib/gcc/arm-none-eabi/5.2.1/armv7e-m\libgcc.a
LOAD c:/program files (x86)/gnu tools arm embedded/5.2 2015q4/bin/../lib/gcc/arm-none-eabi/5.2.1/../../../../arm-none-eabi/lib/armv7e-m\libg.a
LOAD c:/program files (x86)/gnu tools arm embedded/5.2 2015q4/bin/../lib/gcc/arm-none-eabi/5.2.1/../../../../arm-none-eabi/lib/armv7e-m\libc.a
END GROUP
OUTPUT(sdcardv2.elf elf32-littlearm)

.debug_info     0x00000000    0x1395f
 .debug_info    0x00000000      0x87e ..\obj\tm_stm32f4_spi_dma.o
 .debug_info    0x0000087e      0x74f ..\obj\dqchan.o
 .debug_info    0x00000fcd      0x8be ..\obj\scalfact.o
 .debug_info    0x0000188b      0x994 ..\obj\mp3.o
 .debug_info    0x0000221f      0x80e ..\obj\bitstream.o
 .debug_info    0x00002a2d      0x774 ..\obj\dequant.o
 .debug_info    0x000031a1      0x1be ..\obj\hufftabs.o
 .debug_info    0x0000335f     0x1271 ..\obj\imdct.o
 .debug_info    0x000045d0      0x1d1 ..\obj\mp3tabs.o
 .debug_info    0x000047a1      0x3d6 ..\obj\subband.o
 .debug_info    0x00004b77       0xed ..\obj\startup_stm32f4xx.o
 .debug_info    0x00004c64      0x60e ..\obj\mp3dec.o
 .debug_info    0x00005272      0xba4 ..\obj\main.o
 .debug_info    0x00005e16      0xc59 ..\obj\stm32f4xx_rcc.o
 .debug_info    0x00006a6f      0x8b8 ..\obj\sensor.o
 .debug_info    0x00007327      0x9af ..\obj\karta_sd.o
 .debug_info    0x00007cd6      0x913 ..\obj\tm_stm32f4_dma.o
 .debug_info    0x000085e9      0xa95 ..\obj\tm_stm32f4_spi.o
 .debug_info    0x0000907e      0x964 ..\obj\spi_sd.o
 .debug_info    0x000099e2      0x61a ..\obj\stm32f4xx_gpio.o
 .debug_info    0x00009ffc      0x596 ..\obj\system_stm32f4xx.o
 .debug_info    0x0000a592      0x741 ..\obj\stm32f4xx_dma.o
 .debug_info    0x0000acd3      0x171 ..\obj\disp.o
 .debug_info    0x0000ae44      0x7f9 ..\obj\stproc.o
 .debug_info    0x0000b63d      0xa9e ..\obj\huffman.o
 .debug_info    0x0000c0db      0x1c4 ..\obj\trigtabs_fixpt.o
 .debug_info    0x0000c29f      0x8e8 ..\obj\buffers.o
 .debug_info    0x0000cb87     0x161e ..\obj\ff.o
 .debug_info    0x0000e1a5      0xb0f ..\obj\stm32f4xx_spi.o
 .debug_info    0x0000ecb4      0x2cd ..\obj\dct32.o
 .debug_info    0x0000ef81      0xaf7 ..\obj\tm_stm32f4_ili9341.o
 .debug_info    0x0000fa78      0x541 ..\obj\misc.o
 .debug_info    0x0000ffb9      0xf65 ..\obj\Audio.o
 .debug_info    0x00010f1e      0x82d ..\obj\tm_stm32f4_gpio.o
 .debug_info    0x0001174b      0x367 ..\obj\polyphase.o
 .debug_info    0x00011ab2      0x244 ..\obj\tm_stm32f4_fonts.o
 .debug_info    0x00011cf6     0x1c69 ..\obj\stm32f4xx_tim.o

.debug_abbrev   0x00000000     0x373b
 .debug_abbrev  0x00000000      0x17e ..\obj\tm_stm32f4_spi_dma.o
 .debug_abbrev  0x0000017e      0x16d ..\obj\dqchan.o
 .debug_abbrev  0x000002eb      0x176 ..\obj\scalfact.o
 .debug_abbrev  0x00000461      0x1d6 ..\obj\mp3.o
 .debug_abbrev  0x00000637      0x1d9 ..\obj\bitstream.o
 .debug_abbrev  0x00000810      0x176 ..\obj\dequant.o
 .debug_abbrev  0x00000986       0xad ..\obj\hufftabs.o
 .debug_abbrev  0x00000a33      0x22a ..\obj\imdct.o
 .debug_abbrev  0x00000c5d       0x79 ..\obj\mp3tabs.o
 .debug_abbrev  0x00000cd6      0x113 ..\obj\subband.o
 .debug_abbrev  0x00000de9       0xb0 ..\obj\startup_stm32f4xx.o
 .debug_abbrev  0x00000e99      0x1f8 ..\obj\mp3dec.o
 .debug_abbrev  0x00001091      0x1f4 ..\obj\main.o
 .debug_abbrev  0x00001285      0x1e5 ..\obj\stm32f4xx_rcc.o
 .debug_abbrev  0x0000146a      0x18c ..\obj\sensor.o
 .debug_abbrev  0x000015f6      0x23d ..\obj\karta_sd.o
 .debug_abbrev  0x00001833      0x206 ..\obj\tm_stm32f4_dma.o
 .debug_abbrev  0x00001a39      0x1e6 ..\obj\tm_stm32f4_spi.o
 .debug_abbrev  0x00001c1f      0x261 ..\obj\spi_sd.o
 .debug_abbrev  0x00001e80      0x1a7 ..\obj\stm32f4xx_gpio.o
 .debug_abbrev  0x00002027      0x138 ..\obj\system_stm32f4xx.o
 .debug_abbrev  0x0000215f      0x157 ..\obj\stm32f4xx_dma.o
 .debug_abbrev  0x000022b6       0xea ..\obj\disp.o
 .debug_abbrev  0x000023a0      0x151 ..\obj\stproc.o
 .debug_abbrev  0x000024f1      0x1c8 ..\obj\huffman.o
 .debug_abbrev  0x000026b9       0x68 ..\obj\trigtabs_fixpt.o
 .debug_abbrev  0x00002721      0x17b ..\obj\buffers.o
 .debug_abbrev  0x0000289c      0x1ca ..\obj\ff.o
 .debug_abbrev  0x00002a66      0x169 ..\obj\stm32f4xx_spi.o
 .debug_abbrev  0x00002bcf       0xec ..\obj\dct32.o
 .debug_abbrev  0x00002cbb      0x1b7 ..\obj\tm_stm32f4_ili9341.o
 .debug_abbrev  0x00002e72      0x147 ..\obj\misc.o
 .debug_abbrev  0x00002fb9      0x268 ..\obj\Audio.o
 .debug_abbrev  0x00003221      0x151 ..\obj\tm_stm32f4_gpio.o
 .debug_abbrev  0x00003372      0x159 ..\obj\polyphase.o
 .debug_abbrev  0x000034cb       0xe7 ..\obj\tm_stm32f4_fonts.o
 .debug_abbrev  0x000035b2      0x189 ..\obj\stm32f4xx_tim.o

.debug_aranges  0x00000000     0x11e0
 .debug_aranges
                0x00000000       0x78 ..\obj\tm_stm32f4_spi_dma.o
 .debug_aranges
                0x00000078       0x38 ..\obj\dqchan.o
 .debug_aranges
                0x000000b0       0x30 ..\obj\scalfact.o
 .debug_aranges
                0x000000e0       0x38 ..\obj\mp3.o
 .debug_aranges
                0x00000118       0x50 ..\obj\bitstream.o
 .debug_aranges
                0x00000168       0x28 ..\obj\dequant.o
 .debug_aranges
                0x00000190       0x18 ..\obj\hufftabs.o
 .debug_aranges
                0x000001a8       0x78 ..\obj\imdct.o
 .debug_aranges
                0x00000220       0x18 ..\obj\mp3tabs.o
 .debug_aranges
                0x00000238       0x20 ..\obj\subband.o
 .debug_aranges
                0x00000258       0x28 ..\obj\startup_stm32f4xx.o
 .debug_aranges
                0x00000280       0x58 ..\obj\mp3dec.o
 .debug_aranges
                0x000002d8       0x48 ..\obj\main.o
 .debug_aranges
                0x00000320      0x178 ..\obj\stm32f4xx_rcc.o
 .debug_aranges
                0x00000498       0x68 ..\obj\sensor.o
 .debug_aranges
                0x00000500       0x68 ..\obj\karta_sd.o
 .debug_aranges
                0x00000568       0xf0 ..\obj\tm_stm32f4_dma.o
 .debug_aranges
                0x00000658       0x98 ..\obj\tm_stm32f4_spi.o
 .debug_aranges
                0x000006f0       0xb8 ..\obj\spi_sd.o
 .debug_aranges
                0x000007a8       0x88 ..\obj\stm32f4xx_gpio.o
 .debug_aranges
                0x00000830       0x30 ..\obj\system_stm32f4xx.o
 .debug_aranges
                0x00000860       0xb0 ..\obj\stm32f4xx_dma.o
 .debug_aranges
                0x00000910       0x28 ..\obj\disp.o
 .debug_aranges
                0x00000938       0x40 ..\obj\stproc.o
 .debug_aranges
                0x00000978       0x30 ..\obj\huffman.o
 .debug_aranges
                0x000009a8       0x18 ..\obj\trigtabs_fixpt.o
 .debug_aranges
                0x000009c0       0x30 ..\obj\buffers.o
 .debug_aranges
                0x000009f0      0x158 ..\obj\ff.o
 .debug_aranges
                0x00000b48       0xe0 ..\obj\stm32f4xx_spi.o
 .debug_aranges
                0x00000c28       0x28 ..\obj\dct32.o
 .debug_aranges
                0x00000c50       0xc0 ..\obj\tm_stm32f4_ili9341.o
 .debug_aranges
                0x00000d10       0x40 ..\obj\misc.o
 .debug_aranges
                0x00000d50       0xa0 ..\obj\Audio.o
 .debug_aranges
                0x00000df0       0x98 ..\obj\tm_stm32f4_gpio.o
 .debug_aranges
                0x00000e88       0x40 ..\obj\polyphase.o
 .debug_aranges
                0x00000ec8       0x20 ..\obj\tm_stm32f4_fonts.o
 .debug_aranges
                0x00000ee8      0x2f8 ..\obj\stm32f4xx_tim.o

.debug_ranges   0x00000000      0xf90
 .debug_ranges  0x00000000       0x68 ..\obj\tm_stm32f4_spi_dma.o
 .debug_ranges  0x00000068       0x28 ..\obj\dqchan.o
 .debug_ranges  0x00000090       0x20 ..\obj\scalfact.o
 .debug_ranges  0x000000b0       0x40 ..\obj\mp3.o
 .debug_ranges  0x000000f0       0x40 ..\obj\bitstream.o
 .debug_ranges  0x00000130       0x18 ..\obj\dequant.o
 .debug_ranges  0x00000148       0x68 ..\obj\imdct.o
 .debug_ranges  0x000001b0       0x10 ..\obj\subband.o
 .debug_ranges  0x000001c0       0x18 ..\obj\startup_stm32f4xx.o
 .debug_ranges  0x000001d8       0x48 ..\obj\mp3dec.o
 .debug_ranges  0x00000220       0x38 ..\obj\main.o
 .debug_ranges  0x00000258      0x168 ..\obj\stm32f4xx_rcc.o
 .debug_ranges  0x000003c0       0x58 ..\obj\sensor.o
 .debug_ranges  0x00000418       0x58 ..\obj\karta_sd.o
 .debug_ranges  0x00000470       0xe0 ..\obj\tm_stm32f4_dma.o
 .debug_ranges  0x00000550       0x88 ..\obj\tm_stm32f4_spi.o
 .debug_ranges  0x000005d8       0xa8 ..\obj\spi_sd.o
 .debug_ranges  0x00000680       0x78 ..\obj\stm32f4xx_gpio.o
 .debug_ranges  0x000006f8       0x20 ..\obj\system_stm32f4xx.o
 .debug_ranges  0x00000718       0xa0 ..\obj\stm32f4xx_dma.o
 .debug_ranges  0x000007b8       0x18 ..\obj\disp.o
 .debug_ranges  0x000007d0       0x30 ..\obj\stproc.o
 .debug_ranges  0x00000800       0x20 ..\obj\huffman.o
 .debug_ranges  0x00000820       0x20 ..\obj\buffers.o
 .debug_ranges  0x00000840      0x148 ..\obj\ff.o
 .debug_ranges  0x00000988       0xd0 ..\obj\stm32f4xx_spi.o
 .debug_ranges  0x00000a58       0x18 ..\obj\dct32.o
 .debug_ranges  0x00000a70       0xb0 ..\obj\tm_stm32f4_ili9341.o
 .debug_ranges  0x00000b20       0x30 ..\obj\misc.o
 .debug_ranges  0x00000b50       0x90 ..\obj\Audio.o
 .debug_ranges  0x00000be0       0x88 ..\obj\tm_stm32f4_gpio.o
 .debug_ranges  0x00000c68       0x30 ..\obj\polyphase.o
 .debug_ranges  0x00000c98       0x10 ..\obj\tm_stm32f4_fonts.o
 .debug_ranges  0x00000ca8      0x2e8 ..\obj\stm32f4xx_tim.o

.debug_line     0x00000000     0x7a71
 .debug_line    0x00000000      0x31d ..\obj\tm_stm32f4_spi_dma.o
 .debug_line    0x0000031d      0x273 ..\obj\dqchan.o
 .debug_line    0x00000590      0x2d5 ..\obj\scalfact.o
 .debug_line    0x00000865      0x341 ..\obj\mp3.o
 .debug_line    0x00000ba6      0x335 ..\obj\bitstream.o
 .debug_line    0x00000edb      0x17d ..\obj\dequant.o
 .debug_line    0x00001058       0x5c ..\obj\hufftabs.o
 .debug_line    0x000010b4      0x649 ..\obj\imdct.o
 .debug_line    0x000016fd       0x7f ..\obj\mp3tabs.o
 .debug_line    0x0000177c      0x111 ..\obj\subband.o
 .debug_line    0x0000188d       0x94 ..\obj\startup_stm32f4xx.o
 .debug_line    0x00001921      0x223 ..\obj\mp3dec.o
 .debug_line    0x00001b44      0x2d4 ..\obj\main.o
 .debug_line    0x00001e18      0x591 ..\obj\stm32f4xx_rcc.o
 .debug_line    0x000023a9      0x2c4 ..\obj\sensor.o
 .debug_line    0x0000266d      0x3a9 ..\obj\karta_sd.o
 .debug_line    0x00002a16      0x41e ..\obj\tm_stm32f4_dma.o
 .debug_line    0x00002e34      0x4ad ..\obj\tm_stm32f4_spi.o
 .debug_line    0x000032e1      0x54a ..\obj\spi_sd.o
 .debug_line    0x0000382b      0x34c ..\obj\stm32f4xx_gpio.o
 .debug_line    0x00003b77      0x1e8 ..\obj\system_stm32f4xx.o
 .debug_line    0x00003d5f      0x416 ..\obj\stm32f4xx_dma.o
 .debug_line    0x00004175      0x21d ..\obj\disp.o
 .debug_line    0x00004392      0x2f5 ..\obj\stproc.o
 .debug_line    0x00004687      0x2c0 ..\obj\huffman.o
 .debug_line    0x00004947       0x57 ..\obj\trigtabs_fixpt.o
 .debug_line    0x0000499e      0x123 ..\obj\buffers.o
 .debug_line    0x00004ac1      0xb87 ..\obj\ff.o
 .debug_line    0x00005648      0x445 ..\obj\stm32f4xx_spi.o
 .debug_line    0x00005a8d      0x2da ..\obj\dct32.o
 .debug_line    0x00005d67      0x54f ..\obj\tm_stm32f4_ili9341.o
 .debug_line    0x000062b6      0x22a ..\obj\misc.o
 .debug_line    0x000064e0      0x3d6 ..\obj\Audio.o
 .debug_line    0x000068b6      0x363 ..\obj\tm_stm32f4_gpio.o
 .debug_line    0x00006c19      0x236 ..\obj\polyphase.o
 .debug_line    0x00006e4f      0x175 ..\obj\tm_stm32f4_fonts.o
 .debug_line    0x00006fc4      0xaad ..\obj\stm32f4xx_tim.o

.debug_str      0x00000000     0x50fd
 .debug_str     0x00000000      0x55a ..\obj\tm_stm32f4_spi_dma.o
                                0x5d8 (size before relaxing)
 .debug_str     0x0000055a      0x2e1 ..\obj\dqchan.o
                                0x450 (size before relaxing)
 .debug_str     0x0000083b      0x24c ..\obj\scalfact.o
                                0x564 (size before relaxing)
 .debug_str     0x00000a87      0x552 ..\obj\mp3.o
                                0x72f (size before relaxing)
 .debug_str     0x00000fd9      0x17d ..\obj\bitstream.o
                                0x5ad (size before relaxing)
 .debug_str     0x00001156       0x6f ..\obj\dequant.o
                                0x526 (size before relaxing)
 .debug_str     0x000011c5      0x126 ..\obj\hufftabs.o
                                0x24e (size before relaxing)
 .debug_str     0x000012eb      0x1fe ..\obj\imdct.o
                                0x631 (size before relaxing)
 .debug_str     0x000014e9       0x44 ..\obj\mp3tabs.o
                                0x1ef (size before relaxing)
 .debug_str     0x0000152d       0x75 ..\obj\subband.o
                                0x33b (size before relaxing)
 .debug_str     0x000015a2       0xa3 ..\obj\startup_stm32f4xx.o
                                0x13a (size before relaxing)
 .debug_str     0x00001645      0x124 ..\obj\mp3dec.o
                                0x551 (size before relaxing)
 .debug_str     0x00001769      0x7f4 ..\obj\main.o
                                0xc9e (size before relaxing)
 .debug_str     0x00001f5d      0x58b ..\obj\stm32f4xx_rcc.o
                                0x843 (size before relaxing)
 .debug_str     0x000024e8       0xc9 ..\obj\sensor.o
                                0xab9 (size before relaxing)
 .debug_str     0x000025b1      0x13c ..\obj\karta_sd.o
                                0x6ff (size before relaxing)
 .debug_str     0x000026ed      0x374 ..\obj\tm_stm32f4_dma.o
                                0xac1 (size before relaxing)
 .debug_str     0x00002a61      0x360 ..\obj\tm_stm32f4_spi.o
                                0x73f (size before relaxing)
 .debug_str     0x00002dc1      0x155 ..\obj\spi_sd.o
                                0x4a0 (size before relaxing)
 .debug_str     0x00002f16      0x180 ..\obj\stm32f4xx_gpio.o
                                0x496 (size before relaxing)
 .debug_str     0x00003096      0x10b ..\obj\system_stm32f4xx.o
                                0x39d (size before relaxing)
 .debug_str     0x000031a1      0x21f ..\obj\stm32f4xx_dma.o
                                0x535 (size before relaxing)
 .debug_str     0x000033c0       0x65 ..\obj\disp.o
                                0x1d3 (size before relaxing)
 .debug_str     0x00003425       0xed ..\obj\stproc.o
                                0x39b (size before relaxing)
 .debug_str     0x00003512       0xcc ..\obj\huffman.o
                                0x691 (size before relaxing)
 .debug_str     0x000035de       0x5e ..\obj\trigtabs_fixpt.o
                                0x1d7 (size before relaxing)
 .debug_str     0x0000363c       0xa3 ..\obj\buffers.o
                                0x5ef (size before relaxing)
 .debug_str     0x000036df      0x25b ..\obj\ff.o
                                0x59e (size before relaxing)
 .debug_str     0x0000393a      0x2d3 ..\obj\stm32f4xx_spi.o
                                0x67d (size before relaxing)
 .debug_str     0x00003c0d       0x59 ..\obj\dct32.o
                                0x183 (size before relaxing)
 .debug_str     0x00003c66      0x3bc ..\obj\tm_stm32f4_ili9341.o
                                0x747 (size before relaxing)
 .debug_str     0x00004022      0x10c ..\obj\misc.o
                                0x3c1 (size before relaxing)
 .debug_str     0x0000412e      0x213 ..\obj\Audio.o
                                0xcaa (size before relaxing)
 .debug_str     0x00004341      0x1d0 ..\obj\tm_stm32f4_gpio.o
                                0x597 (size before relaxing)
 .debug_str     0x00004511       0xca ..\obj\polyphase.o
                                0x1e7 (size before relaxing)
 .debug_str     0x000045db       0xa9 ..\obj\tm_stm32f4_fonts.o
                                0x24b (size before relaxing)
 .debug_str     0x00004684      0xa79 ..\obj\stm32f4xx_tim.o
                                0xdc3 (size before relaxing)

.comment        0x00000000       0x6e
 .comment       0x00000000       0x6e ..\obj\tm_stm32f4_spi_dma.o
                                 0x6f (size before relaxing)
 .comment       0x0000006e       0x6f ..\obj\dqchan.o
 .comment       0x0000006e       0x6f ..\obj\scalfact.o
 .comment       0x0000006e       0x6f ..\obj\mp3.o
 .comment       0x0000006e       0x6f ..\obj\bitstream.o
 .comment       0x0000006e       0x6f ..\obj\dequant.o
 .comment       0x0000006e       0x6f ..\obj\hufftabs.o
 .comment       0x0000006e       0x6f ..\obj\imdct.o
 .comment       0x0000006e       0x6f ..\obj\mp3tabs.o
 .comment       0x0000006e       0x6f ..\obj\subband.o
 .comment       0x0000006e       0x6f ..\obj\startup_stm32f4xx.o
 .comment       0x0000006e       0x6f ..\obj\mp3dec.o
 .comment       0x0000006e       0x6f ..\obj\main.o
 .comment       0x0000006e       0x6f ..\obj\stm32f4xx_rcc.o
 .comment       0x0000006e       0x6f ..\obj\sensor.o
 .comment       0x0000006e       0x6f ..\obj\karta_sd.o
 .comment       0x0000006e       0x6f ..\obj\tm_stm32f4_dma.o
 .comment       0x0000006e       0x6f ..\obj\tm_stm32f4_spi.o
 .comment       0x0000006e       0x6f ..\obj\spi_sd.o
 .comment       0x0000006e       0x6f ..\obj\stm32f4xx_gpio.o
 .comment       0x0000006e       0x6f ..\obj\system_stm32f4xx.o
 .comment       0x0000006e       0x6f ..\obj\stm32f4xx_dma.o
 .comment       0x0000006e       0x6f ..\obj\disp.o
 .comment       0x0000006e       0x6f ..\obj\stproc.o
 .comment       0x0000006e       0x6f ..\obj\huffman.o
 .comment       0x0000006e       0x6f ..\obj\trigtabs_fixpt.o
 .comment       0x0000006e       0x6f ..\obj\buffers.o
 .comment       0x0000006e       0x6f ..\obj\ff.o
 .comment       0x0000006e       0x6f ..\obj\stm32f4xx_spi.o
 .comment       0x0000006e       0x6f ..\obj\dct32.o
 .comment       0x0000006e       0x6f ..\obj\tm_stm32f4_ili9341.o
 .comment       0x0000006e       0x6f ..\obj\misc.o
 .comment       0x0000006e       0x6f ..\obj\Audio.o
 .comment       0x0000006e       0x6f ..\obj\tm_stm32f4_gpio.o
 .comment       0x0000006e       0x6f ..\obj\polyphase.o
 .comment       0x0000006e       0x6f ..\obj\tm_stm32f4_fonts.o
 .comment       0x0000006e       0x6f ..\obj\stm32f4xx_tim.o

.ARM.attributes
                0x00000000       0x31
 .ARM.attributes
                0x00000000       0x33 ..\obj\tm_stm32f4_spi_dma.o
 .ARM.attributes
                0x00000033       0x33 ..\obj\dqchan.o
 .ARM.attributes
                0x00000066       0x33 ..\obj\scalfact.o
 .ARM.attributes
                0x00000099       0x33 ..\obj\mp3.o
 .ARM.attributes
                0x000000cc       0x33 ..\obj\bitstream.o
 .ARM.attributes
                0x000000ff       0x33 ..\obj\dequant.o
 .ARM.attributes
                0x00000132       0x33 ..\obj\hufftabs.o
 .ARM.attributes
                0x00000165       0x33 ..\obj\imdct.o
 .ARM.attributes
                0x00000198       0x33 ..\obj\mp3tabs.o
 .ARM.attributes
                0x000001cb       0x33 ..\obj\subband.o
 .ARM.attributes
                0x000001fe       0x33 ..\obj\startup_stm32f4xx.o
 .ARM.attributes
                0x00000231       0x33 ..\obj\mp3dec.o
 .ARM.attributes
                0x00000264       0x33 ..\obj\main.o
 .ARM.attributes
                0x00000297       0x33 ..\obj\stm32f4xx_rcc.o
 .ARM.attributes
                0x000002ca       0x33 ..\obj\sensor.o
 .ARM.attributes
                0x000002fd       0x33 ..\obj\karta_sd.o
 .ARM.attributes
                0x00000330       0x33 ..\obj\tm_stm32f4_dma.o
 .ARM.attributes
                0x00000363       0x33 ..\obj\tm_stm32f4_spi.o
 .ARM.attributes
                0x00000396       0x33 ..\obj\spi_sd.o
 .ARM.attributes
                0x000003c9       0x33 ..\obj\stm32f4xx_gpio.o
 .ARM.attributes
                0x000003fc       0x33 ..\obj\system_stm32f4xx.o
 .ARM.attributes
                0x0000042f       0x33 ..\obj\stm32f4xx_dma.o
 .ARM.attributes
                0x00000462       0x33 ..\obj\disp.o
 .ARM.attributes
                0x00000495       0x33 ..\obj\stproc.o
 .ARM.attributes
                0x000004c8       0x33 ..\obj\huffman.o
 .ARM.attributes
                0x000004fb       0x33 ..\obj\trigtabs_fixpt.o
 .ARM.attributes
                0x0000052e       0x33 ..\obj\buffers.o
 .ARM.attributes
                0x00000561       0x33 ..\obj\ff.o
 .ARM.attributes
                0x00000594       0x33 ..\obj\stm32f4xx_spi.o
 .ARM.attributes
                0x000005c7       0x33 ..\obj\dct32.o
 .ARM.attributes
                0x000005fa       0x33 ..\obj\tm_stm32f4_ili9341.o
 .ARM.attributes
                0x0000062d       0x33 ..\obj\misc.o
 .ARM.attributes
                0x00000660       0x33 ..\obj\Audio.o
 .ARM.attributes
                0x00000693       0x33 ..\obj\tm_stm32f4_gpio.o
 .ARM.attributes
                0x000006c6       0x33 ..\obj\polyphase.o
 .ARM.attributes
                0x000006f9       0x33 ..\obj\tm_stm32f4_fonts.o
 .ARM.attributes
                0x0000072c       0x33 ..\obj\stm32f4xx_tim.o
 .ARM.attributes
                0x0000075f       0x2e c:/program files (x86)/gnu tools arm embedded/5.2 2015q4/bin/../lib/gcc/arm-none-eabi/5.2.1/../../../../arm-none-eabi/lib/armv7e-m\libg.a(lib_a-itoa.o)
 .ARM.attributes
                0x0000078d       0x1c c:/program files (x86)/gnu tools arm embedded/5.2 2015q4/bin/../lib/gcc/arm-none-eabi/5.2.1/../../../../arm-none-eabi/lib/armv7e-m\libg.a(lib_a-memcpy.o)
 .ARM.attributes
                0x000007a9       0x2e c:/program files (x86)/gnu tools arm embedded/5.2 2015q4/bin/../lib/gcc/arm-none-eabi/5.2.1/../../../../arm-none-eabi/lib/armv7e-m\libg.a(lib_a-memmove.o)
 .ARM.attributes
                0x000007d7       0x1c c:/program files (x86)/gnu tools arm embedded/5.2 2015q4/bin/../lib/gcc/arm-none-eabi/5.2.1/../../../../arm-none-eabi/lib/armv7e-m\libg.a(lib_a-strcmp.o)
 .ARM.attributes
                0x000007f3       0x2e c:/program files (x86)/gnu tools arm embedded/5.2 2015q4/bin/../lib/gcc/arm-none-eabi/5.2.1/../../../../arm-none-eabi/lib/armv7e-m\libg.a(lib_a-strncmp.o)
 .ARM.attributes
                0x00000821       0x2e c:/program files (x86)/gnu tools arm embedded/5.2 2015q4/bin/../lib/gcc/arm-none-eabi/5.2.1/../../../../arm-none-eabi/lib/armv7e-m\libg.a(lib_a-utoa.o)

.debug_frame    0x00000000     0x4820
 .debug_frame   0x00000000      0x1c4 ..\obj\tm_stm32f4_spi_dma.o
 .debug_frame   0x000001c4       0xb0 ..\obj\dqchan.o
 .debug_frame   0x00000274       0x88 ..\obj\scalfact.o
 .debug_frame   0x000002fc       0xac ..\obj\mp3.o
 .debug_frame   0x000003a8      0x128 ..\obj\bitstream.o
 .debug_frame   0x000004d0       0x64 ..\obj\dequant.o
 .debug_frame   0x00000534      0x1fc ..\obj\imdct.o
 .debug_frame   0x00000730       0x38 ..\obj\subband.o
 .debug_frame   0x00000768       0x4c ..\obj\startup_stm32f4xx.o
 .debug_frame   0x000007b4      0x144 ..\obj\mp3dec.o
 .debug_frame   0x000008f8       0xd4 ..\obj\main.o
 .debug_frame   0x000009cc      0x6d4 ..\obj\stm32f4xx_rcc.o
 .debug_frame   0x000010a0      0x158 ..\obj\sensor.o
 .debug_frame   0x000011f8      0x180 ..\obj\karta_sd.o
 .debug_frame   0x00001378      0x384 ..\obj\tm_stm32f4_dma.o
 .debug_frame   0x000016fc      0x270 ..\obj\tm_stm32f4_spi.o
 .debug_frame   0x0000196c      0x2dc ..\obj\spi_sd.o
 .debug_frame   0x00001c48      0x23c ..\obj\stm32f4xx_gpio.o
 .debug_frame   0x00001e84       0x7c ..\obj\system_stm32f4xx.o
 .debug_frame   0x00001f00      0x308 ..\obj\stm32f4xx_dma.o
 .debug_frame   0x00002208       0x54 ..\obj\disp.o
 .debug_frame   0x0000225c       0xd4 ..\obj\stproc.o
 .debug_frame   0x00002330       0x88 ..\obj\huffman.o
 .debug_frame   0x000023b8       0x84 ..\obj\buffers.o
 .debug_frame   0x0000243c      0x5e8 ..\obj\ff.o
 .debug_frame   0x00002a24      0x3f4 ..\obj\stm32f4xx_spi.o
 .debug_frame   0x00002e18       0x60 ..\obj\dct32.o
 .debug_frame   0x00002e78      0x318 ..\obj\tm_stm32f4_ili9341.o
 .debug_frame   0x00003190       0xd8 ..\obj\misc.o
 .debug_frame   0x00003268      0x264 ..\obj\Audio.o
 .debug_frame   0x000034cc      0x274 ..\obj\tm_stm32f4_gpio.o
 .debug_frame   0x00003740       0xe0 ..\obj\polyphase.o
 .debug_frame   0x00003820       0x38 ..\obj\tm_stm32f4_fonts.o
 .debug_frame   0x00003858      0xe54 ..\obj\stm32f4xx_tim.o
 .debug_frame   0x000046ac       0x3c c:/program files (x86)/gnu tools arm embedded/5.2 2015q4/bin/../lib/gcc/arm-none-eabi/5.2.1/../../../../arm-none-eabi/lib/armv7e-m\libg.a(lib_a-itoa.o)
 .debug_frame   0x000046e8       0x30 c:/program files (x86)/gnu tools arm embedded/5.2 2015q4/bin/../lib/gcc/arm-none-eabi/5.2.1/../../../../arm-none-eabi/lib/armv7e-m\libg.a(lib_a-memmove.o)
 .debug_frame   0x00004718       0x68 c:/program files (x86)/gnu tools arm embedded/5.2 2015q4/bin/../lib/gcc/arm-none-eabi/5.2.1/../../../../arm-none-eabi/lib/armv7e-m\libg.a(lib_a-strcmp.o)
 .debug_frame   0x00004780       0x54 c:/program files (x86)/gnu tools arm embedded/5.2 2015q4/bin/../lib/gcc/arm-none-eabi/5.2.1/../../../../arm-none-eabi/lib/armv7e-m\libg.a(lib_a-strncmp.o)
 .debug_frame   0x000047d4       0x4c c:/program files (x86)/gnu tools arm embedded/5.2 2015q4/bin/../lib/gcc/arm-none-eabi/5.2.1/../../../../arm-none-eabi/lib/armv7e-m\libg.a(lib_a-utoa.o)
